Initialized native services in: /Users/aousganeh/.gradle/native
Initialized jansi services in: /Users/aousganeh/.gradle/native
Received JVM installation metadata from '/Users/aousganeh/Library/Java/JavaVirtualMachines/ms-17.0.16/Contents/Home': {JAVA_HOME=/Users/aousganeh/Library/Java/JavaVirtualMachines/ms-17.0.16/Contents/Home, JAVA_VERSION=17.0.16, JAVA_VENDOR=Microsoft, RUNTIME_NAME=OpenJDK Runtime Environment, RUNTIME_VERSION=17.0.16+8-LTS, VM_NAME=OpenJDK 64-Bit Server VM, VM_VERSION=17.0.16+8-LTS, VM_VENDOR=Microsoft, OS_ARCH=aarch64}
Found daemon DaemonInfo{pid=1666, address=[e43cf095-f378-4419-af09-70957a6ce79a port:49275, addresses:[/127.0.0.1]], state=Idle, lastBusy=1770721270796, context=DefaultDaemonContext[uid=4334dbfc-6313-4f7c-8bb7-a79614c26c22,javaHome=/Users/aousganeh/Library/Java/JavaVirtualMachines/openjdk-24.0.2+12-54/Contents/Home,daemonRegistryDir=/Users/aousganeh/.gradle/daemon,pid=1666,idleTimeout=10800000,priority=NORMAL,applyInstrumentationAgent=true,daemonOpts=-XX:MaxMetaspaceSize=512m,-XX:+HeapDumpOnOutOfMemoryError,--add-opens=java.base/java.util=ALL-UNNAMED,--add-opens=java.base/java.lang=ALL-UNNAMED,--add-opens=java.base/java.lang.invoke=ALL-UNNAMED,--add-opens=java.prefs/java.util.prefs=ALL-UNNAMED,--add-opens=java.base/java.nio.charset=ALL-UNNAMED,--add-opens=java.base/java.net=ALL-UNNAMED,--add-opens=java.base/java.util.concurrent.atomic=ALL-UNNAMED,-Xmx2g,-Dfile.encoding=UTF-8,-Duser.country=AZ,-Duser.language=en,-Duser.variant]} however its context does not match the desired criteria.
Java home is different.
Wanted: DefaultDaemonContext[uid=null,javaHome=/Users/aousganeh/Library/Java/JavaVirtualMachines/ms-17.0.16/Contents/Home,daemonRegistryDir=/Users/aousganeh/.gradle/daemon,pid=31739,idleTimeout=null,priority=NORMAL,applyInstrumentationAgent=true,daemonOpts=-XX:MaxMetaspaceSize=512m,-XX:+HeapDumpOnOutOfMemoryError,--add-opens=java.base/java.util=ALL-UNNAMED,--add-opens=java.base/java.lang=ALL-UNNAMED,--add-opens=java.base/java.lang.invoke=ALL-UNNAMED,--add-opens=java.prefs/java.util.prefs=ALL-UNNAMED,--add-opens=java.base/java.nio.charset=ALL-UNNAMED,--add-opens=java.base/java.net=ALL-UNNAMED,--add-opens=java.base/java.util.concurrent.atomic=ALL-UNNAMED,-Xmx2g,-Dfile.encoding=UTF-8,-Duser.country=AZ,-Duser.language=en,-Duser.variant]
Actual: DefaultDaemonContext[uid=4334dbfc-6313-4f7c-8bb7-a79614c26c22,javaHome=/Users/aousganeh/Library/Java/JavaVirtualMachines/openjdk-24.0.2+12-54/Contents/Home,daemonRegistryDir=/Users/aousganeh/.gradle/daemon,pid=1666,idleTimeout=10800000,priority=NORMAL,applyInstrumentationAgent=true,daemonOpts=-XX:MaxMetaspaceSize=512m,-XX:+HeapDumpOnOutOfMemoryError,--add-opens=java.base/java.util=ALL-UNNAMED,--add-opens=java.base/java.lang=ALL-UNNAMED,--add-opens=java.base/java.lang.invoke=ALL-UNNAMED,--add-opens=java.prefs/java.util.prefs=ALL-UNNAMED,--add-opens=java.base/java.nio.charset=ALL-UNNAMED,--add-opens=java.base/java.net=ALL-UNNAMED,--add-opens=java.base/java.util.concurrent.atomic=ALL-UNNAMED,-Xmx2g,-Dfile.encoding=UTF-8,-Duser.country=AZ,-Duser.language=en,-Duser.variant]

  Looking for a different daemon...
Found daemon DaemonInfo{pid=4768, address=[3cc4087e-668a-437d-998f-71484f0b78dc port:49694, addresses:[/127.0.0.1]], state=Idle, lastBusy=1770717262302, context=DefaultDaemonContext[uid=3a3990b6-7cde-4b17-bf4c-0df0fb7cff8d,javaHome=/Users/aousganeh/Library/Java/JavaVirtualMachines/openjdk-24.0.2+12-54/Contents/Home,daemonRegistryDir=/Users/aousganeh/.gradle/daemon,pid=4768,idleTimeout=10800000,priority=NORMAL,applyInstrumentationAgent=true,daemonOpts=--add-opens=java.base/java.util=ALL-UNNAMED,--add-opens=java.base/java.lang=ALL-UNNAMED,--add-opens=java.base/java.lang.invoke=ALL-UNNAMED,--add-opens=java.prefs/java.util.prefs=ALL-UNNAMED,--add-opens=java.base/java.nio.charset=ALL-UNNAMED,--add-opens=java.base/java.net=ALL-UNNAMED,--add-opens=java.base/java.util.concurrent.atomic=ALL-UNNAMED,-XX:MaxMetaspaceSize=384m,-XX:+HeapDumpOnOutOfMemoryError,-Xms256m,-Xmx512m,-Dfile.encoding=UTF-8,-Duser.country=AZ,-Duser.language=en,-Duser.variant]} however its context does not match the desired criteria.
Java home is different.
Wanted: DefaultDaemonContext[uid=null,javaHome=/Users/aousganeh/Library/Java/JavaVirtualMachines/ms-17.0.16/Contents/Home,daemonRegistryDir=/Users/aousganeh/.gradle/daemon,pid=31739,idleTimeout=null,priority=NORMAL,applyInstrumentationAgent=true,daemonOpts=-XX:MaxMetaspaceSize=512m,-XX:+HeapDumpOnOutOfMemoryError,--add-opens=java.base/java.util=ALL-UNNAMED,--add-opens=java.base/java.lang=ALL-UNNAMED,--add-opens=java.base/java.lang.invoke=ALL-UNNAMED,--add-opens=java.prefs/java.util.prefs=ALL-UNNAMED,--add-opens=java.base/java.nio.charset=ALL-UNNAMED,--add-opens=java.base/java.net=ALL-UNNAMED,--add-opens=java.base/java.util.concurrent.atomic=ALL-UNNAMED,-Xmx2g,-Dfile.encoding=UTF-8,-Duser.country=AZ,-Duser.language=en,-Duser.variant]
Actual: DefaultDaemonContext[uid=3a3990b6-7cde-4b17-bf4c-0df0fb7cff8d,javaHome=/Users/aousganeh/Library/Java/JavaVirtualMachines/openjdk-24.0.2+12-54/Contents/Home,daemonRegistryDir=/Users/aousganeh/.gradle/daemon,pid=4768,idleTimeout=10800000,priority=NORMAL,applyInstrumentationAgent=true,daemonOpts=--add-opens=java.base/java.util=ALL-UNNAMED,--add-opens=java.base/java.lang=ALL-UNNAMED,--add-opens=java.base/java.lang.invoke=ALL-UNNAMED,--add-opens=java.prefs/java.util.prefs=ALL-UNNAMED,--add-opens=java.base/java.nio.charset=ALL-UNNAMED,--add-opens=java.base/java.net=ALL-UNNAMED,--add-opens=java.base/java.util.concurrent.atomic=ALL-UNNAMED,-XX:MaxMetaspaceSize=384m,-XX:+HeapDumpOnOutOfMemoryError,-Xms256m,-Xmx512m,-Dfile.encoding=UTF-8,-Duser.country=AZ,-Duser.language=en,-Duser.variant]

  Looking for a different daemon...
The client will now receive all logging from the daemon (pid: 20886). The daemon log file: /Users/aousganeh/.gradle/daemon/8.5/daemon-20886.out.log
Starting 11th build in daemon [uptime: 20 mins 8.47 secs, performance: 99%, GC rate: 0.00/s, heap usage: 1% of 2 GiB, non-heap usage: 19% of 512 MiB]
Using 14 worker leases.
Now considering [/Users/aousganeh/Desktop/fix/code/user-service, /Users/aousganeh/Desktop/fix/code/identity-service] as hierarchies to watch
Reusing configuration cache.
Now considering [/Users/aousganeh/Desktop/fix/code/user-service, /Users/aousganeh/Desktop/fix/code/identity-service] as hierarchies to watch
Watching the file system is configured to be enabled if available
File system watching is active
Using local directory build cache for the root build (location = /Users/aousganeh/.gradle/caches/build-cache-1, removeUnusedEntriesAfter = 7 days).
Tasks to be executed: [task ':extractIncludeProto', task ':extractProto', task ':generateProto', task ':compileJava', task ':processResources', task ':classes', task ':extractIncludeTestProto', task ':extractTestProto', task ':generateTestProto', task ':compileTestJava', task ':processTestResources', task ':testClasses', task ':test']
Tasks that were excluded: []
Resolve mutations for :extractIncludeProto (Thread[Execution worker,5,main]) started.
Resolve mutations for :extractProto (Thread[Execution worker Thread 2,5,main]) started.
Resolve mutations for :extractIncludeTestProto (Thread[Execution worker Thread 3,5,main]) started.
Resolve mutations for :extractTestProto (Thread[Execution worker Thread 4,5,main]) started.
:extractIncludeProto (Thread[Execution worker,5,main]) started.
:extractIncludeTestProto (Thread[Execution worker Thread 4,5,main]) started.
:extractTestProto (Thread[Execution worker Thread 5,5,main]) started.
:extractProto (Thread[Execution worker Thread 10,5,main]) started.

> Task :extractTestProto UP-TO-DATE
Caching disabled for task ':extractTestProto' because:
  Caching has not been enabled for the task
Skipping task ':extractTestProto' as it is up-to-date.

> Task :extractProto UP-TO-DATE
Caching disabled for task ':extractProto' because:
  Caching has not been enabled for the task
Skipping task ':extractProto' as it is up-to-date.
Resolve mutations for :processTestResources (Thread[Execution worker Thread 5,5,main]) started.
Resolve mutations for :processResources (Thread[Execution worker Thread 10,5,main]) started.
:processTestResources (Thread[Execution worker Thread 5,5,main]) started.
:processResources (Thread[Execution worker Thread 10,5,main]) started.

> Task :processTestResources NO-SOURCE
Skipping task ':processTestResources' as it has no source files and no previous output files.

> Task :processResources UP-TO-DATE
Caching disabled for task ':processResources' because:
  Not worth caching
Skipping task ':processResources' as it is up-to-date.

> Task :extractIncludeProto UP-TO-DATE
Caching disabled for task ':extractIncludeProto' because:
  Caching has not been enabled for the task
Skipping task ':extractIncludeProto' as it is up-to-date.
Resolve mutations for :generateProto (Thread[Execution worker,5,main]) started.
:generateProto (Thread[Execution worker,5,main]) started.

> Task :extractIncludeTestProto UP-TO-DATE
Caching disabled for task ':extractIncludeTestProto' because:
  Caching has not been enabled for the task
Skipping task ':extractIncludeTestProto' as it is up-to-date.
Resolve mutations for :generateTestProto (Thread[Execution worker Thread 4,5,main]) started.
:generateTestProto (Thread[Execution worker Thread 4,5,main]) started.

> Task :generateTestProto NO-SOURCE
Skipping task ':generateTestProto' as it has no source files and no previous output files.

> Task :generateProto UP-TO-DATE
Build cache key for task ':generateProto' is 8fd87fe8f93e4b5d6d3f5b8c2752d367
Skipping task ':generateProto' as it is up-to-date.
Resolve mutations for :compileJava (Thread[Execution worker Thread 4,5,main]) started.
:compileJava (Thread[Execution worker Thread 4,5,main]) started.

> Task :compileJava UP-TO-DATE
Build cache key for task ':compileJava' is 8e3764bda7eb12e29ea50410a8c46058
Skipping task ':compileJava' as it is up-to-date.
Resolve mutations for :classes (Thread[Execution worker Thread 4,5,main]) started.
:classes (Thread[Execution worker Thread 4,5,main]) started.

> Task :classes UP-TO-DATE
Skipping task ':classes' as it has no actions.
Resolve mutations for :compileTestJava (Thread[Execution worker Thread 4,5,main]) started.
:compileTestJava (Thread[Execution worker Thread 4,5,main]) started.

> Task :compileTestJava UP-TO-DATE
Build cache key for task ':compileTestJava' is ff0f4020d39511fc0100c87aae7d9f79
Skipping task ':compileTestJava' as it is up-to-date.
Resolve mutations for :testClasses (Thread[Execution worker Thread 4,5,main]) started.
:testClasses (Thread[Execution worker Thread 4,5,main]) started.

> Task :testClasses UP-TO-DATE
Skipping task ':testClasses' as it has no actions.
Resolve mutations for :test (Thread[Execution worker Thread 4,5,main]) started.
:test (Thread[Execution worker Thread 4,5,main]) started.
Gradle Test Executor 3 started executing tests.
OpenJDK 64-Bit Server VM warning: Sharing is only supported for boot loader classes because bootstrap classpath has been appended

> Task :test
Build cache key for task ':test' is ccd918adb5117cec81af5d178ef3c594
Task ':test' is not up-to-date because:
  Task has failed previously.
Starting process 'Gradle Test Executor 3'. Working directory: /Users/aousganeh/Desktop/fix/code/user-service Command: /Users/aousganeh/Library/Java/JavaVirtualMachines/ms-17.0.16/Contents/Home/bin/java -Dorg.gradle.internal.worker.tmpdir=/Users/aousganeh/Desktop/fix/code/user-service/build/tmp/test/work -Dorg.gradle.native=false @/Users/aousganeh/.gradle/.tmp/gradle-worker-classpath11523608281792599699txt -Xmx512m -Dfile.encoding=UTF-8 -Duser.country=AZ -Duser.language=en -Duser.variant -ea worker.org.gradle.process.internal.worker.GradleWorkerMain 'Gradle Test Executor 3'
Successfully started process 'Gradle Test Executor 3'

Gradle Test Executor 3 STANDARD_ERROR
    Feb 10, 2026 4:10:23 PM org.junit.platform.launcher.core.LauncherConfigurationParameters loadClasspathResource
    WARNING: Discovered 3 'junit-platform.properties' configuration files on the classpath (see below); only the first (*) will be used.
    - jar:file:/Users/aousganeh/.gradle/caches/modules-2/files-2.1/org.apache.kafka/kafka_2.13/3.8.1/6278b0f00854c36ed12c8a016152332bc9d1a609/kafka_2.13-3.8.1-test.jar!/junit-platform.properties (*)
    - jar:file:/Users/aousganeh/.gradle/caches/modules-2/files-2.1/org.apache.kafka/kafka-server-common/3.8.1/4ad5b80346a131afa11708238441f16026f0ec5c/kafka-server-common-3.8.1-test.jar!/junit-platform.properties
    - jar:file:/Users/aousganeh/.gradle/caches/modules-2/files-2.1/org.apache.kafka/kafka-clients/3.8.1/11d3ffefbc452fc4c5d45f4f6ec368bcab290a95/kafka-clients-3.8.1-test.jar!/junit-platform.properties
    Feb 10, 2026 4:10:23 PM org.junit.platform.launcher.core.LauncherConfigurationParameters loadClasspathResource
    WARNING: Discovered 3 'junit-platform.properties' configuration files on the classpath (see below); only the first (*) will be used.
    - jar:file:/Users/aousganeh/.gradle/caches/modules-2/files-2.1/org.apache.kafka/kafka_2.13/3.8.1/6278b0f00854c36ed12c8a016152332bc9d1a609/kafka_2.13-3.8.1-test.jar!/junit-platform.properties (*)
    - jar:file:/Users/aousganeh/.gradle/caches/modules-2/files-2.1/org.apache.kafka/kafka-server-common/3.8.1/4ad5b80346a131afa11708238441f16026f0ec5c/kafka-server-common-3.8.1-test.jar!/junit-platform.properties
    - jar:file:/Users/aousganeh/.gradle/caches/modules-2/files-2.1/org.apache.kafka/kafka-clients/3.8.1/11d3ffefbc452fc4c5d45f4f6ec368bcab290a95/kafka-clients-3.8.1-test.jar!/junit-platform.properties

UserSetupCompletedKafkaIT STANDARD_OUT
    16:10:23.608 [Test worker] INFO org.springframework.test.context.support.AnnotationConfigContextLoaderUtils -- Could not detect default configuration classes for test class [az.fitnest.user.profile.adapter.events.UserSetupCompletedKafkaIT]: UserSetupCompletedKafkaIT does not declare any static, non-private, non-final, nested classes annotated with @Configuration.
    16:10:23.659 [Test worker] INFO org.springframework.boot.test.context.SpringBootTestContextBootstrapper -- Found @SpringBootConfiguration az.fitnest.user.UserServiceApplication for test class az.fitnest.user.profile.adapter.events.UserSetupCompletedKafkaIT

      .   ____          _            __ _ _
     /\\ / ___'_ __ _ _(_)_ __  __ _ \ \ \ \
    ( ( )\___ | '_ | '_| | '_ \/ _` | \ \ \ \
     \\/  ___)| |_)| | | | | || (_| |  ) ) ) )
      '  |____| .__|_| |_|_| |_\__, | / / / /
     =========|_|==============|___/=/_/_/_/

     :: Spring Boot ::                (v3.4.1)

    2026-02-10T16:10:23.907+04:00  INFO 31749 --- [user-service] [    Test worker] k.utils.Log4jControllerRegistration$     : Registered kafka:type=kafka.Log4jController MBean
    2026-02-10T16:10:23.912+04:00  INFO 31749 --- [user-service] [    Test worker] o.a.zookeeper.server.ZooKeeperServer     : 
    2026-02-10T16:10:23.912+04:00  INFO 31749 --- [user-service] [    Test worker] o.a.zookeeper.server.ZooKeeperServer     :   ______                  _                                          
    2026-02-10T16:10:23.912+04:00  INFO 31749 --- [user-service] [    Test worker] o.a.zookeeper.server.ZooKeeperServer     :  |___  /                 | |                                         
    2026-02-10T16:10:23.912+04:00  INFO 31749 --- [user-service] [    Test worker] o.a.zookeeper.server.ZooKeeperServer     :     / /    ___     ___   | | __   ___    ___   _ __     ___   _ __   
    2026-02-10T16:10:23.912+04:00  INFO 31749 --- [user-service] [    Test worker] o.a.zookeeper.server.ZooKeeperServer     :    / /    / _ \   / _ \  | |/ /  / _ \  / _ \ | '_ \   / _ \ | '__|
    2026-02-10T16:10:23.912+04:00  INFO 31749 --- [user-service] [    Test worker] o.a.zookeeper.server.ZooKeeperServer     :   / /__  | (_) | | (_) | |   <  |  __/ |  __/ | |_) | |  __/ | |    
    2026-02-10T16:10:23.912+04:00  INFO 31749 --- [user-service] [    Test worker] o.a.zookeeper.server.ZooKeeperServer     :  /_____|  \___/   \___/  |_|\_\  \___|  \___| | .__/   \___| |_|
    2026-02-10T16:10:23.912+04:00  INFO 31749 --- [user-service] [    Test worker] o.a.zookeeper.server.ZooKeeperServer     :                                               | |                     
    2026-02-10T16:10:23.912+04:00  INFO 31749 --- [user-service] [    Test worker] o.a.zookeeper.server.ZooKeeperServer     :                                               |_|                     
    2026-02-10T16:10:23.912+04:00  INFO 31749 --- [user-service] [    Test worker] o.a.zookeeper.server.ZooKeeperServer     : 
    2026-02-10T16:10:23.917+04:00  INFO 31749 --- [user-service] [    Test worker] o.a.zookeeper.server.ZooKeeperServer     : Server environment:zookeeper.version=3.8.4-9316c2a7a97e1666d8f4593f34dd6fc36ecc436c, built on 2024-02-12 22:16 UTC
    2026-02-10T16:10:23.917+04:00  INFO 31749 --- [user-service] [    Test worker] o.a.zookeeper.server.ZooKeeperServer     : Server environment:host.name=localhost
    2026-02-10T16:10:23.917+04:00  INFO 31749 --- [user-service] [    Test worker] o.a.zookeeper.server.ZooKeeperServer     : Server environment:java.version=17.0.16
    2026-02-10T16:10:23.917+04:00  INFO 31749 --- [user-service] [    Test worker] o.a.zookeeper.server.ZooKeeperServer     : Server environment:java.vendor=Microsoft
    2026-02-10T16:10:23.917+04:00  INFO 31749 --- [user-service] [    Test worker] o.a.zookeeper.server.ZooKeeperServer     : Server environment:java.home=/Users/aousganeh/Library/Java/JavaVirtualMachines/ms-17.0.16/Contents/Home
    2026-02-10T16:10:23.917+04:00  INFO 31749 --- [user-service] [    Test worker] o.a.zookeeper.server.ZooKeeperServer     : Server environment:java.class.path=/Users/aousganeh/.gradle/caches/8.5/workerMain/gradle-worker.jar:/Users/aousganeh/Desktop/fix/code/user-service/build/classes/java/test:/Users/aousganeh/Desktop/fix/code/user-service/build/classes/java/main:/Users/aousganeh/Desktop/fix/code/user-service/build/resources/main:/Users/aousganeh/.gradle/caches/modules-2/files-2.1/org.springframework.boot/spring-boot-starter-web/3.4.1/ff7227fc62338e0f6eba3f9f94c12eb952d4da95/spring-boot-starter-web-3.4.1.jar:/Users/aousganeh/.gradle/caches/modules-2/files-2.1/org.springframework.boot/spring-boot-starter-data-jpa/3.4.1/f06be4354c339f3f880a5c66a6913cd2366eb225/spring-boot-starter-data-jpa-3.4.1.jar:/Users/aousganeh/.gradle/caches/modules-2/files-2.1/org.springframework.boot/spring-boot-starter-security/3.4.1/6a82a9f484d265c73a203d551b614cd8bdde5825/spring-boot-starter-security-3.4.1.jar:/Users/aousganeh/.gradle/caches/modules-2/files-2.1/org.springframework.boot/spring-boot-starter-validation/3.4.1/7b9baa79c886e362dc14764fc3b0983b607be1f5/spring-boot-starter-validation-3.4.1.jar:/Users/aousganeh/.gradle/caches/modules-2/files-2.1/org.springframework.boot/spring-boot-starter-actuator/3.4.1/bd347cc46f34c8b9a6f33b4d103bcfb3b11fc6f8/spring-boot-starter-actuator-3.4.1.jar:/Users/aousganeh/.gradle/caches/modules-2/files-2.1/io.micrometer/micrometer-registry-prometheus/1.14.2/724ef1b2a41e78fbff35dd6827bb59661cadad0a/micrometer-registry-prometheus-1.14.2.jar:/Users/aousganeh/.gradle/caches/modules-2/files-2.1/io.jsonwebtoken/jjwt-impl/0.11.2/8fd8acf9d3cb9a2db05bfa484c2a1408cc3507f9/jjwt-impl-0.11.2.jar:/Users/aousganeh/.gradle/caches/modules-2/files-2.1/io.jsonwebtoken/jjwt-jackson/0.11.2/bff0b63d4cbace7b38551a70350875e69201ffeb/jjwt-jackson-0.11.2.jar:/Users/aousganeh/.gradle/caches/modules-2/files-2.1/io.jsonwebtoken/jjwt-api/0.11.2/57c34dce3e88f2972c5c5465b6291acfb5628084/jjwt-api-0.11.2.jar:/Users/aousganeh/.gradle/caches/modules-2/files-2.1/org.springframework.cloud/spring-cloud-starter-netflix-eureka-client/4.2.0/cf3f5817a74964573f8ab62d67692203484bfc17/spring-cloud-starter-netflix-eureka-client-4.2.0.jar:/Users/aousganeh/.gradle/caches/modules-2/files-2.1/org.springframework.cloud/spring-cloud-starter-openfeign/4.2.0/2f325bbc3a6f60b3ddbd644b110afadf8a39c90b/spring-cloud-starter-openfeign-4.2.0.jar:/Users/aousganeh/.gradle/caches/modules-2/files-2.1/io.github.openfeign/feign-hc5/13.5/d0370edd05198684ebfa5bf1edac0f91ea843388/feign-hc5-13.5.jar:/Users/aousganeh/.gradle/caches/modules-2/files-2.1/org.springdoc/springdoc-openapi-starter-webmvc-ui/2.7.0/4426174e7fa7428a1c5f2edbd352c89e3e6b9794/springdoc-openapi-starter-webmvc-ui-2.7.0.jar:/Users/aousganeh/.gradle/caches/modules-2/files-2.1/org.springframework.boot/spring-boot-starter-data-redis/3.4.1/d9a75f927b827a881d2f60df443d9741ef23fcda/spring-boot-starter-data-redis-3.4.1.jar:/Users/aousganeh/.gradle/caches/modules-2/files-2.1/org.springframework.kafka/spring-kafka/3.3.1/e389d3f28fa4f08b2ac714dfeaa91724fa4d7c9f/spring-kafka-3.3.1.jar:/Users/aousganeh/.gradle/caches/modules-2/files-2.1/net.devh/grpc-server-spring-boot-starter/3.1.0.RELEASE/351d46edd2e6d7444298f7711e17fbe8d8608755/grpc-server-spring-boot-starter-3.1.0.RELEASE.jar:/Users/aousganeh/.gradle/caches/modules-2/files-2.1/net.devh/grpc-client-spring-boot-starter/3.1.0.RELEASE/731890e2098e859e95a890c209abfd9ab35c9f56/grpc-client-spring-boot-starter-3.1.0.RELEASE.jar:/Users/aousganeh/.gradle/caches/modules-2/files-2.1/io.grpc/grpc-services/1.63.0/33b4e6da7c8651fe4b29c167269c7d65f1154406/grpc-services-1.63.0.jar:/Users/aousganeh/.gradle/caches/modules-2/files-2.1/io.grpc/grpc-protobuf/1.63.0/d5f8df431537b4656873be908f64e1a4fe604cd3/grpc-protobuf-1.63.0.jar:/Users/aousganeh/.gradle/caches/modules-2/files-2.1/com.google.api.grpc/proto-google-common-protos/2.29.0/eb1cf1cf4c12d5eb9cef958dfd76af4101c55a62/proto-google-common-protos-2.29.0.jar:/Users/aousganeh/.gradle/caches/modules-2/files-2.1/com.google.protobuf/protobuf-java-util/3.25.1/52ef56370091e0088ca1a8bca39cd03c6becc2dc/protobuf-java-util-3.25.1.jar:/Users/aousganeh/.gradle/caches/modules-2/files-2.1/com.google.protobuf/protobuf-java/3.25.1/2933a5c3f022456d8842323fe0d7fb2d25a7e3c7/protobuf-java-3.25.1.jar:/Users/aousganeh/.gradle/caches/modules-2/files-2.1/org.postgresql/postgresql/42.7.4/264310fd7b2cd76738787dc0b9f7ea2e3b11adc1/postgresql-42.7.4.jar:/Users/aousganeh/.gradle/caches/modules-2/files-2.1/org.springframework.cloud/spring-cloud-starter-contract-stub-runner/4.2.0/9beed4d06718299acc34b9dac4e81844c071e97b/spring-cloud-starter-contract-stub-runner-4.2.0.jar:/Users/aousganeh/.gradle/caches/modules-2/files-2.1/org.springframework.cloud/spring-cloud-contract-stub-runner/4.2.0/a9d6ffef2ca647d32075805e970101de467e4ed6/spring-cloud-contract-stub-runner-4.2.0.jar:/Users/aousganeh/.gradle/caches/modules-2/files-2.1/org.springframework.cloud/spring-cloud-contract-converters/4.2.0/8d0c33fa8a66b91bace7667b886909a1bb4ae15d/spring-cloud-contract-converters-4.2.0.jar:/Users/aousganeh/.gradle/caches/modules-2/files-2.1/org.springframework.cloud/spring-cloud-contract-verifier/4.2.0/80b8639a9751cc8afe9e74248b3a95ee957810bb/spring-cloud-contract-verifier-4.2.0.jar:/Users/aousganeh/.gradle/caches/modules-2/files-2.1/org.springframework.boot/spring-boot-starter-test/3.4.1/ac1caa2ab4c8eaedd82abab3ed8d27a1b4ee2da8/spring-boot-starter-test-3.4.1.jar:/Users/aousganeh/.gradle/caches/modules-2/files-2.1/org.springframework.kafka/spring-kafka-test/3.3.1/21754cd9387bee9c818cc78cac41c0c659326394/spring-kafka-test-3.3.1.jar:/Users/aousganeh/.gradle/caches/modules-2/files-2.1/org.awaitility/awaitility/4.2.0/2c39784846001a9cffd6c6b89c78de62c0d80fb8/awaitility-4.2.0.jar:/Users/aousganeh/.gradle/caches/modules-2/files-2.1/org.springframework.boot/spring-boot-starter-json/3.4.1/c1d084f65d8d9f2de9daccab47c4f452fb0464de/spring-boot-starter-json-3.4.1.jar:/Users/aousganeh/.gradle/caches/modules-2/files-2.1/org.springframework.boot/spring-boot-starter-jdbc/3.4.1/307db83ee5f33fe810565cf980f73747b8f8f43b/spring-boot-starter-jdbc-3.4.1.jar:/Users/aousganeh/.gradle/caches/modules-2/files-2.1/org.springframework.cloud/spring-cloud-starter-loadbalancer/4.2.0/290ebc8df37c43336dbe66320ab84d6a57aec3c8/spring-cloud-starter-loadbalancer-4.2.0.jar:/Users/aousganeh/.gradle/caches/modules-2/files-2.1/org.springframework.cloud/spring-cloud-starter/4.2.0/195fa9ee669616aebd5b1a481578ec336cfc1e9f/spring-cloud-starter-4.2.0.jar:/Users/aousganeh/.gradle/caches/modules-2/files-2.1/net.devh/grpc-common-spring-boot/3.1.0.RELEASE/6e099d9299f4869082c9ef90789252b79f0755cb/grpc-common-spring-boot-3.1.0.RELEASE.jar:/Users/aousganeh/.gradle/caches/modules-2/files-2.1/org.springframework.cloud/spring-cloud-contract-wiremock/4.2.0/d9948330ef553988d300129aed1223ded6b968a3/spring-cloud-contract-wiremock-4.2.0.jar:/Users/aousganeh/.gradle/caches/modules-2/files-2.1/org.springframework.boot/spring-boot-starter-cache/3.4.1/d3e0a357c187de005f3d30f2a43dd6d884a77196/spring-boot-starter-cache-3.4.1.jar:/Users/aousganeh/.gradle/caches/modules-2/files-2.1/org.springframework.boot/spring-boot-starter/3.4.1/2c97b6fdc451ea69cd04dcfa54980439b7c7cb34/spring-boot-starter-3.4.1.jar:/Users/aousganeh/.gradle/caches/modules-2/files-2.1/org.springframework.boot/spring-boot-starter-tomcat/3.4.1/ac4bb51582c57cfb0d2beb102a76fe1a4d8b8b21/spring-boot-starter-tomcat-3.4.1.jar:/Users/aousganeh/.gradle/caches/modules-2/files-2.1/org.springdoc/springdoc-openapi-starter-webmvc-api/2.7.0/37d5234d1fd470918775569ebe240e18c367340f/springdoc-openapi-starter-webmvc-api-2.7.0.jar:/Users/aousganeh/.gradle/caches/modules-2/files-2.1/org.springframework/spring-webmvc/6.2.1/44bdf7e5641d44044ac52d7bb5c1fc46004e7754/spring-webmvc-6.2.1.jar:/Users/aousganeh/.gradle/caches/modules-2/files-2.1/org.springframework.security/spring-security-web/6.4.2/733a3bbbdca56225676fb7f4e3f317c2075fc383/spring-security-web-6.4.2.jar:/Users/aousganeh/.gradle/caches/modules-2/files-2.1/org.springframework.cloud/spring-cloud-openfeign-core/4.2.0/57ceb14303618008377aec69711a46473ea701c7/spring-cloud-openfeign-core-4.2.0.jar:/Users/aousganeh/.gradle/caches/modules-2/files-2.1/io.github.openfeign/feign-form-spring/13.5/3a6139f73fd3d7f7ada8cdfea0ac0d545d1d7539/feign-form-spring-13.5.jar:/Users/aousganeh/.gradle/caches/modules-2/files-2.1/org.springframework/spring-web/6.2.1/877acb94c5b3a0c92e652b6bebdfdc7c60922ac8/spring-web-6.2.1.jar:/Users/aousganeh/.gradle/caches/modules-2/files-2.1/org.hibernate.orm/hibernate-core/6.6.4.Final/95c6d2d58c40dbbfbbd58084941e5cbca4ddef2f/hibernate-core-6.6.4.Final.jar:/Users/aousganeh/.gradle/caches/modules-2/files-2.1/org.springframework.data/spring-data-jpa/3.4.1/1c704fa9169ea3745775568e733fddd0132070b2/spring-data-jpa-3.4.1.jar:/Users/aousganeh/.gradle/caches/modules-2/files-2.1/org.springframework/spring-aspects/6.2.1/50350218608abf215ae40ef00c87cc666737e199/spring-aspects-6.2.1.jar:/Users/aousganeh/.gradle/caches/modules-2/files-2.1/org.springframework.security/spring-security-config/6.4.2/5ed985329eb14b1c61045160c8dcbbcab179ddd3/spring-security-config-6.4.2.jar:/Users/aousganeh/.gradle/caches/modules-2/files-2.1/org.springframework.data/spring-data-redis/3.4.1/43500de2974e20b1932255a9c2ab27172a579fe6/spring-data-redis-3.4.1.jar:/Users/aousganeh/.gradle/caches/modules-2/files-2.1/org.springframework.boot/spring-boot-actuator-autoconfigure/3.4.1/75ab4d3c257fc5b00fbfa8099ec35b6c9702b629/spring-boot-actuator-autoconfigure-3.4.1.jar:/Users/aousganeh/.gradle/caches/modules-2/files-2.1/org.springframework.boot/spring-boot-test-autoconfigure/3.4.1/87ac4bbb73af12298ddf1cd6830121527e6de7c7/spring-boot-test-autoconfigure-3.4.1.jar:/Users/aousganeh/.gradle/caches/modules-2/files-2.1/org.springframework.boot/spring-boot-test/3.4.1/56fb2970279daa00359e37fabdc3bf46a1ab1a8b/spring-boot-test-3.4.1.jar:/Users/aousganeh/.gradle/caches/modules-2/files-2.1/org.springdoc/springdoc-openapi-starter-common/2.7.0/bba119cebeab38aa8ba9a506d76bd611407348c1/springdoc-openapi-starter-common-2.7.0.jar:/Users/aousganeh/.gradle/caches/modules-2/files-2.1/org.springframework.boot/spring-boot-autoconfigure/3.4.1/f17b54cc5816ec8f06d0aca9df11c330ead97f2a/spring-boot-autoconfigure-3.4.1.jar:/Users/aousganeh/.gradle/caches/modules-2/files-2.1/org.springframework.boot/spring-boot-actuator/3.4.1/77873fd387c46b7bb350cc6127a3b0162c41f9bf/spring-boot-actuator-3.4.1.jar:/Users/aousganeh/.gradle/caches/modules-2/files-2.1/org.springframework.boot/spring-boot/3.4.1/5fb9890a5eb7c4e86c8f5c0f6960b79240daf3d5/spring-boot-3.4.1.jar:/Users/aousganeh/.gradle/caches/modules-2/files-2.1/org.springframework.security/spring-security-core/6.4.2/51302b2af3f01eb79fdc7164a4cc3a3aa7e3b541/spring-security-core-6.4.2.jar:/Users/aousganeh/.gradle/caches/modules-2/files-2.1/org.springframework.data/spring-data-keyvalue/3.4.1/7c9c27baa8b6718f3e52b7a98dbc94334c1c1d1d/spring-data-keyvalue-3.4.1.jar:/Users/aousganeh/.gradle/caches/modules-2/files-2.1/org.springframework/spring-context-support/6.2.1/455eb5dc0c675dc49044c1518763f4c0323a5860/spring-context-support-6.2.1.jar:/Users/aousganeh/.gradle/caches/modules-2/files-2.1/org.springframework/spring-context/6.2.1/f56c7431b03860bfdb016e68f484c5c35531ef2e/spring-context-6.2.1.jar:/Users/aousganeh/.gradle/caches/modules-2/files-2.1/org.springframework/spring-aop/6.2.1/a9384de38fc00751084446ba014a0c4962240244/spring-aop-6.2.1.jar:/Users/aousganeh/.gradle/caches/modules-2/files-2.1/org.apache.tomcat.embed/tomcat-embed-el/10.1.34/d2b2daca3bc999c62e58ae36b45ba0582530fb25/tomcat-embed-el-10.1.34.jar:/Users/aousganeh/.gradle/caches/modules-2/files-2.1/org.hibernate.validator/hibernate-validator/8.0.2.Final/220e64815dd87535525331de20570017f899eb13/hibernate-validator-8.0.2.Final.jar:/Users/aousganeh/.gradle/caches/modules-2/files-2.1/io.micrometer/micrometer-jakarta9/1.14.2/50950404a99cde864c0e4ff3b1647e5be75d7570/micrometer-jakarta9-1.14.2.jar:/Users/aousganeh/.gradle/caches/modules-2/files-2.1/io.micrometer/micrometer-core/1.14.2/7ec567b052bc560ba76a95eff222fb7999b79817/micrometer-core-1.14.2.jar:/Users/aousganeh/.gradle/caches/modules-2/files-2.1/io.micrometer/micrometer-observation/1.14.2/a9cad29cc04c0f7e30e3e58b454d4cd47ccc54bd/micrometer-observation-1.14.2.jar:/Users/aousganeh/.gradle/caches/modules-2/files-2.1/io.prometheus/prometheus-metrics-core/1.3.5/2169cfe39084609c72a1fcd1a5775f74a4531919/prometheus-metrics-core-1.3.5.jar:/Users/aousganeh/.gradle/caches/modules-2/files-2.1/io.prometheus/prometheus-metrics-tracer-common/1.3.5/adf529b691eb4514124662ad47e67676be52c3d8/prometheus-metrics-tracer-common-1.3.5.jar:/Users/aousganeh/.gradle/caches/modules-2/files-2.1/io.prometheus/prometheus-metrics-exposition-formats/1.3.5/3a5d2539dad545b15a60f7113a01734779906d97/prometheus-metrics-exposition-formats-1.3.5.jar:/Users/aousganeh/.gradle/caches/modules-2/files-2.1/org.springframework.cloud/spring-cloud-netflix-eureka-client/4.2.0/c8edf13a9deff7af515f65aba2df5810f15978bb/spring-cloud-netflix-eureka-client-4.2.0.jar:/Users/aousganeh/.gradle/caches/modules-2/files-2.1/com.netflix.eureka/eureka-client/2.0.4/b39ef49393834e6f390370ceb54bbbf4df0a072e/eureka-client-2.0.4.jar:/Users/aousganeh/.gradle/caches/modules-2/files-2.1/org.springframework.cloud/spring-cloud-loadbalancer/4.2.0/214d3a47be66cb8bed558e1fb3a11e75ad2fd03c/spring-cloud-loadbalancer-4.2.0.jar:/Users/aousganeh/.gradle/caches/modules-2/files-2.1/org.springframework.cloud/spring-cloud-commons/4.2.0/3ef9d0044e12016527a1d13bc01774f1d1bfa30e/spring-cloud-commons-4.2.0.jar:/Users/aousganeh/.gradle/caches/modules-2/files-2.1/io.github.openfeign/feign-slf4j/13.5/6bba2c17f95fd7a3a4e86f9f0239e1a631c40a4b/feign-slf4j-13.5.jar:/Users/aousganeh/.gradle/caches/modules-2/files-2.1/io.github.openfeign/feign-form/13.5/8e77844c9bc63d8ace84ea7b06353e0cebe85fdd/feign-form-13.5.jar:/Users/aousganeh/.gradle/caches/modules-2/files-2.1/io.github.openfeign/feign-core/13.5/7e94b76bce24f8028d29fbba7c5f0d59b09a837e/feign-core-13.5.jar:/Users/aousganeh/.gradle/caches/modules-2/files-2.1/org.apache.httpcomponents.client5/httpclient5/5.4.1/ce913081e592ee8eeee35c4e577d7dce13cba7a4/httpclient5-5.4.1.jar:/Users/aousganeh/.gradle/caches/modules-2/files-2.1/org.webjars/swagger-ui/5.18.2/368118833fc82beedbc17783972c836aa22e0872/swagger-ui-5.18.2.jar:/Users/aousganeh/.gradle/caches/modules-2/files-2.1/org.webjars/webjars-locator-lite/1.0.1/b4389136604123d4fe4199cc29b94a33206996bc/webjars-locator-lite-1.0.1.jar:/Users/aousganeh/.gradle/caches/modules-2/files-2.1/io.lettuce/lettuce-core/6.4.1.RELEASE/5e4483ac2281c76bd89754ce0192b3663b5cf68/lettuce-core-6.4.1.RELEASE.jar:/Users/aousganeh/.gradle/caches/modules-2/files-2.1/org.springframework/spring-messaging/6.2.1/35335abbdd4b1a781e6ad47d6aaa2c294d62809f/spring-messaging-6.2.1.jar:/Users/aousganeh/.gradle/caches/modules-2/files-2.1/org.springframework/spring-orm/6.2.1/7fd75b4984d92c3c5e46ee94365cfc79d2daa821/spring-orm-6.2.1.jar:/Users/aousganeh/.gradle/caches/modules-2/files-2.1/org.springframework/spring-jdbc/6.2.1/def8d3d9bebafc36c19f8407645eddde32454c8a/spring-jdbc-6.2.1.jar:/Users/aousganeh/.gradle/caches/modules-2/files-2.1/org.springframework/spring-tx/6.2.1/5ffde4fee85ff021ad613b9e86a9be893fb52572/spring-tx-6.2.1.jar:/Users/aousganeh/.gradle/caches/modules-2/files-2.1/org.springframework.retry/spring-retry/2.0.10/2990d2957ef0988dd243d06e04d357eace43a522/spring-retry-2.0.10.jar:/Users/aousganeh/.gradle/caches/modules-2/files-2.1/org.apache.kafka/kafka_2.13/3.8.1/832245e638abf7ec3996b76a42944960abe39e23/kafka_2.13-3.8.1.jar:/Users/aousganeh/.gradle/caches/modules-2/files-2.1/org.apache.kafka/kafka_2.13/3.8.1/6278b0f00854c36ed12c8a016152332bc9d1a609/kafka_2.13-3.8.1-test.jar:/Users/aousganeh/.gradle/caches/modules-2/files-2.1/org.apache.kafka/kafka-server/3.8.1/9b339e97deeecaf1e7897b4c731d77392b4745de/kafka-server-3.8.1.jar:/Users/aousganeh/.gradle/caches/modules-2/files-2.1/org.apache.kafka/kafka-group-coordinator/3.8.1/d372d5bfee64939af353d4246cab795884cb477c/kafka-group-coordinator-3.8.1.jar:/Users/aousganeh/.gradle/caches/modules-2/files-2.1/org.apache.kafka/kafka-metadata/3.8.1/3d6662afa30ed98985422d35485962819253040b/kafka-metadata-3.8.1.jar:/Users/aousganeh/.gradle/caches/modules-2/files-2.1/org.apache.kafka/kafka-raft/3.8.1/8f44b9f0da4fa1670d8506d33c06ba7662b37045/kafka-raft-3.8.1.jar:/Users/aousganeh/.gradle/caches/modules-2/files-2.1/org.apache.kafka/kafka-storage/3.8.1/daf35a6f6a1b8da8d2baa754856b12d5ebec7be3/kafka-storage-3.8.1.jar:/Users/aousganeh/.gradle/caches/modules-2/files-2.1/org.apache.kafka/kafka-storage-api/3.8.1/a522b224b598f30b9637ad2eb3a5db64c14db4a4/kafka-storage-api-3.8.1.jar:/Users/aousganeh/.gradle/caches/modules-2/files-2.1/org.apache.kafka/kafka-server-common/3.8.1/483d5f635aa0a751946a6bd80b0b3acbdc6b7169/kafka-server-common-3.8.1.jar:/Users/aousganeh/.gradle/caches/modules-2/files-2.1/org.apache.kafka/kafka-server-common/3.8.1/4ad5b80346a131afa11708238441f16026f0ec5c/kafka-server-common-3.8.1-test.jar:/Users/aousganeh/.gradle/caches/modules-2/files-2.1/org.apache.kafka/kafka-streams-test-utils/3.8.1/edc3d933c78754476fc5564f4fc2cb3da060a25a/kafka-streams-test-utils-3.8.1.jar:/Users/aousganeh/.gradle/caches/modules-2/files-2.1/org.apache.kafka/kafka-streams/3.8.1/9e054a4e7b88bc80f069e22045826013b7b697ec/kafka-streams-3.8.1.jar:/Users/aousganeh/.gradle/caches/modules-2/files-2.1/org.apache.kafka/kafka-group-coordinator-api/3.8.1/9f99f11956404ae64a2b210adaf6d1f3850ab26f/kafka-group-coordinator-api-3.8.1.jar:/Users/aousganeh/.gradle/caches/modules-2/files-2.1/org.apache.kafka/kafka-tools-api/3.8.1/43f69819f286340b5738e562122256b1b2470e99/kafka-tools-api-3.8.1.jar:/Users/aousganeh/.gradle/caches/modules-2/files-2.1/org.apache.kafka/kafka-clients/3.8.1/fd79e3aa252c6d818334e9c0bac8166b426e498c/kafka-clients-3.8.1.jar:/Users/aousganeh/.gradle/caches/modules-2/files-2.1/org.apache.kafka/kafka-clients/3.8.1/11d3ffefbc452fc4c5d45f4f6ec368bcab290a95/kafka-clients-3.8.1-test.jar:/Users/aousganeh/.gradle/caches/modules-2/files-2.1/io.grpc/grpc-inprocess/1.63.0/3e761aa10972a0f131c25f36917d90bd816905ba/grpc-inprocess-1.63.0.jar:/Users/aousganeh/.gradle/caches/modules-2/files-2.1/io.grpc/grpc-netty-shaded/1.63.0/5381408f5989b43f238f8ecbd55386038e314fc6/grpc-netty-shaded-1.63.0.jar:/Users/aousganeh/.gradle/caches/modules-2/files-2.1/io.grpc/grpc-stub/1.63.0/3d7454ffa642b925033e2bb0502842872ba73464/grpc-stub-1.63.0.jar:/Users/aousganeh/.gradle/caches/modules-2/files-2.1/io.grpc/grpc-util/1.63.0/e0f73a39ec71422ff935f422417fef836986be4a/grpc-util-1.63.0.jar:/Users/aousganeh/.gradle/caches/modules-2/files-2.1/io.grpc/grpc-core/1.63.0/2b471e22cb94082fad579b739500231bbbaabfd/grpc-core-1.63.0.jar:/Users/aousganeh/.gradle/caches/modules-2/files-2.1/io.grpc/grpc-protobuf-lite/1.63.0/cff9c90502368e8457ed6706f77af9b139e1cf60/grpc-protobuf-lite-1.63.0.jar:/Users/aousganeh/.gradle/caches/modules-2/files-2.1/io.grpc/grpc-context/1.63.0/ed56bfeff3de8e674b2a8a773f8d08a464bb3982/grpc-context-1.63.0.jar:/Users/aousganeh/.gradle/caches/modules-2/files-2.1/io.grpc/grpc-api/1.63.0/c02adf37b86cdfad1f9178ab0eb98768953f75ac/grpc-api-1.63.0.jar:/Users/aousganeh/.gradle/caches/modules-2/files-2.1/io.swagger.core.v3/swagger-core-jakarta/2.2.25/83eceb1d4af30f9131b0e0c607b83b2c921c2525/swagger-core-jakarta-2.2.25.jar:/Users/aousganeh/.gradle/caches/modules-2/files-2.1/jakarta.validation/jakarta.validation-api/3.0.2/92b6631659ba35ca09e44874d3eb936edfeee532/jakarta.validation-api-3.0.2.jar:/Users/aousganeh/.gradle/caches/modules-2/files-2.1/com.fasterxml.jackson.datatype/jackson-datatype-jsr310/2.18.2/7b6ff96adf421f4c6edbd694e797dd8fe434510a/jackson-datatype-jsr310-2.18.2.jar:/Users/aousganeh/.gradle/caches/modules-2/files-2.1/com.fasterxml.jackson.module/jackson-module-parameter-names/2.18.2/72960cb3277347a748911d100c3302d60e8a616a/jackson-module-parameter-names-2.18.2.jar:/Users/aousganeh/.gradle/caches/modules-2/files-2.1/com.fasterxml.jackson.module/jackson-module-scala_2.13/2.18.2/84bb533a599a4eaf901aecce5e75d49490a88774/jackson-module-scala_2.13-2.18.2.jar:/Users/aousganeh/.gradle/caches/modules-2/files-2.1/com.fasterxml.jackson.dataformat/jackson-dataformat-csv/2.18.2/3e1f715d7cbcc5b79b104115bf8d2a7b0a9b4b22/jackson-dataformat-csv-2.18.2.jar:/Users/aousganeh/.gradle/caches/modules-2/files-2.1/io.swagger.core.v3/swagger-models-jakarta/2.2.25/abfe0fce84b0d8d8371f52405816a30cdba64493/swagger-models-jakarta-2.2.25.jar:/Users/aousganeh/.gradle/caches/modules-2/files-2.1/com.fasterxml.jackson.core/jackson-annotations/2.18.2/985d77751ebc7fce5db115a986bc9aa82f973f4a/jackson-annotations-2.18.2.jar:/Users/aousganeh/.gradle/caches/modules-2/files-2.1/com.fasterxml.jackson.dataformat/jackson-dataformat-yaml/2.18.2/d000e13505d1cf564371516fa3d5b8769a779dc9/jackson-dataformat-yaml-2.18.2.jar:/Users/aousganeh/.gradle/caches/modules-2/files-2.1/com.fasterxml.jackson.core/jackson-core/2.18.2/fb64ccac5c27dca8819418eb4e443a9f496d9ee7/jackson-core-2.18.2.jar:/Users/aousganeh/.gradle/caches/modules-2/files-2.1/com.fasterxml.jackson.datatype/jackson-datatype-jdk8/2.18.2/9ed6d538ebcc66864e114a7040953dce6ab6ea53/jackson-datatype-jdk8-2.18.2.jar:/Users/aousganeh/.gradle/caches/modules-2/files-2.1/com.fasterxml.jackson.core/jackson-databind/2.18.2/deef8697b92141fb6caf7aa86966cff4eec9b04f/jackson-databind-2.18.2.jar:/Users/aousganeh/.gradle/caches/modules-2/files-2.1/com.netflix.netflix-commons/netflix-eventbus/0.3.0/3f864adbe81f0849729fcbba3fe693c32be739ea/netflix-eventbus-0.3.0.jar:/Users/aousganeh/.gradle/caches/modules-2/files-2.1/com.netflix.netflix-commons/netflix-infix/0.3.0/acc65969f7367ddd2f1265e0cd7330509ed530dc/netflix-infix-0.3.0.jar:/Users/aousganeh/.gradle/caches/modules-2/files-2.1/com.netflix.servo/servo-core/0.5.3/790cdf248baa2bf0b4b42fe83d79c717ed510f2b/servo-core-0.5.3.jar:/Users/aousganeh/.gradle/caches/modules-2/files-2.1/org.sonatype.sisu/sisu-inject-plexus/2.6.0/7842bcac78208d1f9b60dcdd690eea573ce0f6c3/sisu-inject-plexus-2.6.0.jar:/Users/aousganeh/.gradle/caches/modules-2/files-2.1/org.sonatype.sisu/sisu-inject-bean/2.6.0/e056946e794584283e8343edabfec37140d560d1/sisu-inject-bean-2.6.0.jar:/Users/aousganeh/.gradle/caches/modules-2/files-2.1/org.sonatype.sisu/sisu-guice/3.2.5/c5a46b80cbc7eaaa88b5b3251fbd3c72346ea3d1/sisu-guice-3.2.5-no_aop.jar:/Users/aousganeh/.gradle/caches/modules-2/files-2.1/com.google.guava/guava/33.3.1-jre/852f8b363da0111e819460021ca693cacca3e8db/guava-33.3.1-jre.jar:/Users/aousganeh/.gradle/caches/modules-2/files-2.1/com.github.ben-manes.caffeine/caffeine/3.1.8/24795585df8afaf70a2cd534786904ea5889c047/caffeine-3.1.8.jar:/Users/aousganeh/.gradle/caches/modules-2/files-2.1/org.checkerframework/checker-qual/3.43.0/9425eee39e56b116d2b998b7c2cebcbd11a3c98b/checker-qual-3.43.0.jar:/Users/aousganeh/.gradle/caches/modules-2/files-2.1/com.toomuchcoding.jsonassert/jsonassert/0.8.0/943716202ec847c65f5f0bf14932a2d27ecb62f5/jsonassert-0.8.0.jar:/Users/aousganeh/.gradle/caches/modules-2/files-2.1/net.javacrumbs.json-unit/json-unit-assertj/2.38.0/e5dc72fb630e69f1ca8f5361cf2b6d644b0bba77/json-unit-assertj-2.38.0.jar:/Users/aousganeh/.gradle/caches/modules-2/files-2.1/net.javacrumbs.json-unit/json-unit-json-path/2.38.0/32d109a76143537d43773da22e3f010600454863/json-unit-json-path-2.38.0.jar:/Users/aousganeh/.gradle/caches/modules-2/files-2.1/com.jayway.jsonpath/json-path/2.9.0/37fe2217f577b0b68b18e62c4d17a8858ecf9b69/json-path-2.9.0.jar:/Users/aousganeh/.gradle/caches/modules-2/files-2.1/org.springframework/spring-oxm/6.2.1/5adc025b3f67a1931d0fb938b4fca685178672ac/spring-oxm-6.2.1.jar:/Users/aousganeh/.gradle/caches/modules-2/files-2.1/org.glassfish.jaxb/jaxb-runtime/4.0.5/ca84c2a7169b5293e232b9d00d1e4e36d4c3914a/jaxb-runtime-4.0.5.jar:/Users/aousganeh/.gradle/caches/modules-2/files-2.1/org.glassfish.jaxb/jaxb-core/4.0.5/7b4b11ea5542eea4ad55e1080b23be436795b3/jaxb-core-4.0.5.jar:/Users/aousganeh/.gradle/caches/modules-2/files-2.1/jakarta.xml.bind/jakarta.xml.bind-api/4.0.2/6cd5a999b834b63238005b7144136379dc36cad2/jakarta.xml.bind-api-4.0.2.jar:/Users/aousganeh/.gradle/caches/modules-2/files-2.1/net.minidev/json-smart/2.5.1/4c11d2808d009132dfbbf947ebf37de6bf266c8e/json-smart-2.5.1.jar:/Users/aousganeh/.gradle/caches/modules-2/files-2.1/org.assertj/assertj-core/3.26.3/d26263eb7524252d98e602fc6942996a3195e29/assertj-core-3.26.3.jar:/Users/aousganeh/.gradle/caches/modules-2/files-2.1/net.javacrumbs.json-unit/json-unit-core/2.38.0/bc7a1e0e8a22b783f124512722d2829d2ef937a7/json-unit-core-2.38.0.jar:/Users/aousganeh/.gradle/caches/modules-2/files-2.1/org.hamcrest/hamcrest-core/2.2/3f2bd07716a31c395e2837254f37f21f0f0ab24b/hamcrest-core-2.2.jar:/Users/aousganeh/.gradle/caches/modules-2/files-2.1/org.hamcrest/hamcrest/2.2/1820c0968dba3a11a1b30669bb1f01978a91dedc/hamcrest-2.2.jar:/Users/aousganeh/.gradle/caches/modules-2/files-2.1/org.mockito/mockito-junit-jupiter/5.14.2/3cfc377d4bb9fe729f3dd9098d9a9b27da58324a/mockito-junit-jupiter-5.14.2.jar:/Users/aousganeh/.gradle/caches/modules-2/files-2.1/org.junit.jupiter/junit-jupiter-params/5.11.4/e4c86fbe2a39c60c6b87260ef7f7e7c1a1906481/junit-jupiter-params-5.11.4.jar:/Users/aousganeh/.gradle/caches/modules-2/files-2.1/org.junit.jupiter/junit-jupiter-engine/5.11.4/dc10ec209623986a68ea07f67cdc7d2a65a60355/junit-jupiter-engine-5.11.4.jar:/Users/aousganeh/.gradle/caches/modules-2/files-2.1/org.junit.jupiter/junit-jupiter-api/5.11.4/308315b28e667db4091b2ba1f7aa220d1ddadb97/junit-jupiter-api-5.11.4.jar:/Users/aousganeh/.gradle/caches/modules-2/files-2.1/org.junit.platform/junit-platform-launcher/1.11.4/3d83c201899d8c5e74e1a5d628eab900342a0e48/junit-platform-launcher-1.11.4.jar:/Users/aousganeh/.gradle/caches/modules-2/files-2.1/org.junit.platform/junit-platform-engine/1.11.4/21f61b123ad6ac8f7e73971bff3a096c8d8e1cd0/junit-platform-engine-1.11.4.jar:/Users/aousganeh/.gradle/caches/modules-2/files-2.1/org.junit.platform/junit-platform-commons/1.11.4/8898eea3ed0da2641548d602c3e308804f166303/junit-platform-commons-1.11.4.jar:/Users/aousganeh/.gradle/caches/modules-2/files-2.1/org.junit.jupiter/junit-jupiter/5.11.4/a699f024a4a4706b36bddbeb42d499aff9e09379/junit-jupiter-5.11.4.jar:/Users/aousganeh/.gradle/caches/modules-2/files-2.1/org.mockito/mockito-core/5.14.2/f7bf936008d7664e2002c3faf0c02071c8d10e7c/mockito-core-5.14.2.jar:/Users/aousganeh/.gradle/caches/modules-2/files-2.1/org.skyscreamer/jsonassert/1.5.3/aaa43e0823d2a0e106e8754d6a9c4ab24e05e9bc/jsonassert-1.5.3.jar:/Users/aousganeh/.gradle/caches/modules-2/files-2.1/org.springframework/spring-test/6.2.1/60b7fe91a4ecb88b9ee0d6f228ad0b6a8ac78cb2/spring-test-6.2.1.jar:/Users/aousganeh/.gradle/caches/modules-2/files-2.1/org.springframework.data/spring-data-commons/3.4.1/3ae5f19bc2b1b30de85b0610ae25818c2e7c295a/spring-data-commons-3.4.1.jar:/Users/aousganeh/.gradle/caches/modules-2/files-2.1/org.springframework/spring-beans/6.2.1/ab57ec03ba6900075bf28e3cd70ccce173205b8d/spring-beans-6.2.1.jar:/Users/aousganeh/.gradle/caches/modules-2/files-2.1/org.springframework/spring-expression/6.2.1/91fcf6b9501705c31c8337e2713fe823bb512b24/spring-expression-6.2.1.jar:/Users/aousganeh/.gradle/caches/modules-2/files-2.1/org.springframework.cloud/spring-cloud-test-support/4.2.0/73088ff994b42d38a7ebb9b66e1d9c37a2ade6ce/spring-cloud-test-support-4.2.0.jar:/Users/aousganeh/.gradle/caches/modules-2/files-2.1/org.springframework.cloud/spring-cloud-contract-spec/4.2.0/feb87707433c629763dfffe90eff19c2552459e0/spring-cloud-contract-spec-4.2.0.jar:/Users/aousganeh/.gradle/caches/modules-2/files-2.1/org.springframework.cloud/spring-cloud-contract-spec-groovy/4.2.0/1925544e66ff99ff266cb24073b26c83229fc3c2/spring-cloud-contract-spec-groovy-4.2.0.jar:/Users/aousganeh/.gradle/caches/modules-2/files-2.1/org.springframework.cloud/spring-cloud-contract-spec-java/4.2.0/fd216b37b123cb9428feacd7e33654dc8f3c0926/spring-cloud-contract-spec-java-4.2.0.jar:/Users/aousganeh/.gradle/caches/modules-2/files-2.1/org.springframework/spring-core/6.2.1/f42e6b51d9c0c2fcf95df9e5848470d173adc9af/spring-core-6.2.1.jar:/Users/aousganeh/.gradle/caches/modules-2/files-2.1/org.xmlunit/xmlunit-core/2.10.0/1355088731b4ec2107ff7f319f0d7445d916bab/xmlunit-core-2.10.0.jar:/Users/aousganeh/.gradle/caches/modules-2/files-2.1/org.apache.maven.resolver/maven-resolver-connector-basic/1.9.22/574b1f6d76c2c1f7ff66ccc17ff2c94e0a53545/maven-resolver-connector-basic-1.9.22.jar:/Users/aousganeh/.gradle/caches/modules-2/files-2.1/org.apache.maven/maven-resolver-provider/3.9.9/ea361822cd25ae6c9153c594aef805e853031224/maven-resolver-provider-3.9.9.jar:/Users/aousganeh/.gradle/caches/modules-2/files-2.1/org.apache.maven.resolver/maven-resolver-impl/1.9.22/19b7a728c9000f8db615f64552d95fe74b413617/maven-resolver-impl-1.9.22.jar:/Users/aousganeh/.gradle/caches/modules-2/files-2.1/org.apache.maven.resolver/maven-resolver-transport-http/1.9.22/17ff0d97f8970124c97a9621524fb08a0503e90f/maven-resolver-transport-http-1.9.22.jar:/Users/aousganeh/.gradle/caches/modules-2/files-2.1/org.apache.maven.resolver/maven-resolver-spi/1.9.22/c3101acaa4ec053557028cf1917f1d22112b100d/maven-resolver-spi-1.9.22.jar:/Users/aousganeh/.gradle/caches/modules-2/files-2.1/org.apache.maven.resolver/maven-resolver-util/1.9.22/d5febed69ca2fe0dacffec95b6cb0760b0270fd1/maven-resolver-util-1.9.22.jar:/Users/aousganeh/.gradle/caches/modules-2/files-2.1/org.apache.maven.resolver/maven-resolver-api/1.9.22/756660687ea077b85be02b019d593ef2758e7db6/maven-resolver-api-1.9.22.jar:/Users/aousganeh/.gradle/caches/modules-2/files-2.1/org.apache.zookeeper/zookeeper/3.8.4/6638e37b887b5a279044afbdc9928e19f678eb2e/zookeeper-3.8.4.jar:/Users/aousganeh/.gradle/caches/modules-2/files-2.1/org.springframework.boot/spring-boot-starter-logging/3.4.1/5cd01e208b15113c7f88b3ea40e843ea9989f38a/spring-boot-starter-logging-3.4.1.jar:/Users/aousganeh/.gradle/caches/modules-2/files-2.1/jakarta.annotation/jakarta.annotation-api/2.1.1/48b9bda22b091b1f48b13af03fe36db3be6e1ae3/jakarta.annotation-api-2.1.1.jar:/Users/aousganeh/.gradle/caches/modules-2/files-2.1/org.yaml/snakeyaml/2.3/936b36210e27320f920536f695cf1af210c44586/snakeyaml-2.3.jar:/Users/aousganeh/.gradle/caches/modules-2/files-2.1/org.apache.tomcat.embed/tomcat-embed-websocket/10.1.34/eef6d430f34b6e393b8d9e40f10db9043732b4e5/tomcat-embed-websocket-10.1.34.jar:/Users/aousganeh/.gradle/caches/modules-2/files-2.1/org.apache.tomcat.embed/tomcat-embed-core/10.1.34/f610f84be607fbc82e393cc220f0ad45f92afc91/tomcat-embed-core-10.1.34.jar:/Users/aousganeh/.gradle/caches/modules-2/files-2.1/com.zaxxer/HikariCP/5.1.0/8c96e36c14461fc436bb02b264b96ef3ca5dca8c/HikariCP-5.1.0.jar:/Users/aousganeh/.gradle/caches/modules-2/files-2.1/jakarta.persistence/jakarta.persistence-api/3.1.0/66901fa1c373c6aff65c13791cc11da72060a8d6/jakarta.persistence-api-3.1.0.jar:/Users/aousganeh/.gradle/caches/modules-2/files-2.1/jakarta.transaction/jakarta.transaction-api/2.0.1/51a520e3fae406abb84e2e1148e6746ce3f80a1a/jakarta.transaction-api-2.0.1.jar:/Users/aousganeh/.gradle/caches/modules-2/files-2.1/org.jboss.logging/jboss-logging/3.6.1.Final/886afbb445b4016a37c8960a7aef6ebd769ce7e5/jboss-logging-3.6.1.Final.jar:/Users/aousganeh/.gradle/caches/modules-2/files-2.1/org.hibernate.common/hibernate-commons-annotations/7.0.3.Final/e183c4be8bb41d12e9f19b374e00c34a0a85f439/hibernate-commons-annotations-7.0.3.Final.jar:/Users/aousganeh/.gradle/caches/modules-2/files-2.1/io.smallrye/jandex/3.2.0/f17ad860f62a08487b9edabde608f8ac55c62fa7/jandex-3.2.0.jar:/Users/aousganeh/.gradle/caches/modules-2/files-2.1/com.fasterxml/classmate/1.7.0/e98374da1f2143ac8e6e0a95036994bb19137a3/classmate-1.7.0.jar:/Users/aousganeh/.gradle/caches/modules-2/files-2.1/net.bytebuddy/byte-buddy/1.15.11/f61886478e0f9ee4c21d09574736f0ff45e0a46c/byte-buddy-1.15.11.jar:/Users/aousganeh/.gradle/caches/modules-2/files-2.1/jakarta.inject/jakarta.inject-api/2.0.1/4c28afe1991a941d7702fe1362c365f0a8641d1e/jakarta.inject-api-2.0.1.jar:/Users/aousganeh/.gradle/caches/modules-2/files-2.1/org.antlr/antlr4-runtime/4.13.0/5a02e48521624faaf5ff4d99afc88b01686af655/antlr4-runtime-4.13.0.jar:/Users/aousganeh/.gradle/caches/modules-2/files-2.1/com.netflix.spectator/spectator-api/1.7.3/d7d62fc0559b4de07c99a8072896b4abb0c4124d/spectator-api-1.7.3.jar:/Users/aousganeh/.gradle/caches/modules-2/files-2.1/org.eclipse.jgit/org.eclipse.jgit.ssh.jsch/6.7.0.202309050840-r/f437425beaab4073554ade72a7f0c633312d249a/org.eclipse.jgit.ssh.jsch-6.7.0.202309050840-r.jar:/Users/aousganeh/.gradle/caches/modules-2/files-2.1/org.eclipse.jgit/org.eclipse.jgit/6.10.0.202406032230-r/e1166b8b313939890f29a5c611614b67e396b07e/org.eclipse.jgit-6.10.0.202406032230-r.jar:/Users/aousganeh/.gradle/caches/modules-2/files-2.1/ch.qos.logback/logback-classic/1.5.12/3790d1a62e868f7915776dfb392bd9a29ce8d954/logback-classic-1.5.12.jar:/Users/aousganeh/.gradle/caches/modules-2/files-2.1/com.yammer.metrics/metrics-core/2.2.0/f82c035cfa786d3cbec362c38c22a5f5b1bc8724/metrics-core-2.2.0.jar:/Users/aousganeh/.gradle/caches/modules-2/files-2.1/org.bitbucket.b_c/jose4j/0.9.4/7efe6ccf593e52a2b77f98de52238f15b4a67188/jose4j-0.9.4.jar:/Users/aousganeh/.gradle/caches/modules-2/files-2.1/com.typesafe.scala-logging/scala-logging_2.13/3.9.4/e5838ddcf8c1c2b612a7956b9f80423a508675db/scala-logging_2.13-3.9.4.jar:/Users/aousganeh/.gradle/caches/modules-2/files-2.1/io.dropwizard.metrics/metrics-core/4.1.12.1/cb2f351bf4463751201f43bb99865235d5ba07ca/metrics-core-4.1.12.1.jar:/Users/aousganeh/.gradle/caches/modules-2/files-2.1/org.apache.logging.log4j/log4j-to-slf4j/2.24.3/da1143e2a2531ee1c2d90baa98eb50a28a39d5a7/log4j-to-slf4j-2.24.3.jar:/Users/aousganeh/.gradle/caches/modules-2/files-2.1/org.slf4j/jul-to-slf4j/2.0.16/6d57da3e961daac65bcca0dd3def6cd11e48a24a/jul-to-slf4j-2.0.16.jar:/Users/aousganeh/.gradle/caches/modules-2/files-2.1/com.github.jknack/handlebars/4.3.1/95d9902e78faa2be20a40a75f33b6602b99ee246/handlebars-4.3.1.jar:/Users/aousganeh/.gradle/caches/modules-2/files-2.1/org.apache.maven.resolver/maven-resolver-named-locks/1.9.22/121433b079aad9be7ed266b19f2122eeb0e2d111/maven-resolver-named-locks-1.9.22.jar:/Users/aousganeh/.gradle/caches/modules-2/files-2.1/org.slf4j/slf4j-api/2.0.16/172931663a09a1fa515567af5fbef00897d3c04/slf4j-api-2.0.16.jar:/Users/aousganeh/.gradle/caches/modules-2/files-2.1/org.aspectj/aspectjweaver/1.9.22.1/bca243d0af0db4758fbae45c5f4995cb5dabb612/aspectjweaver-1.9.22.1.jar:/Users/aousganeh/.gradle/caches/modules-2/files-2.1/io.micrometer/micrometer-commons/1.14.2/69c454dbec59c7842cf59a534b7ec03618d75b91/micrometer-commons-1.14.2.jar:/Users/aousganeh/.gradle/caches/modules-2/files-2.1/org.hdrhistogram/HdrHistogram/2.2.2/7959933ebcc0f05b2eaa5af0a0c8689fa257b15c/HdrHistogram-2.2.2.jar:/Users/aousganeh/.gradle/caches/modules-2/files-2.1/org.latencyutils/LatencyUtils/2.0.3/769c0b82cb2421c8256300e907298a9410a2a3d3/LatencyUtils-2.0.3.jar:/Users/aousganeh/.gradle/caches/modules-2/files-2.1/io.prometheus/prometheus-metrics-exposition-textformats/1.3.5/c23b4fadcc2bb27a32a48f81fb8ac27b3f8cf192/prometheus-metrics-exposition-textformats-1.3.5.jar:/Users/aousganeh/.gradle/caches/modules-2/files-2.1/io.prometheus/prometheus-metrics-model/1.3.5/6a58b494b55eb3c0627cd00ac3957dc660fd4cf/prometheus-metrics-model-1.3.5.jar:/Users/aousganeh/.gradle/caches/modules-2/files-2.1/io.prometheus/prometheus-metrics-config/1.3.5/c25f5a3e02c8de54cf4c38b21147ca2994135af6/prometheus-metrics-config-1.3.5.jar:/Users/aousganeh/.gradle/caches/modules-2/files-2.1/org.springframework.cloud/spring-cloud-context/4.2.0/54e92bae20fad0c5851f1e5a5666129695a13004/spring-cloud-context-4.2.0.jar:/Users/aousganeh/.gradle/caches/modules-2/files-2.1/org.bouncycastle/bcprov-jdk18on/1.78.1/39e9e45359e20998eb79c1828751f94a818d25f8/bcprov-jdk18on-1.78.1.jar:/Users/aousganeh/.gradle/caches/modules-2/files-2.1/javax.annotation/javax.annotation-api/1.2/479c1e06db31c432330183f5cae684163f186146/javax.annotation-api-1.2.jar:/Users/aousganeh/.gradle/caches/modules-2/files-2.1/com.thoughtworks.xstream/xstream/1.4.20/e2315b8b2e95e9f21697833c8e56cdd9c98a5ee/xstream-1.4.20.jar:/Users/aousganeh/.gradle/caches/modules-2/files-2.1/jakarta.ws.rs/jakarta.ws.rs-api/3.1.0/15ce10d249a38865b58fc39521f10f29ab0e3363/jakarta.ws.rs-api-3.1.0.jar:/Users/aousganeh/.gradle/caches/modules-2/files-2.1/org.apache.httpcomponents/httpclient/4.5.14/1194890e6f56ec29177673f2f12d0b8e627dec98/httpclient-4.5.14.jar:/Users/aousganeh/.gradle/caches/modules-2/files-2.1/com.google.code.findbugs/jsr305/3.0.2/25ea2e8b0c338a877313bd4672d3fe056ea78f0d/jsr305-3.0.2.jar:/Users/aousganeh/.gradle/caches/modules-2/files-2.1/commons-configuration/commons-configuration/1.10/2b36e4adfb66d966c5aef2d73deb6be716389dc9/commons-configuration-1.10.jar:/Users/aousganeh/.gradle/caches/modules-2/files-2.1/org.codehaus.jettison/jettison/1.5.4/174ca56c411b05aec323d8f53e66709c0d28b337/jettison-1.5.4.jar:/Users/aousganeh/.gradle/caches/modules-2/files-2.1/com.stoyanr/evictor/1.0.0/d4615a8516dc28cb958e723f1a0902faa8732217/evictor-1.0.0.jar:/Users/aousganeh/.gradle/caches/modules-2/files-2.1/org.springframework.security/spring-security-crypto/6.4.2/a4d5bf27ca449200fc39e07de6ae016eb1ad21da/spring-security-crypto-6.4.2.jar:/Users/aousganeh/.gradle/caches/modules-2/files-2.1/org.apache.httpcomponents.core5/httpcore5-h2/5.3.1/760c34db3ba41b0ffa07e956bc308d3a12356915/httpcore5-h2-5.3.1.jar:/Users/aousganeh/.gradle/caches/modules-2/files-2.1/org.apache.httpcomponents.core5/httpcore5/5.3.1/eaf64237945d7d0f301d48420e8bdb7f565a7b0e/httpcore5-5.3.1.jar:/Users/aousganeh/.gradle/caches/modules-2/files-2.1/org.jspecify/jspecify/1.0.0/7425a601c1c7ec76645a78d22b8c6a627edee507/jspecify-1.0.0.jar:/Users/aousganeh/.gradle/caches/modules-2/files-2.1/io.netty/netty-handler/4.1.116.Final/eaef854ef33f3fd3d0ecf927690d8112c710bc05/netty-handler-4.1.116.Final.jar:/Users/aousganeh/.gradle/caches/modules-2/files-2.1/io.netty/netty-transport-native-epoll/4.1.116.Final/1c6021a777b96562078d38f62ab8bd7d87627d18/netty-transport-native-epoll-4.1.116.Final.jar:/Users/aousganeh/.gradle/caches/modules-2/files-2.1/io.netty/netty-transport-classes-epoll/4.1.116.Final/ce620832453892a92be73f672cd79a36f8c60235/netty-transport-classes-epoll-4.1.116.Final.jar:/Users/aousganeh/.gradle/caches/modules-2/files-2.1/io.netty/netty-transport-native-unix-common/4.1.116.Final/1f77d6d8e582ded200e0be1462afbc7563144e12/netty-transport-native-unix-common-4.1.116.Final.jar:/Users/aousganeh/.gradle/caches/modules-2/files-2.1/io.netty/netty-codec/4.1.116.Final/cbe928f601e51a0b5750342b6dad5d35fa12f745/netty-codec-4.1.116.Final.jar:/Users/aousganeh/.gradle/caches/modules-2/files-2.1/io.netty/netty-transport/4.1.116.Final/3fa60bbc84222a691bb0686a82308b8e180812b7/netty-transport-4.1.116.Final.jar:/Users/aousganeh/.gradle/caches/modules-2/files-2.1/io.netty/netty-resolver/4.1.116.Final/82fc6bbf59eae483712c8716b8d1f5112b1721a0/netty-resolver-4.1.116.Final.jar:/Users/aousganeh/.gradle/caches/modules-2/files-2.1/io.netty/netty-buffer/4.1.116.Final/77a86414b9c1e52622e467f1ef7ccb473996742a/netty-buffer-4.1.116.Final.jar:/Users/aousganeh/.gradle/caches/modules-2/files-2.1/io.netty/netty-common/4.1.116.Final/6871f95af2bc3a98fda34a580baf6cac8cbc2944/netty-common-4.1.116.Final.jar:/Users/aousganeh/.gradle/caches/modules-2/files-2.1/io.projectreactor.addons/reactor-extra/3.5.2/163f7babfc93f949738a440ea8cae5079cdb4aaa/reactor-extra-3.5.2.jar:/Users/aousganeh/.gradle/caches/modules-2/files-2.1/io.projectreactor/reactor-core/3.7.1/3391286019effb6c179ebbdd2159130dde543c3a/reactor-core-3.7.1.jar:/Users/aousganeh/.gradle/caches/modules-2/files-2.1/com.github.luben/zstd-jni/1.5.6-4/ba9e303e0b5e94cdd0017390d7d8c06f47fd61f7/zstd-jni-1.5.6-4.jar:/Users/aousganeh/.gradle/caches/modules-2/files-2.1/org.lz4/lz4-java/1.8.0/4b986a99445e49ea5fbf5d149c4b63f6ed6c6780/lz4-java-1.8.0.jar:/Users/aousganeh/.gradle/caches/modules-2/files-2.1/org.xerial.snappy/snappy-java/1.1.10.5/ac605269f3598506196e469f1fb0d7ed5c55059e/snappy-java-1.1.10.5.jar:/Users/aousganeh/.gradle/caches/modules-2/files-2.1/com.google.code.gson/gson/2.11.0/527175ca6d81050b53bdd4c457a6d6e017626b0e/gson-2.11.0.jar:/Users/aousganeh/.gradle/caches/modules-2/files-2.1/com.google.errorprone/error_prone_annotations/2.28.0/59fc00087ce372de42e394d2c789295dff2d19f0/error_prone_annotations-2.28.0.jar:/Users/aousganeh/.gradle/caches/modules-2/files-2.1/io.perfmark/perfmark-api/0.26.0/ef65452adaf20bf7d12ef55913aba24037b82738/perfmark-api-0.26.0.jar:/Users/aousganeh/.gradle/caches/modules-2/files-2.1/com.google.j2objc/j2objc-annotations/3.0.0/7399e65dd7e9ff3404f4535b2f017093bdb134c7/j2objc-annotations-3.0.0.jar:/Users/aousganeh/.gradle/caches/modules-2/files-2.1/org.eclipse.angus/angus-activation/2.0.2/41f1e0ddd157c856926ed149ab837d110955a9fc/angus-activation-2.0.2.jar:/Users/aousganeh/.gradle/caches/modules-2/files-2.1/jakarta.activation/jakarta.activation-api/2.1.3/fa165bd70cda600368eee31555222776a46b881f/jakarta.activation-api-2.1.3.jar:/Users/aousganeh/.gradle/caches/modules-2/files-2.1/net.minidev/accessors-smart/2.5.1/19b820261eb2e7de7d5bde11d1c06e4501dd7e5f/accessors-smart-2.5.1.jar:/Users/aousganeh/.gradle/caches/modules-2/files-2.1/net.bytebuddy/byte-buddy-agent/1.15.11/a38b16385e867f59a641330f0362ebe742788ed8/byte-buddy-agent-1.15.11.jar:/Users/aousganeh/.gradle/caches/modules-2/files-2.1/org.objenesis/objenesis/3.3/1049c09f1de4331e8193e579448d0916d75b7631/objenesis-3.3.jar:/Users/aousganeh/.gradle/caches/modules-2/files-2.1/com.vaadin.external.google/android-json/0.0.20131108.vaadin1/fa26d351fe62a6a17f5cda1287c1c6110dec413f/android-json-0.0.20131108.vaadin1.jar:/Users/aousganeh/.gradle/caches/modules-2/files-2.1/org.springframework/spring-jcl/6.2.1/a5d662d64470aff0ae51d210147bb6ede31a8ea3/spring-jcl-6.2.1.jar:/Users/aousganeh/.gradle/caches/modules-2/files-2.1/org.springframework.cloud/spring-cloud-contract-shade/4.2.0/f728235303376d88b04de43d892239828cd22443/spring-cloud-contract-shade-4.2.0.jar:/Users/aousganeh/.gradle/caches/modules-2/files-2.1/com.jcraft/jsch.agentproxy.sshagent/0.0.9/2ecca436463287682d16c3fa628bd7cca426cf6f/jsch.agentproxy.sshagent-0.0.9.jar:/Users/aousganeh/.gradle/caches/modules-2/files-2.1/com.jcraft/jsch.agentproxy.jsch/0.0.9/26f5c718216f1668f674816e580aa7c92f2660ad/jsch.agentproxy.jsch-0.0.9.jar:/Users/aousganeh/.gradle/caches/modules-2/files-2.1/com.jcraft/jsch.agentproxy.usocket-jna/0.0.9/100522438a57b4c0d15db112fc8a08d17f48080a/jsch.agentproxy.usocket-jna-0.0.9.jar:/Users/aousganeh/.gradle/caches/modules-2/files-2.1/com.github.tomakehurst/wiremock-jre8-standalone/2.35.1/8501e7492c5807077e4c2ddd40a0090c68258891/wiremock-jre8-standalone-2.35.1.jar:/Users/aousganeh/.gradle/caches/modules-2/files-2.1/org.eclipse.sisu/org.eclipse.sisu.plexus/0.3.0/3f53953a998d03b9b0f7d5098f63119e434af0ef/org.eclipse.sisu.plexus-0.3.0.jar:/Users/aousganeh/.gradle/caches/modules-2/files-2.1/org.codehaus.plexus/plexus-component-annotations/1.5.5/c72f2660d0cbed24246ddb55d7fdc4f7374d2078/plexus-component-annotations-1.5.5.jar:/Users/aousganeh/.gradle/caches/modules-2/files-2.1/org.codehaus.plexus/plexus-classworlds/2.5.2/4abb111bfdace5b8167db4c0ef74644f3f88f142/plexus-classworlds-2.5.2.jar:/Users/aousganeh/.gradle/caches/modules-2/files-2.1/org.apache.maven/maven-model-builder/3.9.9/6dcd87768eb615301aef0c2221dd168a2d36bc7b/maven-model-builder-3.9.9.jar:/Users/aousganeh/.gradle/caches/modules-2/files-2.1/org.apache.maven/maven-model/3.9.9/585bff8f220ddc1c08c5263b7dee26c49fc7df94/maven-model-3.9.9.jar:/Users/aousganeh/.gradle/caches/modules-2/files-2.1/org.apache.maven/maven-repository-metadata/3.9.9/33a43f0af3371225d1dcaaa20a824df59c692172/maven-repository-metadata-3.9.9.jar:/Users/aousganeh/.gradle/caches/modules-2/files-2.1/org.apache.maven/maven-artifact/3.9.9/a130ec431ef32e12a4424f9b074735bb58e15d2d/maven-artifact-3.9.9.jar:/Users/aousganeh/.gradle/caches/modules-2/files-2.1/org.codehaus.plexus/plexus-utils/3.5.1/c6bfb17c97ecc8863e88778ea301be742c62b06d/plexus-utils-3.5.1.jar:/Users/aousganeh/.gradle/caches/modules-2/files-2.1/org.apache.zookeeper/zookeeper-jute/3.8.4/de7b8a41bbe1ccdfc009de51fa6d160db3ca8025/zookeeper-jute-3.8.4.jar:/Users/aousganeh/.gradle/caches/modules-2/files-2.1/org.apache.yetus/audience-annotations/0.12.0/e0efa60318229590103e31c69ebdaae56d903644/audience-annotations-0.12.0.jar:/Users/aousganeh/.gradle/caches/modules-2/files-2.1/ch.qos.logback/logback-core/1.5.12/65b1fa25fe8d8e4bdc140e79eb67ac6741f775e2/logback-core-1.5.12.jar:/Users/aousganeh/.gradle/caches/modules-2/files-2.1/commons-fileupload/commons-fileupload/1.5/ad4ad2ab2961b4e1891472bd1a33fabefb0385f3/commons-fileupload-1.5.jar:/Users/aousganeh/.gradle/caches/modules-2/files-2.1/commons-io/commons-io/2.14.0/a4c6e1f6c196339473cd2e1b037f0eb97c62755b/commons-io-2.14.0.jar:/Users/aousganeh/.gradle/caches/modules-2/files-2.1/org.apache.kafka/kafka-transaction-coordinator/3.8.1/3c2676a95a416f3d5a59a498c4553914be1d332d/kafka-transaction-coordinator-3.8.1.jar:/Users/aousganeh/.gradle/caches/modules-2/files-2.1/net.sf.jopt-simple/jopt-simple/5.0.4/4fdac2fbe92dfad86aa6e9301736f6b4342a3f5c/jopt-simple-5.0.4.jar:/Users/aousganeh/.gradle/caches/modules-2/files-2.1/org.pcollections/pcollections/4.0.1/59f3bf5fb28c5f5386804dcf129267416b75d7c/pcollections-4.0.1.jar:/Users/aousganeh/.gradle/caches/modules-2/files-2.1/net.sourceforge.argparse4j/argparse4j/0.7.0/6f0621d0c3888de39e0f06d01f37ba53a798e657/argparse4j-0.7.0.jar:/Users/aousganeh/.gradle/caches/modules-2/files-2.1/commons-validator/commons-validator/1.7/76069c915de3787f3ddd8726a56f47a95bfcbb0e/commons-validator-1.7.jar:/Users/aousganeh/.gradle/caches/modules-2/files-2.1/org.scala-lang.modules/scala-collection-compat_2.13/2.10.0/2464528d14329ff2b44bceff918d6c00300adcf4/scala-collection-compat_2.13-2.10.0.jar:/Users/aousganeh/.gradle/caches/modules-2/files-2.1/org.scala-lang.modules/scala-java8-compat_2.13/1.0.2/5b54f60ccf03e41e24c466462a72475ee918c304/scala-java8-compat_2.13-1.0.2.jar:/Users/aousganeh/.gradle/caches/modules-2/files-2.1/org.scala-lang/scala-reflect/2.13.14/8e275fefb2a01e178db2cdfebb2181062a790b82/scala-reflect-2.13.14.jar:/Users/aousganeh/.gradle/caches/modules-2/files-2.1/commons-cli/commons-cli/1.4/c51c00206bb913cd8612b24abd9fa98ae89719b1/commons-cli-1.4.jar:/Users/aousganeh/.gradle/caches/modules-2/files-2.1/org.scala-lang/scala-library/2.13.15/ed6f1d58968b16c5f9067d5cac032d952552de58/scala-library-2.13.15.jar:/Users/aousganeh/.gradle/caches/modules-2/files-2.1/org.opentest4j/opentest4j/1.3.0/152ea56b3a72f655d4fd677fc0ef2596c3dd5e6e/opentest4j-1.3.0.jar:/Users/aousganeh/.gradle/caches/modules-2/files-2.1/org.apache.commons/commons-math/2.2/4877b85d388275f994a5cfc7eceb73a8045d3006/commons-math-2.2.jar:/Users/aousganeh/.gradle/caches/modules-2/files-2.1/io.github.x-stream/mxparser/1.2.2/476fb3b3bb3716cad797cd054ce45f89445794e9/mxparser-1.2.2.jar:/Users/aousganeh/.gradle/caches/modules-2/files-2.1/org.apache.httpcomponents/httpcore/4.4.16/51cf043c87253c9f58b539c9f7e44c8894223850/httpcore-4.4.16.jar:/Users/aousganeh/.gradle/caches/modules-2/files-2.1/commons-beanutils/commons-beanutils/1.9.4/d52b9abcd97f38c81342bb7e7ae1eee9b73cba51/commons-beanutils-1.9.4.jar:/Users/aousganeh/.gradle/caches/modules-2/files-2.1/commons-logging/commons-logging/1.2/4bfc12adfe4842bf07b657f0369c4cb522955686/commons-logging-1.2.jar:/Users/aousganeh/.gradle/caches/modules-2/files-2.1/commons-codec/commons-codec/1.17.1/973638b7149d333563584137ebf13a691bb60579/commons-codec-1.17.1.jar:/Users/aousganeh/.gradle/caches/modules-2/files-2.1/commons-lang/commons-lang/2.6/ce1edb914c94ebc388f086c6827e8bdeec71ac2/commons-lang-2.6.jar:/Users/aousganeh/.gradle/caches/modules-2/files-2.1/org.reactivestreams/reactive-streams/1.0.4/3864a1320d97d7b045f729a326e1e077661f31b7/reactive-streams-1.0.4.jar:/Users/aousganeh/.gradle/caches/modules-2/files-2.1/com.google.android/annotations/4.1.1.4/a1678ba907bf92691d879fef34e1a187038f9259/annotations-4.1.1.4.jar:/Users/aousganeh/.gradle/caches/modules-2/files-2.1/org.codehaus.mojo/animal-sniffer-annotations/1.23/3c0daebd5f0e1ce72cc50c818321ac957aeb5d70/animal-sniffer-annotations-1.23.jar:/Users/aousganeh/.gradle/caches/modules-2/files-2.1/com.google.guava/failureaccess/1.0.2/c4a06a64e650562f30b7bf9aaec1bfed43aca12b/failureaccess-1.0.2.jar:/Users/aousganeh/.gradle/caches/modules-2/files-2.1/com.google.guava/listenablefuture/9999.0-empty-to-avoid-conflict-with-guava/b421526c5f297295adef1c886e5246c39d4ac629/listenablefuture-9999.0-empty-to-avoid-conflict-with-guava.jar:/Users/aousganeh/.gradle/caches/modules-2/files-2.1/org.ow2.asm/asm/9.6/aa205cf0a06dbd8e04ece91c0b37c3f5d567546a/asm-9.6.jar:/Users/aousganeh/.gradle/caches/modules-2/files-2.1/org.apache.commons/commons-text/1.11.0/2bb044b7717ec2eccaf9ea7769c1509054b50e9a/commons-text-1.11.0.jar:/Users/aousganeh/.gradle/caches/modules-2/files-2.1/javax.enterprise/cdi-api/1.0/44c453f60909dfc223552ace63e05c694215156b/cdi-api-1.0.jar:/Users/aousganeh/.gradle/caches/modules-2/files-2.1/javax.inject/javax.inject/1/6975da39a7040257bd51d21a231b76c915872d38/javax.inject-1.jar:/Users/aousganeh/.gradle/caches/modules-2/files-2.1/com.rackspace.eclipse.webtools.sourceediting/org.eclipse.wst.xml.xpath2.processor/2.1.100/e3a9a2dcbb256530c68ab66e10f41f882c3df086/org.eclipse.wst.xml.xpath2.processor-2.1.100.jar:/Users/aousganeh/.gradle/caches/modules-2/files-2.1/org.apache.groovy/groovy-json/4.0.24/a735e5b44d96e17d1c370625a493e6a8a7e11be8/groovy-json-4.0.24.jar:/Users/aousganeh/.gradle/caches/modules-2/files-2.1/org.apache.groovy/groovy-xml/4.0.24/f7e9f181f9c465b4f33eb2e8b1dd2c5100c14d09/groovy-xml-4.0.24.jar:/Users/aousganeh/.gradle/caches/modules-2/files-2.1/org.apache.groovy/groovy-nio/4.0.24/fa4f6bec68c45dcb874cdb008a2d4cb06e079a84/groovy-nio-4.0.24.jar:/Users/aousganeh/.gradle/caches/modules-2/files-2.1/org.apache.groovy/groovy/4.0.24/1ebfbe13ba203625f53bab37a895954b2c160508/groovy-4.0.24.jar:/Users/aousganeh/.gradle/caches/modules-2/files-2.1/com.googlecode.javaewah/JavaEWAH/1.2.3/13a27c856e0c8808cee9a64032c58eee11c3adc9/JavaEWAH-1.2.3.jar:/Users/aousganeh/.gradle/caches/modules-2/files-2.1/com.jcraft/jsch/0.1.55/bbd40e5aa7aa3cfad5db34965456cee738a42a50/jsch-0.1.55.jar:/Users/aousganeh/.gradle/caches/modules-2/files-2.1/com.jcraft/jzlib/1.1.3/c01428efa717624f7aabf4df319939dda9646b2d/jzlib-1.1.3.jar:/Users/aousganeh/.gradle/caches/modules-2/files-2.1/com.jcraft/jsch.agentproxy.core/0.0.9/1af3741c3a83a71e29b8aa7637979791e50e538b/jsch.agentproxy.core-0.0.9.jar:/Users/aousganeh/.gradle/caches/modules-2/files-2.1/net.java.dev.jna/jna-platform/4.1.0/23457ad1cf75c2c16763330de5565a0e67b4bc0a/jna-platform-4.1.0.jar:/Users/aousganeh/.gradle/caches/modules-2/files-2.1/net.java.dev.jna/jna/4.1.0/1c12d070e602efd8021891cdd7fd18bc129372d4/jna-4.1.0.jar:/Users/aousganeh/.gradle/caches/modules-2/files-2.1/org.eclipse.sisu/org.eclipse.sisu.inject/0.9.0.M3/3665002ba4d16dfa779ef658a63d0608c4bd898b/org.eclipse.sisu.inject-0.9.0.M3.jar:/Users/aousganeh/.gradle/caches/modules-2/files-2.1/org.rocksdb/rocksdbjni/7.9.2/6409b667493149191b09fe1fce94bada6096a3e9/rocksdbjni-7.9.2.jar:/Users/aousganeh/.gradle/caches/modules-2/files-2.1/commons-digester/commons-digester/2.1/73a8001e7a54a255eef0f03521ec1805dc738ca0/commons-digester-2.1.jar:/Users/aousganeh/.gradle/caches/modules-2/files-2.1/commons-collections/commons-collections/3.2.2/8ad72fe39fa8c91eaaf12aadb21e0c3661fe26d5/commons-collections-3.2.2.jar:/Users/aousganeh/.gradle/caches/modules-2/files-2.1/com.thoughtworks.paranamer/paranamer/2.8/619eba74c19ccf1da8ebec97a2d7f8ba05773dd6/paranamer-2.8.jar:/Users/aousganeh/.gradle/caches/modules-2/files-2.1/org.apache.logging.log4j/log4j-api/2.24.3/b02c125db8b6d295adf72ae6e71af5d83bce2370/log4j-api-2.24.3.jar:/Users/aousganeh/.gradle/caches/modules-2/files-2.1/org.glassfish.jaxb/txw2/4.0.5/f36a4ef12120a9bb06d766d6a0e54b144fd7ed98/txw2-4.0.5.jar:/Users/aousganeh/.gradle/caches/modules-2/files-2.1/com.sun.istack/istack-commons-runtime/4.1.2/18ec117c85f3ba0ac65409136afa8e42bc74e739/istack-commons-runtime-4.1.2.jar:/Users/aousganeh/.gradle/caches/modules-2/files-2.1/commons-jxpath/commons-jxpath/1.3/c22d7d0f0f40eb7059a23cfa61773a416768b137/commons-jxpath-1.3.jar:/Users/aousganeh/.gradle/caches/modules-2/files-2.1/joda-time/joda-time/2.3/56498efd17752898cfcc3868c1b6211a07b12b8f/joda-time-2.3.jar:/Users/aousganeh/.gradle/caches/modules-2/files-2.1/org.antlr/antlr-runtime/3.4/8f011408269a8e42b8548687e137d8eeb56df4b4/antlr-runtime-3.4.jar:/Users/aousganeh/.gradle/caches/modules-2/files-2.1/xmlpull/xmlpull/1.1.3.1/2b8e230d2ab644e4ecaa94db7cdedbc40c805dfa/xmlpull-1.1.3.1.jar:/Users/aousganeh/.gradle/caches/modules-2/files-2.1/org.apache.commons/commons-lang3/3.17.0/b17d2136f0460dcc0d2016ceefca8723bdf4ee70/commons-lang3-3.17.0.jar:/Users/aousganeh/.gradle/caches/modules-2/files-2.1/io.swagger.core.v3/swagger-annotations-jakarta/2.2.25/6d8682e3c878769b2658397dacbd2474602487dc/swagger-annotations-jakarta-2.2.25.jar:/Users/aousganeh/.gradle/caches/modules-2/files-2.1/edu.princeton.cup/java-cup/10k/88eadc5347b2a22c9c87a04687f0aabaeac01c0b/java-cup-10k.jar:/Users/aousganeh/.gradle/caches/modules-2/files-2.1/com.ibm.icu/icu4j/4.6/935544e98e498d95ed0f41ca1eef946780f2dbc0/icu4j-4.6.jar:/Users/aousganeh/.gradle/caches/modules-2/files-2.1/dk.brics/automaton/1.12-4/664a98c97a976d210ff70b34e10f3947bfb8675b/automaton-1.12-4.jar:/Users/aousganeh/.gradle/caches/modules-2/files-2.1/javax.annotation/jsr250-api/1.0/5025422767732a1ab45d93abfea846513d742dcf/jsr250-api-1.0.jar:/Users/aousganeh/.gradle/caches/modules-2/files-2.1/org.antlr/stringtemplate/3.2.1/59ec8083721eae215c6f3caee944c410d2be34de/stringtemplate-3.2.1.jar:/Users/aousganeh/.gradle/caches/modules-2/files-2.1/antlr/antlr/2.7.7/83cd2cd674a217ade95a4bb83a8a14f351f48bd0/antlr-2.7.7.jar:/Users/aousganeh/.gradle/caches/modules-2/files-2.1/org.codehaus.plexus/plexus-interpolation/1.27/8dc73f4ff5eafcbb7ec035ba54736e828b272533/plexus-interpolation-1.27.jar:/Users/aousganeh/.gradle/caches/modules-2/files-2.1/org.apache.maven/maven-builder-support/3.9.9/812c13c808e42c54d3f4abdaab603e5262bf8ab8/maven-builder-support-3.9.9.jar
    2026-02-10T16:10:23.918+04:00  INFO 31749 --- [user-service] [    Test worker] o.a.zookeeper.server.ZooKeeperServer     : Server environment:java.library.path=/Users/aousganeh/Library/Java/Extensions:/Library/Java/Extensions:/Network/Library/Java/Extensions:/System/Library/Java/Extensions:/usr/lib/java:.
    2026-02-10T16:10:23.918+04:00  INFO 31749 --- [user-service] [    Test worker] o.a.zookeeper.server.ZooKeeperServer     : Server environment:java.io.tmpdir=/var/folders/k1/78rzycwj1_s_46qs6rgvhsxm0000gn/T/
    2026-02-10T16:10:23.918+04:00  INFO 31749 --- [user-service] [    Test worker] o.a.zookeeper.server.ZooKeeperServer     : Server environment:java.compiler=<NA>
    2026-02-10T16:10:23.919+04:00  INFO 31749 --- [user-service] [    Test worker] o.a.zookeeper.server.ZooKeeperServer     : Server environment:os.name=Mac OS X
    2026-02-10T16:10:23.919+04:00  INFO 31749 --- [user-service] [    Test worker] o.a.zookeeper.server.ZooKeeperServer     : Server environment:os.arch=aarch64
    2026-02-10T16:10:23.919+04:00  INFO 31749 --- [user-service] [    Test worker] o.a.zookeeper.server.ZooKeeperServer     : Server environment:os.version=26.2
    2026-02-10T16:10:23.919+04:00  INFO 31749 --- [user-service] [    Test worker] o.a.zookeeper.server.ZooKeeperServer     : Server environment:user.name=aousganeh
    2026-02-10T16:10:23.919+04:00  INFO 31749 --- [user-service] [    Test worker] o.a.zookeeper.server.ZooKeeperServer     : Server environment:user.home=/Users/aousganeh
    2026-02-10T16:10:23.919+04:00  INFO 31749 --- [user-service] [    Test worker] o.a.zookeeper.server.ZooKeeperServer     : Server environment:user.dir=/Users/aousganeh/Desktop/fix/code/user-service
    2026-02-10T16:10:23.919+04:00  INFO 31749 --- [user-service] [    Test worker] o.a.zookeeper.server.ZooKeeperServer     : Server environment:os.memory.free=65MB
    2026-02-10T16:10:23.919+04:00  INFO 31749 --- [user-service] [    Test worker] o.a.zookeeper.server.ZooKeeperServer     : Server environment:os.memory.max=512MB
    2026-02-10T16:10:23.919+04:00  INFO 31749 --- [user-service] [    Test worker] o.a.zookeeper.server.ZooKeeperServer     : Server environment:os.memory.total=110MB
    2026-02-10T16:10:23.919+04:00  INFO 31749 --- [user-service] [    Test worker] o.a.zookeeper.server.ZooKeeperServer     : zookeeper.enableEagerACLCheck = false
    2026-02-10T16:10:23.920+04:00  INFO 31749 --- [user-service] [    Test worker] o.a.zookeeper.server.ZooKeeperServer     : zookeeper.digest.enabled = true
    2026-02-10T16:10:23.920+04:00  INFO 31749 --- [user-service] [    Test worker] o.a.zookeeper.server.ZooKeeperServer     : zookeeper.closeSessionTxn.enabled = true
    2026-02-10T16:10:23.920+04:00  INFO 31749 --- [user-service] [    Test worker] o.a.zookeeper.server.ZooKeeperServer     : zookeeper.flushDelay = 0 ms
    2026-02-10T16:10:23.920+04:00  INFO 31749 --- [user-service] [    Test worker] o.a.zookeeper.server.ZooKeeperServer     : zookeeper.maxWriteQueuePollTime = 0 ms
    2026-02-10T16:10:23.920+04:00  INFO 31749 --- [user-service] [    Test worker] o.a.zookeeper.server.ZooKeeperServer     : zookeeper.maxBatchSize=1000
    2026-02-10T16:10:23.920+04:00  INFO 31749 --- [user-service] [    Test worker] o.a.zookeeper.server.ZooKeeperServer     : zookeeper.intBufferStartingSizeBytes = 1024
    2026-02-10T16:10:23.921+04:00  INFO 31749 --- [user-service] [    Test worker] o.a.z.server.persistence.FileTxnSnapLog  : zookeeper.snapshot.trust.empty : false
    2026-02-10T16:10:23.928+04:00  INFO 31749 --- [user-service] [    Test worker] o.a.z.server.watch.WatchManagerFactory   : Using org.apache.zookeeper.server.watch.WatchManager as watch manager
    2026-02-10T16:10:23.928+04:00  INFO 31749 --- [user-service] [    Test worker] o.a.z.server.watch.WatchManagerFactory   : Using org.apache.zookeeper.server.watch.WatchManager as watch manager
    2026-02-10T16:10:23.928+04:00  INFO 31749 --- [user-service] [    Test worker] org.apache.zookeeper.server.ZKDatabase   : zookeeper.snapshotSizeFactor = 0.33
    2026-02-10T16:10:23.928+04:00  INFO 31749 --- [user-service] [    Test worker] org.apache.zookeeper.server.ZKDatabase   : zookeeper.commitLogCount=500
    2026-02-10T16:10:23.929+04:00  INFO 31749 --- [user-service] [    Test worker] o.apache.zookeeper.server.BlueThrottle   : Weighed connection throttling is disabled
    2026-02-10T16:10:23.930+04:00  INFO 31749 --- [user-service] [    Test worker] o.a.zookeeper.server.ZooKeeperServer     : minSessionTimeout set to 1600 ms
    2026-02-10T16:10:23.930+04:00  INFO 31749 --- [user-service] [    Test worker] o.a.zookeeper.server.ZooKeeperServer     : maxSessionTimeout set to 16000 ms
    2026-02-10T16:10:23.931+04:00  INFO 31749 --- [user-service] [    Test worker] o.apache.zookeeper.server.ResponseCache  : getData response cache size is initialized with value 400.
    2026-02-10T16:10:23.931+04:00  INFO 31749 --- [user-service] [    Test worker] o.apache.zookeeper.server.ResponseCache  : getChildren response cache size is initialized with value 400.
    2026-02-10T16:10:23.932+04:00  INFO 31749 --- [user-service] [    Test worker] o.a.z.s.u.RequestPathMetricsCollector    : zookeeper.pathStats.slotCapacity = 60
    2026-02-10T16:10:23.932+04:00  INFO 31749 --- [user-service] [    Test worker] o.a.z.s.u.RequestPathMetricsCollector    : zookeeper.pathStats.slotDuration = 15
    2026-02-10T16:10:23.932+04:00  INFO 31749 --- [user-service] [    Test worker] o.a.z.s.u.RequestPathMetricsCollector    : zookeeper.pathStats.maxDepth = 6
    2026-02-10T16:10:23.932+04:00  INFO 31749 --- [user-service] [    Test worker] o.a.z.s.u.RequestPathMetricsCollector    : zookeeper.pathStats.initialDelay = 5
    2026-02-10T16:10:23.932+04:00  INFO 31749 --- [user-service] [    Test worker] o.a.z.s.u.RequestPathMetricsCollector    : zookeeper.pathStats.delay = 5
    2026-02-10T16:10:23.932+04:00  INFO 31749 --- [user-service] [    Test worker] o.a.z.s.u.RequestPathMetricsCollector    : zookeeper.pathStats.enabled = false
    2026-02-10T16:10:23.933+04:00  INFO 31749 --- [user-service] [    Test worker] o.a.zookeeper.server.ZooKeeperServer     : The max bytes for all large requests are set to 104857600
    2026-02-10T16:10:23.933+04:00  INFO 31749 --- [user-service] [    Test worker] o.a.zookeeper.server.ZooKeeperServer     : The large request threshold is set to -1
    2026-02-10T16:10:23.933+04:00  INFO 31749 --- [user-service] [    Test worker] o.a.z.server.AuthenticationHelper        : zookeeper.enforce.auth.enabled = false
    2026-02-10T16:10:23.933+04:00  INFO 31749 --- [user-service] [    Test worker] o.a.z.server.AuthenticationHelper        : zookeeper.enforce.auth.schemes = []
    2026-02-10T16:10:23.933+04:00  INFO 31749 --- [user-service] [    Test worker] o.a.zookeeper.server.ZooKeeperServer     : Created server with tickTime 800 ms minSessionTimeout 1600 ms maxSessionTimeout 16000 ms clientPortListenBacklog -1 datadir /var/folders/k1/78rzycwj1_s_46qs6rgvhsxm0000gn/T/kafka-6991347242668584654/version-2 snapdir /var/folders/k1/78rzycwj1_s_46qs6rgvhsxm0000gn/T/kafka-7971497318376197702/version-2
    2026-02-10T16:10:23.936+04:00  WARN 31749 --- [user-service] [    Test worker] o.a.zookeeper.server.ServerCnxnFactory   : maxCnxns is not configured, using default value 0.
    2026-02-10T16:10:23.936+04:00  INFO 31749 --- [user-service] [    Test worker] o.a.z.server.NIOServerCnxnFactory        : Configuring NIO connection handler with 10s sessionless connection timeout, 2 selector thread(s), 28 worker threads, and 64 kB direct buffers.
    2026-02-10T16:10:23.938+04:00  INFO 31749 --- [user-service] [    Test worker] o.a.z.server.NIOServerCnxnFactory        : binding to port /127.0.0.1:0
    2026-02-10T16:10:23.945+04:00  INFO 31749 --- [user-service] [    Test worker] o.a.z.server.persistence.SnapStream      : zookeeper.snapshot.compression.method = CHECKED
    2026-02-10T16:10:23.945+04:00  INFO 31749 --- [user-service] [    Test worker] o.a.z.server.persistence.FileTxnSnapLog  : Snapshotting: 0x0 to /var/folders/k1/78rzycwj1_s_46qs6rgvhsxm0000gn/T/kafka-7971497318376197702/version-2/snapshot.0
    2026-02-10T16:10:23.947+04:00  INFO 31749 --- [user-service] [    Test worker] org.apache.zookeeper.server.ZKDatabase   : Snapshot loaded in 9 ms, highest zxid is 0x0, digest is 1371985504
    2026-02-10T16:10:23.947+04:00  INFO 31749 --- [user-service] [    Test worker] o.a.z.server.persistence.FileTxnSnapLog  : Snapshotting: 0x0 to /var/folders/k1/78rzycwj1_s_46qs6rgvhsxm0000gn/T/kafka-7971497318376197702/version-2/snapshot.0
    2026-02-10T16:10:23.948+04:00  INFO 31749 --- [user-service] [    Test worker] o.a.zookeeper.server.ZooKeeperServer     : Snapshot taken in 0 ms
    2026-02-10T16:10:23.952+04:00  INFO 31749 --- [user-service] [0 cport:51401):] o.a.z.server.PrepRequestProcessor        : PrepRequestProcessor (sid:0) started, reconfigEnabled=false
    2026-02-10T16:10:23.952+04:00  INFO 31749 --- [user-service] [    Test worker] o.a.zookeeper.server.RequestThrottler    : zookeeper.request_throttler.shutdownTimeout = 10000 ms
    2026-02-10T16:10:24.017+04:00  INFO 31749 --- [user-service] [    Test worker] kafka.server.KafkaConfig                 : KafkaConfig values: 
    	advertised.listeners = null
    	alter.config.policy.class.name = null
    	alter.log.dirs.replication.quota.window.num = 11
    	alter.log.dirs.replication.quota.window.size.seconds = 1
    	authorizer.class.name = 
    	auto.create.topics.enable = true
    	auto.include.jmx.reporter = true
    	auto.leader.rebalance.enable = true
    	background.threads = 2
    	broker.heartbeat.interval.ms = 2000
    	broker.id = 0
    	broker.id.generation.enable = true
    	broker.rack = null
    	broker.session.timeout.ms = 9000
    	client.quota.callback.class = null
    	compression.gzip.level = -1
    	compression.lz4.level = 9
    	compression.type = producer
    	compression.zstd.level = 3
    	connection.failed.authentication.delay.ms = 100
    	connections.max.idle.ms = 600000
    	connections.max.reauth.ms = 0
    	control.plane.listener.name = null
    	controlled.shutdown.enable = false
    	controlled.shutdown.max.retries = 3
    	controlled.shutdown.retry.backoff.ms = 100
    	controller.listener.names = null
    	controller.quorum.append.linger.ms = 25
    	controller.quorum.bootstrap.servers = []
    	controller.quorum.election.backoff.max.ms = 1000
    	controller.quorum.election.timeout.ms = 1000
    	controller.quorum.fetch.timeout.ms = 2000
    	controller.quorum.request.timeout.ms = 2000
    	controller.quorum.retry.backoff.ms = 20
    	controller.quorum.voters = []
    	controller.quota.window.num = 11
    	controller.quota.window.size.seconds = 1
    	controller.socket.timeout.ms = 1000
    	create.topic.policy.class.name = null
    	default.replication.factor = 1
    	delegation.token.expiry.check.interval.ms = 3600000
    	delegation.token.expiry.time.ms = 86400000
    	delegation.token.master.key = null
    	delegation.token.max.lifetime.ms = 604800000
    	delegation.token.secret.key = null
    	delete.records.purgatory.purge.interval.requests = 1
    	delete.topic.enable = true
    	early.start.listeners = null
    	eligible.leader.replicas.enable = false
    	fetch.max.bytes = 57671680
    	fetch.purgatory.purge.interval.requests = 1000
    	group.consumer.assignors = [org.apache.kafka.coordinator.group.assignor.UniformAssignor, org.apache.kafka.coordinator.group.assignor.RangeAssignor]
    	group.consumer.heartbeat.interval.ms = 5000
    	group.consumer.max.heartbeat.interval.ms = 15000
    	group.consumer.max.session.timeout.ms = 60000
    	group.consumer.max.size = 2147483647
    	group.consumer.migration.policy = disabled
    	group.consumer.min.heartbeat.interval.ms = 5000
    	group.consumer.min.session.timeout.ms = 45000
    	group.consumer.session.timeout.ms = 45000
    	group.coordinator.append.linger.ms = 10
    	group.coordinator.new.enable = false
    	group.coordinator.rebalance.protocols = [classic]
    	group.coordinator.threads = 1
    	group.initial.rebalance.delay.ms = 0
    	group.max.session.timeout.ms = 1800000
    	group.max.size = 2147483647
    	group.min.session.timeout.ms = 6000
    	initial.broker.registration.timeout.ms = 60000
    	inter.broker.listener.name = null
    	inter.broker.protocol.version = 3.8-IV0
    	kafka.metrics.polling.interval.secs = 10
    	kafka.metrics.reporters = []
    	leader.imbalance.check.interval.seconds = 300
    	leader.imbalance.per.broker.percentage = 10
    	listener.security.protocol.map = SASL_SSL:SASL_SSL,PLAINTEXT:PLAINTEXT,SSL:SSL,SASL_PLAINTEXT:SASL_PLAINTEXT
    	listeners = PLAINTEXT://localhost:0
    	log.cleaner.backoff.ms = 15000
    	log.cleaner.dedupe.buffer.size = 2097152
    	log.cleaner.delete.retention.ms = 86400000
    	log.cleaner.enable = true
    	log.cleaner.io.buffer.load.factor = 0.9
    	log.cleaner.io.buffer.size = 524288
    	log.cleaner.io.max.bytes.per.second = 1.7976931348623157E308
    	log.cleaner.max.compaction.lag.ms = 9223372036854775807
    	log.cleaner.min.cleanable.ratio = 0.5
    	log.cleaner.min.compaction.lag.ms = 0
    	log.cleaner.threads = 1
    	log.cleanup.policy = [delete]
    	log.dir = /var/folders/k1/78rzycwj1_s_46qs6rgvhsxm0000gn/T/spring.kafka.807efe50-c640-43f3-8636-d9be241674944976846520719880930
    	log.dir.failure.timeout.ms = 30000
    	log.dirs = null
    	log.flush.interval.messages = 9223372036854775807
    	log.flush.interval.ms = null
    	log.flush.offset.checkpoint.interval.ms = 60000
    	log.flush.scheduler.interval.ms = 9223372036854775807
    	log.flush.start.offset.checkpoint.interval.ms = 60000
    	log.index.interval.bytes = 4096
    	log.index.size.max.bytes = 10485760
    	log.initial.task.delay.ms = 30000
    	log.local.retention.bytes = -2
    	log.local.retention.ms = -2
    	log.message.downconversion.enable = true
    	log.message.format.version = 3.0-IV1
    	log.message.timestamp.after.max.ms = 9223372036854775807
    	log.message.timestamp.before.max.ms = 9223372036854775807
    	log.message.timestamp.difference.max.ms = 9223372036854775807
    	log.message.timestamp.type = CreateTime
    	log.preallocate = false
    	log.retention.bytes = -1
    	log.retention.check.interval.ms = 300000
    	log.retention.hours = 168
    	log.retention.minutes = null
    	log.retention.ms = null
    	log.roll.hours = 168
    	log.roll.jitter.hours = 0
    	log.roll.jitter.ms = null
    	log.roll.ms = null
    	log.segment.bytes = 1073741824
    	log.segment.delete.delay.ms = 1000
    	max.connection.creation.rate = 2147483647
    	max.connections = 2147483647
    	max.connections.per.ip = 2147483647
    	max.connections.per.ip.overrides = 
    	max.incremental.fetch.session.cache.slots = 1000
    	max.request.partition.size.limit = 2000
    	message.max.bytes = 1048588
    	metadata.log.dir = null
    	metadata.log.max.record.bytes.between.snapshots = 20971520
    	metadata.log.max.snapshot.interval.ms = 3600000
    	metadata.log.segment.bytes = 1073741824
    	metadata.log.segment.min.bytes = 8388608
    	metadata.log.segment.ms = 604800000
    	metadata.max.idle.interval.ms = 500
    	metadata.max.retention.bytes = 104857600
    	metadata.max.retention.ms = 604800000
    	metric.reporters = []
    	metrics.num.samples = 2
    	metrics.recording.level = INFO
    	metrics.sample.window.ms = 30000
    	min.insync.replicas = 1
    	node.id = 0
    	num.io.threads = 8
    	num.network.threads = 2
    	num.partitions = 1
    	num.recovery.threads.per.data.dir = 1
    	num.replica.alter.log.dirs.threads = null
    	num.replica.fetchers = 1
    	offset.metadata.max.bytes = 4096
    	offsets.commit.required.acks = -1
    	offsets.commit.timeout.ms = 5000
    	offsets.load.buffer.size = 5242880
    	offsets.retention.check.interval.ms = 600000
    	offsets.retention.minutes = 10080
    	offsets.topic.compression.codec = 0
    	offsets.topic.num.partitions = 5
    	offsets.topic.replication.factor = 1
    	offsets.topic.segment.bytes = 104857600
    	password.encoder.cipher.algorithm = AES/CBC/PKCS5Padding
    	password.encoder.iterations = 4096
    	password.encoder.key.length = 128
    	password.encoder.keyfactory.algorithm = null
    	password.encoder.old.secret = null
    	password.encoder.secret = null
    	principal.builder.class = class org.apache.kafka.common.security.authenticator.DefaultKafkaPrincipalBuilder
    	process.roles = []
    	producer.id.expiration.check.interval.ms = 600000
    	producer.id.expiration.ms = 86400000
    	producer.purgatory.purge.interval.requests = 1000
    	queued.max.request.bytes = -1
    	queued.max.requests = 500
    	quota.window.num = 11
    	quota.window.size.seconds = 1
    	remote.fetch.max.wait.ms = 500
    	remote.log.index.file.cache.total.size.bytes = 1073741824
    	remote.log.manager.copier.thread.pool.size = 10
    	remote.log.manager.copy.max.bytes.per.second = 9223372036854775807
    	remote.log.manager.copy.quota.window.num = 11
    	remote.log.manager.copy.quota.window.size.seconds = 1
    	remote.log.manager.expiration.thread.pool.size = 10
    	remote.log.manager.fetch.max.bytes.per.second = 9223372036854775807
    	remote.log.manager.fetch.quota.window.num = 11
    	remote.log.manager.fetch.quota.window.size.seconds = 1
    	remote.log.manager.task.interval.ms = 30000
    	remote.log.manager.task.retry.backoff.max.ms = 30000
    	remote.log.manager.task.retry.backoff.ms = 500
    	remote.log.manager.task.retry.jitter = 0.2
    	remote.log.manager.thread.pool.size = 10
    	remote.log.metadata.custom.metadata.max.bytes = 128
    	remote.log.metadata.manager.class.name = org.apache.kafka.server.log.remote.metadata.storage.TopicBasedRemoteLogMetadataManager
    	remote.log.metadata.manager.class.path = null
    	remote.log.metadata.manager.impl.prefix = rlmm.config.
    	remote.log.metadata.manager.listener.name = null
    	remote.log.reader.max.pending.tasks = 100
    	remote.log.reader.threads = 10
    	remote.log.storage.manager.class.name = null
    	remote.log.storage.manager.class.path = null
    	remote.log.storage.manager.impl.prefix = rsm.config.
    	remote.log.storage.system.enable = false
    	replica.fetch.backoff.ms = 1000
    	replica.fetch.max.bytes = 1048576
    	replica.fetch.min.bytes = 1
    	replica.fetch.response.max.bytes = 10485760
    	replica.fetch.wait.max.ms = 500
    	replica.high.watermark.checkpoint.interval.ms = 9223372036854775807
    	replica.lag.time.max.ms = 30000
    	replica.selector.class = null
    	replica.socket.receive.buffer.bytes = 65536
    	replica.socket.timeout.ms = 1000
    	replication.quota.window.num = 11
    	replication.quota.window.size.seconds = 1
    	request.timeout.ms = 30000
    	reserved.broker.max.id = 1000
    	sasl.client.callback.handler.class = null
    	sasl.enabled.mechanisms = [GSSAPI]
    	sasl.jaas.config = null
    	sasl.kerberos.kinit.cmd = /usr/bin/kinit
    	sasl.kerberos.min.time.before.relogin = 60000
    	sasl.kerberos.principal.to.local.rules = [DEFAULT]
    	sasl.kerberos.service.name = null
    	sasl.kerberos.ticket.renew.jitter = 0.05
    	sasl.kerberos.ticket.renew.window.factor = 0.8
    	sasl.login.callback.handler.class = null
    	sasl.login.class = null
    	sasl.login.connect.timeout.ms = null
    	sasl.login.read.timeout.ms = null
    	sasl.login.refresh.buffer.seconds = 300
    	sasl.login.refresh.min.period.seconds = 60
    	sasl.login.refresh.window.factor = 0.8
    	sasl.login.refresh.window.jitter = 0.05
    	sasl.login.retry.backoff.max.ms = 10000
    	sasl.login.retry.backoff.ms = 100
    	sasl.mechanism.controller.protocol = GSSAPI
    	sasl.mechanism.inter.broker.protocol = GSSAPI
    	sasl.oauthbearer.clock.skew.seconds = 30
    	sasl.oauthbearer.expected.audience = null
    	sasl.oauthbearer.expected.issuer = null
    	sasl.oauthbearer.jwks.endpoint.refresh.ms = 3600000
    	sasl.oauthbearer.jwks.endpoint.retry.backoff.max.ms = 10000
    	sasl.oauthbearer.jwks.endpoint.retry.backoff.ms = 100
    	sasl.oauthbearer.jwks.endpoint.url = null
    	sasl.oauthbearer.scope.claim.name = scope
    	sasl.oauthbearer.sub.claim.name = sub
    	sasl.oauthbearer.token.endpoint.url = null
    	sasl.server.callback.handler.class = null
    	sasl.server.max.receive.size = 524288
    	security.inter.broker.protocol = PLAINTEXT
    	security.providers = null
    	server.max.startup.time.ms = 9223372036854775807
    	socket.connection.setup.timeout.max.ms = 30000
    	socket.connection.setup.timeout.ms = 10000
    	socket.listen.backlog.size = 50
    	socket.receive.buffer.bytes = 102400
    	socket.request.max.bytes = 104857600
    	socket.send.buffer.bytes = 102400
    	ssl.allow.dn.changes = false
    	ssl.allow.san.changes = false
    	ssl.cipher.suites = []
    	ssl.client.auth = none
    	ssl.enabled.protocols = [TLSv1.2, TLSv1.3]
    	ssl.endpoint.identification.algorithm = https
    	ssl.engine.factory.class = null
    	ssl.key.password = null
    	ssl.keymanager.algorithm = SunX509
    	ssl.keystore.certificate.chain = null
    	ssl.keystore.key = null
    	ssl.keystore.location = null
    	ssl.keystore.password = null
    	ssl.keystore.type = JKS
    	ssl.principal.mapping.rules = DEFAULT
    	ssl.protocol = TLSv1.3
    	ssl.provider = null
    	ssl.secure.random.implementation = null
    	ssl.trustmanager.algorithm = PKIX
    	ssl.truststore.certificates = null
    	ssl.truststore.location = null
    	ssl.truststore.password = null
    	ssl.truststore.type = JKS
    	telemetry.max.bytes = 1048576
    	transaction.abort.timed.out.transaction.cleanup.interval.ms = 10000
    	transaction.max.timeout.ms = 900000
    	transaction.partition.verification.enable = true
    	transaction.remove.expired.transaction.cleanup.interval.ms = 3600000
    	transaction.state.log.load.buffer.size = 5242880
    	transaction.state.log.min.isr = 2
    	transaction.state.log.num.partitions = 50
    	transaction.state.log.replication.factor = 1
    	transaction.state.log.segment.bytes = 104857600
    	transactional.id.expiration.ms = 604800000
    	unclean.leader.election.enable = false
    	unstable.api.versions.enable = false
    	unstable.feature.versions.enable = true
    	zookeeper.clientCnxnSocket = null
    	zookeeper.connect = 127.0.0.1:51401
    	zookeeper.connection.timeout.ms = 10000
    	zookeeper.max.in.flight.requests = 10
    	zookeeper.metadata.migration.enable = false
    	zookeeper.metadata.migration.min.batch.size = 200
    	zookeeper.session.timeout.ms = 18000
    	zookeeper.set.acl = false
    	zookeeper.ssl.cipher.suites = null
    	zookeeper.ssl.client.enable = false
    	zookeeper.ssl.crl.enable = false
    	zookeeper.ssl.enabled.protocols = null
    	zookeeper.ssl.endpoint.identification.algorithm = HTTPS
    	zookeeper.ssl.keystore.location = null
    	zookeeper.ssl.keystore.password = null
    	zookeeper.ssl.keystore.type = null
    	zookeeper.ssl.ocsp.enable = false
    	zookeeper.ssl.protocol = TLSv1.2
    	zookeeper.ssl.truststore.location = null
    	zookeeper.ssl.truststore.password = null
    	zookeeper.ssl.truststore.type = null

    2026-02-10T16:10:24.029+04:00  INFO 31749 --- [user-service] [    Test worker] org.apache.zookeeper.common.X509Util     : Setting -D jdk.tls.rejectClientInitiatedRenegotiation=true to disable client-initiated TLS renegotiation
    2026-02-10T16:10:24.030+04:00  INFO 31749 --- [user-service] [    Test worker] o.a.k.s.l.r.s.RemoteLogManagerConfig     : RemoteLogManagerConfig values: 
    	log.local.retention.bytes = -2
    	log.local.retention.ms = -2
    	remote.fetch.max.wait.ms = 500
    	remote.log.index.file.cache.total.size.bytes = 1073741824
    	remote.log.manager.copier.thread.pool.size = 10
    	remote.log.manager.copy.max.bytes.per.second = 9223372036854775807
    	remote.log.manager.copy.quota.window.num = 11
    	remote.log.manager.copy.quota.window.size.seconds = 1
    	remote.log.manager.expiration.thread.pool.size = 10
    	remote.log.manager.fetch.max.bytes.per.second = 9223372036854775807
    	remote.log.manager.fetch.quota.window.num = 11
    	remote.log.manager.fetch.quota.window.size.seconds = 1
    	remote.log.manager.task.interval.ms = 30000
    	remote.log.manager.task.retry.backoff.max.ms = 30000
    	remote.log.manager.task.retry.backoff.ms = 500
    	remote.log.manager.task.retry.jitter = 0.2
    	remote.log.manager.thread.pool.size = 10
    	remote.log.metadata.custom.metadata.max.bytes = 128
    	remote.log.metadata.manager.class.name = org.apache.kafka.server.log.remote.metadata.storage.TopicBasedRemoteLogMetadataManager
    	remote.log.metadata.manager.class.path = null
    	remote.log.metadata.manager.impl.prefix = rlmm.config.
    	remote.log.metadata.manager.listener.name = null
    	remote.log.reader.max.pending.tasks = 100
    	remote.log.reader.threads = 10
    	remote.log.storage.manager.class.name = null
    	remote.log.storage.manager.class.path = null
    	remote.log.storage.manager.impl.prefix = rsm.config.
    	remote.log.storage.system.enable = false

    2026-02-10T16:10:24.074+04:00  INFO 31749 --- [user-service] [    Test worker] kafka.server.KafkaServer                 : starting
    2026-02-10T16:10:24.074+04:00  INFO 31749 --- [user-service] [    Test worker] kafka.server.KafkaServer                 : Connecting to zookeeper on 127.0.0.1:51401
    2026-02-10T16:10:24.079+04:00  INFO 31749 --- [user-service] [    Test worker] kafka.zookeeper.ZooKeeperClient          : [ZooKeeperClient Kafka server] Initializing a new session to 127.0.0.1:51401.
    2026-02-10T16:10:24.080+04:00  INFO 31749 --- [user-service] [    Test worker] org.apache.zookeeper.ZooKeeper           : Client environment:zookeeper.version=3.8.4-9316c2a7a97e1666d8f4593f34dd6fc36ecc436c, built on 2024-02-12 22:16 UTC
    2026-02-10T16:10:24.080+04:00  INFO 31749 --- [user-service] [    Test worker] org.apache.zookeeper.ZooKeeper           : Client environment:host.name=localhost
    2026-02-10T16:10:24.080+04:00  INFO 31749 --- [user-service] [    Test worker] org.apache.zookeeper.ZooKeeper           : Client environment:java.version=17.0.16
    2026-02-10T16:10:24.080+04:00  INFO 31749 --- [user-service] [    Test worker] org.apache.zookeeper.ZooKeeper           : Client environment:java.vendor=Microsoft
    2026-02-10T16:10:24.080+04:00  INFO 31749 --- [user-service] [    Test worker] org.apache.zookeeper.ZooKeeper           : Client environment:java.home=/Users/aousganeh/Library/Java/JavaVirtualMachines/ms-17.0.16/Contents/Home
    2026-02-10T16:10:24.080+04:00  INFO 31749 --- [user-service] [    Test worker] org.apache.zookeeper.ZooKeeper           : Client environment:java.class.path=/Users/aousganeh/.gradle/caches/8.5/workerMain/gradle-worker.jar:/Users/aousganeh/Desktop/fix/code/user-service/build/classes/java/test:/Users/aousganeh/Desktop/fix/code/user-service/build/classes/java/main:/Users/aousganeh/Desktop/fix/code/user-service/build/resources/main:/Users/aousganeh/.gradle/caches/modules-2/files-2.1/org.springframework.boot/spring-boot-starter-web/3.4.1/ff7227fc62338e0f6eba3f9f94c12eb952d4da95/spring-boot-starter-web-3.4.1.jar:/Users/aousganeh/.gradle/caches/modules-2/files-2.1/org.springframework.boot/spring-boot-starter-data-jpa/3.4.1/f06be4354c339f3f880a5c66a6913cd2366eb225/spring-boot-starter-data-jpa-3.4.1.jar:/Users/aousganeh/.gradle/caches/modules-2/files-2.1/org.springframework.boot/spring-boot-starter-security/3.4.1/6a82a9f484d265c73a203d551b614cd8bdde5825/spring-boot-starter-security-3.4.1.jar:/Users/aousganeh/.gradle/caches/modules-2/files-2.1/org.springframework.boot/spring-boot-starter-validation/3.4.1/7b9baa79c886e362dc14764fc3b0983b607be1f5/spring-boot-starter-validation-3.4.1.jar:/Users/aousganeh/.gradle/caches/modules-2/files-2.1/org.springframework.boot/spring-boot-starter-actuator/3.4.1/bd347cc46f34c8b9a6f33b4d103bcfb3b11fc6f8/spring-boot-starter-actuator-3.4.1.jar:/Users/aousganeh/.gradle/caches/modules-2/files-2.1/io.micrometer/micrometer-registry-prometheus/1.14.2/724ef1b2a41e78fbff35dd6827bb59661cadad0a/micrometer-registry-prometheus-1.14.2.jar:/Users/aousganeh/.gradle/caches/modules-2/files-2.1/io.jsonwebtoken/jjwt-impl/0.11.2/8fd8acf9d3cb9a2db05bfa484c2a1408cc3507f9/jjwt-impl-0.11.2.jar:/Users/aousganeh/.gradle/caches/modules-2/files-2.1/io.jsonwebtoken/jjwt-jackson/0.11.2/bff0b63d4cbace7b38551a70350875e69201ffeb/jjwt-jackson-0.11.2.jar:/Users/aousganeh/.gradle/caches/modules-2/files-2.1/io.jsonwebtoken/jjwt-api/0.11.2/57c34dce3e88f2972c5c5465b6291acfb5628084/jjwt-api-0.11.2.jar:/Users/aousganeh/.gradle/caches/modules-2/files-2.1/org.springframework.cloud/spring-cloud-starter-netflix-eureka-client/4.2.0/cf3f5817a74964573f8ab62d67692203484bfc17/spring-cloud-starter-netflix-eureka-client-4.2.0.jar:/Users/aousganeh/.gradle/caches/modules-2/files-2.1/org.springframework.cloud/spring-cloud-starter-openfeign/4.2.0/2f325bbc3a6f60b3ddbd644b110afadf8a39c90b/spring-cloud-starter-openfeign-4.2.0.jar:/Users/aousganeh/.gradle/caches/modules-2/files-2.1/io.github.openfeign/feign-hc5/13.5/d0370edd05198684ebfa5bf1edac0f91ea843388/feign-hc5-13.5.jar:/Users/aousganeh/.gradle/caches/modules-2/files-2.1/org.springdoc/springdoc-openapi-starter-webmvc-ui/2.7.0/4426174e7fa7428a1c5f2edbd352c89e3e6b9794/springdoc-openapi-starter-webmvc-ui-2.7.0.jar:/Users/aousganeh/.gradle/caches/modules-2/files-2.1/org.springframework.boot/spring-boot-starter-data-redis/3.4.1/d9a75f927b827a881d2f60df443d9741ef23fcda/spring-boot-starter-data-redis-3.4.1.jar:/Users/aousganeh/.gradle/caches/modules-2/files-2.1/org.springframework.kafka/spring-kafka/3.3.1/e389d3f28fa4f08b2ac714dfeaa91724fa4d7c9f/spring-kafka-3.3.1.jar:/Users/aousganeh/.gradle/caches/modules-2/files-2.1/net.devh/grpc-server-spring-boot-starter/3.1.0.RELEASE/351d46edd2e6d7444298f7711e17fbe8d8608755/grpc-server-spring-boot-starter-3.1.0.RELEASE.jar:/Users/aousganeh/.gradle/caches/modules-2/files-2.1/net.devh/grpc-client-spring-boot-starter/3.1.0.RELEASE/731890e2098e859e95a890c209abfd9ab35c9f56/grpc-client-spring-boot-starter-3.1.0.RELEASE.jar:/Users/aousganeh/.gradle/caches/modules-2/files-2.1/io.grpc/grpc-services/1.63.0/33b4e6da7c8651fe4b29c167269c7d65f1154406/grpc-services-1.63.0.jar:/Users/aousganeh/.gradle/caches/modules-2/files-2.1/io.grpc/grpc-protobuf/1.63.0/d5f8df431537b4656873be908f64e1a4fe604cd3/grpc-protobuf-1.63.0.jar:/Users/aousganeh/.gradle/caches/modules-2/files-2.1/com.google.api.grpc/proto-google-common-protos/2.29.0/eb1cf1cf4c12d5eb9cef958dfd76af4101c55a62/proto-google-common-protos-2.29.0.jar:/Users/aousganeh/.gradle/caches/modules-2/files-2.1/com.google.protobuf/protobuf-java-util/3.25.1/52ef56370091e0088ca1a8bca39cd03c6becc2dc/protobuf-java-util-3.25.1.jar:/Users/aousganeh/.gradle/caches/modules-2/files-2.1/com.google.protobuf/protobuf-java/3.25.1/2933a5c3f022456d8842323fe0d7fb2d25a7e3c7/protobuf-java-3.25.1.jar:/Users/aousganeh/.gradle/caches/modules-2/files-2.1/org.postgresql/postgresql/42.7.4/264310fd7b2cd76738787dc0b9f7ea2e3b11adc1/postgresql-42.7.4.jar:/Users/aousganeh/.gradle/caches/modules-2/files-2.1/org.springframework.cloud/spring-cloud-starter-contract-stub-runner/4.2.0/9beed4d06718299acc34b9dac4e81844c071e97b/spring-cloud-starter-contract-stub-runner-4.2.0.jar:/Users/aousganeh/.gradle/caches/modules-2/files-2.1/org.springframework.cloud/spring-cloud-contract-stub-runner/4.2.0/a9d6ffef2ca647d32075805e970101de467e4ed6/spring-cloud-contract-stub-runner-4.2.0.jar:/Users/aousganeh/.gradle/caches/modules-2/files-2.1/org.springframework.cloud/spring-cloud-contract-converters/4.2.0/8d0c33fa8a66b91bace7667b886909a1bb4ae15d/spring-cloud-contract-converters-4.2.0.jar:/Users/aousganeh/.gradle/caches/modules-2/files-2.1/org.springframework.cloud/spring-cloud-contract-verifier/4.2.0/80b8639a9751cc8afe9e74248b3a95ee957810bb/spring-cloud-contract-verifier-4.2.0.jar:/Users/aousganeh/.gradle/caches/modules-2/files-2.1/org.springframework.boot/spring-boot-starter-test/3.4.1/ac1caa2ab4c8eaedd82abab3ed8d27a1b4ee2da8/spring-boot-starter-test-3.4.1.jar:/Users/aousganeh/.gradle/caches/modules-2/files-2.1/org.springframework.kafka/spring-kafka-test/3.3.1/21754cd9387bee9c818cc78cac41c0c659326394/spring-kafka-test-3.3.1.jar:/Users/aousganeh/.gradle/caches/modules-2/files-2.1/org.awaitility/awaitility/4.2.0/2c39784846001a9cffd6c6b89c78de62c0d80fb8/awaitility-4.2.0.jar:/Users/aousganeh/.gradle/caches/modules-2/files-2.1/org.springframework.boot/spring-boot-starter-json/3.4.1/c1d084f65d8d9f2de9daccab47c4f452fb0464de/spring-boot-starter-json-3.4.1.jar:/Users/aousganeh/.gradle/caches/modules-2/files-2.1/org.springframework.boot/spring-boot-starter-jdbc/3.4.1/307db83ee5f33fe810565cf980f73747b8f8f43b/spring-boot-starter-jdbc-3.4.1.jar:/Users/aousganeh/.gradle/caches/modules-2/files-2.1/org.springframework.cloud/spring-cloud-starter-loadbalancer/4.2.0/290ebc8df37c43336dbe66320ab84d6a57aec3c8/spring-cloud-starter-loadbalancer-4.2.0.jar:/Users/aousganeh/.gradle/caches/modules-2/files-2.1/org.springframework.cloud/spring-cloud-starter/4.2.0/195fa9ee669616aebd5b1a481578ec336cfc1e9f/spring-cloud-starter-4.2.0.jar:/Users/aousganeh/.gradle/caches/modules-2/files-2.1/net.devh/grpc-common-spring-boot/3.1.0.RELEASE/6e099d9299f4869082c9ef90789252b79f0755cb/grpc-common-spring-boot-3.1.0.RELEASE.jar:/Users/aousganeh/.gradle/caches/modules-2/files-2.1/org.springframework.cloud/spring-cloud-contract-wiremock/4.2.0/d9948330ef553988d300129aed1223ded6b968a3/spring-cloud-contract-wiremock-4.2.0.jar:/Users/aousganeh/.gradle/caches/modules-2/files-2.1/org.springframework.boot/spring-boot-starter-cache/3.4.1/d3e0a357c187de005f3d30f2a43dd6d884a77196/spring-boot-starter-cache-3.4.1.jar:/Users/aousganeh/.gradle/caches/modules-2/files-2.1/org.springframework.boot/spring-boot-starter/3.4.1/2c97b6fdc451ea69cd04dcfa54980439b7c7cb34/spring-boot-starter-3.4.1.jar:/Users/aousganeh/.gradle/caches/modules-2/files-2.1/org.springframework.boot/spring-boot-starter-tomcat/3.4.1/ac4bb51582c57cfb0d2beb102a76fe1a4d8b8b21/spring-boot-starter-tomcat-3.4.1.jar:/Users/aousganeh/.gradle/caches/modules-2/files-2.1/org.springdoc/springdoc-openapi-starter-webmvc-api/2.7.0/37d5234d1fd470918775569ebe240e18c367340f/springdoc-openapi-starter-webmvc-api-2.7.0.jar:/Users/aousganeh/.gradle/caches/modules-2/files-2.1/org.springframework/spring-webmvc/6.2.1/44bdf7e5641d44044ac52d7bb5c1fc46004e7754/spring-webmvc-6.2.1.jar:/Users/aousganeh/.gradle/caches/modules-2/files-2.1/org.springframework.security/spring-security-web/6.4.2/733a3bbbdca56225676fb7f4e3f317c2075fc383/spring-security-web-6.4.2.jar:/Users/aousganeh/.gradle/caches/modules-2/files-2.1/org.springframework.cloud/spring-cloud-openfeign-core/4.2.0/57ceb14303618008377aec69711a46473ea701c7/spring-cloud-openfeign-core-4.2.0.jar:/Users/aousganeh/.gradle/caches/modules-2/files-2.1/io.github.openfeign/feign-form-spring/13.5/3a6139f73fd3d7f7ada8cdfea0ac0d545d1d7539/feign-form-spring-13.5.jar:/Users/aousganeh/.gradle/caches/modules-2/files-2.1/org.springframework/spring-web/6.2.1/877acb94c5b3a0c92e652b6bebdfdc7c60922ac8/spring-web-6.2.1.jar:/Users/aousganeh/.gradle/caches/modules-2/files-2.1/org.hibernate.orm/hibernate-core/6.6.4.Final/95c6d2d58c40dbbfbbd58084941e5cbca4ddef2f/hibernate-core-6.6.4.Final.jar:/Users/aousganeh/.gradle/caches/modules-2/files-2.1/org.springframework.data/spring-data-jpa/3.4.1/1c704fa9169ea3745775568e733fddd0132070b2/spring-data-jpa-3.4.1.jar:/Users/aousganeh/.gradle/caches/modules-2/files-2.1/org.springframework/spring-aspects/6.2.1/50350218608abf215ae40ef00c87cc666737e199/spring-aspects-6.2.1.jar:/Users/aousganeh/.gradle/caches/modules-2/files-2.1/org.springframework.security/spring-security-config/6.4.2/5ed985329eb14b1c61045160c8dcbbcab179ddd3/spring-security-config-6.4.2.jar:/Users/aousganeh/.gradle/caches/modules-2/files-2.1/org.springframework.data/spring-data-redis/3.4.1/43500de2974e20b1932255a9c2ab27172a579fe6/spring-data-redis-3.4.1.jar:/Users/aousganeh/.gradle/caches/modules-2/files-2.1/org.springframework.boot/spring-boot-actuator-autoconfigure/3.4.1/75ab4d3c257fc5b00fbfa8099ec35b6c9702b629/spring-boot-actuator-autoconfigure-3.4.1.jar:/Users/aousganeh/.gradle/caches/modules-2/files-2.1/org.springframework.boot/spring-boot-test-autoconfigure/3.4.1/87ac4bbb73af12298ddf1cd6830121527e6de7c7/spring-boot-test-autoconfigure-3.4.1.jar:/Users/aousganeh/.gradle/caches/modules-2/files-2.1/org.springframework.boot/spring-boot-test/3.4.1/56fb2970279daa00359e37fabdc3bf46a1ab1a8b/spring-boot-test-3.4.1.jar:/Users/aousganeh/.gradle/caches/modules-2/files-2.1/org.springdoc/springdoc-openapi-starter-common/2.7.0/bba119cebeab38aa8ba9a506d76bd611407348c1/springdoc-openapi-starter-common-2.7.0.jar:/Users/aousganeh/.gradle/caches/modules-2/files-2.1/org.springframework.boot/spring-boot-autoconfigure/3.4.1/f17b54cc5816ec8f06d0aca9df11c330ead97f2a/spring-boot-autoconfigure-3.4.1.jar:/Users/aousganeh/.gradle/caches/modules-2/files-2.1/org.springframework.boot/spring-boot-actuator/3.4.1/77873fd387c46b7bb350cc6127a3b0162c41f9bf/spring-boot-actuator-3.4.1.jar:/Users/aousganeh/.gradle/caches/modules-2/files-2.1/org.springframework.boot/spring-boot/3.4.1/5fb9890a5eb7c4e86c8f5c0f6960b79240daf3d5/spring-boot-3.4.1.jar:/Users/aousganeh/.gradle/caches/modules-2/files-2.1/org.springframework.security/spring-security-core/6.4.2/51302b2af3f01eb79fdc7164a4cc3a3aa7e3b541/spring-security-core-6.4.2.jar:/Users/aousganeh/.gradle/caches/modules-2/files-2.1/org.springframework.data/spring-data-keyvalue/3.4.1/7c9c27baa8b6718f3e52b7a98dbc94334c1c1d1d/spring-data-keyvalue-3.4.1.jar:/Users/aousganeh/.gradle/caches/modules-2/files-2.1/org.springframework/spring-context-support/6.2.1/455eb5dc0c675dc49044c1518763f4c0323a5860/spring-context-support-6.2.1.jar:/Users/aousganeh/.gradle/caches/modules-2/files-2.1/org.springframework/spring-context/6.2.1/f56c7431b03860bfdb016e68f484c5c35531ef2e/spring-context-6.2.1.jar:/Users/aousganeh/.gradle/caches/modules-2/files-2.1/org.springframework/spring-aop/6.2.1/a9384de38fc00751084446ba014a0c4962240244/spring-aop-6.2.1.jar:/Users/aousganeh/.gradle/caches/modules-2/files-2.1/org.apache.tomcat.embed/tomcat-embed-el/10.1.34/d2b2daca3bc999c62e58ae36b45ba0582530fb25/tomcat-embed-el-10.1.34.jar:/Users/aousganeh/.gradle/caches/modules-2/files-2.1/org.hibernate.validator/hibernate-validator/8.0.2.Final/220e64815dd87535525331de20570017f899eb13/hibernate-validator-8.0.2.Final.jar:/Users/aousganeh/.gradle/caches/modules-2/files-2.1/io.micrometer/micrometer-jakarta9/1.14.2/50950404a99cde864c0e4ff3b1647e5be75d7570/micrometer-jakarta9-1.14.2.jar:/Users/aousganeh/.gradle/caches/modules-2/files-2.1/io.micrometer/micrometer-core/1.14.2/7ec567b052bc560ba76a95eff222fb7999b79817/micrometer-core-1.14.2.jar:/Users/aousganeh/.gradle/caches/modules-2/files-2.1/io.micrometer/micrometer-observation/1.14.2/a9cad29cc04c0f7e30e3e58b454d4cd47ccc54bd/micrometer-observation-1.14.2.jar:/Users/aousganeh/.gradle/caches/modules-2/files-2.1/io.prometheus/prometheus-metrics-core/1.3.5/2169cfe39084609c72a1fcd1a5775f74a4531919/prometheus-metrics-core-1.3.5.jar:/Users/aousganeh/.gradle/caches/modules-2/files-2.1/io.prometheus/prometheus-metrics-tracer-common/1.3.5/adf529b691eb4514124662ad47e67676be52c3d8/prometheus-metrics-tracer-common-1.3.5.jar:/Users/aousganeh/.gradle/caches/modules-2/files-2.1/io.prometheus/prometheus-metrics-exposition-formats/1.3.5/3a5d2539dad545b15a60f7113a01734779906d97/prometheus-metrics-exposition-formats-1.3.5.jar:/Users/aousganeh/.gradle/caches/modules-2/files-2.1/org.springframework.cloud/spring-cloud-netflix-eureka-client/4.2.0/c8edf13a9deff7af515f65aba2df5810f15978bb/spring-cloud-netflix-eureka-client-4.2.0.jar:/Users/aousganeh/.gradle/caches/modules-2/files-2.1/com.netflix.eureka/eureka-client/2.0.4/b39ef49393834e6f390370ceb54bbbf4df0a072e/eureka-client-2.0.4.jar:/Users/aousganeh/.gradle/caches/modules-2/files-2.1/org.springframework.cloud/spring-cloud-loadbalancer/4.2.0/214d3a47be66cb8bed558e1fb3a11e75ad2fd03c/spring-cloud-loadbalancer-4.2.0.jar:/Users/aousganeh/.gradle/caches/modules-2/files-2.1/org.springframework.cloud/spring-cloud-commons/4.2.0/3ef9d0044e12016527a1d13bc01774f1d1bfa30e/spring-cloud-commons-4.2.0.jar:/Users/aousganeh/.gradle/caches/modules-2/files-2.1/io.github.openfeign/feign-slf4j/13.5/6bba2c17f95fd7a3a4e86f9f0239e1a631c40a4b/feign-slf4j-13.5.jar:/Users/aousganeh/.gradle/caches/modules-2/files-2.1/io.github.openfeign/feign-form/13.5/8e77844c9bc63d8ace84ea7b06353e0cebe85fdd/feign-form-13.5.jar:/Users/aousganeh/.gradle/caches/modules-2/files-2.1/io.github.openfeign/feign-core/13.5/7e94b76bce24f8028d29fbba7c5f0d59b09a837e/feign-core-13.5.jar:/Users/aousganeh/.gradle/caches/modules-2/files-2.1/org.apache.httpcomponents.client5/httpclient5/5.4.1/ce913081e592ee8eeee35c4e577d7dce13cba7a4/httpclient5-5.4.1.jar:/Users/aousganeh/.gradle/caches/modules-2/files-2.1/org.webjars/swagger-ui/5.18.2/368118833fc82beedbc17783972c836aa22e0872/swagger-ui-5.18.2.jar:/Users/aousganeh/.gradle/caches/modules-2/files-2.1/org.webjars/webjars-locator-lite/1.0.1/b4389136604123d4fe4199cc29b94a33206996bc/webjars-locator-lite-1.0.1.jar:/Users/aousganeh/.gradle/caches/modules-2/files-2.1/io.lettuce/lettuce-core/6.4.1.RELEASE/5e4483ac2281c76bd89754ce0192b3663b5cf68/lettuce-core-6.4.1.RELEASE.jar:/Users/aousganeh/.gradle/caches/modules-2/files-2.1/org.springframework/spring-messaging/6.2.1/35335abbdd4b1a781e6ad47d6aaa2c294d62809f/spring-messaging-6.2.1.jar:/Users/aousganeh/.gradle/caches/modules-2/files-2.1/org.springframework/spring-orm/6.2.1/7fd75b4984d92c3c5e46ee94365cfc79d2daa821/spring-orm-6.2.1.jar:/Users/aousganeh/.gradle/caches/modules-2/files-2.1/org.springframework/spring-jdbc/6.2.1/def8d3d9bebafc36c19f8407645eddde32454c8a/spring-jdbc-6.2.1.jar:/Users/aousganeh/.gradle/caches/modules-2/files-2.1/org.springframework/spring-tx/6.2.1/5ffde4fee85ff021ad613b9e86a9be893fb52572/spring-tx-6.2.1.jar:/Users/aousganeh/.gradle/caches/modules-2/files-2.1/org.springframework.retry/spring-retry/2.0.10/2990d2957ef0988dd243d06e04d357eace43a522/spring-retry-2.0.10.jar:/Users/aousganeh/.gradle/caches/modules-2/files-2.1/org.apache.kafka/kafka_2.13/3.8.1/832245e638abf7ec3996b76a42944960abe39e23/kafka_2.13-3.8.1.jar:/Users/aousganeh/.gradle/caches/modules-2/files-2.1/org.apache.kafka/kafka_2.13/3.8.1/6278b0f00854c36ed12c8a016152332bc9d1a609/kafka_2.13-3.8.1-test.jar:/Users/aousganeh/.gradle/caches/modules-2/files-2.1/org.apache.kafka/kafka-server/3.8.1/9b339e97deeecaf1e7897b4c731d77392b4745de/kafka-server-3.8.1.jar:/Users/aousganeh/.gradle/caches/modules-2/files-2.1/org.apache.kafka/kafka-group-coordinator/3.8.1/d372d5bfee64939af353d4246cab795884cb477c/kafka-group-coordinator-3.8.1.jar:/Users/aousganeh/.gradle/caches/modules-2/files-2.1/org.apache.kafka/kafka-metadata/3.8.1/3d6662afa30ed98985422d35485962819253040b/kafka-metadata-3.8.1.jar:/Users/aousganeh/.gradle/caches/modules-2/files-2.1/org.apache.kafka/kafka-raft/3.8.1/8f44b9f0da4fa1670d8506d33c06ba7662b37045/kafka-raft-3.8.1.jar:/Users/aousganeh/.gradle/caches/modules-2/files-2.1/org.apache.kafka/kafka-storage/3.8.1/daf35a6f6a1b8da8d2baa754856b12d5ebec7be3/kafka-storage-3.8.1.jar:/Users/aousganeh/.gradle/caches/modules-2/files-2.1/org.apache.kafka/kafka-storage-api/3.8.1/a522b224b598f30b9637ad2eb3a5db64c14db4a4/kafka-storage-api-3.8.1.jar:/Users/aousganeh/.gradle/caches/modules-2/files-2.1/org.apache.kafka/kafka-server-common/3.8.1/483d5f635aa0a751946a6bd80b0b3acbdc6b7169/kafka-server-common-3.8.1.jar:/Users/aousganeh/.gradle/caches/modules-2/files-2.1/org.apache.kafka/kafka-server-common/3.8.1/4ad5b80346a131afa11708238441f16026f0ec5c/kafka-server-common-3.8.1-test.jar:/Users/aousganeh/.gradle/caches/modules-2/files-2.1/org.apache.kafka/kafka-streams-test-utils/3.8.1/edc3d933c78754476fc5564f4fc2cb3da060a25a/kafka-streams-test-utils-3.8.1.jar:/Users/aousganeh/.gradle/caches/modules-2/files-2.1/org.apache.kafka/kafka-streams/3.8.1/9e054a4e7b88bc80f069e22045826013b7b697ec/kafka-streams-3.8.1.jar:/Users/aousganeh/.gradle/caches/modules-2/files-2.1/org.apache.kafka/kafka-group-coordinator-api/3.8.1/9f99f11956404ae64a2b210adaf6d1f3850ab26f/kafka-group-coordinator-api-3.8.1.jar:/Users/aousganeh/.gradle/caches/modules-2/files-2.1/org.apache.kafka/kafka-tools-api/3.8.1/43f69819f286340b5738e562122256b1b2470e99/kafka-tools-api-3.8.1.jar:/Users/aousganeh/.gradle/caches/modules-2/files-2.1/org.apache.kafka/kafka-clients/3.8.1/fd79e3aa252c6d818334e9c0bac8166b426e498c/kafka-clients-3.8.1.jar:/Users/aousganeh/.gradle/caches/modules-2/files-2.1/org.apache.kafka/kafka-clients/3.8.1/11d3ffefbc452fc4c5d45f4f6ec368bcab290a95/kafka-clients-3.8.1-test.jar:/Users/aousganeh/.gradle/caches/modules-2/files-2.1/io.grpc/grpc-inprocess/1.63.0/3e761aa10972a0f131c25f36917d90bd816905ba/grpc-inprocess-1.63.0.jar:/Users/aousganeh/.gradle/caches/modules-2/files-2.1/io.grpc/grpc-netty-shaded/1.63.0/5381408f5989b43f238f8ecbd55386038e314fc6/grpc-netty-shaded-1.63.0.jar:/Users/aousganeh/.gradle/caches/modules-2/files-2.1/io.grpc/grpc-stub/1.63.0/3d7454ffa642b925033e2bb0502842872ba73464/grpc-stub-1.63.0.jar:/Users/aousganeh/.gradle/caches/modules-2/files-2.1/io.grpc/grpc-util/1.63.0/e0f73a39ec71422ff935f422417fef836986be4a/grpc-util-1.63.0.jar:/Users/aousganeh/.gradle/caches/modules-2/files-2.1/io.grpc/grpc-core/1.63.0/2b471e22cb94082fad579b739500231bbbaabfd/grpc-core-1.63.0.jar:/Users/aousganeh/.gradle/caches/modules-2/files-2.1/io.grpc/grpc-protobuf-lite/1.63.0/cff9c90502368e8457ed6706f77af9b139e1cf60/grpc-protobuf-lite-1.63.0.jar:/Users/aousganeh/.gradle/caches/modules-2/files-2.1/io.grpc/grpc-context/1.63.0/ed56bfeff3de8e674b2a8a773f8d08a464bb3982/grpc-context-1.63.0.jar:/Users/aousganeh/.gradle/caches/modules-2/files-2.1/io.grpc/grpc-api/1.63.0/c02adf37b86cdfad1f9178ab0eb98768953f75ac/grpc-api-1.63.0.jar:/Users/aousganeh/.gradle/caches/modules-2/files-2.1/io.swagger.core.v3/swagger-core-jakarta/2.2.25/83eceb1d4af30f9131b0e0c607b83b2c921c2525/swagger-core-jakarta-2.2.25.jar:/Users/aousganeh/.gradle/caches/modules-2/files-2.1/jakarta.validation/jakarta.validation-api/3.0.2/92b6631659ba35ca09e44874d3eb936edfeee532/jakarta.validation-api-3.0.2.jar:/Users/aousganeh/.gradle/caches/modules-2/files-2.1/com.fasterxml.jackson.datatype/jackson-datatype-jsr310/2.18.2/7b6ff96adf421f4c6edbd694e797dd8fe434510a/jackson-datatype-jsr310-2.18.2.jar:/Users/aousganeh/.gradle/caches/modules-2/files-2.1/com.fasterxml.jackson.module/jackson-module-parameter-names/2.18.2/72960cb3277347a748911d100c3302d60e8a616a/jackson-module-parameter-names-2.18.2.jar:/Users/aousganeh/.gradle/caches/modules-2/files-2.1/com.fasterxml.jackson.module/jackson-module-scala_2.13/2.18.2/84bb533a599a4eaf901aecce5e75d49490a88774/jackson-module-scala_2.13-2.18.2.jar:/Users/aousganeh/.gradle/caches/modules-2/files-2.1/com.fasterxml.jackson.dataformat/jackson-dataformat-csv/2.18.2/3e1f715d7cbcc5b79b104115bf8d2a7b0a9b4b22/jackson-dataformat-csv-2.18.2.jar:/Users/aousganeh/.gradle/caches/modules-2/files-2.1/io.swagger.core.v3/swagger-models-jakarta/2.2.25/abfe0fce84b0d8d8371f52405816a30cdba64493/swagger-models-jakarta-2.2.25.jar:/Users/aousganeh/.gradle/caches/modules-2/files-2.1/com.fasterxml.jackson.core/jackson-annotations/2.18.2/985d77751ebc7fce5db115a986bc9aa82f973f4a/jackson-annotations-2.18.2.jar:/Users/aousganeh/.gradle/caches/modules-2/files-2.1/com.fasterxml.jackson.dataformat/jackson-dataformat-yaml/2.18.2/d000e13505d1cf564371516fa3d5b8769a779dc9/jackson-dataformat-yaml-2.18.2.jar:/Users/aousganeh/.gradle/caches/modules-2/files-2.1/com.fasterxml.jackson.core/jackson-core/2.18.2/fb64ccac5c27dca8819418eb4e443a9f496d9ee7/jackson-core-2.18.2.jar:/Users/aousganeh/.gradle/caches/modules-2/files-2.1/com.fasterxml.jackson.datatype/jackson-datatype-jdk8/2.18.2/9ed6d538ebcc66864e114a7040953dce6ab6ea53/jackson-datatype-jdk8-2.18.2.jar:/Users/aousganeh/.gradle/caches/modules-2/files-2.1/com.fasterxml.jackson.core/jackson-databind/2.18.2/deef8697b92141fb6caf7aa86966cff4eec9b04f/jackson-databind-2.18.2.jar:/Users/aousganeh/.gradle/caches/modules-2/files-2.1/com.netflix.netflix-commons/netflix-eventbus/0.3.0/3f864adbe81f0849729fcbba3fe693c32be739ea/netflix-eventbus-0.3.0.jar:/Users/aousganeh/.gradle/caches/modules-2/files-2.1/com.netflix.netflix-commons/netflix-infix/0.3.0/acc65969f7367ddd2f1265e0cd7330509ed530dc/netflix-infix-0.3.0.jar:/Users/aousganeh/.gradle/caches/modules-2/files-2.1/com.netflix.servo/servo-core/0.5.3/790cdf248baa2bf0b4b42fe83d79c717ed510f2b/servo-core-0.5.3.jar:/Users/aousganeh/.gradle/caches/modules-2/files-2.1/org.sonatype.sisu/sisu-inject-plexus/2.6.0/7842bcac78208d1f9b60dcdd690eea573ce0f6c3/sisu-inject-plexus-2.6.0.jar:/Users/aousganeh/.gradle/caches/modules-2/files-2.1/org.sonatype.sisu/sisu-inject-bean/2.6.0/e056946e794584283e8343edabfec37140d560d1/sisu-inject-bean-2.6.0.jar:/Users/aousganeh/.gradle/caches/modules-2/files-2.1/org.sonatype.sisu/sisu-guice/3.2.5/c5a46b80cbc7eaaa88b5b3251fbd3c72346ea3d1/sisu-guice-3.2.5-no_aop.jar:/Users/aousganeh/.gradle/caches/modules-2/files-2.1/com.google.guava/guava/33.3.1-jre/852f8b363da0111e819460021ca693cacca3e8db/guava-33.3.1-jre.jar:/Users/aousganeh/.gradle/caches/modules-2/files-2.1/com.github.ben-manes.caffeine/caffeine/3.1.8/24795585df8afaf70a2cd534786904ea5889c047/caffeine-3.1.8.jar:/Users/aousganeh/.gradle/caches/modules-2/files-2.1/org.checkerframework/checker-qual/3.43.0/9425eee39e56b116d2b998b7c2cebcbd11a3c98b/checker-qual-3.43.0.jar:/Users/aousganeh/.gradle/caches/modules-2/files-2.1/com.toomuchcoding.jsonassert/jsonassert/0.8.0/943716202ec847c65f5f0bf14932a2d27ecb62f5/jsonassert-0.8.0.jar:/Users/aousganeh/.gradle/caches/modules-2/files-2.1/net.javacrumbs.json-unit/json-unit-assertj/2.38.0/e5dc72fb630e69f1ca8f5361cf2b6d644b0bba77/json-unit-assertj-2.38.0.jar:/Users/aousganeh/.gradle/caches/modules-2/files-2.1/net.javacrumbs.json-unit/json-unit-json-path/2.38.0/32d109a76143537d43773da22e3f010600454863/json-unit-json-path-2.38.0.jar:/Users/aousganeh/.gradle/caches/modules-2/files-2.1/com.jayway.jsonpath/json-path/2.9.0/37fe2217f577b0b68b18e62c4d17a8858ecf9b69/json-path-2.9.0.jar:/Users/aousganeh/.gradle/caches/modules-2/files-2.1/org.springframework/spring-oxm/6.2.1/5adc025b3f67a1931d0fb938b4fca685178672ac/spring-oxm-6.2.1.jar:/Users/aousganeh/.gradle/caches/modules-2/files-2.1/org.glassfish.jaxb/jaxb-runtime/4.0.5/ca84c2a7169b5293e232b9d00d1e4e36d4c3914a/jaxb-runtime-4.0.5.jar:/Users/aousganeh/.gradle/caches/modules-2/files-2.1/org.glassfish.jaxb/jaxb-core/4.0.5/7b4b11ea5542eea4ad55e1080b23be436795b3/jaxb-core-4.0.5.jar:/Users/aousganeh/.gradle/caches/modules-2/files-2.1/jakarta.xml.bind/jakarta.xml.bind-api/4.0.2/6cd5a999b834b63238005b7144136379dc36cad2/jakarta.xml.bind-api-4.0.2.jar:/Users/aousganeh/.gradle/caches/modules-2/files-2.1/net.minidev/json-smart/2.5.1/4c11d2808d009132dfbbf947ebf37de6bf266c8e/json-smart-2.5.1.jar:/Users/aousganeh/.gradle/caches/modules-2/files-2.1/org.assertj/assertj-core/3.26.3/d26263eb7524252d98e602fc6942996a3195e29/assertj-core-3.26.3.jar:/Users/aousganeh/.gradle/caches/modules-2/files-2.1/net.javacrumbs.json-unit/json-unit-core/2.38.0/bc7a1e0e8a22b783f124512722d2829d2ef937a7/json-unit-core-2.38.0.jar:/Users/aousganeh/.gradle/caches/modules-2/files-2.1/org.hamcrest/hamcrest-core/2.2/3f2bd07716a31c395e2837254f37f21f0f0ab24b/hamcrest-core-2.2.jar:/Users/aousganeh/.gradle/caches/modules-2/files-2.1/org.hamcrest/hamcrest/2.2/1820c0968dba3a11a1b30669bb1f01978a91dedc/hamcrest-2.2.jar:/Users/aousganeh/.gradle/caches/modules-2/files-2.1/org.mockito/mockito-junit-jupiter/5.14.2/3cfc377d4bb9fe729f3dd9098d9a9b27da58324a/mockito-junit-jupiter-5.14.2.jar:/Users/aousganeh/.gradle/caches/modules-2/files-2.1/org.junit.jupiter/junit-jupiter-params/5.11.4/e4c86fbe2a39c60c6b87260ef7f7e7c1a1906481/junit-jupiter-params-5.11.4.jar:/Users/aousganeh/.gradle/caches/modules-2/files-2.1/org.junit.jupiter/junit-jupiter-engine/5.11.4/dc10ec209623986a68ea07f67cdc7d2a65a60355/junit-jupiter-engine-5.11.4.jar:/Users/aousganeh/.gradle/caches/modules-2/files-2.1/org.junit.jupiter/junit-jupiter-api/5.11.4/308315b28e667db4091b2ba1f7aa220d1ddadb97/junit-jupiter-api-5.11.4.jar:/Users/aousganeh/.gradle/caches/modules-2/files-2.1/org.junit.platform/junit-platform-launcher/1.11.4/3d83c201899d8c5e74e1a5d628eab900342a0e48/junit-platform-launcher-1.11.4.jar:/Users/aousganeh/.gradle/caches/modules-2/files-2.1/org.junit.platform/junit-platform-engine/1.11.4/21f61b123ad6ac8f7e73971bff3a096c8d8e1cd0/junit-platform-engine-1.11.4.jar:/Users/aousganeh/.gradle/caches/modules-2/files-2.1/org.junit.platform/junit-platform-commons/1.11.4/8898eea3ed0da2641548d602c3e308804f166303/junit-platform-commons-1.11.4.jar:/Users/aousganeh/.gradle/caches/modules-2/files-2.1/org.junit.jupiter/junit-jupiter/5.11.4/a699f024a4a4706b36bddbeb42d499aff9e09379/junit-jupiter-5.11.4.jar:/Users/aousganeh/.gradle/caches/modules-2/files-2.1/org.mockito/mockito-core/5.14.2/f7bf936008d7664e2002c3faf0c02071c8d10e7c/mockito-core-5.14.2.jar:/Users/aousganeh/.gradle/caches/modules-2/files-2.1/org.skyscreamer/jsonassert/1.5.3/aaa43e0823d2a0e106e8754d6a9c4ab24e05e9bc/jsonassert-1.5.3.jar:/Users/aousganeh/.gradle/caches/modules-2/files-2.1/org.springframework/spring-test/6.2.1/60b7fe91a4ecb88b9ee0d6f228ad0b6a8ac78cb2/spring-test-6.2.1.jar:/Users/aousganeh/.gradle/caches/modules-2/files-2.1/org.springframework.data/spring-data-commons/3.4.1/3ae5f19bc2b1b30de85b0610ae25818c2e7c295a/spring-data-commons-3.4.1.jar:/Users/aousganeh/.gradle/caches/modules-2/files-2.1/org.springframework/spring-beans/6.2.1/ab57ec03ba6900075bf28e3cd70ccce173205b8d/spring-beans-6.2.1.jar:/Users/aousganeh/.gradle/caches/modules-2/files-2.1/org.springframework/spring-expression/6.2.1/91fcf6b9501705c31c8337e2713fe823bb512b24/spring-expression-6.2.1.jar:/Users/aousganeh/.gradle/caches/modules-2/files-2.1/org.springframework.cloud/spring-cloud-test-support/4.2.0/73088ff994b42d38a7ebb9b66e1d9c37a2ade6ce/spring-cloud-test-support-4.2.0.jar:/Users/aousganeh/.gradle/caches/modules-2/files-2.1/org.springframework.cloud/spring-cloud-contract-spec/4.2.0/feb87707433c629763dfffe90eff19c2552459e0/spring-cloud-contract-spec-4.2.0.jar:/Users/aousganeh/.gradle/caches/modules-2/files-2.1/org.springframework.cloud/spring-cloud-contract-spec-groovy/4.2.0/1925544e66ff99ff266cb24073b26c83229fc3c2/spring-cloud-contract-spec-groovy-4.2.0.jar:/Users/aousganeh/.gradle/caches/modules-2/files-2.1/org.springframework.cloud/spring-cloud-contract-spec-java/4.2.0/fd216b37b123cb9428feacd7e33654dc8f3c0926/spring-cloud-contract-spec-java-4.2.0.jar:/Users/aousganeh/.gradle/caches/modules-2/files-2.1/org.springframework/spring-core/6.2.1/f42e6b51d9c0c2fcf95df9e5848470d173adc9af/spring-core-6.2.1.jar:/Users/aousganeh/.gradle/caches/modules-2/files-2.1/org.xmlunit/xmlunit-core/2.10.0/1355088731b4ec2107ff7f319f0d7445d916bab/xmlunit-core-2.10.0.jar:/Users/aousganeh/.gradle/caches/modules-2/files-2.1/org.apache.maven.resolver/maven-resolver-connector-basic/1.9.22/574b1f6d76c2c1f7ff66ccc17ff2c94e0a53545/maven-resolver-connector-basic-1.9.22.jar:/Users/aousganeh/.gradle/caches/modules-2/files-2.1/org.apache.maven/maven-resolver-provider/3.9.9/ea361822cd25ae6c9153c594aef805e853031224/maven-resolver-provider-3.9.9.jar:/Users/aousganeh/.gradle/caches/modules-2/files-2.1/org.apache.maven.resolver/maven-resolver-impl/1.9.22/19b7a728c9000f8db615f64552d95fe74b413617/maven-resolver-impl-1.9.22.jar:/Users/aousganeh/.gradle/caches/modules-2/files-2.1/org.apache.maven.resolver/maven-resolver-transport-http/1.9.22/17ff0d97f8970124c97a9621524fb08a0503e90f/maven-resolver-transport-http-1.9.22.jar:/Users/aousganeh/.gradle/caches/modules-2/files-2.1/org.apache.maven.resolver/maven-resolver-spi/1.9.22/c3101acaa4ec053557028cf1917f1d22112b100d/maven-resolver-spi-1.9.22.jar:/Users/aousganeh/.gradle/caches/modules-2/files-2.1/org.apache.maven.resolver/maven-resolver-util/1.9.22/d5febed69ca2fe0dacffec95b6cb0760b0270fd1/maven-resolver-util-1.9.22.jar:/Users/aousganeh/.gradle/caches/modules-2/files-2.1/org.apache.maven.resolver/maven-resolver-api/1.9.22/756660687ea077b85be02b019d593ef2758e7db6/maven-resolver-api-1.9.22.jar:/Users/aousganeh/.gradle/caches/modules-2/files-2.1/org.apache.zookeeper/zookeeper/3.8.4/6638e37b887b5a279044afbdc9928e19f678eb2e/zookeeper-3.8.4.jar:/Users/aousganeh/.gradle/caches/modules-2/files-2.1/org.springframework.boot/spring-boot-starter-logging/3.4.1/5cd01e208b15113c7f88b3ea40e843ea9989f38a/spring-boot-starter-logging-3.4.1.jar:/Users/aousganeh/.gradle/caches/modules-2/files-2.1/jakarta.annotation/jakarta.annotation-api/2.1.1/48b9bda22b091b1f48b13af03fe36db3be6e1ae3/jakarta.annotation-api-2.1.1.jar:/Users/aousganeh/.gradle/caches/modules-2/files-2.1/org.yaml/snakeyaml/2.3/936b36210e27320f920536f695cf1af210c44586/snakeyaml-2.3.jar:/Users/aousganeh/.gradle/caches/modules-2/files-2.1/org.apache.tomcat.embed/tomcat-embed-websocket/10.1.34/eef6d430f34b6e393b8d9e40f10db9043732b4e5/tomcat-embed-websocket-10.1.34.jar:/Users/aousganeh/.gradle/caches/modules-2/files-2.1/org.apache.tomcat.embed/tomcat-embed-core/10.1.34/f610f84be607fbc82e393cc220f0ad45f92afc91/tomcat-embed-core-10.1.34.jar:/Users/aousganeh/.gradle/caches/modules-2/files-2.1/com.zaxxer/HikariCP/5.1.0/8c96e36c14461fc436bb02b264b96ef3ca5dca8c/HikariCP-5.1.0.jar:/Users/aousganeh/.gradle/caches/modules-2/files-2.1/jakarta.persistence/jakarta.persistence-api/3.1.0/66901fa1c373c6aff65c13791cc11da72060a8d6/jakarta.persistence-api-3.1.0.jar:/Users/aousganeh/.gradle/caches/modules-2/files-2.1/jakarta.transaction/jakarta.transaction-api/2.0.1/51a520e3fae406abb84e2e1148e6746ce3f80a1a/jakarta.transaction-api-2.0.1.jar:/Users/aousganeh/.gradle/caches/modules-2/files-2.1/org.jboss.logging/jboss-logging/3.6.1.Final/886afbb445b4016a37c8960a7aef6ebd769ce7e5/jboss-logging-3.6.1.Final.jar:/Users/aousganeh/.gradle/caches/modules-2/files-2.1/org.hibernate.common/hibernate-commons-annotations/7.0.3.Final/e183c4be8bb41d12e9f19b374e00c34a0a85f439/hibernate-commons-annotations-7.0.3.Final.jar:/Users/aousganeh/.gradle/caches/modules-2/files-2.1/io.smallrye/jandex/3.2.0/f17ad860f62a08487b9edabde608f8ac55c62fa7/jandex-3.2.0.jar:/Users/aousganeh/.gradle/caches/modules-2/files-2.1/com.fasterxml/classmate/1.7.0/e98374da1f2143ac8e6e0a95036994bb19137a3/classmate-1.7.0.jar:/Users/aousganeh/.gradle/caches/modules-2/files-2.1/net.bytebuddy/byte-buddy/1.15.11/f61886478e0f9ee4c21d09574736f0ff45e0a46c/byte-buddy-1.15.11.jar:/Users/aousganeh/.gradle/caches/modules-2/files-2.1/jakarta.inject/jakarta.inject-api/2.0.1/4c28afe1991a941d7702fe1362c365f0a8641d1e/jakarta.inject-api-2.0.1.jar:/Users/aousganeh/.gradle/caches/modules-2/files-2.1/org.antlr/antlr4-runtime/4.13.0/5a02e48521624faaf5ff4d99afc88b01686af655/antlr4-runtime-4.13.0.jar:/Users/aousganeh/.gradle/caches/modules-2/files-2.1/com.netflix.spectator/spectator-api/1.7.3/d7d62fc0559b4de07c99a8072896b4abb0c4124d/spectator-api-1.7.3.jar:/Users/aousganeh/.gradle/caches/modules-2/files-2.1/org.eclipse.jgit/org.eclipse.jgit.ssh.jsch/6.7.0.202309050840-r/f437425beaab4073554ade72a7f0c633312d249a/org.eclipse.jgit.ssh.jsch-6.7.0.202309050840-r.jar:/Users/aousganeh/.gradle/caches/modules-2/files-2.1/org.eclipse.jgit/org.eclipse.jgit/6.10.0.202406032230-r/e1166b8b313939890f29a5c611614b67e396b07e/org.eclipse.jgit-6.10.0.202406032230-r.jar:/Users/aousganeh/.gradle/caches/modules-2/files-2.1/ch.qos.logback/logback-classic/1.5.12/3790d1a62e868f7915776dfb392bd9a29ce8d954/logback-classic-1.5.12.jar:/Users/aousganeh/.gradle/caches/modules-2/files-2.1/com.yammer.metrics/metrics-core/2.2.0/f82c035cfa786d3cbec362c38c22a5f5b1bc8724/metrics-core-2.2.0.jar:/Users/aousganeh/.gradle/caches/modules-2/files-2.1/org.bitbucket.b_c/jose4j/0.9.4/7efe6ccf593e52a2b77f98de52238f15b4a67188/jose4j-0.9.4.jar:/Users/aousganeh/.gradle/caches/modules-2/files-2.1/com.typesafe.scala-logging/scala-logging_2.13/3.9.4/e5838ddcf8c1c2b612a7956b9f80423a508675db/scala-logging_2.13-3.9.4.jar:/Users/aousganeh/.gradle/caches/modules-2/files-2.1/io.dropwizard.metrics/metrics-core/4.1.12.1/cb2f351bf4463751201f43bb99865235d5ba07ca/metrics-core-4.1.12.1.jar:/Users/aousganeh/.gradle/caches/modules-2/files-2.1/org.apache.logging.log4j/log4j-to-slf4j/2.24.3/da1143e2a2531ee1c2d90baa98eb50a28a39d5a7/log4j-to-slf4j-2.24.3.jar:/Users/aousganeh/.gradle/caches/modules-2/files-2.1/org.slf4j/jul-to-slf4j/2.0.16/6d57da3e961daac65bcca0dd3def6cd11e48a24a/jul-to-slf4j-2.0.16.jar:/Users/aousganeh/.gradle/caches/modules-2/files-2.1/com.github.jknack/handlebars/4.3.1/95d9902e78faa2be20a40a75f33b6602b99ee246/handlebars-4.3.1.jar:/Users/aousganeh/.gradle/caches/modules-2/files-2.1/org.apache.maven.resolver/maven-resolver-named-locks/1.9.22/121433b079aad9be7ed266b19f2122eeb0e2d111/maven-resolver-named-locks-1.9.22.jar:/Users/aousganeh/.gradle/caches/modules-2/files-2.1/org.slf4j/slf4j-api/2.0.16/172931663a09a1fa515567af5fbef00897d3c04/slf4j-api-2.0.16.jar:/Users/aousganeh/.gradle/caches/modules-2/files-2.1/org.aspectj/aspectjweaver/1.9.22.1/bca243d0af0db4758fbae45c5f4995cb5dabb612/aspectjweaver-1.9.22.1.jar:/Users/aousganeh/.gradle/caches/modules-2/files-2.1/io.micrometer/micrometer-commons/1.14.2/69c454dbec59c7842cf59a534b7ec03618d75b91/micrometer-commons-1.14.2.jar:/Users/aousganeh/.gradle/caches/modules-2/files-2.1/org.hdrhistogram/HdrHistogram/2.2.2/7959933ebcc0f05b2eaa5af0a0c8689fa257b15c/HdrHistogram-2.2.2.jar:/Users/aousganeh/.gradle/caches/modules-2/files-2.1/org.latencyutils/LatencyUtils/2.0.3/769c0b82cb2421c8256300e907298a9410a2a3d3/LatencyUtils-2.0.3.jar:/Users/aousganeh/.gradle/caches/modules-2/files-2.1/io.prometheus/prometheus-metrics-exposition-textformats/1.3.5/c23b4fadcc2bb27a32a48f81fb8ac27b3f8cf192/prometheus-metrics-exposition-textformats-1.3.5.jar:/Users/aousganeh/.gradle/caches/modules-2/files-2.1/io.prometheus/prometheus-metrics-model/1.3.5/6a58b494b55eb3c0627cd00ac3957dc660fd4cf/prometheus-metrics-model-1.3.5.jar:/Users/aousganeh/.gradle/caches/modules-2/files-2.1/io.prometheus/prometheus-metrics-config/1.3.5/c25f5a3e02c8de54cf4c38b21147ca2994135af6/prometheus-metrics-config-1.3.5.jar:/Users/aousganeh/.gradle/caches/modules-2/files-2.1/org.springframework.cloud/spring-cloud-context/4.2.0/54e92bae20fad0c5851f1e5a5666129695a13004/spring-cloud-context-4.2.0.jar:/Users/aousganeh/.gradle/caches/modules-2/files-2.1/org.bouncycastle/bcprov-jdk18on/1.78.1/39e9e45359e20998eb79c1828751f94a818d25f8/bcprov-jdk18on-1.78.1.jar:/Users/aousganeh/.gradle/caches/modules-2/files-2.1/javax.annotation/javax.annotation-api/1.2/479c1e06db31c432330183f5cae684163f186146/javax.annotation-api-1.2.jar:/Users/aousganeh/.gradle/caches/modules-2/files-2.1/com.thoughtworks.xstream/xstream/1.4.20/e2315b8b2e95e9f21697833c8e56cdd9c98a5ee/xstream-1.4.20.jar:/Users/aousganeh/.gradle/caches/modules-2/files-2.1/jakarta.ws.rs/jakarta.ws.rs-api/3.1.0/15ce10d249a38865b58fc39521f10f29ab0e3363/jakarta.ws.rs-api-3.1.0.jar:/Users/aousganeh/.gradle/caches/modules-2/files-2.1/org.apache.httpcomponents/httpclient/4.5.14/1194890e6f56ec29177673f2f12d0b8e627dec98/httpclient-4.5.14.jar:/Users/aousganeh/.gradle/caches/modules-2/files-2.1/com.google.code.findbugs/jsr305/3.0.2/25ea2e8b0c338a877313bd4672d3fe056ea78f0d/jsr305-3.0.2.jar:/Users/aousganeh/.gradle/caches/modules-2/files-2.1/commons-configuration/commons-configuration/1.10/2b36e4adfb66d966c5aef2d73deb6be716389dc9/commons-configuration-1.10.jar:/Users/aousganeh/.gradle/caches/modules-2/files-2.1/org.codehaus.jettison/jettison/1.5.4/174ca56c411b05aec323d8f53e66709c0d28b337/jettison-1.5.4.jar:/Users/aousganeh/.gradle/caches/modules-2/files-2.1/com.stoyanr/evictor/1.0.0/d4615a8516dc28cb958e723f1a0902faa8732217/evictor-1.0.0.jar:/Users/aousganeh/.gradle/caches/modules-2/files-2.1/org.springframework.security/spring-security-crypto/6.4.2/a4d5bf27ca449200fc39e07de6ae016eb1ad21da/spring-security-crypto-6.4.2.jar:/Users/aousganeh/.gradle/caches/modules-2/files-2.1/org.apache.httpcomponents.core5/httpcore5-h2/5.3.1/760c34db3ba41b0ffa07e956bc308d3a12356915/httpcore5-h2-5.3.1.jar:/Users/aousganeh/.gradle/caches/modules-2/files-2.1/org.apache.httpcomponents.core5/httpcore5/5.3.1/eaf64237945d7d0f301d48420e8bdb7f565a7b0e/httpcore5-5.3.1.jar:/Users/aousganeh/.gradle/caches/modules-2/files-2.1/org.jspecify/jspecify/1.0.0/7425a601c1c7ec76645a78d22b8c6a627edee507/jspecify-1.0.0.jar:/Users/aousganeh/.gradle/caches/modules-2/files-2.1/io.netty/netty-handler/4.1.116.Final/eaef854ef33f3fd3d0ecf927690d8112c710bc05/netty-handler-4.1.116.Final.jar:/Users/aousganeh/.gradle/caches/modules-2/files-2.1/io.netty/netty-transport-native-epoll/4.1.116.Final/1c6021a777b96562078d38f62ab8bd7d87627d18/netty-transport-native-epoll-4.1.116.Final.jar:/Users/aousganeh/.gradle/caches/modules-2/files-2.1/io.netty/netty-transport-classes-epoll/4.1.116.Final/ce620832453892a92be73f672cd79a36f8c60235/netty-transport-classes-epoll-4.1.116.Final.jar:/Users/aousganeh/.gradle/caches/modules-2/files-2.1/io.netty/netty-transport-native-unix-common/4.1.116.Final/1f77d6d8e582ded200e0be1462afbc7563144e12/netty-transport-native-unix-common-4.1.116.Final.jar:/Users/aousganeh/.gradle/caches/modules-2/files-2.1/io.netty/netty-codec/4.1.116.Final/cbe928f601e51a0b5750342b6dad5d35fa12f745/netty-codec-4.1.116.Final.jar:/Users/aousganeh/.gradle/caches/modules-2/files-2.1/io.netty/netty-transport/4.1.116.Final/3fa60bbc84222a691bb0686a82308b8e180812b7/netty-transport-4.1.116.Final.jar:/Users/aousganeh/.gradle/caches/modules-2/files-2.1/io.netty/netty-resolver/4.1.116.Final/82fc6bbf59eae483712c8716b8d1f5112b1721a0/netty-resolver-4.1.116.Final.jar:/Users/aousganeh/.gradle/caches/modules-2/files-2.1/io.netty/netty-buffer/4.1.116.Final/77a86414b9c1e52622e467f1ef7ccb473996742a/netty-buffer-4.1.116.Final.jar:/Users/aousganeh/.gradle/caches/modules-2/files-2.1/io.netty/netty-common/4.1.116.Final/6871f95af2bc3a98fda34a580baf6cac8cbc2944/netty-common-4.1.116.Final.jar:/Users/aousganeh/.gradle/caches/modules-2/files-2.1/io.projectreactor.addons/reactor-extra/3.5.2/163f7babfc93f949738a440ea8cae5079cdb4aaa/reactor-extra-3.5.2.jar:/Users/aousganeh/.gradle/caches/modules-2/files-2.1/io.projectreactor/reactor-core/3.7.1/3391286019effb6c179ebbdd2159130dde543c3a/reactor-core-3.7.1.jar:/Users/aousganeh/.gradle/caches/modules-2/files-2.1/com.github.luben/zstd-jni/1.5.6-4/ba9e303e0b5e94cdd0017390d7d8c06f47fd61f7/zstd-jni-1.5.6-4.jar:/Users/aousganeh/.gradle/caches/modules-2/files-2.1/org.lz4/lz4-java/1.8.0/4b986a99445e49ea5fbf5d149c4b63f6ed6c6780/lz4-java-1.8.0.jar:/Users/aousganeh/.gradle/caches/modules-2/files-2.1/org.xerial.snappy/snappy-java/1.1.10.5/ac605269f3598506196e469f1fb0d7ed5c55059e/snappy-java-1.1.10.5.jar:/Users/aousganeh/.gradle/caches/modules-2/files-2.1/com.google.code.gson/gson/2.11.0/527175ca6d81050b53bdd4c457a6d6e017626b0e/gson-2.11.0.jar:/Users/aousganeh/.gradle/caches/modules-2/files-2.1/com.google.errorprone/error_prone_annotations/2.28.0/59fc00087ce372de42e394d2c789295dff2d19f0/error_prone_annotations-2.28.0.jar:/Users/aousganeh/.gradle/caches/modules-2/files-2.1/io.perfmark/perfmark-api/0.26.0/ef65452adaf20bf7d12ef55913aba24037b82738/perfmark-api-0.26.0.jar:/Users/aousganeh/.gradle/caches/modules-2/files-2.1/com.google.j2objc/j2objc-annotations/3.0.0/7399e65dd7e9ff3404f4535b2f017093bdb134c7/j2objc-annotations-3.0.0.jar:/Users/aousganeh/.gradle/caches/modules-2/files-2.1/org.eclipse.angus/angus-activation/2.0.2/41f1e0ddd157c856926ed149ab837d110955a9fc/angus-activation-2.0.2.jar:/Users/aousganeh/.gradle/caches/modules-2/files-2.1/jakarta.activation/jakarta.activation-api/2.1.3/fa165bd70cda600368eee31555222776a46b881f/jakarta.activation-api-2.1.3.jar:/Users/aousganeh/.gradle/caches/modules-2/files-2.1/net.minidev/accessors-smart/2.5.1/19b820261eb2e7de7d5bde11d1c06e4501dd7e5f/accessors-smart-2.5.1.jar:/Users/aousganeh/.gradle/caches/modules-2/files-2.1/net.bytebuddy/byte-buddy-agent/1.15.11/a38b16385e867f59a641330f0362ebe742788ed8/byte-buddy-agent-1.15.11.jar:/Users/aousganeh/.gradle/caches/modules-2/files-2.1/org.objenesis/objenesis/3.3/1049c09f1de4331e8193e579448d0916d75b7631/objenesis-3.3.jar:/Users/aousganeh/.gradle/caches/modules-2/files-2.1/com.vaadin.external.google/android-json/0.0.20131108.vaadin1/fa26d351fe62a6a17f5cda1287c1c6110dec413f/android-json-0.0.20131108.vaadin1.jar:/Users/aousganeh/.gradle/caches/modules-2/files-2.1/org.springframework/spring-jcl/6.2.1/a5d662d64470aff0ae51d210147bb6ede31a8ea3/spring-jcl-6.2.1.jar:/Users/aousganeh/.gradle/caches/modules-2/files-2.1/org.springframework.cloud/spring-cloud-contract-shade/4.2.0/f728235303376d88b04de43d892239828cd22443/spring-cloud-contract-shade-4.2.0.jar:/Users/aousganeh/.gradle/caches/modules-2/files-2.1/com.jcraft/jsch.agentproxy.sshagent/0.0.9/2ecca436463287682d16c3fa628bd7cca426cf6f/jsch.agentproxy.sshagent-0.0.9.jar:/Users/aousganeh/.gradle/caches/modules-2/files-2.1/com.jcraft/jsch.agentproxy.jsch/0.0.9/26f5c718216f1668f674816e580aa7c92f2660ad/jsch.agentproxy.jsch-0.0.9.jar:/Users/aousganeh/.gradle/caches/modules-2/files-2.1/com.jcraft/jsch.agentproxy.usocket-jna/0.0.9/100522438a57b4c0d15db112fc8a08d17f48080a/jsch.agentproxy.usocket-jna-0.0.9.jar:/Users/aousganeh/.gradle/caches/modules-2/files-2.1/com.github.tomakehurst/wiremock-jre8-standalone/2.35.1/8501e7492c5807077e4c2ddd40a0090c68258891/wiremock-jre8-standalone-2.35.1.jar:/Users/aousganeh/.gradle/caches/modules-2/files-2.1/org.eclipse.sisu/org.eclipse.sisu.plexus/0.3.0/3f53953a998d03b9b0f7d5098f63119e434af0ef/org.eclipse.sisu.plexus-0.3.0.jar:/Users/aousganeh/.gradle/caches/modules-2/files-2.1/org.codehaus.plexus/plexus-component-annotations/1.5.5/c72f2660d0cbed24246ddb55d7fdc4f7374d2078/plexus-component-annotations-1.5.5.jar:/Users/aousganeh/.gradle/caches/modules-2/files-2.1/org.codehaus.plexus/plexus-classworlds/2.5.2/4abb111bfdace5b8167db4c0ef74644f3f88f142/plexus-classworlds-2.5.2.jar:/Users/aousganeh/.gradle/caches/modules-2/files-2.1/org.apache.maven/maven-model-builder/3.9.9/6dcd87768eb615301aef0c2221dd168a2d36bc7b/maven-model-builder-3.9.9.jar:/Users/aousganeh/.gradle/caches/modules-2/files-2.1/org.apache.maven/maven-model/3.9.9/585bff8f220ddc1c08c5263b7dee26c49fc7df94/maven-model-3.9.9.jar:/Users/aousganeh/.gradle/caches/modules-2/files-2.1/org.apache.maven/maven-repository-metadata/3.9.9/33a43f0af3371225d1dcaaa20a824df59c692172/maven-repository-metadata-3.9.9.jar:/Users/aousganeh/.gradle/caches/modules-2/files-2.1/org.apache.maven/maven-artifact/3.9.9/a130ec431ef32e12a4424f9b074735bb58e15d2d/maven-artifact-3.9.9.jar:/Users/aousganeh/.gradle/caches/modules-2/files-2.1/org.codehaus.plexus/plexus-utils/3.5.1/c6bfb17c97ecc8863e88778ea301be742c62b06d/plexus-utils-3.5.1.jar:/Users/aousganeh/.gradle/caches/modules-2/files-2.1/org.apache.zookeeper/zookeeper-jute/3.8.4/de7b8a41bbe1ccdfc009de51fa6d160db3ca8025/zookeeper-jute-3.8.4.jar:/Users/aousganeh/.gradle/caches/modules-2/files-2.1/org.apache.yetus/audience-annotations/0.12.0/e0efa60318229590103e31c69ebdaae56d903644/audience-annotations-0.12.0.jar:/Users/aousganeh/.gradle/caches/modules-2/files-2.1/ch.qos.logback/logback-core/1.5.12/65b1fa25fe8d8e4bdc140e79eb67ac6741f775e2/logback-core-1.5.12.jar:/Users/aousganeh/.gradle/caches/modules-2/files-2.1/commons-fileupload/commons-fileupload/1.5/ad4ad2ab2961b4e1891472bd1a33fabefb0385f3/commons-fileupload-1.5.jar:/Users/aousganeh/.gradle/caches/modules-2/files-2.1/commons-io/commons-io/2.14.0/a4c6e1f6c196339473cd2e1b037f0eb97c62755b/commons-io-2.14.0.jar:/Users/aousganeh/.gradle/caches/modules-2/files-2.1/org.apache.kafka/kafka-transaction-coordinator/3.8.1/3c2676a95a416f3d5a59a498c4553914be1d332d/kafka-transaction-coordinator-3.8.1.jar:/Users/aousganeh/.gradle/caches/modules-2/files-2.1/net.sf.jopt-simple/jopt-simple/5.0.4/4fdac2fbe92dfad86aa6e9301736f6b4342a3f5c/jopt-simple-5.0.4.jar:/Users/aousganeh/.gradle/caches/modules-2/files-2.1/org.pcollections/pcollections/4.0.1/59f3bf5fb28c5f5386804dcf129267416b75d7c/pcollections-4.0.1.jar:/Users/aousganeh/.gradle/caches/modules-2/files-2.1/net.sourceforge.argparse4j/argparse4j/0.7.0/6f0621d0c3888de39e0f06d01f37ba53a798e657/argparse4j-0.7.0.jar:/Users/aousganeh/.gradle/caches/modules-2/files-2.1/commons-validator/commons-validator/1.7/76069c915de3787f3ddd8726a56f47a95bfcbb0e/commons-validator-1.7.jar:/Users/aousganeh/.gradle/caches/modules-2/files-2.1/org.scala-lang.modules/scala-collection-compat_2.13/2.10.0/2464528d14329ff2b44bceff918d6c00300adcf4/scala-collection-compat_2.13-2.10.0.jar:/Users/aousganeh/.gradle/caches/modules-2/files-2.1/org.scala-lang.modules/scala-java8-compat_2.13/1.0.2/5b54f60ccf03e41e24c466462a72475ee918c304/scala-java8-compat_2.13-1.0.2.jar:/Users/aousganeh/.gradle/caches/modules-2/files-2.1/org.scala-lang/scala-reflect/2.13.14/8e275fefb2a01e178db2cdfebb2181062a790b82/scala-reflect-2.13.14.jar:/Users/aousganeh/.gradle/caches/modules-2/files-2.1/commons-cli/commons-cli/1.4/c51c00206bb913cd8612b24abd9fa98ae89719b1/commons-cli-1.4.jar:/Users/aousganeh/.gradle/caches/modules-2/files-2.1/org.scala-lang/scala-library/2.13.15/ed6f1d58968b16c5f9067d5cac032d952552de58/scala-library-2.13.15.jar:/Users/aousganeh/.gradle/caches/modules-2/files-2.1/org.opentest4j/opentest4j/1.3.0/152ea56b3a72f655d4fd677fc0ef2596c3dd5e6e/opentest4j-1.3.0.jar:/Users/aousganeh/.gradle/caches/modules-2/files-2.1/org.apache.commons/commons-math/2.2/4877b85d388275f994a5cfc7eceb73a8045d3006/commons-math-2.2.jar:/Users/aousganeh/.gradle/caches/modules-2/files-2.1/io.github.x-stream/mxparser/1.2.2/476fb3b3bb3716cad797cd054ce45f89445794e9/mxparser-1.2.2.jar:/Users/aousganeh/.gradle/caches/modules-2/files-2.1/org.apache.httpcomponents/httpcore/4.4.16/51cf043c87253c9f58b539c9f7e44c8894223850/httpcore-4.4.16.jar:/Users/aousganeh/.gradle/caches/modules-2/files-2.1/commons-beanutils/commons-beanutils/1.9.4/d52b9abcd97f38c81342bb7e7ae1eee9b73cba51/commons-beanutils-1.9.4.jar:/Users/aousganeh/.gradle/caches/modules-2/files-2.1/commons-logging/commons-logging/1.2/4bfc12adfe4842bf07b657f0369c4cb522955686/commons-logging-1.2.jar:/Users/aousganeh/.gradle/caches/modules-2/files-2.1/commons-codec/commons-codec/1.17.1/973638b7149d333563584137ebf13a691bb60579/commons-codec-1.17.1.jar:/Users/aousganeh/.gradle/caches/modules-2/files-2.1/commons-lang/commons-lang/2.6/ce1edb914c94ebc388f086c6827e8bdeec71ac2/commons-lang-2.6.jar:/Users/aousganeh/.gradle/caches/modules-2/files-2.1/org.reactivestreams/reactive-streams/1.0.4/3864a1320d97d7b045f729a326e1e077661f31b7/reactive-streams-1.0.4.jar:/Users/aousganeh/.gradle/caches/modules-2/files-2.1/com.google.android/annotations/4.1.1.4/a1678ba907bf92691d879fef34e1a187038f9259/annotations-4.1.1.4.jar:/Users/aousganeh/.gradle/caches/modules-2/files-2.1/org.codehaus.mojo/animal-sniffer-annotations/1.23/3c0daebd5f0e1ce72cc50c818321ac957aeb5d70/animal-sniffer-annotations-1.23.jar:/Users/aousganeh/.gradle/caches/modules-2/files-2.1/com.google.guava/failureaccess/1.0.2/c4a06a64e650562f30b7bf9aaec1bfed43aca12b/failureaccess-1.0.2.jar:/Users/aousganeh/.gradle/caches/modules-2/files-2.1/com.google.guava/listenablefuture/9999.0-empty-to-avoid-conflict-with-guava/b421526c5f297295adef1c886e5246c39d4ac629/listenablefuture-9999.0-empty-to-avoid-conflict-with-guava.jar:/Users/aousganeh/.gradle/caches/modules-2/files-2.1/org.ow2.asm/asm/9.6/aa205cf0a06dbd8e04ece91c0b37c3f5d567546a/asm-9.6.jar:/Users/aousganeh/.gradle/caches/modules-2/files-2.1/org.apache.commons/commons-text/1.11.0/2bb044b7717ec2eccaf9ea7769c1509054b50e9a/commons-text-1.11.0.jar:/Users/aousganeh/.gradle/caches/modules-2/files-2.1/javax.enterprise/cdi-api/1.0/44c453f60909dfc223552ace63e05c694215156b/cdi-api-1.0.jar:/Users/aousganeh/.gradle/caches/modules-2/files-2.1/javax.inject/javax.inject/1/6975da39a7040257bd51d21a231b76c915872d38/javax.inject-1.jar:/Users/aousganeh/.gradle/caches/modules-2/files-2.1/com.rackspace.eclipse.webtools.sourceediting/org.eclipse.wst.xml.xpath2.processor/2.1.100/e3a9a2dcbb256530c68ab66e10f41f882c3df086/org.eclipse.wst.xml.xpath2.processor-2.1.100.jar:/Users/aousganeh/.gradle/caches/modules-2/files-2.1/org.apache.groovy/groovy-json/4.0.24/a735e5b44d96e17d1c370625a493e6a8a7e11be8/groovy-json-4.0.24.jar:/Users/aousganeh/.gradle/caches/modules-2/files-2.1/org.apache.groovy/groovy-xml/4.0.24/f7e9f181f9c465b4f33eb2e8b1dd2c5100c14d09/groovy-xml-4.0.24.jar:/Users/aousganeh/.gradle/caches/modules-2/files-2.1/org.apache.groovy/groovy-nio/4.0.24/fa4f6bec68c45dcb874cdb008a2d4cb06e079a84/groovy-nio-4.0.24.jar:/Users/aousganeh/.gradle/caches/modules-2/files-2.1/org.apache.groovy/groovy/4.0.24/1ebfbe13ba203625f53bab37a895954b2c160508/groovy-4.0.24.jar:/Users/aousganeh/.gradle/caches/modules-2/files-2.1/com.googlecode.javaewah/JavaEWAH/1.2.3/13a27c856e0c8808cee9a64032c58eee11c3adc9/JavaEWAH-1.2.3.jar:/Users/aousganeh/.gradle/caches/modules-2/files-2.1/com.jcraft/jsch/0.1.55/bbd40e5aa7aa3cfad5db34965456cee738a42a50/jsch-0.1.55.jar:/Users/aousganeh/.gradle/caches/modules-2/files-2.1/com.jcraft/jzlib/1.1.3/c01428efa717624f7aabf4df319939dda9646b2d/jzlib-1.1.3.jar:/Users/aousganeh/.gradle/caches/modules-2/files-2.1/com.jcraft/jsch.agentproxy.core/0.0.9/1af3741c3a83a71e29b8aa7637979791e50e538b/jsch.agentproxy.core-0.0.9.jar:/Users/aousganeh/.gradle/caches/modules-2/files-2.1/net.java.dev.jna/jna-platform/4.1.0/23457ad1cf75c2c16763330de5565a0e67b4bc0a/jna-platform-4.1.0.jar:/Users/aousganeh/.gradle/caches/modules-2/files-2.1/net.java.dev.jna/jna/4.1.0/1c12d070e602efd8021891cdd7fd18bc129372d4/jna-4.1.0.jar:/Users/aousganeh/.gradle/caches/modules-2/files-2.1/org.eclipse.sisu/org.eclipse.sisu.inject/0.9.0.M3/3665002ba4d16dfa779ef658a63d0608c4bd898b/org.eclipse.sisu.inject-0.9.0.M3.jar:/Users/aousganeh/.gradle/caches/modules-2/files-2.1/org.rocksdb/rocksdbjni/7.9.2/6409b667493149191b09fe1fce94bada6096a3e9/rocksdbjni-7.9.2.jar:/Users/aousganeh/.gradle/caches/modules-2/files-2.1/commons-digester/commons-digester/2.1/73a8001e7a54a255eef0f03521ec1805dc738ca0/commons-digester-2.1.jar:/Users/aousganeh/.gradle/caches/modules-2/files-2.1/commons-collections/commons-collections/3.2.2/8ad72fe39fa8c91eaaf12aadb21e0c3661fe26d5/commons-collections-3.2.2.jar:/Users/aousganeh/.gradle/caches/modules-2/files-2.1/com.thoughtworks.paranamer/paranamer/2.8/619eba74c19ccf1da8ebec97a2d7f8ba05773dd6/paranamer-2.8.jar:/Users/aousganeh/.gradle/caches/modules-2/files-2.1/org.apache.logging.log4j/log4j-api/2.24.3/b02c125db8b6d295adf72ae6e71af5d83bce2370/log4j-api-2.24.3.jar:/Users/aousganeh/.gradle/caches/modules-2/files-2.1/org.glassfish.jaxb/txw2/4.0.5/f36a4ef12120a9bb06d766d6a0e54b144fd7ed98/txw2-4.0.5.jar:/Users/aousganeh/.gradle/caches/modules-2/files-2.1/com.sun.istack/istack-commons-runtime/4.1.2/18ec117c85f3ba0ac65409136afa8e42bc74e739/istack-commons-runtime-4.1.2.jar:/Users/aousganeh/.gradle/caches/modules-2/files-2.1/commons-jxpath/commons-jxpath/1.3/c22d7d0f0f40eb7059a23cfa61773a416768b137/commons-jxpath-1.3.jar:/Users/aousganeh/.gradle/caches/modules-2/files-2.1/joda-time/joda-time/2.3/56498efd17752898cfcc3868c1b6211a07b12b8f/joda-time-2.3.jar:/Users/aousganeh/.gradle/caches/modules-2/files-2.1/org.antlr/antlr-runtime/3.4/8f011408269a8e42b8548687e137d8eeb56df4b4/antlr-runtime-3.4.jar:/Users/aousganeh/.gradle/caches/modules-2/files-2.1/xmlpull/xmlpull/1.1.3.1/2b8e230d2ab644e4ecaa94db7cdedbc40c805dfa/xmlpull-1.1.3.1.jar:/Users/aousganeh/.gradle/caches/modules-2/files-2.1/org.apache.commons/commons-lang3/3.17.0/b17d2136f0460dcc0d2016ceefca8723bdf4ee70/commons-lang3-3.17.0.jar:/Users/aousganeh/.gradle/caches/modules-2/files-2.1/io.swagger.core.v3/swagger-annotations-jakarta/2.2.25/6d8682e3c878769b2658397dacbd2474602487dc/swagger-annotations-jakarta-2.2.25.jar:/Users/aousganeh/.gradle/caches/modules-2/files-2.1/edu.princeton.cup/java-cup/10k/88eadc5347b2a22c9c87a04687f0aabaeac01c0b/java-cup-10k.jar:/Users/aousganeh/.gradle/caches/modules-2/files-2.1/com.ibm.icu/icu4j/4.6/935544e98e498d95ed0f41ca1eef946780f2dbc0/icu4j-4.6.jar:/Users/aousganeh/.gradle/caches/modules-2/files-2.1/dk.brics/automaton/1.12-4/664a98c97a976d210ff70b34e10f3947bfb8675b/automaton-1.12-4.jar:/Users/aousganeh/.gradle/caches/modules-2/files-2.1/javax.annotation/jsr250-api/1.0/5025422767732a1ab45d93abfea846513d742dcf/jsr250-api-1.0.jar:/Users/aousganeh/.gradle/caches/modules-2/files-2.1/org.antlr/stringtemplate/3.2.1/59ec8083721eae215c6f3caee944c410d2be34de/stringtemplate-3.2.1.jar:/Users/aousganeh/.gradle/caches/modules-2/files-2.1/antlr/antlr/2.7.7/83cd2cd674a217ade95a4bb83a8a14f351f48bd0/antlr-2.7.7.jar:/Users/aousganeh/.gradle/caches/modules-2/files-2.1/org.codehaus.plexus/plexus-interpolation/1.27/8dc73f4ff5eafcbb7ec035ba54736e828b272533/plexus-interpolation-1.27.jar:/Users/aousganeh/.gradle/caches/modules-2/files-2.1/org.apache.maven/maven-builder-support/3.9.9/812c13c808e42c54d3f4abdaab603e5262bf8ab8/maven-builder-support-3.9.9.jar
    2026-02-10T16:10:24.080+04:00  INFO 31749 --- [user-service] [    Test worker] org.apache.zookeeper.ZooKeeper           : Client environment:java.library.path=/Users/aousganeh/Library/Java/Extensions:/Library/Java/Extensions:/Network/Library/Java/Extensions:/System/Library/Java/Extensions:/usr/lib/java:.
    2026-02-10T16:10:24.080+04:00  INFO 31749 --- [user-service] [    Test worker] org.apache.zookeeper.ZooKeeper           : Client environment:java.io.tmpdir=/var/folders/k1/78rzycwj1_s_46qs6rgvhsxm0000gn/T/
    2026-02-10T16:10:24.080+04:00  INFO 31749 --- [user-service] [    Test worker] org.apache.zookeeper.ZooKeeper           : Client environment:java.compiler=<NA>
    2026-02-10T16:10:24.080+04:00  INFO 31749 --- [user-service] [    Test worker] org.apache.zookeeper.ZooKeeper           : Client environment:os.name=Mac OS X
    2026-02-10T16:10:24.080+04:00  INFO 31749 --- [user-service] [    Test worker] org.apache.zookeeper.ZooKeeper           : Client environment:os.arch=aarch64
    2026-02-10T16:10:24.080+04:00  INFO 31749 --- [user-service] [    Test worker] org.apache.zookeeper.ZooKeeper           : Client environment:os.version=26.2
    2026-02-10T16:10:24.080+04:00  INFO 31749 --- [user-service] [    Test worker] org.apache.zookeeper.ZooKeeper           : Client environment:user.name=aousganeh
    2026-02-10T16:10:24.080+04:00  INFO 31749 --- [user-service] [    Test worker] org.apache.zookeeper.ZooKeeper           : Client environment:user.home=/Users/aousganeh
    2026-02-10T16:10:24.081+04:00  INFO 31749 --- [user-service] [    Test worker] org.apache.zookeeper.ZooKeeper           : Client environment:user.dir=/Users/aousganeh/Desktop/fix/code/user-service
    2026-02-10T16:10:24.081+04:00  INFO 31749 --- [user-service] [    Test worker] org.apache.zookeeper.ZooKeeper           : Client environment:os.memory.free=72MB
    2026-02-10T16:10:24.081+04:00  INFO 31749 --- [user-service] [    Test worker] org.apache.zookeeper.ZooKeeper           : Client environment:os.memory.max=512MB
    2026-02-10T16:10:24.081+04:00  INFO 31749 --- [user-service] [    Test worker] org.apache.zookeeper.ZooKeeper           : Client environment:os.memory.total=110MB
    2026-02-10T16:10:24.081+04:00  INFO 31749 --- [user-service] [    Test worker] org.apache.zookeeper.ZooKeeper           : Initiating client connection, connectString=127.0.0.1:51401 sessionTimeout=18000 watcher=kafka.zookeeper.ZooKeeperClient$ZooKeeperClientWatcher$@20ab76ee
    2026-02-10T16:10:24.082+04:00  INFO 31749 --- [user-service] [    Test worker] org.apache.zookeeper.ClientCnxnSocket    : jute.maxbuffer value is 4194304 Bytes
    2026-02-10T16:10:24.084+04:00  INFO 31749 --- [user-service] [    Test worker] org.apache.zookeeper.ClientCnxn          : zookeeper.request.timeout value is 0. feature enabled=false
    2026-02-10T16:10:24.084+04:00  INFO 31749 --- [user-service] [27.0.0.1:51401)] org.apache.zookeeper.ClientCnxn          : Opening socket connection to server /127.0.0.1:51401.
    2026-02-10T16:10:24.084+04:00  INFO 31749 --- [user-service] [    Test worker] kafka.zookeeper.ZooKeeperClient          : [ZooKeeperClient Kafka server] Waiting until connected.
    2026-02-10T16:10:24.085+04:00  INFO 31749 --- [user-service] [27.0.0.1:51401)] org.apache.zookeeper.ClientCnxn          : Socket connection established, initiating session, client: /127.0.0.1:51402, server: /127.0.0.1:51401
    2026-02-10T16:10:24.087+04:00  INFO 31749 --- [user-service] [   SyncThread:0] o.a.z.server.persistence.FileTxnLog      : Creating new log file: log.1
    2026-02-10T16:10:24.089+04:00  INFO 31749 --- [user-service] [   SyncThread:0] o.a.zookeeper.audit.ZKAuditProvider      : ZooKeeper audit is disabled.
    2026-02-10T16:10:24.090+04:00  INFO 31749 --- [user-service] [27.0.0.1:51401)] org.apache.zookeeper.ClientCnxn          : Session establishment complete on server /127.0.0.1:51401, session id = 0x10000a0f4060000, negotiated timeout = 16000
    2026-02-10T16:10:24.090+04:00  INFO 31749 --- [user-service] [    Test worker] kafka.zookeeper.ZooKeeperClient          : [ZooKeeperClient Kafka server] Connected.
    2026-02-10T16:10:24.128+04:00  INFO 31749 --- [user-service] [    Test worker] kafka.server.KafkaServer                 : Cluster ID = f6YBMLpbR3ukj__uVoEiZQ
    2026-02-10T16:10:24.130+04:00  INFO 31749 --- [user-service] [    Test worker] o.a.k.s.l.r.s.RemoteLogManagerConfig     : RemoteLogManagerConfig values: 
    	log.local.retention.bytes = -2
    	log.local.retention.ms = -2
    	remote.fetch.max.wait.ms = 500
    	remote.log.index.file.cache.total.size.bytes = 1073741824
    	remote.log.manager.copier.thread.pool.size = 10
    	remote.log.manager.copy.max.bytes.per.second = 9223372036854775807
    	remote.log.manager.copy.quota.window.num = 11
    	remote.log.manager.copy.quota.window.size.seconds = 1
    	remote.log.manager.expiration.thread.pool.size = 10
    	remote.log.manager.fetch.max.bytes.per.second = 9223372036854775807
    	remote.log.manager.fetch.quota.window.num = 11
    	remote.log.manager.fetch.quota.window.size.seconds = 1
    	remote.log.manager.task.interval.ms = 30000
    	remote.log.manager.task.retry.backoff.max.ms = 30000
    	remote.log.manager.task.retry.backoff.ms = 500
    	remote.log.manager.task.retry.jitter = 0.2
    	remote.log.manager.thread.pool.size = 10
    	remote.log.metadata.custom.metadata.max.bytes = 128
    	remote.log.metadata.manager.class.name = org.apache.kafka.server.log.remote.metadata.storage.TopicBasedRemoteLogMetadataManager
    	remote.log.metadata.manager.class.path = null
    	remote.log.metadata.manager.impl.prefix = rlmm.config.
    	remote.log.metadata.manager.listener.name = null
    	remote.log.reader.max.pending.tasks = 100
    	remote.log.reader.threads = 10
    	remote.log.storage.manager.class.name = null
    	remote.log.storage.manager.class.path = null
    	remote.log.storage.manager.impl.prefix = rsm.config.
    	remote.log.storage.system.enable = false

    2026-02-10T16:10:24.140+04:00  INFO 31749 --- [user-service] [    Test worker] o.a.k.s.l.r.s.RemoteLogManagerConfig     : RemoteLogManagerConfig values: 
    	log.local.retention.bytes = -2
    	log.local.retention.ms = -2
    	remote.fetch.max.wait.ms = 500
    	remote.log.index.file.cache.total.size.bytes = 1073741824
    	remote.log.manager.copier.thread.pool.size = 10
    	remote.log.manager.copy.max.bytes.per.second = 9223372036854775807
    	remote.log.manager.copy.quota.window.num = 11
    	remote.log.manager.copy.quota.window.size.seconds = 1
    	remote.log.manager.expiration.thread.pool.size = 10
    	remote.log.manager.fetch.max.bytes.per.second = 9223372036854775807
    	remote.log.manager.fetch.quota.window.num = 11
    	remote.log.manager.fetch.quota.window.size.seconds = 1
    	remote.log.manager.task.interval.ms = 30000
    	remote.log.manager.task.retry.backoff.max.ms = 30000
    	remote.log.manager.task.retry.backoff.ms = 500
    	remote.log.manager.task.retry.jitter = 0.2
    	remote.log.manager.thread.pool.size = 10
    	remote.log.metadata.custom.metadata.max.bytes = 128
    	remote.log.metadata.manager.class.name = org.apache.kafka.server.log.remote.metadata.storage.TopicBasedRemoteLogMetadataManager
    	remote.log.metadata.manager.class.path = null
    	remote.log.metadata.manager.impl.prefix = rlmm.config.
    	remote.log.metadata.manager.listener.name = null
    	remote.log.reader.max.pending.tasks = 100
    	remote.log.reader.threads = 10
    	remote.log.storage.manager.class.name = null
    	remote.log.storage.manager.class.path = null
    	remote.log.storage.manager.impl.prefix = rsm.config.
    	remote.log.storage.system.enable = false

    2026-02-10T16:10:24.143+04:00  INFO 31749 --- [user-service] [    Test worker] kafka.server.KafkaConfig                 : KafkaConfig values: 
    	advertised.listeners = null
    	alter.config.policy.class.name = null
    	alter.log.dirs.replication.quota.window.num = 11
    	alter.log.dirs.replication.quota.window.size.seconds = 1
    	authorizer.class.name = 
    	auto.create.topics.enable = true
    	auto.include.jmx.reporter = true
    	auto.leader.rebalance.enable = true
    	background.threads = 2
    	broker.heartbeat.interval.ms = 2000
    	broker.id = 0
    	broker.id.generation.enable = true
    	broker.rack = null
    	broker.session.timeout.ms = 9000
    	client.quota.callback.class = null
    	compression.gzip.level = -1
    	compression.lz4.level = 9
    	compression.type = producer
    	compression.zstd.level = 3
    	connection.failed.authentication.delay.ms = 100
    	connections.max.idle.ms = 600000
    	connections.max.reauth.ms = 0
    	control.plane.listener.name = null
    	controlled.shutdown.enable = false
    	controlled.shutdown.max.retries = 3
    	controlled.shutdown.retry.backoff.ms = 100
    	controller.listener.names = null
    	controller.quorum.append.linger.ms = 25
    	controller.quorum.bootstrap.servers = []
    	controller.quorum.election.backoff.max.ms = 1000
    	controller.quorum.election.timeout.ms = 1000
    	controller.quorum.fetch.timeout.ms = 2000
    	controller.quorum.request.timeout.ms = 2000
    	controller.quorum.retry.backoff.ms = 20
    	controller.quorum.voters = []
    	controller.quota.window.num = 11
    	controller.quota.window.size.seconds = 1
    	controller.socket.timeout.ms = 1000
    	create.topic.policy.class.name = null
    	default.replication.factor = 1
    	delegation.token.expiry.check.interval.ms = 3600000
    	delegation.token.expiry.time.ms = 86400000
    	delegation.token.master.key = null
    	delegation.token.max.lifetime.ms = 604800000
    	delegation.token.secret.key = null
    	delete.records.purgatory.purge.interval.requests = 1
    	delete.topic.enable = true
    	early.start.listeners = null
    	eligible.leader.replicas.enable = false
    	fetch.max.bytes = 57671680
    	fetch.purgatory.purge.interval.requests = 1000
    	group.consumer.assignors = [org.apache.kafka.coordinator.group.assignor.UniformAssignor, org.apache.kafka.coordinator.group.assignor.RangeAssignor]
    	group.consumer.heartbeat.interval.ms = 5000
    	group.consumer.max.heartbeat.interval.ms = 15000
    	group.consumer.max.session.timeout.ms = 60000
    	group.consumer.max.size = 2147483647
    	group.consumer.migration.policy = disabled
    	group.consumer.min.heartbeat.interval.ms = 5000
    	group.consumer.min.session.timeout.ms = 45000
    	group.consumer.session.timeout.ms = 45000
    	group.coordinator.append.linger.ms = 10
    	group.coordinator.new.enable = false
    	group.coordinator.rebalance.protocols = [classic]
    	group.coordinator.threads = 1
    	group.initial.rebalance.delay.ms = 0
    	group.max.session.timeout.ms = 1800000
    	group.max.size = 2147483647
    	group.min.session.timeout.ms = 6000
    	initial.broker.registration.timeout.ms = 60000
    	inter.broker.listener.name = null
    	inter.broker.protocol.version = 3.8-IV0
    	kafka.metrics.polling.interval.secs = 10
    	kafka.metrics.reporters = []
    	leader.imbalance.check.interval.seconds = 300
    	leader.imbalance.per.broker.percentage = 10
    	listener.security.protocol.map = SASL_SSL:SASL_SSL,PLAINTEXT:PLAINTEXT,SSL:SSL,SASL_PLAINTEXT:SASL_PLAINTEXT
    	listeners = PLAINTEXT://localhost:0
    	log.cleaner.backoff.ms = 15000
    	log.cleaner.dedupe.buffer.size = 2097152
    	log.cleaner.delete.retention.ms = 86400000
    	log.cleaner.enable = true
    	log.cleaner.io.buffer.load.factor = 0.9
    	log.cleaner.io.buffer.size = 524288
    	log.cleaner.io.max.bytes.per.second = 1.7976931348623157E308
    	log.cleaner.max.compaction.lag.ms = 9223372036854775807
    	log.cleaner.min.cleanable.ratio = 0.5
    	log.cleaner.min.compaction.lag.ms = 0
    	log.cleaner.threads = 1
    	log.cleanup.policy = [delete]
    	log.dir = /var/folders/k1/78rzycwj1_s_46qs6rgvhsxm0000gn/T/spring.kafka.807efe50-c640-43f3-8636-d9be241674944976846520719880930
    	log.dir.failure.timeout.ms = 30000
    	log.dirs = null
    	log.flush.interval.messages = 9223372036854775807
    	log.flush.interval.ms = null
    	log.flush.offset.checkpoint.interval.ms = 60000
    	log.flush.scheduler.interval.ms = 9223372036854775807
    	log.flush.start.offset.checkpoint.interval.ms = 60000
    	log.index.interval.bytes = 4096
    	log.index.size.max.bytes = 10485760
    	log.initial.task.delay.ms = 30000
    	log.local.retention.bytes = -2
    	log.local.retention.ms = -2
    	log.message.downconversion.enable = true
    	log.message.format.version = 3.0-IV1
    	log.message.timestamp.after.max.ms = 9223372036854775807
    	log.message.timestamp.before.max.ms = 9223372036854775807
    	log.message.timestamp.difference.max.ms = 9223372036854775807
    	log.message.timestamp.type = CreateTime
    	log.preallocate = false
    	log.retention.bytes = -1
    	log.retention.check.interval.ms = 300000
    	log.retention.hours = 168
    	log.retention.minutes = null
    	log.retention.ms = null
    	log.roll.hours = 168
    	log.roll.jitter.hours = 0
    	log.roll.jitter.ms = null
    	log.roll.ms = null
    	log.segment.bytes = 1073741824
    	log.segment.delete.delay.ms = 1000
    	max.connection.creation.rate = 2147483647
    	max.connections = 2147483647
    	max.connections.per.ip = 2147483647
    	max.connections.per.ip.overrides = 
    	max.incremental.fetch.session.cache.slots = 1000
    	max.request.partition.size.limit = 2000
    	message.max.bytes = 1048588
    	metadata.log.dir = null
    	metadata.log.max.record.bytes.between.snapshots = 20971520
    	metadata.log.max.snapshot.interval.ms = 3600000
    	metadata.log.segment.bytes = 1073741824
    	metadata.log.segment.min.bytes = 8388608
    	metadata.log.segment.ms = 604800000
    	metadata.max.idle.interval.ms = 500
    	metadata.max.retention.bytes = 104857600
    	metadata.max.retention.ms = 604800000
    	metric.reporters = []
    	metrics.num.samples = 2
    	metrics.recording.level = INFO
    	metrics.sample.window.ms = 30000
    	min.insync.replicas = 1
    	node.id = 0
    	num.io.threads = 8
    	num.network.threads = 2
    	num.partitions = 1
    	num.recovery.threads.per.data.dir = 1
    	num.replica.alter.log.dirs.threads = null
    	num.replica.fetchers = 1
    	offset.metadata.max.bytes = 4096
    	offsets.commit.required.acks = -1
    	offsets.commit.timeout.ms = 5000
    	offsets.load.buffer.size = 5242880
    	offsets.retention.check.interval.ms = 600000
    	offsets.retention.minutes = 10080
    	offsets.topic.compression.codec = 0
    	offsets.topic.num.partitions = 5
    	offsets.topic.replication.factor = 1
    	offsets.topic.segment.bytes = 104857600
    	password.encoder.cipher.algorithm = AES/CBC/PKCS5Padding
    	password.encoder.iterations = 4096
    	password.encoder.key.length = 128
    	password.encoder.keyfactory.algorithm = null
    	password.encoder.old.secret = null
    	password.encoder.secret = null
    	principal.builder.class = class org.apache.kafka.common.security.authenticator.DefaultKafkaPrincipalBuilder
    	process.roles = []
    	producer.id.expiration.check.interval.ms = 600000
    	producer.id.expiration.ms = 86400000
    	producer.purgatory.purge.interval.requests = 1000
    	queued.max.request.bytes = -1
    	queued.max.requests = 500
    	quota.window.num = 11
    	quota.window.size.seconds = 1
    	remote.fetch.max.wait.ms = 500
    	remote.log.index.file.cache.total.size.bytes = 1073741824
    	remote.log.manager.copier.thread.pool.size = 10
    	remote.log.manager.copy.max.bytes.per.second = 9223372036854775807
    	remote.log.manager.copy.quota.window.num = 11
    	remote.log.manager.copy.quota.window.size.seconds = 1
    	remote.log.manager.expiration.thread.pool.size = 10
    	remote.log.manager.fetch.max.bytes.per.second = 9223372036854775807
    	remote.log.manager.fetch.quota.window.num = 11
    	remote.log.manager.fetch.quota.window.size.seconds = 1
    	remote.log.manager.task.interval.ms = 30000
    	remote.log.manager.task.retry.backoff.max.ms = 30000
    	remote.log.manager.task.retry.backoff.ms = 500
    	remote.log.manager.task.retry.jitter = 0.2
    	remote.log.manager.thread.pool.size = 10
    	remote.log.metadata.custom.metadata.max.bytes = 128
    	remote.log.metadata.manager.class.name = org.apache.kafka.server.log.remote.metadata.storage.TopicBasedRemoteLogMetadataManager
    	remote.log.metadata.manager.class.path = null
    	remote.log.metadata.manager.impl.prefix = rlmm.config.
    	remote.log.metadata.manager.listener.name = null
    	remote.log.reader.max.pending.tasks = 100
    	remote.log.reader.threads = 10
    	remote.log.storage.manager.class.name = null
    	remote.log.storage.manager.class.path = null
    	remote.log.storage.manager.impl.prefix = rsm.config.
    	remote.log.storage.system.enable = false
    	replica.fetch.backoff.ms = 1000
    	replica.fetch.max.bytes = 1048576
    	replica.fetch.min.bytes = 1
    	replica.fetch.response.max.bytes = 10485760
    	replica.fetch.wait.max.ms = 500
    	replica.high.watermark.checkpoint.interval.ms = 9223372036854775807
    	replica.lag.time.max.ms = 30000
    	replica.selector.class = null
    	replica.socket.receive.buffer.bytes = 65536
    	replica.socket.timeout.ms = 1000
    	replication.quota.window.num = 11
    	replication.quota.window.size.seconds = 1
    	request.timeout.ms = 30000
    	reserved.broker.max.id = 1000
    	sasl.client.callback.handler.class = null
    	sasl.enabled.mechanisms = [GSSAPI]
    	sasl.jaas.config = null
    	sasl.kerberos.kinit.cmd = /usr/bin/kinit
    	sasl.kerberos.min.time.before.relogin = 60000
    	sasl.kerberos.principal.to.local.rules = [DEFAULT]
    	sasl.kerberos.service.name = null
    	sasl.kerberos.ticket.renew.jitter = 0.05
    	sasl.kerberos.ticket.renew.window.factor = 0.8
    	sasl.login.callback.handler.class = null
    	sasl.login.class = null
    	sasl.login.connect.timeout.ms = null
    	sasl.login.read.timeout.ms = null
    	sasl.login.refresh.buffer.seconds = 300
    	sasl.login.refresh.min.period.seconds = 60
    	sasl.login.refresh.window.factor = 0.8
    	sasl.login.refresh.window.jitter = 0.05
    	sasl.login.retry.backoff.max.ms = 10000
    	sasl.login.retry.backoff.ms = 100
    	sasl.mechanism.controller.protocol = GSSAPI
    	sasl.mechanism.inter.broker.protocol = GSSAPI
    	sasl.oauthbearer.clock.skew.seconds = 30
    	sasl.oauthbearer.expected.audience = null
    	sasl.oauthbearer.expected.issuer = null
    	sasl.oauthbearer.jwks.endpoint.refresh.ms = 3600000
    	sasl.oauthbearer.jwks.endpoint.retry.backoff.max.ms = 10000
    	sasl.oauthbearer.jwks.endpoint.retry.backoff.ms = 100
    	sasl.oauthbearer.jwks.endpoint.url = null
    	sasl.oauthbearer.scope.claim.name = scope
    	sasl.oauthbearer.sub.claim.name = sub
    	sasl.oauthbearer.token.endpoint.url = null
    	sasl.server.callback.handler.class = null
    	sasl.server.max.receive.size = 524288
    	security.inter.broker.protocol = PLAINTEXT
    	security.providers = null
    	server.max.startup.time.ms = 9223372036854775807
    	socket.connection.setup.timeout.max.ms = 30000
    	socket.connection.setup.timeout.ms = 10000
    	socket.listen.backlog.size = 50
    	socket.receive.buffer.bytes = 102400
    	socket.request.max.bytes = 104857600
    	socket.send.buffer.bytes = 102400
    	ssl.allow.dn.changes = false
    	ssl.allow.san.changes = false
    	ssl.cipher.suites = []
    	ssl.client.auth = none
    	ssl.enabled.protocols = [TLSv1.2, TLSv1.3]
    	ssl.endpoint.identification.algorithm = https
    	ssl.engine.factory.class = null
    	ssl.key.password = null
    	ssl.keymanager.algorithm = SunX509
    	ssl.keystore.certificate.chain = null
    	ssl.keystore.key = null
    	ssl.keystore.location = null
    	ssl.keystore.password = null
    	ssl.keystore.type = JKS
    	ssl.principal.mapping.rules = DEFAULT
    	ssl.protocol = TLSv1.3
    	ssl.provider = null
    	ssl.secure.random.implementation = null
    	ssl.trustmanager.algorithm = PKIX
    	ssl.truststore.certificates = null
    	ssl.truststore.location = null
    	ssl.truststore.password = null
    	ssl.truststore.type = JKS
    	telemetry.max.bytes = 1048576
    	transaction.abort.timed.out.transaction.cleanup.interval.ms = 10000
    	transaction.max.timeout.ms = 900000
    	transaction.partition.verification.enable = true
    	transaction.remove.expired.transaction.cleanup.interval.ms = 3600000
    	transaction.state.log.load.buffer.size = 5242880
    	transaction.state.log.min.isr = 2
    	transaction.state.log.num.partitions = 50
    	transaction.state.log.replication.factor = 1
    	transaction.state.log.segment.bytes = 104857600
    	transactional.id.expiration.ms = 604800000
    	unclean.leader.election.enable = false
    	unstable.api.versions.enable = false
    	unstable.feature.versions.enable = true
    	zookeeper.clientCnxnSocket = null
    	zookeeper.connect = 127.0.0.1:51401
    	zookeeper.connection.timeout.ms = 10000
    	zookeeper.max.in.flight.requests = 10
    	zookeeper.metadata.migration.enable = false
    	zookeeper.metadata.migration.min.batch.size = 200
    	zookeeper.session.timeout.ms = 18000
    	zookeeper.set.acl = false
    	zookeeper.ssl.cipher.suites = null
    	zookeeper.ssl.client.enable = false
    	zookeeper.ssl.crl.enable = false
    	zookeeper.ssl.enabled.protocols = null
    	zookeeper.ssl.endpoint.identification.algorithm = HTTPS
    	zookeeper.ssl.keystore.location = null
    	zookeeper.ssl.keystore.password = null
    	zookeeper.ssl.keystore.type = null
    	zookeeper.ssl.ocsp.enable = false
    	zookeeper.ssl.protocol = TLSv1.2
    	zookeeper.ssl.truststore.location = null
    	zookeeper.ssl.truststore.password = null
    	zookeeper.ssl.truststore.type = null

    2026-02-10T16:10:24.144+04:00  INFO 31749 --- [user-service] [    Test worker] o.a.k.s.l.r.s.RemoteLogManagerConfig     : RemoteLogManagerConfig values: 
    	log.local.retention.bytes = -2
    	log.local.retention.ms = -2
    	remote.fetch.max.wait.ms = 500
    	remote.log.index.file.cache.total.size.bytes = 1073741824
    	remote.log.manager.copier.thread.pool.size = 10
    	remote.log.manager.copy.max.bytes.per.second = 9223372036854775807
    	remote.log.manager.copy.quota.window.num = 11
    	remote.log.manager.copy.quota.window.size.seconds = 1
    	remote.log.manager.expiration.thread.pool.size = 10
    	remote.log.manager.fetch.max.bytes.per.second = 9223372036854775807
    	remote.log.manager.fetch.quota.window.num = 11
    	remote.log.manager.fetch.quota.window.size.seconds = 1
    	remote.log.manager.task.interval.ms = 30000
    	remote.log.manager.task.retry.backoff.max.ms = 30000
    	remote.log.manager.task.retry.backoff.ms = 500
    	remote.log.manager.task.retry.jitter = 0.2
    	remote.log.manager.thread.pool.size = 10
    	remote.log.metadata.custom.metadata.max.bytes = 128
    	remote.log.metadata.manager.class.name = org.apache.kafka.server.log.remote.metadata.storage.TopicBasedRemoteLogMetadataManager
    	remote.log.metadata.manager.class.path = null
    	remote.log.metadata.manager.impl.prefix = rlmm.config.
    	remote.log.metadata.manager.listener.name = null
    	remote.log.reader.max.pending.tasks = 100
    	remote.log.reader.threads = 10
    	remote.log.storage.manager.class.name = null
    	remote.log.storage.manager.class.path = null
    	remote.log.storage.manager.impl.prefix = rsm.config.
    	remote.log.storage.system.enable = false

    2026-02-10T16:10:24.154+04:00  INFO 31749 --- [user-service] [nelReaper-Fetch] lientQuotaManager$ThrottledChannelReaper : [ThrottledChannelReaper-Fetch]: Starting
    2026-02-10T16:10:24.154+04:00  INFO 31749 --- [user-service] [lReaper-Produce] lientQuotaManager$ThrottledChannelReaper : [ThrottledChannelReaper-Produce]: Starting
    2026-02-10T16:10:24.154+04:00  INFO 31749 --- [user-service] [lReaper-Request] lientQuotaManager$ThrottledChannelReaper : [ThrottledChannelReaper-Request]: Starting
    2026-02-10T16:10:24.155+04:00  INFO 31749 --- [user-service] [trollerMutation] lientQuotaManager$ThrottledChannelReaper : [ThrottledChannelReaper-ControllerMutation]: Starting
    2026-02-10T16:10:24.157+04:00  INFO 31749 --- [user-service] [    Test worker] kafka.server.KafkaServer                 : [KafkaServer id=0] Rewriting /var/folders/k1/78rzycwj1_s_46qs6rgvhsxm0000gn/T/spring.kafka.807efe50-c640-43f3-8636-d9be241674944976846520719880930/meta.properties
    2026-02-10T16:10:24.173+04:00  INFO 31749 --- [user-service] [    Test worker] kafka.log.LogManager                     : Loading logs from log dirs ArrayBuffer(/var/folders/k1/78rzycwj1_s_46qs6rgvhsxm0000gn/T/spring.kafka.807efe50-c640-43f3-8636-d9be241674944976846520719880930)
    2026-02-10T16:10:24.174+04:00  INFO 31749 --- [user-service] [    Test worker] kafka.log.LogManager                     : No logs found to be loaded in /var/folders/k1/78rzycwj1_s_46qs6rgvhsxm0000gn/T/spring.kafka.807efe50-c640-43f3-8636-d9be241674944976846520719880930
    2026-02-10T16:10:24.177+04:00  INFO 31749 --- [user-service] [    Test worker] kafka.log.LogManager                     : Loaded 0 logs in 5ms
    2026-02-10T16:10:24.178+04:00  INFO 31749 --- [user-service] [    Test worker] kafka.log.LogManager                     : Starting log cleanup with a period of 300000 ms.
    2026-02-10T16:10:24.178+04:00  INFO 31749 --- [user-service] [    Test worker] kafka.log.LogManager                     : Starting log flusher with a default period of 9223372036854775807 ms.
    2026-02-10T16:10:24.181+04:00  INFO 31749 --- [user-service] [    Test worker] kafka.log.LogCleaner                     : Starting the log cleaner
    2026-02-10T16:10:24.184+04:00  INFO 31749 --- [user-service] [leaner-thread-0] kafka.log.LogCleaner$CleanerThread       : [kafka-log-cleaner-thread-0]: Starting
    2026-02-10T16:10:24.188+04:00  INFO 31749 --- [user-service] [-process-thread] stener$ChangeNotificationProcessorThread : [feature-zk-node-event-process-thread]: Starting
    2026-02-10T16:10:24.192+04:00  INFO 31749 --- [user-service] [-process-thread] k.server.FinalizedFeatureChangeListener  : Feature ZK node at path: /feature does not exist
    2026-02-10T16:10:24.198+04:00  INFO 31749 --- [user-service] [channel-manager] k.server.NodeToControllerRequestThread   : [zk-broker-0-to-controller-forwarding-channel-manager]: Starting
    2026-02-10T16:10:24.293+04:00  INFO 31749 --- [user-service] [    Test worker] kafka.network.ConnectionQuotas           : Updated connection-accept-rate max connection creation rate to 2147483647
    2026-02-10T16:10:24.295+04:00  INFO 31749 --- [user-service] [    Test worker] kafka.network.DataPlaneAcceptor          : Awaiting socket connections on localhost:51403.
    2026-02-10T16:10:24.295+04:00  INFO 31749 --- [user-service] [    Test worker] kafka.network.DataPlaneAcceptor          : Opened wildcard endpoint localhost:51403
    2026-02-10T16:10:24.300+04:00  INFO 31749 --- [user-service] [    Test worker] kafka.network.SocketServer               : [SocketServer listenerType=ZK_BROKER, nodeId=0] Created data-plane acceptor and processors for endpoint : ListenerName(PLAINTEXT)
    2026-02-10T16:10:24.302+04:00  INFO 31749 --- [user-service] [channel-manager] k.server.NodeToControllerRequestThread   : [zk-broker-0-to-controller-alter-partition-channel-manager]: Starting
    2026-02-10T16:10:24.311+04:00  INFO 31749 --- [user-service] [eaper-0-Produce] perationPurgatory$ExpiredOperationReaper : [ExpirationReaper-0-Produce]: Starting
    2026-02-10T16:10:24.311+04:00  INFO 31749 --- [user-service] [nReaper-0-Fetch] perationPurgatory$ExpiredOperationReaper : [ExpirationReaper-0-Fetch]: Starting
    2026-02-10T16:10:24.311+04:00  INFO 31749 --- [user-service] [0-DeleteRecords] perationPurgatory$ExpiredOperationReaper : [ExpirationReaper-0-DeleteRecords]: Starting
    2026-02-10T16:10:24.311+04:00  INFO 31749 --- [user-service] [r-0-ElectLeader] perationPurgatory$ExpiredOperationReaper : [ExpirationReaper-0-ElectLeader]: Starting
    2026-02-10T16:10:24.312+04:00  INFO 31749 --- [user-service] [r-0-RemoteFetch] perationPurgatory$ExpiredOperationReaper : [ExpirationReaper-0-RemoteFetch]: Starting
    2026-02-10T16:10:24.317+04:00  INFO 31749 --- [user-service] [rFailureHandler] k.s.ReplicaManager$LogDirFailureHandler  : [LogDirFailureHandler]: Starting
    2026-02-10T16:10:24.317+04:00  INFO 31749 --- [user-service] [nSenderThread-0] kafka.server.AddPartitionsToTxnManager   : [AddPartitionsToTxnSenderThread-0]: Starting
    2026-02-10T16:10:24.324+04:00  INFO 31749 --- [user-service] [    Test worker] kafka.zk.KafkaZkClient                   : Creating /brokers/ids/0 (is it secure? false)
    2026-02-10T16:10:24.329+04:00  INFO 31749 --- [user-service] [    Test worker] kafka.zk.KafkaZkClient                   : Stat of the created znode at /brokers/ids/0 is: 25,25,1770725424328,1770725424328,1,0,0,72058285326729216,204,0,25

    2026-02-10T16:10:24.330+04:00  INFO 31749 --- [user-service] [    Test worker] kafka.zk.KafkaZkClient                   : Registered broker 0 at path /brokers/ids/0 with addresses: PLAINTEXT://localhost:51403, czxid (broker epoch): 25
    2026-02-10T16:10:24.343+04:00  INFO 31749 --- [user-service] [er-event-thread] rollerEventManager$ControllerEventThread : [ControllerEventThread controllerId=0] Starting
    2026-02-10T16:10:24.345+04:00  INFO 31749 --- [user-service] [nReaper-0-topic] perationPurgatory$ExpiredOperationReaper : [ExpirationReaper-0-topic]: Starting
    2026-02-10T16:10:24.347+04:00  INFO 31749 --- [user-service] [er-event-thread] kafka.zk.KafkaZkClient                   : Successfully created /controller_epoch with initial epoch 0
    2026-02-10T16:10:24.348+04:00  INFO 31749 --- [user-service] [per-0-Heartbeat] perationPurgatory$ExpiredOperationReaper : [ExpirationReaper-0-Heartbeat]: Starting
    2026-02-10T16:10:24.348+04:00  INFO 31749 --- [user-service] [per-0-Rebalance] perationPurgatory$ExpiredOperationReaper : [ExpirationReaper-0-Rebalance]: Starting
    2026-02-10T16:10:24.349+04:00  INFO 31749 --- [user-service] [er-event-thread] kafka.controller.KafkaController         : [Controller id=0] 0 successfully elected as the controller. Epoch incremented to 1 and epoch zk version is now 1
    2026-02-10T16:10:24.350+04:00  INFO 31749 --- [user-service] [er-event-thread] kafka.controller.KafkaController         : [Controller id=0] Creating FeatureZNode at path: /feature with contents: FeatureZNode(2,Enabled,Map())
    2026-02-10T16:10:24.351+04:00  INFO 31749 --- [user-service] [ker-EventThread] k.server.FinalizedFeatureChangeListener  : Feature ZK node created at path: /feature
    2026-02-10T16:10:24.353+04:00  INFO 31749 --- [user-service] [    Test worker] k.coordinator.group.GroupCoordinator     : [GroupCoordinator 0]: Starting up.
    2026-02-10T16:10:24.355+04:00  INFO 31749 --- [user-service] [    Test worker] k.coordinator.group.GroupCoordinator     : [GroupCoordinator 0]: Startup complete.
    2026-02-10T16:10:24.358+04:00  INFO 31749 --- [user-service] [-process-thread] kafka.server.metadata.ZkMetadataCache    : [MetadataCache brokerId=0] Updated cache from existing None to latest Features(metadataVersion=3.8-IV0, finalizedFeatures={}, finalizedFeaturesEpoch=0).
    2026-02-10T16:10:24.358+04:00  INFO 31749 --- [user-service] [er-event-thread] kafka.controller.KafkaController         : [Controller id=0] Registering handlers
    2026-02-10T16:10:24.360+04:00  INFO 31749 --- [user-service] [er-event-thread] kafka.controller.KafkaController         : [Controller id=0] Deleting log dir event notifications
    2026-02-10T16:10:24.360+04:00  INFO 31749 --- [user-service] [    Test worker] k.c.transaction.TransactionCoordinator   : [TransactionCoordinator id=0] Starting up.
    2026-02-10T16:10:24.361+04:00  INFO 31749 --- [user-service] [er-event-thread] kafka.controller.KafkaController         : [Controller id=0] Deleting isr change notifications
    2026-02-10T16:10:24.361+04:00  INFO 31749 --- [user-service] [rSenderThread-0] k.c.t.TransactionMarkerChannelManager    : [TxnMarkerSenderThread-0]: Starting
    2026-02-10T16:10:24.361+04:00  INFO 31749 --- [user-service] [    Test worker] k.c.transaction.TransactionCoordinator   : [TransactionCoordinator id=0] Startup complete.
    2026-02-10T16:10:24.361+04:00  INFO 31749 --- [user-service] [er-event-thread] kafka.controller.KafkaController         : [Controller id=0] Initializing controller context
    2026-02-10T16:10:24.366+04:00  INFO 31749 --- [user-service] [er-event-thread] kafka.controller.KafkaController         : [Controller id=0] Initialized broker epochs cache: HashMap(0 -> 25)
    2026-02-10T16:10:24.374+04:00  INFO 31749 --- [user-service] [r-0-send-thread] kafka.controller.RequestSendThread       : [RequestSendThread controllerId=0] Starting
    2026-02-10T16:10:24.374+04:00  INFO 31749 --- [user-service] [er-event-thread] kafka.controller.KafkaController         : [Controller id=0] Currently active brokers in the cluster: Set(0)
    2026-02-10T16:10:24.375+04:00  INFO 31749 --- [user-service] [er-event-thread] kafka.controller.KafkaController         : [Controller id=0] Currently shutting brokers in the cluster: HashSet()
    2026-02-10T16:10:24.375+04:00  INFO 31749 --- [user-service] [er-event-thread] kafka.controller.KafkaController         : [Controller id=0] Current list of topics in the cluster: HashSet()
    2026-02-10T16:10:24.375+04:00  INFO 31749 --- [user-service] [er-event-thread] kafka.controller.KafkaController         : [Controller id=0] Fetching topic deletions in progress
    2026-02-10T16:10:24.376+04:00  INFO 31749 --- [user-service] [er-event-thread] kafka.controller.KafkaController         : [Controller id=0] List of topics to be deleted: 
    2026-02-10T16:10:24.376+04:00  INFO 31749 --- [user-service] [er-event-thread] kafka.controller.KafkaController         : [Controller id=0] List of topics ineligible for deletion: 
    2026-02-10T16:10:24.376+04:00  INFO 31749 --- [user-service] [er-event-thread] kafka.controller.KafkaController         : [Controller id=0] Initializing topic deletion manager
    2026-02-10T16:10:24.376+04:00  INFO 31749 --- [user-service] [er-event-thread] kafka.controller.TopicDeletionManager    : [Topic Deletion Manager 0] Initializing manager with initial deletions: Set(), initial ineligible deletions: HashSet()
    2026-02-10T16:10:24.377+04:00  INFO 31749 --- [user-service] [er-event-thread] kafka.controller.KafkaController         : [Controller id=0] Sending update metadata request
    2026-02-10T16:10:24.377+04:00  INFO 31749 --- [user-service] [er-event-thread] state.change.logger                      : [Controller id=0 epoch=1] Sending UpdateMetadata request to brokers HashSet(0) for 0 partitions
    2026-02-10T16:10:24.379+04:00  INFO 31749 --- [user-service] [er-event-thread] kafka.controller.ZkReplicaStateMachine   : [ReplicaStateMachine controllerId=0] Initializing replica state
    2026-02-10T16:10:24.379+04:00  INFO 31749 --- [user-service] [er-event-thread] kafka.controller.ZkReplicaStateMachine   : [ReplicaStateMachine controllerId=0] Triggering online replica state changes
    2026-02-10T16:10:24.382+04:00  INFO 31749 --- [user-service] [per-0-AlterAcls] perationPurgatory$ExpiredOperationReaper : [ExpirationReaper-0-AlterAcls]: Starting
    2026-02-10T16:10:24.382+04:00  INFO 31749 --- [user-service] [er-event-thread] kafka.controller.ZkReplicaStateMachine   : [ReplicaStateMachine controllerId=0] Triggering offline replica state changes
    2026-02-10T16:10:24.382+04:00  INFO 31749 --- [user-service] [er-event-thread] k.controller.ZkPartitionStateMachine     : [PartitionStateMachine controllerId=0] Initializing partition state
    2026-02-10T16:10:24.382+04:00  INFO 31749 --- [user-service] [er-event-thread] k.controller.ZkPartitionStateMachine     : [PartitionStateMachine controllerId=0] Triggering online partition state changes
    2026-02-10T16:10:24.383+04:00  INFO 31749 --- [user-service] [er-event-thread] kafka.controller.KafkaController         : [Controller id=0] Ready to serve as the new controller with epoch 1
    2026-02-10T16:10:24.383+04:00  INFO 31749 --- [user-service] [r-0-send-thread] kafka.controller.RequestSendThread       : [RequestSendThread controllerId=0] Controller 0 connected to localhost:51403 (id: 0 rack: null) for sending state change requests
    2026-02-10T16:10:24.385+04:00  INFO 31749 --- [user-service] [er-event-thread] kafka.controller.KafkaController         : [Controller id=0] Partitions undergoing preferred replica election: 
    2026-02-10T16:10:24.385+04:00  INFO 31749 --- [user-service] [er-event-thread] kafka.controller.KafkaController         : [Controller id=0] Partitions that completed preferred replica election: 
    2026-02-10T16:10:24.385+04:00  INFO 31749 --- [user-service] [er-event-thread] kafka.controller.KafkaController         : [Controller id=0] Skipping preferred replica election for partitions due to topic deletion: 
    2026-02-10T16:10:24.385+04:00  INFO 31749 --- [user-service] [er-event-thread] kafka.controller.KafkaController         : [Controller id=0] Resuming preferred replica election for partitions: 
    2026-02-10T16:10:24.385+04:00  INFO 31749 --- [user-service] [er-event-thread] kafka.controller.KafkaController         : [Controller id=0] Starting replica leader election (PREFERRED) for partitions  triggered by ZkTriggered
    2026-02-10T16:10:24.388+04:00  INFO 31749 --- [user-service] [er-event-thread] kafka.controller.KafkaController         : [Controller id=0] Starting the controller scheduler
    2026-02-10T16:10:24.391+04:00  INFO 31749 --- [user-service] [-process-thread] icationListener$ChangeEventProcessThread : [/config/changes-event-process-thread]: Starting
    2026-02-10T16:10:24.393+04:00  INFO 31749 --- [user-service] [    Test worker] kafka.network.SocketServer               : [SocketServer listenerType=ZK_BROKER, nodeId=0] Enabling request processing.
    2026-02-10T16:10:24.395+04:00  INFO 31749 --- [user-service] [    Test worker] kafka.server.KafkaServer                 : [KafkaServer id=0] Start processing authorizer futures
    2026-02-10T16:10:24.395+04:00  INFO 31749 --- [user-service] [    Test worker] kafka.server.KafkaServer                 : [KafkaServer id=0] End processing authorizer futures
    2026-02-10T16:10:24.395+04:00  INFO 31749 --- [user-service] [    Test worker] kafka.server.KafkaServer                 : [KafkaServer id=0] Start processing enable request processing future
    2026-02-10T16:10:24.395+04:00  INFO 31749 --- [user-service] [    Test worker] kafka.server.KafkaServer                 : [KafkaServer id=0] End processing enable request processing future
    2026-02-10T16:10:24.395+04:00  INFO 31749 --- [user-service] [    Test worker] o.a.kafka.common.utils.AppInfoParser     : Kafka version: 3.8.1
    2026-02-10T16:10:24.395+04:00  INFO 31749 --- [user-service] [    Test worker] o.a.kafka.common.utils.AppInfoParser     : Kafka commitId: 70d6ff42debf7e17
    2026-02-10T16:10:24.395+04:00  INFO 31749 --- [user-service] [    Test worker] o.a.kafka.common.utils.AppInfoParser     : Kafka startTimeMs: 1770725424395
    2026-02-10T16:10:24.396+04:00  INFO 31749 --- [user-service] [    Test worker] kafka.server.KafkaServer                 : [KafkaServer id=0] started
    2026-02-10T16:10:24.399+04:00  INFO 31749 --- [user-service] [    Test worker] o.a.k.clients.admin.AdminClientConfig    : AdminClientConfig values: 
    	auto.include.jmx.reporter = true
    	bootstrap.controllers = []
    	bootstrap.servers = [127.0.0.1:51403]
    	client.dns.lookup = use_all_dns_ips
    	client.id = 
    	connections.max.idle.ms = 300000
    	default.api.timeout.ms = 60000
    	enable.metrics.push = true
    	metadata.max.age.ms = 300000
    	metadata.recovery.strategy = none
    	metric.reporters = []
    	metrics.num.samples = 2
    	metrics.recording.level = INFO
    	metrics.sample.window.ms = 30000
    	receive.buffer.bytes = 65536
    	reconnect.backoff.max.ms = 1000
    	reconnect.backoff.ms = 50
    	request.timeout.ms = 30000
    	retries = 2147483647
    	retry.backoff.max.ms = 1000
    	retry.backoff.ms = 100
    	sasl.client.callback.handler.class = null
    	sasl.jaas.config = null
    	sasl.kerberos.kinit.cmd = /usr/bin/kinit
    	sasl.kerberos.min.time.before.relogin = 60000
    	sasl.kerberos.service.name = null
    	sasl.kerberos.ticket.renew.jitter = 0.05
    	sasl.kerberos.ticket.renew.window.factor = 0.8
    	sasl.login.callback.handler.class = null
    	sasl.login.class = null
    	sasl.login.connect.timeout.ms = null
    	sasl.login.read.timeout.ms = null
    	sasl.login.refresh.buffer.seconds = 300
    	sasl.login.refresh.min.period.seconds = 60
    	sasl.login.refresh.window.factor = 0.8
    	sasl.login.refresh.window.jitter = 0.05
    	sasl.login.retry.backoff.max.ms = 10000
    	sasl.login.retry.backoff.ms = 100
    	sasl.mechanism = GSSAPI
    	sasl.oauthbearer.clock.skew.seconds = 30
    	sasl.oauthbearer.expected.audience = null
    	sasl.oauthbearer.expected.issuer = null
    	sasl.oauthbearer.jwks.endpoint.refresh.ms = 3600000
    	sasl.oauthbearer.jwks.endpoint.retry.backoff.max.ms = 10000
    	sasl.oauthbearer.jwks.endpoint.retry.backoff.ms = 100
    	sasl.oauthbearer.jwks.endpoint.url = null
    	sasl.oauthbearer.scope.claim.name = scope
    	sasl.oauthbearer.sub.claim.name = sub
    	sasl.oauthbearer.token.endpoint.url = null
    	security.protocol = PLAINTEXT
    	security.providers = null
    	send.buffer.bytes = 131072
    	socket.connection.setup.timeout.max.ms = 30000
    	socket.connection.setup.timeout.ms = 10000
    	ssl.cipher.suites = null
    	ssl.enabled.protocols = [TLSv1.2, TLSv1.3]
    	ssl.endpoint.identification.algorithm = https
    	ssl.engine.factory.class = null
    	ssl.key.password = null
    	ssl.keymanager.algorithm = SunX509
    	ssl.keystore.certificate.chain = null
    	ssl.keystore.key = null
    	ssl.keystore.location = null
    	ssl.keystore.password = null
    	ssl.keystore.type = JKS
    	ssl.protocol = TLSv1.3
    	ssl.provider = null
    	ssl.secure.random.implementation = null
    	ssl.trustmanager.algorithm = PKIX
    	ssl.truststore.certificates = null
    	ssl.truststore.location = null
    	ssl.truststore.password = null
    	ssl.truststore.type = JKS

    2026-02-10T16:10:24.402+04:00  INFO 31749 --- [user-service] [channel-manager] k.server.NodeToControllerRequestThread   : [zk-broker-0-to-controller-forwarding-channel-manager]: Recorded new ZK controller, from now on will use node localhost:51403 (id: 0 rack: null)
    2026-02-10T16:10:24.403+04:00  INFO 31749 --- [user-service] [channel-manager] k.server.NodeToControllerRequestThread   : [zk-broker-0-to-controller-alter-partition-channel-manager]: Recorded new ZK controller, from now on will use node localhost:51403 (id: 0 rack: null)
    2026-02-10T16:10:24.407+04:00  INFO 31749 --- [user-service] [    Test worker] o.a.kafka.common.utils.AppInfoParser     : Kafka version: 3.8.1
    2026-02-10T16:10:24.407+04:00  INFO 31749 --- [user-service] [    Test worker] o.a.kafka.common.utils.AppInfoParser     : Kafka commitId: 70d6ff42debf7e17
    2026-02-10T16:10:24.407+04:00  INFO 31749 --- [user-service] [    Test worker] o.a.kafka.common.utils.AppInfoParser     : Kafka startTimeMs: 1770725424407
    2026-02-10T16:10:24.423+04:00  INFO 31749 --- [user-service] [quest-handler-2] kafka.zk.AdminZkClient                   : Creating topic user-setup-completed with configuration {} and initial partition assignment HashMap(0 -> ArrayBuffer(0))
    2026-02-10T16:10:24.430+04:00  INFO 31749 --- [user-service] [er-event-thread] kafka.controller.KafkaController         : [Controller id=0] New topics: [Set(user-setup-completed)], deleted topics: [HashSet()], new partition replica assignment [Set(TopicIdReplicaAssignment(user-setup-completed,Some(Ua50Ec5BSuG-osyBWHiaFg),Map(user-setup-completed-0 -> ReplicaAssignment(replicas=0, addingReplicas=, removingReplicas=))))]
    2026-02-10T16:10:24.430+04:00  INFO 31749 --- [user-service] [er-event-thread] kafka.controller.KafkaController         : [Controller id=0] New partition creation callback for user-setup-completed-0
    2026-02-10T16:10:24.431+04:00  INFO 31749 --- [user-service] [er-event-thread] state.change.logger                      : [Controller id=0 epoch=1] Changed partition user-setup-completed-0 state from NonExistentPartition to NewPartition with assigned replicas 0
    2026-02-10T16:10:24.431+04:00  INFO 31749 --- [user-service] [er-event-thread] state.change.logger                      : [Controller id=0 epoch=1] Sending UpdateMetadata request to brokers HashSet() for 0 partitions
    2026-02-10T16:10:24.432+04:00  INFO 31749 --- [user-service] [er-event-thread] state.change.logger                      : [Controller id=0 epoch=1] Sending UpdateMetadata request to brokers HashSet() for 0 partitions
    2026-02-10T16:10:24.437+04:00  INFO 31749 --- [user-service] [er-event-thread] state.change.logger                      : [Controller id=0 epoch=1] Changed partition user-setup-completed-0 from NewPartition to OnlinePartition with state LeaderAndIsr(leader=0, leaderEpoch=0, isrWithBrokerEpoch=List(BrokerState(brokerId=0, brokerEpoch=-1)), leaderRecoveryState=RECOVERED, partitionEpoch=0)
    2026-02-10T16:10:24.438+04:00  INFO 31749 --- [user-service] [er-event-thread] state.change.logger                      : [Controller id=0 epoch=1] Sending LeaderAndIsr request to broker 0 with 1 become-leader and 0 become-follower partitions
    2026-02-10T16:10:24.439+04:00  INFO 31749 --- [user-service] [er-event-thread] state.change.logger                      : [Controller id=0 epoch=1] Sending UpdateMetadata request to brokers HashSet(0) for 1 partitions
    2026-02-10T16:10:24.439+04:00  INFO 31749 --- [user-service] [er-event-thread] state.change.logger                      : [Controller id=0 epoch=1] Sending UpdateMetadata request to brokers HashSet() for 0 partitions
    2026-02-10T16:10:24.440+04:00  INFO 31749 --- [user-service] [quest-handler-5] state.change.logger                      : [Broker id=0] Handling LeaderAndIsr request correlationId 1 from controller 0 for 1 partitions
    2026-02-10T16:10:24.446+04:00  INFO 31749 --- [user-service] [quest-handler-5] kafka.server.ReplicaFetcherManager       : [ReplicaFetcherManager on broker 0] Removed fetcher for partitions Set(user-setup-completed-0)
    2026-02-10T16:10:24.446+04:00  INFO 31749 --- [user-service] [quest-handler-5] state.change.logger                      : [Broker id=0] Stopped fetchers as part of LeaderAndIsr request correlationId 1 from controller 0 epoch 1 as part of the become-leader transition for 1 partitions
    2026-02-10T16:10:24.460+04:00  INFO 31749 --- [user-service] [quest-handler-5] kafka.log.UnifiedLog$                    : [LogLoader partition=user-setup-completed-0, dir=/var/folders/k1/78rzycwj1_s_46qs6rgvhsxm0000gn/T/spring.kafka.807efe50-c640-43f3-8636-d9be241674944976846520719880930] Loading producer state till offset 0 with message format version 2
    2026-02-10T16:10:24.464+04:00  INFO 31749 --- [user-service] [quest-handler-5] kafka.log.LogManager                     : Created log for partition user-setup-completed-0 in /var/folders/k1/78rzycwj1_s_46qs6rgvhsxm0000gn/T/spring.kafka.807efe50-c640-43f3-8636-d9be241674944976846520719880930/user-setup-completed-0 with properties {}
    2026-02-10T16:10:24.464+04:00  INFO 31749 --- [user-service] [quest-handler-5] kafka.cluster.Partition                  : [Partition user-setup-completed-0 broker=0] No checkpointed highwatermark is found for partition user-setup-completed-0
    2026-02-10T16:10:24.465+04:00  INFO 31749 --- [user-service] [quest-handler-5] kafka.cluster.Partition                  : [Partition user-setup-completed-0 broker=0] Log loaded for partition user-setup-completed-0 with initial high watermark 0
    2026-02-10T16:10:24.465+04:00  INFO 31749 --- [user-service] [quest-handler-5] state.change.logger                      : [Broker id=0] Leader user-setup-completed-0 with topic id Some(Ua50Ec5BSuG-osyBWHiaFg) starts at leader epoch 0 from offset 0 with partition epoch 0, high watermark 0, ISR [0], adding replicas [] and removing replicas [] . Previous leader None and previous leader epoch was -1.
    2026-02-10T16:10:24.476+04:00  INFO 31749 --- [user-service] [quest-handler-5] state.change.logger                      : [Broker id=0] Finished LeaderAndIsr request in 36ms correlationId 1 from controller 0 for 1 partitions
    2026-02-10T16:10:24.479+04:00  INFO 31749 --- [user-service] [quest-handler-6] state.change.logger                      : [Broker id=0] Add 1 partitions and deleted 0 partitions from metadata cache in response to UpdateMetadata request sent by controller 0 epoch 1 with correlation id 2
    2026-02-10T16:10:24.481+04:00  INFO 31749 --- [user-service] [| adminclient-1] o.a.kafka.common.utils.AppInfoParser     : App info kafka.admin.client for adminclient-1 unregistered
    2026-02-10T16:10:24.482+04:00  INFO 31749 --- [user-service] [| adminclient-1] o.apache.kafka.common.metrics.Metrics    : Metrics scheduler closed
    2026-02-10T16:10:24.482+04:00  INFO 31749 --- [user-service] [| adminclient-1] o.apache.kafka.common.metrics.Metrics    : Closing reporter org.apache.kafka.common.metrics.JmxReporter
    2026-02-10T16:10:24.483+04:00  INFO 31749 --- [user-service] [| adminclient-1] o.apache.kafka.common.metrics.Metrics    : Metrics reporters closed
    2026-02-10T16:10:24.492+04:00  INFO 31749 --- [user-service] [    Test worker] a.f.u.p.a.e.UserSetupCompletedKafkaIT    : Starting UserSetupCompletedKafkaIT using Java 17.0.16 with PID 31749 (started by aousganeh in /Users/aousganeh/Desktop/fix/code/user-service)
    2026-02-10T16:10:24.492+04:00  INFO 31749 --- [user-service] [    Test worker] a.f.u.p.a.e.UserSetupCompletedKafkaIT    : No active profile set, falling back to 1 default profile: "default"
    2026-02-10T16:10:25.026+04:00  INFO 31749 --- [user-service] [    Test worker] .s.d.r.c.RepositoryConfigurationDelegate : Multiple Spring Data modules found, entering strict repository configuration mode
    2026-02-10T16:10:25.027+04:00  INFO 31749 --- [user-service] [    Test worker] .s.d.r.c.RepositoryConfigurationDelegate : Bootstrapping Spring Data Redis repositories in DEFAULT mode.
    2026-02-10T16:10:25.048+04:00  INFO 31749 --- [user-service] [    Test worker] .RepositoryConfigurationExtensionSupport : Spring Data Redis - Could not safely identify store assignment for repository candidate interface az.fitnest.user.favorites.adapter.persistence.FavoritesRepository; If you want this repository to be a Redis repository, consider annotating your entities with one of these annotations: org.springframework.data.redis.core.RedisHash (preferred), or consider extending one of the following types with your repository: org.springframework.data.keyvalue.repository.KeyValueRepository
    2026-02-10T16:10:25.049+04:00  INFO 31749 --- [user-service] [    Test worker] .RepositoryConfigurationExtensionSupport : Spring Data Redis - Could not safely identify store assignment for repository candidate interface az.fitnest.user.profile.adapter.persistence.GoalReferenceRepository; If you want this repository to be a Redis repository, consider annotating your entities with one of these annotations: org.springframework.data.redis.core.RedisHash (preferred), or consider extending one of the following types with your repository: org.springframework.data.keyvalue.repository.KeyValueRepository
    2026-02-10T16:10:25.049+04:00  INFO 31749 --- [user-service] [    Test worker] .RepositoryConfigurationExtensionSupport : Spring Data Redis - Could not safely identify store assignment for repository candidate interface az.fitnest.user.profile.adapter.persistence.UserLocationRepository; If you want this repository to be a Redis repository, consider annotating your entities with one of these annotations: org.springframework.data.redis.core.RedisHash (preferred), or consider extending one of the following types with your repository: org.springframework.data.keyvalue.repository.KeyValueRepository
    2026-02-10T16:10:25.049+04:00  INFO 31749 --- [user-service] [    Test worker] .RepositoryConfigurationExtensionSupport : Spring Data Redis - Could not safely identify store assignment for repository candidate interface az.fitnest.user.profile.adapter.persistence.UserProfileRepository; If you want this repository to be a Redis repository, consider annotating your entities with one of these annotations: org.springframework.data.redis.core.RedisHash (preferred), or consider extending one of the following types with your repository: org.springframework.data.keyvalue.repository.KeyValueRepository
    2026-02-10T16:10:25.049+04:00  INFO 31749 --- [user-service] [    Test worker] .s.d.r.c.RepositoryConfigurationDelegate : Finished Spring Data repository scanning in 16 ms. Found 0 Redis repository interfaces.
    2026-02-10T16:10:25.163+04:00  INFO 31749 --- [user-service] [    Test worker] o.s.cloud.context.scope.GenericScope     : BeanFactory id=5fd90146-bbcc-35ad-a7da-88c1fd119b12
    2026-02-10T16:10:26.049+04:00  INFO 31749 --- [user-service] [    Test worker] n.d.b.g.c.a.GrpcClientAutoConfiguration  : Detected grpc-netty-shaded: Creating ShadedNettyChannelFactory + InProcessChannelFactory
    2026-02-10T16:10:26.689+04:00  WARN 31749 --- [user-service] [    Test worker] .s.s.UserDetailsServiceAutoConfiguration : 

    Using generated security password: df8a9812-1def-4d41-90ee-d70777315d8a

    This generated password is for development use only. Your security configuration must be updated before running your application in production.

    2026-02-10T16:10:26.696+04:00  INFO 31749 --- [user-service] [    Test worker] r$InitializeUserDetailsManagerConfigurer : Global AuthenticationManager configured with UserDetailsService bean with name inMemoryUserDetailsManager
    2026-02-10T16:10:26.941+04:00  INFO 31749 --- [user-service] [    Test worker] o.s.b.a.e.web.EndpointLinksResolver      : Exposing 2 endpoints beneath base path '/actuator'
    2026-02-10T16:10:27.010+04:00  WARN 31749 --- [user-service] [    Test worker] o.s.w.c.s.GenericWebApplicationContext   : Exception encountered during context initialization - cancelling refresh attempt: org.springframework.beans.factory.BeanCreationException: Error creating bean with name 'jpaAuditingHandler': Cannot resolve reference to bean 'jpaMappingContext' while setting constructor argument
    2026-02-10T16:10:27.012+04:00  WARN 31749 --- [user-service] [    Test worker] s.c.a.AnnotationConfigApplicationContext : Exception thrown from ApplicationListener handling ContextClosedEvent

    org.springframework.beans.factory.BeanCreationNotAllowedException: Error creating bean with name 'applicationTaskExecutor': Singleton bean creation not allowed while singletons of this factory are in destruction (Do not request a bean from a BeanFactory in a destroy method implementation!)
    	at org.springframework.beans.factory.support.DefaultSingletonBeanRegistry.getSingleton(DefaultSingletonBeanRegistry.java:275) ~[spring-beans-6.2.1.jar:6.2.1]
    	at org.springframework.beans.factory.support.AbstractBeanFactory.doGetBean(AbstractBeanFactory.java:334) ~[spring-beans-6.2.1.jar:6.2.1]
    	at org.springframework.beans.factory.support.AbstractBeanFactory.getBean(AbstractBeanFactory.java:204) ~[spring-beans-6.2.1.jar:6.2.1]
    	at org.springframework.context.event.AbstractApplicationEventMulticaster.retrieveApplicationListeners(AbstractApplicationEventMulticaster.java:267) ~[spring-context-6.2.1.jar:6.2.1]
    	at org.springframework.context.event.AbstractApplicationEventMulticaster.getApplicationListeners(AbstractApplicationEventMulticaster.java:223) ~[spring-context-6.2.1.jar:6.2.1]
    	at org.springframework.context.event.SimpleApplicationEventMulticaster.multicastEvent(SimpleApplicationEventMulticaster.java:145) ~[spring-context-6.2.1.jar:6.2.1]
    	at org.springframework.context.support.AbstractApplicationContext.publishEvent(AbstractApplicationContext.java:454) ~[spring-context-6.2.1.jar:6.2.1]
    	at org.springframework.context.support.AbstractApplicationContext.publishEvent(AbstractApplicationContext.java:460) ~[spring-context-6.2.1.jar:6.2.1]
    	at org.springframework.context.support.AbstractApplicationContext.publishEvent(AbstractApplicationContext.java:387) ~[spring-context-6.2.1.jar:6.2.1]
    	at org.springframework.context.support.AbstractApplicationContext.doClose(AbstractApplicationContext.java:1163) ~[spring-context-6.2.1.jar:6.2.1]
    	at org.springframework.context.support.AbstractApplicationContext.close(AbstractApplicationContext.java:1126) ~[spring-context-6.2.1.jar:6.2.1]
    	at org.springframework.cloud.context.named.NamedContextFactory.destroy(NamedContextFactory.java:114) ~[spring-cloud-context-4.2.0.jar:4.2.0]
    	at org.springframework.beans.factory.support.DisposableBeanAdapter.destroy(DisposableBeanAdapter.java:211) ~[spring-beans-6.2.1.jar:6.2.1]
    	at org.springframework.beans.factory.support.DefaultSingletonBeanRegistry.destroyBean(DefaultSingletonBeanRegistry.java:668) ~[spring-beans-6.2.1.jar:6.2.1]
    	at org.springframework.beans.factory.support.DefaultSingletonBeanRegistry.destroySingleton(DefaultSingletonBeanRegistry.java:625) ~[spring-beans-6.2.1.jar:6.2.1]
    	at org.springframework.beans.factory.support.DefaultListableBeanFactory.destroySingleton(DefaultListableBeanFactory.java:1368) ~[spring-beans-6.2.1.jar:6.2.1]
    	at org.springframework.beans.factory.support.DefaultSingletonBeanRegistry.destroySingletons(DefaultSingletonBeanRegistry.java:584) ~[spring-beans-6.2.1.jar:6.2.1]
    	at org.springframework.beans.factory.support.DefaultListableBeanFactory.destroySingletons(DefaultListableBeanFactory.java:1361) ~[spring-beans-6.2.1.jar:6.2.1]
    	at org.springframework.context.support.AbstractApplicationContext.destroyBeans(AbstractApplicationContext.java:1219) ~[spring-context-6.2.1.jar:6.2.1]
    	at org.springframework.context.support.AbstractApplicationContext.refresh(AbstractApplicationContext.java:640) ~[spring-context-6.2.1.jar:6.2.1]
    	at org.springframework.boot.SpringApplication.refresh(SpringApplication.java:752) ~[spring-boot-3.4.1.jar:3.4.1]
    	at org.springframework.boot.SpringApplication.refreshContext(SpringApplication.java:439) ~[spring-boot-3.4.1.jar:3.4.1]
    	at org.springframework.boot.SpringApplication.run(SpringApplication.java:318) ~[spring-boot-3.4.1.jar:3.4.1]
    	at org.springframework.boot.test.context.SpringBootContextLoader.lambda$loadContext$3(SpringBootContextLoader.java:137) ~[spring-boot-test-3.4.1.jar:3.4.1]
    	at org.springframework.util.function.ThrowingSupplier.get(ThrowingSupplier.java:58) ~[spring-core-6.2.1.jar:6.2.1]
    	at org.springframework.util.function.ThrowingSupplier.get(ThrowingSupplier.java:46) ~[spring-core-6.2.1.jar:6.2.1]
    	at org.springframework.boot.SpringApplication.withHook(SpringApplication.java:1461) ~[spring-boot-3.4.1.jar:3.4.1]
    	at org.springframework.boot.test.context.SpringBootContextLoader$ContextLoaderHook.run(SpringBootContextLoader.java:553) ~[spring-boot-test-3.4.1.jar:3.4.1]
    	at org.springframework.boot.test.context.SpringBootContextLoader.loadContext(SpringBootContextLoader.java:137) ~[spring-boot-test-3.4.1.jar:3.4.1]
    	at org.springframework.boot.test.context.SpringBootContextLoader.loadContext(SpringBootContextLoader.java:108) ~[spring-boot-test-3.4.1.jar:3.4.1]
    	at org.springframework.test.context.cache.DefaultCacheAwareContextLoaderDelegate.loadContextInternal(DefaultCacheAwareContextLoaderDelegate.java:225) ~[spring-test-6.2.1.jar:6.2.1]
    	at org.springframework.test.context.cache.DefaultCacheAwareContextLoaderDelegate.loadContext(DefaultCacheAwareContextLoaderDelegate.java:152) ~[spring-test-6.2.1.jar:6.2.1]
    	at org.springframework.test.context.support.DefaultTestContext.getApplicationContext(DefaultTestContext.java:130) ~[spring-test-6.2.1.jar:6.2.1]
    	at org.springframework.test.context.web.ServletTestExecutionListener.setUpRequestContextIfNecessary(ServletTestExecutionListener.java:191) ~[spring-test-6.2.1.jar:6.2.1]
    	at org.springframework.test.context.web.ServletTestExecutionListener.prepareTestInstance(ServletTestExecutionListener.java:130) ~[spring-test-6.2.1.jar:6.2.1]
    	at org.springframework.test.context.TestContextManager.prepareTestInstance(TestContextManager.java:260) ~[spring-test-6.2.1.jar:6.2.1]
    	at org.springframework.test.context.junit.jupiter.SpringExtension.postProcessTestInstance(SpringExtension.java:160) ~[spring-test-6.2.1.jar:6.2.1]
    	at org.junit.jupiter.engine.descriptor.ClassBasedTestDescriptor.lambda$invokeTestInstancePostProcessors$11(ClassBasedTestDescriptor.java:378) ~[junit-jupiter-engine-5.11.4.jar:5.11.4]
    	at org.junit.jupiter.engine.descriptor.ClassBasedTestDescriptor.executeAndMaskThrowable(ClassBasedTestDescriptor.java:383) ~[junit-jupiter-engine-5.11.4.jar:5.11.4]
    	at org.junit.jupiter.engine.descriptor.ClassBasedTestDescriptor.lambda$invokeTestInstancePostProcessors$12(ClassBasedTestDescriptor.java:378) ~[junit-jupiter-engine-5.11.4.jar:5.11.4]
    	at java.base/java.util.stream.ForEachOps$ForEachOp$OfRef.accept(ForEachOps.java:183) ~[na:na]
    	at java.base/java.util.stream.ReferencePipeline$3$1.accept(ReferencePipeline.java:197) ~[na:na]
    	at java.base/java.util.stream.ReferencePipeline$2$1.accept(ReferencePipeline.java:179) ~[na:na]
    	at java.base/java.util.stream.ReferencePipeline$3$1.accept(ReferencePipeline.java:197) ~[na:na]
    	at java.base/java.util.ArrayList$ArrayListSpliterator.forEachRemaining(ArrayList.java:1625) ~[na:na]
    	at java.base/java.util.stream.AbstractPipeline.copyInto(AbstractPipeline.java:509) ~[na:na]
    	at java.base/java.util.stream.AbstractPipeline.wrapAndCopyInto(AbstractPipeline.java:499) ~[na:na]
    	at java.base/java.util.stream.ForEachOps$ForEachOp.evaluateSequential(ForEachOps.java:150) ~[na:na]
    	at java.base/java.util.stream.ForEachOps$ForEachOp$OfRef.evaluateSequential(ForEachOps.java:173) ~[na:na]
    	at java.base/java.util.stream.AbstractPipeline.evaluate(AbstractPipeline.java:234) ~[na:na]
    	at java.base/java.util.stream.ReferencePipeline.forEach(ReferencePipeline.java:596) ~[na:na]
    	at org.junit.jupiter.engine.descriptor.ClassBasedTestDescriptor.invokeTestInstancePostProcessors(ClassBasedTestDescriptor.java:377) ~[junit-jupiter-engine-5.11.4.jar:5.11.4]
    	at org.junit.jupiter.engine.descriptor.ClassBasedTestDescriptor.lambda$instantiateAndPostProcessTestInstance$7(ClassBasedTestDescriptor.java:290) ~[junit-jupiter-engine-5.11.4.jar:5.11.4]
    	at org.junit.platform.engine.support.hierarchical.ThrowableCollector.execute(ThrowableCollector.java:73) ~[junit-platform-engine-1.11.4.jar:1.11.4]
    	at org.junit.jupiter.engine.descriptor.ClassBasedTestDescriptor.instantiateAndPostProcessTestInstance(ClassBasedTestDescriptor.java:289) ~[junit-jupiter-engine-5.11.4.jar:5.11.4]
    	at org.junit.jupiter.engine.descriptor.ClassBasedTestDescriptor.lambda$testInstancesProvider$5(ClassBasedTestDescriptor.java:279) ~[junit-jupiter-engine-5.11.4.jar:5.11.4]
    	at java.base/java.util.Optional.orElseGet(Optional.java:364) ~[na:na]
    	at org.junit.jupiter.engine.descriptor.ClassBasedTestDescriptor.lambda$testInstancesProvider$6(ClassBasedTestDescriptor.java:278) ~[junit-jupiter-engine-5.11.4.jar:5.11.4]
    	at org.junit.jupiter.engine.execution.TestInstancesProvider.getTestInstances(TestInstancesProvider.java:31) ~[junit-jupiter-engine-5.11.4.jar:5.11.4]
    	at org.junit.jupiter.engine.descriptor.TestMethodTestDescriptor.lambda$prepare$1(TestMethodTestDescriptor.java:105) ~[junit-jupiter-engine-5.11.4.jar:5.11.4]
    	at org.junit.platform.engine.support.hierarchical.ThrowableCollector.execute(ThrowableCollector.java:73) ~[junit-platform-engine-1.11.4.jar:1.11.4]
    	at org.junit.jupiter.engine.descriptor.TestMethodTestDescriptor.prepare(TestMethodTestDescriptor.java:104) ~[junit-jupiter-engine-5.11.4.jar:5.11.4]
    	at org.junit.jupiter.engine.descriptor.TestMethodTestDescriptor.prepare(TestMethodTestDescriptor.java:68) ~[junit-jupiter-engine-5.11.4.jar:5.11.4]
    	at org.junit.platform.engine.support.hierarchical.NodeTestTask.lambda$prepare$2(NodeTestTask.java:128) ~[junit-platform-engine-1.11.4.jar:1.11.4]
    	at org.junit.platform.engine.support.hierarchical.ThrowableCollector.execute(ThrowableCollector.java:73) ~[junit-platform-engine-1.11.4.jar:1.11.4]
    	at org.junit.platform.engine.support.hierarchical.NodeTestTask.prepare(NodeTestTask.java:128) ~[junit-platform-engine-1.11.4.jar:1.11.4]
    	at org.junit.platform.engine.support.hierarchical.NodeTestTask.execute(NodeTestTask.java:95) ~[junit-platform-engine-1.11.4.jar:1.11.4]
    	at java.base/java.util.ArrayList.forEach(ArrayList.java:1511) ~[na:na]
    	at org.junit.platform.engine.support.hierarchical.SameThreadHierarchicalTestExecutorService.invokeAll(SameThreadHierarchicalTestExecutorService.java:41) ~[junit-platform-engine-1.11.4.jar:1.11.4]
    	at org.junit.platform.engine.support.hierarchical.NodeTestTask.lambda$executeRecursively$6(NodeTestTask.java:160) ~[junit-platform-engine-1.11.4.jar:1.11.4]
    	at org.junit.platform.engine.support.hierarchical.ThrowableCollector.execute(ThrowableCollector.java:73) ~[junit-platform-engine-1.11.4.jar:1.11.4]
    	at org.junit.platform.engine.support.hierarchical.NodeTestTask.lambda$executeRecursively$8(NodeTestTask.java:146) ~[junit-platform-engine-1.11.4.jar:1.11.4]
    	at org.junit.platform.engine.support.hierarchical.Node.around(Node.java:137) ~[junit-platform-engine-1.11.4.jar:1.11.4]
    	at org.junit.platform.engine.support.hierarchical.NodeTestTask.lambda$executeRecursively$9(NodeTestTask.java:144) ~[junit-platform-engine-1.11.4.jar:1.11.4]
    	at org.junit.platform.engine.support.hierarchical.ThrowableCollector.execute(ThrowableCollector.java:73) ~[junit-platform-engine-1.11.4.jar:1.11.4]
    	at org.junit.platform.engine.support.hierarchical.NodeTestTask.executeRecursively(NodeTestTask.java:143) ~[junit-platform-engine-1.11.4.jar:1.11.4]
    	at org.junit.platform.engine.support.hierarchical.NodeTestTask.execute(NodeTestTask.java:100) ~[junit-platform-engine-1.11.4.jar:1.11.4]
    	at java.base/java.util.ArrayList.forEach(ArrayList.java:1511) ~[na:na]
    	at org.junit.platform.engine.support.hierarchical.SameThreadHierarchicalTestExecutorService.invokeAll(SameThreadHierarchicalTestExecutorService.java:41) ~[junit-platform-engine-1.11.4.jar:1.11.4]
    	at org.junit.platform.engine.support.hierarchical.NodeTestTask.lambda$executeRecursively$6(NodeTestTask.java:160) ~[junit-platform-engine-1.11.4.jar:1.11.4]
    	at org.junit.platform.engine.support.hierarchical.ThrowableCollector.execute(ThrowableCollector.java:73) ~[junit-platform-engine-1.11.4.jar:1.11.4]
    	at org.junit.platform.engine.support.hierarchical.NodeTestTask.lambda$executeRecursively$8(NodeTestTask.java:146) ~[junit-platform-engine-1.11.4.jar:1.11.4]
    	at org.junit.platform.engine.support.hierarchical.Node.around(Node.java:137) ~[junit-platform-engine-1.11.4.jar:1.11.4]
    	at org.junit.platform.engine.support.hierarchical.NodeTestTask.lambda$executeRecursively$9(NodeTestTask.java:144) ~[junit-platform-engine-1.11.4.jar:1.11.4]
    	at org.junit.platform.engine.support.hierarchical.ThrowableCollector.execute(ThrowableCollector.java:73) ~[junit-platform-engine-1.11.4.jar:1.11.4]
    	at org.junit.platform.engine.support.hierarchical.NodeTestTask.executeRecursively(NodeTestTask.java:143) ~[junit-platform-engine-1.11.4.jar:1.11.4]
    	at org.junit.platform.engine.support.hierarchical.NodeTestTask.execute(NodeTestTask.java:100) ~[junit-platform-engine-1.11.4.jar:1.11.4]
    	at org.junit.platform.engine.support.hierarchical.SameThreadHierarchicalTestExecutorService.submit(SameThreadHierarchicalTestExecutorService.java:35) ~[junit-platform-engine-1.11.4.jar:1.11.4]
    	at org.junit.platform.engine.support.hierarchical.HierarchicalTestExecutor.execute(HierarchicalTestExecutor.java:57) ~[junit-platform-engine-1.11.4.jar:1.11.4]
    	at org.junit.platform.engine.support.hierarchical.HierarchicalTestEngine.execute(HierarchicalTestEngine.java:54) ~[junit-platform-engine-1.11.4.jar:1.11.4]
    	at org.junit.platform.launcher.core.EngineExecutionOrchestrator.execute(EngineExecutionOrchestrator.java:198) ~[junit-platform-launcher-1.11.4.jar:1.11.4]
    	at org.junit.platform.launcher.core.EngineExecutionOrchestrator.execute(EngineExecutionOrchestrator.java:169) ~[junit-platform-launcher-1.11.4.jar:1.11.4]
    	at org.junit.platform.launcher.core.EngineExecutionOrchestrator.execute(EngineExecutionOrchestrator.java:93) ~[junit-platform-launcher-1.11.4.jar:1.11.4]
    	at org.junit.platform.launcher.core.EngineExecutionOrchestrator.lambda$execute$0(EngineExecutionOrchestrator.java:58) ~[junit-platform-launcher-1.11.4.jar:1.11.4]
    	at org.junit.platform.launcher.core.EngineExecutionOrchestrator.withInterceptedStreams(EngineExecutionOrchestrator.java:141) ~[junit-platform-launcher-1.11.4.jar:1.11.4]
    	at org.junit.platform.launcher.core.EngineExecutionOrchestrator.execute(EngineExecutionOrchestrator.java:57) ~[junit-platform-launcher-1.11.4.jar:1.11.4]
    	at org.junit.platform.launcher.core.DefaultLauncher.execute(DefaultLauncher.java:103) ~[junit-platform-launcher-1.11.4.jar:1.11.4]
    	at org.junit.platform.launcher.core.DefaultLauncher.execute(DefaultLauncher.java:85) ~[junit-platform-launcher-1.11.4.jar:1.11.4]
    	at org.junit.platform.launcher.core.DelegatingLauncher.execute(DelegatingLauncher.java:47) ~[junit-platform-launcher-1.11.4.jar:1.11.4]
    	at org.gradle.api.internal.tasks.testing.junitplatform.JUnitPlatformTestClassProcessor$CollectAllTestClassesExecutor.processAllTestClasses(JUnitPlatformTestClassProcessor.java:119) ~[na:na]
    	at org.gradle.api.internal.tasks.testing.junitplatform.JUnitPlatformTestClassProcessor$CollectAllTestClassesExecutor.access$000(JUnitPlatformTestClassProcessor.java:94) ~[na:na]
    	at org.gradle.api.internal.tasks.testing.junitplatform.JUnitPlatformTestClassProcessor.stop(JUnitPlatformTestClassProcessor.java:89) ~[na:na]
    	at org.gradle.api.internal.tasks.testing.SuiteTestClassProcessor.stop(SuiteTestClassProcessor.java:62) ~[na:na]
    	at java.base/jdk.internal.reflect.NativeMethodAccessorImpl.invoke0(Native Method) ~[na:na]
    	at java.base/jdk.internal.reflect.NativeMethodAccessorImpl.invoke(NativeMethodAccessorImpl.java:77) ~[na:na]
    	at java.base/jdk.internal.reflect.DelegatingMethodAccessorImpl.invoke(DelegatingMethodAccessorImpl.java:43) ~[na:na]
    	at java.base/java.lang.reflect.Method.invoke(Method.java:569) ~[na:na]
    	at org.gradle.internal.dispatch.ReflectionDispatch.dispatch(ReflectionDispatch.java:36) ~[na:na]
    	at org.gradle.internal.dispatch.ReflectionDispatch.dispatch(ReflectionDispatch.java:24) ~[na:na]
    	at org.gradle.internal.dispatch.ContextClassLoaderDispatch.dispatch(ContextClassLoaderDispatch.java:33) ~[na:na]
    	at org.gradle.internal.dispatch.ProxyDispatchAdapter$DispatchingInvocationHandler.invoke(ProxyDispatchAdapter.java:94) ~[na:na]
    	at jdk.proxy1/jdk.proxy1.$Proxy2.stop(Unknown Source) ~[na:na]
    	at org.gradle.api.internal.tasks.testing.worker.TestWorker$3.run(TestWorker.java:193) ~[na:na]
    	at org.gradle.api.internal.tasks.testing.worker.TestWorker.executeAndMaintainThreadName(TestWorker.java:129) ~[na:na]
    	at org.gradle.api.internal.tasks.testing.worker.TestWorker.execute(TestWorker.java:100) ~[na:na]
    	at org.gradle.api.internal.tasks.testing.worker.TestWorker.execute(TestWorker.java:60) ~[na:na]
    	at org.gradle.process.internal.worker.child.ActionExecutionWorker.execute(ActionExecutionWorker.java:56) ~[na:na]
    	at org.gradle.process.internal.worker.child.SystemApplicationClassLoaderWorker.call(SystemApplicationClassLoaderWorker.java:113) ~[na:na]
    	at org.gradle.process.internal.worker.child.SystemApplicationClassLoaderWorker.call(SystemApplicationClassLoaderWorker.java:65) ~[na:na]
    	at worker.org.gradle.process.internal.worker.GradleWorkerMain.run(GradleWorkerMain.java:69) ~[gradle-worker.jar:na]
    	at worker.org.gradle.process.internal.worker.GradleWorkerMain.main(GradleWorkerMain.java:74) ~[gradle-worker.jar:na]

    2026-02-10T16:10:27.023+04:00  INFO 31749 --- [user-service] [    Test worker] kafka.server.KafkaServer                 : [KafkaServer id=0] shutting down
    2026-02-10T16:10:27.023+04:00  INFO 31749 --- [user-service] [    Test worker] icationListener$ChangeEventProcessThread : [/config/changes-event-process-thread]: Shutting down
    2026-02-10T16:10:27.023+04:00  INFO 31749 --- [user-service] [-process-thread] icationListener$ChangeEventProcessThread : [/config/changes-event-process-thread]: Stopped
    2026-02-10T16:10:27.023+04:00  INFO 31749 --- [user-service] [    Test worker] icationListener$ChangeEventProcessThread : [/config/changes-event-process-thread]: Shutdown completed
    2026-02-10T16:10:27.024+04:00  INFO 31749 --- [user-service] [    Test worker] kafka.network.SocketServer               : [SocketServer listenerType=ZK_BROKER, nodeId=0] Stopping socket server request processors
    2026-02-10T16:10:27.026+04:00  INFO 31749 --- [user-service] [    Test worker] kafka.network.SocketServer               : [SocketServer listenerType=ZK_BROKER, nodeId=0] Stopped socket server request processors
    2026-02-10T16:10:27.026+04:00  INFO 31749 --- [user-service] [    Test worker] kafka.server.KafkaRequestHandlerPool     : [data-plane Kafka Request Handler on Broker 0], shutting down
    2026-02-10T16:10:27.027+04:00  INFO 31749 --- [user-service] [    Test worker] kafka.server.KafkaRequestHandlerPool     : [data-plane Kafka Request Handler on Broker 0], shut down completely
    2026-02-10T16:10:27.027+04:00  INFO 31749 --- [user-service] [    Test worker] perationPurgatory$ExpiredOperationReaper : [ExpirationReaper-0-AlterAcls]: Shutting down
    2026-02-10T16:10:27.027+04:00  INFO 31749 --- [user-service] [per-0-AlterAcls] perationPurgatory$ExpiredOperationReaper : [ExpirationReaper-0-AlterAcls]: Stopped
    2026-02-10T16:10:27.027+04:00  INFO 31749 --- [user-service] [    Test worker] perationPurgatory$ExpiredOperationReaper : [ExpirationReaper-0-AlterAcls]: Shutdown completed
    2026-02-10T16:10:27.029+04:00  INFO 31749 --- [user-service] [    Test worker] kafka.server.KafkaApis                   : [KafkaApi-0] Shutdown complete.
    2026-02-10T16:10:27.029+04:00  INFO 31749 --- [user-service] [    Test worker] perationPurgatory$ExpiredOperationReaper : [ExpirationReaper-0-topic]: Shutting down
    2026-02-10T16:10:27.029+04:00  INFO 31749 --- [user-service] [nReaper-0-topic] perationPurgatory$ExpiredOperationReaper : [ExpirationReaper-0-topic]: Stopped
    2026-02-10T16:10:27.029+04:00  INFO 31749 --- [user-service] [    Test worker] perationPurgatory$ExpiredOperationReaper : [ExpirationReaper-0-topic]: Shutdown completed
    2026-02-10T16:10:27.029+04:00  INFO 31749 --- [user-service] [    Test worker] k.c.transaction.TransactionCoordinator   : [TransactionCoordinator id=0] Shutting down.
    2026-02-10T16:10:27.030+04:00  INFO 31749 --- [user-service] [    Test worker] k.c.transaction.TransactionStateManager  : [Transaction State Manager 0]: Shutdown complete
    2026-02-10T16:10:27.030+04:00  INFO 31749 --- [user-service] [    Test worker] k.c.t.TransactionMarkerChannelManager    : [TxnMarkerSenderThread-0]: Shutting down
    2026-02-10T16:10:27.030+04:00  INFO 31749 --- [user-service] [rSenderThread-0] k.c.t.TransactionMarkerChannelManager    : [TxnMarkerSenderThread-0]: Stopped
    2026-02-10T16:10:27.030+04:00  INFO 31749 --- [user-service] [    Test worker] k.c.t.TransactionMarkerChannelManager    : [TxnMarkerSenderThread-0]: Shutdown completed
    2026-02-10T16:10:27.031+04:00  INFO 31749 --- [user-service] [    Test worker] k.c.transaction.TransactionCoordinator   : [TransactionCoordinator id=0] Shutdown complete.
    2026-02-10T16:10:27.031+04:00  INFO 31749 --- [user-service] [    Test worker] k.coordinator.group.GroupCoordinator     : [GroupCoordinator 0]: Shutting down.
    2026-02-10T16:10:27.031+04:00  INFO 31749 --- [user-service] [    Test worker] perationPurgatory$ExpiredOperationReaper : [ExpirationReaper-0-Heartbeat]: Shutting down
    2026-02-10T16:10:27.031+04:00  INFO 31749 --- [user-service] [    Test worker] perationPurgatory$ExpiredOperationReaper : [ExpirationReaper-0-Heartbeat]: Shutdown completed
    2026-02-10T16:10:27.031+04:00  INFO 31749 --- [user-service] [per-0-Heartbeat] perationPurgatory$ExpiredOperationReaper : [ExpirationReaper-0-Heartbeat]: Stopped
    2026-02-10T16:10:27.031+04:00  INFO 31749 --- [user-service] [    Test worker] perationPurgatory$ExpiredOperationReaper : [ExpirationReaper-0-Rebalance]: Shutting down
    2026-02-10T16:10:27.031+04:00  INFO 31749 --- [user-service] [    Test worker] perationPurgatory$ExpiredOperationReaper : [ExpirationReaper-0-Rebalance]: Shutdown completed
    2026-02-10T16:10:27.031+04:00  INFO 31749 --- [user-service] [per-0-Rebalance] perationPurgatory$ExpiredOperationReaper : [ExpirationReaper-0-Rebalance]: Stopped
    2026-02-10T16:10:27.032+04:00  INFO 31749 --- [user-service] [    Test worker] k.coordinator.group.GroupCoordinator     : [GroupCoordinator 0]: Shutdown complete.
    2026-02-10T16:10:27.032+04:00  INFO 31749 --- [user-service] [    Test worker] kafka.server.ReplicaManager              : [ReplicaManager broker=0] Shutting down
    2026-02-10T16:10:27.032+04:00  INFO 31749 --- [user-service] [    Test worker] k.s.ReplicaManager$LogDirFailureHandler  : [LogDirFailureHandler]: Shutting down
    2026-02-10T16:10:27.032+04:00  INFO 31749 --- [user-service] [    Test worker] k.s.ReplicaManager$LogDirFailureHandler  : [LogDirFailureHandler]: Shutdown completed
    2026-02-10T16:10:27.032+04:00  INFO 31749 --- [user-service] [rFailureHandler] k.s.ReplicaManager$LogDirFailureHandler  : [LogDirFailureHandler]: Stopped
    2026-02-10T16:10:27.032+04:00  INFO 31749 --- [user-service] [    Test worker] kafka.server.ReplicaFetcherManager       : [ReplicaFetcherManager on broker 0] shutting down
    2026-02-10T16:10:27.032+04:00  INFO 31749 --- [user-service] [    Test worker] kafka.server.ReplicaFetcherManager       : [ReplicaFetcherManager on broker 0] shutdown completed
    2026-02-10T16:10:27.032+04:00  INFO 31749 --- [user-service] [    Test worker] k.server.ReplicaAlterLogDirsManager      : [ReplicaAlterLogDirsManager on broker 0] shutting down
    2026-02-10T16:10:27.032+04:00  INFO 31749 --- [user-service] [    Test worker] k.server.ReplicaAlterLogDirsManager      : [ReplicaAlterLogDirsManager on broker 0] shutdown completed
    2026-02-10T16:10:27.032+04:00  INFO 31749 --- [user-service] [    Test worker] perationPurgatory$ExpiredOperationReaper : [ExpirationReaper-0-Fetch]: Shutting down
    2026-02-10T16:10:27.033+04:00  INFO 31749 --- [user-service] [nReaper-0-Fetch] perationPurgatory$ExpiredOperationReaper : [ExpirationReaper-0-Fetch]: Stopped
    2026-02-10T16:10:27.033+04:00  INFO 31749 --- [user-service] [    Test worker] perationPurgatory$ExpiredOperationReaper : [ExpirationReaper-0-Fetch]: Shutdown completed
    2026-02-10T16:10:27.033+04:00  INFO 31749 --- [user-service] [    Test worker] perationPurgatory$ExpiredOperationReaper : [ExpirationReaper-0-RemoteFetch]: Shutting down
    2026-02-10T16:10:27.033+04:00  INFO 31749 --- [user-service] [r-0-RemoteFetch] perationPurgatory$ExpiredOperationReaper : [ExpirationReaper-0-RemoteFetch]: Stopped
    2026-02-10T16:10:27.033+04:00  INFO 31749 --- [user-service] [    Test worker] perationPurgatory$ExpiredOperationReaper : [ExpirationReaper-0-RemoteFetch]: Shutdown completed
    2026-02-10T16:10:27.033+04:00  INFO 31749 --- [user-service] [    Test worker] perationPurgatory$ExpiredOperationReaper : [ExpirationReaper-0-Produce]: Shutting down
    2026-02-10T16:10:27.033+04:00  INFO 31749 --- [user-service] [eaper-0-Produce] perationPurgatory$ExpiredOperationReaper : [ExpirationReaper-0-Produce]: Stopped
    2026-02-10T16:10:27.033+04:00  INFO 31749 --- [user-service] [    Test worker] perationPurgatory$ExpiredOperationReaper : [ExpirationReaper-0-Produce]: Shutdown completed
    2026-02-10T16:10:27.033+04:00  INFO 31749 --- [user-service] [    Test worker] perationPurgatory$ExpiredOperationReaper : [ExpirationReaper-0-DeleteRecords]: Shutting down
    2026-02-10T16:10:27.033+04:00  INFO 31749 --- [user-service] [0-DeleteRecords] perationPurgatory$ExpiredOperationReaper : [ExpirationReaper-0-DeleteRecords]: Stopped
    2026-02-10T16:10:27.033+04:00  INFO 31749 --- [user-service] [    Test worker] perationPurgatory$ExpiredOperationReaper : [ExpirationReaper-0-DeleteRecords]: Shutdown completed
    2026-02-10T16:10:27.033+04:00  INFO 31749 --- [user-service] [    Test worker] perationPurgatory$ExpiredOperationReaper : [ExpirationReaper-0-ElectLeader]: Shutting down
    2026-02-10T16:10:27.033+04:00  INFO 31749 --- [user-service] [r-0-ElectLeader] perationPurgatory$ExpiredOperationReaper : [ExpirationReaper-0-ElectLeader]: Stopped
    2026-02-10T16:10:27.033+04:00  INFO 31749 --- [user-service] [    Test worker] perationPurgatory$ExpiredOperationReaper : [ExpirationReaper-0-ElectLeader]: Shutdown completed
    2026-02-10T16:10:27.040+04:00  INFO 31749 --- [user-service] [    Test worker] kafka.server.AddPartitionsToTxnManager   : [AddPartitionsToTxnSenderThread-0]: Shutting down
    2026-02-10T16:10:27.040+04:00  INFO 31749 --- [user-service] [nSenderThread-0] kafka.server.AddPartitionsToTxnManager   : [AddPartitionsToTxnSenderThread-0]: Stopped
    2026-02-10T16:10:27.040+04:00  INFO 31749 --- [user-service] [    Test worker] kafka.server.AddPartitionsToTxnManager   : [AddPartitionsToTxnSenderThread-0]: Shutdown completed
    2026-02-10T16:10:27.040+04:00  INFO 31749 --- [user-service] [    Test worker] kafka.server.ReplicaManager              : [ReplicaManager broker=0] Shut down completely
    2026-02-10T16:10:27.040+04:00  INFO 31749 --- [user-service] [    Test worker] k.server.NodeToControllerRequestThread   : [zk-broker-0-to-controller-alter-partition-channel-manager]: Shutting down
    2026-02-10T16:10:27.040+04:00  INFO 31749 --- [user-service] [channel-manager] k.server.NodeToControllerRequestThread   : [zk-broker-0-to-controller-alter-partition-channel-manager]: Stopped
    2026-02-10T16:10:27.040+04:00  INFO 31749 --- [user-service] [    Test worker] k.server.NodeToControllerRequestThread   : [zk-broker-0-to-controller-alter-partition-channel-manager]: Shutdown completed
    2026-02-10T16:10:27.041+04:00  INFO 31749 --- [user-service] [    Test worker] k.s.NodeToControllerChannelManagerImpl   : Node to controller channel manager for alter-partition shutdown
    2026-02-10T16:10:27.041+04:00  INFO 31749 --- [user-service] [    Test worker] k.server.NodeToControllerRequestThread   : [zk-broker-0-to-controller-forwarding-channel-manager]: Shutting down
    2026-02-10T16:10:27.041+04:00  INFO 31749 --- [user-service] [    Test worker] k.server.NodeToControllerRequestThread   : [zk-broker-0-to-controller-forwarding-channel-manager]: Shutdown completed
    2026-02-10T16:10:27.041+04:00  INFO 31749 --- [user-service] [channel-manager] k.server.NodeToControllerRequestThread   : [zk-broker-0-to-controller-forwarding-channel-manager]: Stopped
    2026-02-10T16:10:27.041+04:00  INFO 31749 --- [user-service] [    Test worker] k.s.NodeToControllerChannelManagerImpl   : Node to controller channel manager for forwarding shutdown
    2026-02-10T16:10:27.041+04:00  INFO 31749 --- [user-service] [    Test worker] kafka.log.LogManager                     : Shutting down.
    2026-02-10T16:10:27.042+04:00  INFO 31749 --- [user-service] [    Test worker] kafka.log.LogCleaner                     : Shutting down the log cleaner.
    2026-02-10T16:10:27.042+04:00  INFO 31749 --- [user-service] [    Test worker] kafka.log.LogCleaner$CleanerThread       : [kafka-log-cleaner-thread-0]: Shutting down
    2026-02-10T16:10:27.042+04:00  INFO 31749 --- [user-service] [    Test worker] kafka.log.LogCleaner$CleanerThread       : [kafka-log-cleaner-thread-0]: Shutdown completed
    2026-02-10T16:10:27.042+04:00  INFO 31749 --- [user-service] [leaner-thread-0] kafka.log.LogCleaner$CleanerThread       : [kafka-log-cleaner-thread-0]: Stopped
    2026-02-10T16:10:27.072+04:00  INFO 31749 --- [user-service] [    Test worker] kafka.log.LogManager                     : Shutdown complete.
    2026-02-10T16:10:27.073+04:00  INFO 31749 --- [user-service] [    Test worker] rollerEventManager$ControllerEventThread : [ControllerEventThread controllerId=0] Shutting down
    2026-02-10T16:10:27.073+04:00  INFO 31749 --- [user-service] [er-event-thread] rollerEventManager$ControllerEventThread : [ControllerEventThread controllerId=0] Stopped
    2026-02-10T16:10:27.073+04:00  INFO 31749 --- [user-service] [    Test worker] rollerEventManager$ControllerEventThread : [ControllerEventThread controllerId=0] Shutdown completed
    2026-02-10T16:10:27.074+04:00  INFO 31749 --- [user-service] [    Test worker] k.controller.ZkPartitionStateMachine     : [PartitionStateMachine controllerId=0] Stopped partition state machine
    2026-02-10T16:10:27.074+04:00  INFO 31749 --- [user-service] [    Test worker] kafka.controller.ZkReplicaStateMachine   : [ReplicaStateMachine controllerId=0] Stopped replica state machine
    2026-02-10T16:10:27.074+04:00  INFO 31749 --- [user-service] [    Test worker] kafka.controller.RequestSendThread       : [RequestSendThread controllerId=0] Shutting down
    2026-02-10T16:10:27.074+04:00  INFO 31749 --- [user-service] [r-0-send-thread] kafka.controller.RequestSendThread       : [RequestSendThread controllerId=0] Stopped
    2026-02-10T16:10:27.074+04:00  INFO 31749 --- [user-service] [    Test worker] kafka.controller.RequestSendThread       : [RequestSendThread controllerId=0] Shutdown completed
    2026-02-10T16:10:27.075+04:00  INFO 31749 --- [user-service] [    Test worker] kafka.controller.KafkaController         : [Controller id=0] Resigned
    2026-02-10T16:10:27.075+04:00  INFO 31749 --- [user-service] [    Test worker] stener$ChangeNotificationProcessorThread : [feature-zk-node-event-process-thread]: Shutting down
    2026-02-10T16:10:27.075+04:00  INFO 31749 --- [user-service] [    Test worker] stener$ChangeNotificationProcessorThread : [feature-zk-node-event-process-thread]: Shutdown completed
    2026-02-10T16:10:27.075+04:00  INFO 31749 --- [user-service] [-process-thread] stener$ChangeNotificationProcessorThread : [feature-zk-node-event-process-thread]: Stopped
    2026-02-10T16:10:27.075+04:00  INFO 31749 --- [user-service] [    Test worker] kafka.zookeeper.ZooKeeperClient          : [ZooKeeperClient Kafka server] Closing.
    2026-02-10T16:10:27.182+04:00  INFO 31749 --- [user-service] [    Test worker] org.apache.zookeeper.ZooKeeper           : Session: 0x10000a0f4060000 closed
    2026-02-10T16:10:27.182+04:00  INFO 31749 --- [user-service] [ker-EventThread] org.apache.zookeeper.ClientCnxn          : EventThread shut down for session: 0x10000a0f4060000
    2026-02-10T16:10:27.182+04:00  INFO 31749 --- [user-service] [    Test worker] kafka.zookeeper.ZooKeeperClient          : [ZooKeeperClient Kafka server] Closed.
    2026-02-10T16:10:27.182+04:00  INFO 31749 --- [user-service] [    Test worker] lientQuotaManager$ThrottledChannelReaper : [ThrottledChannelReaper-Fetch]: Shutting down
    2026-02-10T16:10:27.183+04:00  INFO 31749 --- [user-service] [    Test worker] lientQuotaManager$ThrottledChannelReaper : [ThrottledChannelReaper-Fetch]: Shutdown completed
    2026-02-10T16:10:27.183+04:00  INFO 31749 --- [user-service] [nelReaper-Fetch] lientQuotaManager$ThrottledChannelReaper : [ThrottledChannelReaper-Fetch]: Stopped
    2026-02-10T16:10:27.183+04:00  INFO 31749 --- [user-service] [    Test worker] lientQuotaManager$ThrottledChannelReaper : [ThrottledChannelReaper-Produce]: Shutting down
    2026-02-10T16:10:27.183+04:00  INFO 31749 --- [user-service] [lReaper-Produce] lientQuotaManager$ThrottledChannelReaper : [ThrottledChannelReaper-Produce]: Stopped
    2026-02-10T16:10:27.183+04:00  INFO 31749 --- [user-service] [    Test worker] lientQuotaManager$ThrottledChannelReaper : [ThrottledChannelReaper-Produce]: Shutdown completed
    2026-02-10T16:10:27.183+04:00  INFO 31749 --- [user-service] [    Test worker] lientQuotaManager$ThrottledChannelReaper : [ThrottledChannelReaper-Request]: Shutting down
    2026-02-10T16:10:27.183+04:00  INFO 31749 --- [user-service] [lReaper-Request] lientQuotaManager$ThrottledChannelReaper : [ThrottledChannelReaper-Request]: Stopped
    2026-02-10T16:10:27.183+04:00  INFO 31749 --- [user-service] [    Test worker] lientQuotaManager$ThrottledChannelReaper : [ThrottledChannelReaper-Request]: Shutdown completed
    2026-02-10T16:10:27.183+04:00  INFO 31749 --- [user-service] [    Test worker] lientQuotaManager$ThrottledChannelReaper : [ThrottledChannelReaper-ControllerMutation]: Shutting down
    2026-02-10T16:10:27.183+04:00  INFO 31749 --- [user-service] [trollerMutation] lientQuotaManager$ThrottledChannelReaper : [ThrottledChannelReaper-ControllerMutation]: Stopped
    2026-02-10T16:10:27.183+04:00  INFO 31749 --- [user-service] [    Test worker] lientQuotaManager$ThrottledChannelReaper : [ThrottledChannelReaper-ControllerMutation]: Shutdown completed
    2026-02-10T16:10:27.183+04:00  INFO 31749 --- [user-service] [    Test worker] kafka.network.SocketServer               : [SocketServer listenerType=ZK_BROKER, nodeId=0] Shutting down socket server
    2026-02-10T16:10:27.189+04:00  INFO 31749 --- [user-service] [    Test worker] kafka.network.SocketServer               : [SocketServer listenerType=ZK_BROKER, nodeId=0] Shutdown completed
    2026-02-10T16:10:27.189+04:00  INFO 31749 --- [user-service] [    Test worker] o.apache.kafka.common.metrics.Metrics    : Metrics scheduler closed
    2026-02-10T16:10:27.189+04:00  INFO 31749 --- [user-service] [    Test worker] o.apache.kafka.common.metrics.Metrics    : Closing reporter org.apache.kafka.common.metrics.JmxReporter
    2026-02-10T16:10:27.189+04:00  INFO 31749 --- [user-service] [    Test worker] o.apache.kafka.common.metrics.Metrics    : Metrics reporters closed
    2026-02-10T16:10:27.189+04:00  INFO 31749 --- [user-service] [    Test worker] kafka.server.BrokerTopicStats            : Broker and topic stats closed
    2026-02-10T16:10:27.190+04:00  INFO 31749 --- [user-service] [    Test worker] o.a.kafka.common.utils.AppInfoParser     : App info kafka.server for 0 unregistered
    2026-02-10T16:10:27.190+04:00  INFO 31749 --- [user-service] [    Test worker] kafka.server.KafkaServer                 : [KafkaServer id=0] shut down completed
    2026-02-10T16:10:27.191+04:00  INFO 31749 --- [user-service] [nnectionExpirer] o.a.z.server.NIOServerCnxnFactory        : ConnnectionExpirerThread interrupted
    2026-02-10T16:10:27.192+04:00  INFO 31749 --- [user-service] [ad:/127.0.0.1:0] o.a.z.server.NIOServerCnxnFactory        : accept thread exitted run method
    2026-02-10T16:10:27.192+04:00  INFO 31749 --- [user-service] [electorThread-1] o.a.z.server.NIOServerCnxnFactory        : selector thread exitted run method
    2026-02-10T16:10:27.192+04:00  INFO 31749 --- [user-service] [electorThread-0] o.a.z.server.NIOServerCnxnFactory        : selector thread exitted run method
    2026-02-10T16:10:27.192+04:00  INFO 31749 --- [user-service] [    Test worker] o.a.zookeeper.server.ZooKeeperServer     : shutting down
    2026-02-10T16:10:27.192+04:00  INFO 31749 --- [user-service] [    Test worker] o.a.zookeeper.server.RequestThrottler    : Shutting down
    2026-02-10T16:10:27.192+04:00  INFO 31749 --- [user-service] [equestThrottler] o.a.zookeeper.server.RequestThrottler    : Draining request throttler queue
    2026-02-10T16:10:27.193+04:00  INFO 31749 --- [user-service] [equestThrottler] o.a.zookeeper.server.RequestThrottler    : RequestThrottler shutdown. Dropped 0 requests
    2026-02-10T16:10:27.193+04:00  INFO 31749 --- [user-service] [    Test worker] o.a.zookeeper.server.SessionTrackerImpl  : Shutting down
    2026-02-10T16:10:27.193+04:00  INFO 31749 --- [user-service] [    Test worker] o.a.z.server.PrepRequestProcessor        : Shutting down
    2026-02-10T16:10:27.193+04:00  INFO 31749 --- [user-service] [    Test worker] o.a.z.server.SyncRequestProcessor        : Shutting down
    2026-02-10T16:10:27.193+04:00  INFO 31749 --- [user-service] [0 cport:51401):] o.a.z.server.PrepRequestProcessor        : PrepRequestProcessor exited loop!
    2026-02-10T16:10:27.193+04:00  INFO 31749 --- [user-service] [   SyncThread:0] o.a.z.server.SyncRequestProcessor        : SyncRequestProcessor exited!
    2026-02-10T16:10:27.193+04:00  INFO 31749 --- [user-service] [    Test worker] o.a.z.server.FinalRequestProcessor       : shutdown of request processor complete

UserSetupCompletedKafkaIT STANDARD_ERROR



    ============================
    CONDITIONS EVALUATION REPORT
    ============================


    Positive matches:
    -----------------

       AopAutoConfiguration matched:
          - @ConditionalOnProperty (spring.aop.auto=true) matched (OnPropertyCondition)

       AopAutoConfiguration.AspectJAutoProxyingConfiguration matched:
          - @ConditionalOnClass found required class 'org.aspectj.weaver.Advice' (OnClassCondition)

       AopAutoConfiguration.AspectJAutoProxyingConfiguration.CglibAutoProxyConfiguration matched:
          - @ConditionalOnProperty (spring.aop.proxy-target-class=true) matched (OnPropertyCondition)

       ApplicationAvailabilityAutoConfiguration#applicationAvailability matched:
          - @ConditionalOnMissingBean (types: org.springframework.boot.availability.ApplicationAvailability; SearchStrategy: all) did not find any beans (OnBeanCondition)

       AutoServiceRegistrationAutoConfiguration matched:
          - @ConditionalOnProperty (spring.cloud.service-registry.auto-registration.enabled) matched (OnPropertyCondition)

       AutoServiceRegistrationConfiguration matched:
          - @ConditionalOnProperty (spring.cloud.service-registry.auto-registration.enabled) matched (OnPropertyCondition)

       BlockingLoadBalancerClientAutoConfiguration matched:
          - @ConditionalOnProperty (spring.cloud.loadbalancer.enabled=true) matched (OnPropertyCondition)
          - AnyNestedCondition 2 matched 0 did not; NestedCondition on BlockingRestClassesPresentCondition.RestClientPresent @ConditionalOnClass found required class 'org.springframework.web.client.RestClient'; NestedCondition on BlockingRestClassesPresentCondition.RestTemplatePresent @ConditionalOnClass found required class 'org.springframework.web.client.RestTemplate' (BlockingRestClassesPresentCondition)

       BlockingLoadBalancerClientAutoConfiguration#blockingLoadBalancerClient matched:
          - @ConditionalOnBean (types: org.springframework.cloud.loadbalancer.support.LoadBalancerClientFactory; SearchStrategy: all) found bean 'loadBalancerClientFactory'; @ConditionalOnMissingBean (types: org.springframework.cloud.client.loadbalancer.LoadBalancerClient; SearchStrategy: all) did not find any beans (OnBeanCondition)

       BlockingLoadBalancerClientAutoConfiguration#loadBalancerServiceInstanceCookieTransformer matched:
          - @ConditionalOnBean (types: org.springframework.cloud.loadbalancer.support.LoadBalancerClientFactory; SearchStrategy: all) found bean 'loadBalancerClientFactory'; @ConditionalOnMissingBean (types: org.springframework.cloud.loadbalancer.core.LoadBalancerServiceInstanceCookieTransformer; SearchStrategy: all) did not find any beans (OnBeanCondition)

       BlockingLoadBalancerClientAutoConfiguration#xForwarderHeadersTransformer matched:
          - @ConditionalOnBean (types: org.springframework.cloud.loadbalancer.support.LoadBalancerClientFactory; SearchStrategy: all) found bean 'loadBalancerClientFactory'; @ConditionalOnMissingBean (types: org.springframework.cloud.loadbalancer.blocking.XForwardedHeadersTransformer; SearchStrategy: all) did not find any beans (OnBeanCondition)

       BlockingLoadBalancerClientAutoConfiguration.BlockingLoadBalancerRetryConfig matched:
          - @ConditionalOnClass found required class 'org.springframework.retry.support.RetryTemplate' (OnClassCondition)

       BlockingLoadBalancerClientAutoConfiguration.BlockingLoadBalancerRetryConfig#loadBalancedRetryFactory matched:
          - @ConditionalOnMissingBean (types: org.springframework.cloud.client.loadbalancer.LoadBalancedRetryFactory; SearchStrategy: all) did not find any beans (OnBeanCondition)

       CacheMeterBinderProvidersConfiguration matched:
          - @ConditionalOnClass found required class 'io.micrometer.core.instrument.binder.MeterBinder' (OnClassCondition)

       CacheMeterBinderProvidersConfiguration.CaffeineCacheMeterBinderProviderConfiguration matched:
          - @ConditionalOnClass found required classes 'org.springframework.cache.caffeine.CaffeineCache', 'com.github.benmanes.caffeine.cache.Cache' (OnClassCondition)

       CacheMeterBinderProvidersConfiguration.RedisCacheMeterBinderProviderConfiguration matched:
          - @ConditionalOnClass found required class 'org.springframework.data.redis.cache.RedisCache' (OnClassCondition)

       CacheMetricsAutoConfiguration matched:
          - @ConditionalOnBean (types: org.springframework.cache.CacheManager; SearchStrategy: all) found bean 'cacheManager' (OnBeanCondition)

       CacheMetricsRegistrarConfiguration matched:
          - @ConditionalOnBean (types: org.springframework.boot.actuate.metrics.cache.CacheMeterBinderProvider,io.micrometer.core.instrument.MeterRegistry; SearchStrategy: all) found beans 'caffeineCacheMeterBinderProvider', 'simpleMeterRegistry', 'redisCacheMeterBinderProvider' (OnBeanCondition)

       CaffeineCacheConfiguration matched:
          - @ConditionalOnClass found required classes 'com.github.benmanes.caffeine.cache.Caffeine', 'org.springframework.cache.caffeine.CaffeineCacheManager' (OnClassCondition)
          - Cache org.springframework.boot.autoconfigure.cache.CaffeineCacheConfiguration automatic cache type (CacheCondition)

       CommonsClientAutoConfiguration.ActuatorConfiguration matched:
          - @ConditionalOnClass found required class 'org.springframework.boot.actuate.endpoint.annotation.Endpoint' (OnClassCondition)
          - @ConditionalOnProperty (spring.cloud.features.enabled) matched (OnPropertyCondition)

       CommonsClientAutoConfiguration.DiscoveryLoadBalancerConfiguration matched:
          - @ConditionalOnClass found required class 'org.springframework.boot.actuate.health.HealthIndicator' (OnClassCondition)
          - @ConditionalOnProperty (spring.cloud.discovery.enabled) matched; @ConditionalOnProperty (spring.cloud.discovery.blocking.enabled) matched (OnPropertyCondition)
          - @ConditionalOnBean (types: org.springframework.cloud.client.discovery.DiscoveryClient; SearchStrategy: all) found beans 'simpleDiscoveryClient', 'compositeDiscoveryClient' (OnBeanCondition)

       CommonsClientAutoConfiguration.DiscoveryLoadBalancerConfiguration#discoveryClientHealthIndicator matched:
          - @ConditionalOnProperty (spring.cloud.discovery.client.health-indicator.enabled) matched (OnPropertyCondition)

       CommonsClientAutoConfiguration.DiscoveryLoadBalancerConfiguration#discoveryCompositeHealthContributor matched:
          - @ConditionalOnProperty (spring.cloud.discovery.client.composite-indicator.enabled) matched (OnPropertyCondition)
          - @ConditionalOnBean (types: org.springframework.cloud.client.discovery.health.DiscoveryHealthIndicator; SearchStrategy: all) found bean 'discoveryClientHealthIndicator' (OnBeanCondition)

       CompatibilityVerifierAutoConfiguration matched:
          - @ConditionalOnProperty (spring.cloud.compatibility-verifier.enabled) matched (OnPropertyCondition)

       CompositeMeterRegistryAutoConfiguration matched:
          - @ConditionalOnClass found required class 'io.micrometer.core.instrument.composite.CompositeMeterRegistry' (OnClassCondition)

       ConfigurationPropertiesRebinderAutoConfiguration matched:
          - @ConditionalOnBean (types: org.springframework.boot.context.properties.ConfigurationPropertiesBindingPostProcessor; SearchStrategy: all) found bean 'org.springframework.boot.context.properties.ConfigurationPropertiesBindingPostProcessor' (OnBeanCondition)

       ConfigurationPropertiesRebinderAutoConfiguration#configurationPropertiesBeans matched:
          - @ConditionalOnMissingBean (types: org.springframework.cloud.context.properties.ConfigurationPropertiesBeans; SearchStrategy: current) did not find any beans (OnBeanCondition)

       ConfigurationPropertiesRebinderAutoConfiguration#configurationPropertiesRebinder matched:
          - @ConditionalOnMissingBean (types: org.springframework.cloud.context.properties.ConfigurationPropertiesRebinder; SearchStrategy: current) did not find any beans (OnBeanCondition)

       DataSourceTransactionManagerAutoConfiguration matched:
          - @ConditionalOnClass found required classes 'javax.sql.DataSource', 'org.springframework.jdbc.core.JdbcTemplate', 'org.springframework.transaction.TransactionManager' (OnClassCondition)

       DiscoveryClientOptionalArgsConfiguration.RestTemplateConfiguration matched:
          - AllNestedConditions 4 matched 0 did not; NestedCondition on DiscoveryClientOptionalArgsConfiguration.OnRestTemplatePresentAndEnabledCondition.OnRestClientDisabled @ConditionalOnProperty (eureka.client.restclient.enabled=false) matched; NestedCondition on DiscoveryClientOptionalArgsConfiguration.OnRestTemplatePresentAndEnabledCondition.OnWebClientDisabled @ConditionalOnProperty (eureka.client.webclient.enabled=false) matched; NestedCondition on DiscoveryClientOptionalArgsConfiguration.OnRestTemplatePresentAndEnabledCondition.OnJerseyClientNotPresentOrNotEnabled AnyNestedCondition 1 matched 1 did not; NestedCondition on DiscoveryClientOptionalArgsConfiguration.OnJerseyClientNotPresentOrNotEnabledCondition.OnJerseyClientDisabled @ConditionalOnProperty (eureka.client.jersey.enabled=false) did not find property 'eureka.client.jersey.enabled'; NestedCondition on DiscoveryClientOptionalArgsConfiguration.OnJerseyClientNotPresentOrNotEnabledCondition.OnJerseyClientMissing @ConditionalOnMissingClass did not find unwanted class 'org.glassfish.jersey.client.JerseyClient'; NestedCondition on DiscoveryClientOptionalArgsConfiguration.OnRestTemplatePresentAndEnabledCondition.OnRestTemplatePresent @ConditionalOnClass found required class 'org.springframework.web.client.RestTemplate' (DiscoveryClientOptionalArgsConfiguration.OnRestTemplatePresentAndEnabledCondition)

       DiscoveryClientOptionalArgsConfiguration.RestTemplateConfiguration#defaultEurekaClientHttpRequestFactorySupplier matched:
          - @ConditionalOnMissingBean (types: org.springframework.cloud.netflix.eureka.http.EurekaClientHttpRequestFactorySupplier; SearchStrategy: all) did not find any beans (OnBeanCondition)

       DiscoveryClientOptionalArgsConfiguration.RestTemplateConfiguration#restTemplateDiscoveryClientOptionalArgs matched:
          - @ConditionalOnMissingBean (types: com.netflix.discovery.AbstractDiscoveryClientOptionalArgs; SearchStrategy: current) did not find any beans (OnBeanCondition)

       DiscoveryClientOptionalArgsConfiguration.RestTemplateConfiguration#restTemplateTransportClientFactories matched:
          - @ConditionalOnMissingBean (types: com.netflix.discovery.shared.transport.jersey.TransportClientFactories; SearchStrategy: current) did not find any beans (OnBeanCondition)

       DiskSpaceHealthContributorAutoConfiguration matched:
          - @ConditionalOnEnabledHealthIndicator management.health.defaults.enabled is considered true (OnEnabledHealthIndicatorCondition)

       DiskSpaceHealthContributorAutoConfiguration#diskSpaceHealthIndicator matched:
          - @ConditionalOnMissingBean (names: diskSpaceHealthIndicator; SearchStrategy: all) did not find any beans (OnBeanCondition)

       DispatcherServletAutoConfiguration matched:
          - @ConditionalOnClass found required class 'org.springframework.web.servlet.DispatcherServlet' (OnClassCondition)
          - found 'session' scope (OnWebApplicationCondition)

       DispatcherServletAutoConfiguration.DispatcherServletConfiguration matched:
          - @ConditionalOnClass found required class 'jakarta.servlet.ServletRegistration' (OnClassCondition)
          - Default DispatcherServlet did not find dispatcher servlet beans (DispatcherServletAutoConfiguration.DefaultDispatcherServletCondition)

       DispatcherServletAutoConfiguration.DispatcherServletRegistrationConfiguration matched:
          - @ConditionalOnClass found required class 'jakarta.servlet.ServletRegistration' (OnClassCondition)
          - DispatcherServlet Registration did not find servlet registration bean (DispatcherServletAutoConfiguration.DispatcherServletRegistrationCondition)

       DispatcherServletAutoConfiguration.DispatcherServletRegistrationConfiguration#dispatcherServletRegistration matched:
          - @ConditionalOnBean (names: dispatcherServlet types: org.springframework.web.servlet.DispatcherServlet; SearchStrategy: all) found bean 'dispatcherServlet' (OnBeanCondition)

       EndpointAutoConfiguration#endpointCachingOperationInvokerAdvisor matched:
          - @ConditionalOnMissingBean (types: org.springframework.boot.actuate.endpoint.invoker.cache.CachingOperationInvokerAdvisor; SearchStrategy: all) did not find any beans (OnBeanCondition)

       EndpointAutoConfiguration#endpointOperationParameterMapper matched:
          - @ConditionalOnMissingBean (types: org.springframework.boot.actuate.endpoint.invoke.ParameterValueMapper; SearchStrategy: all) did not find any beans (OnBeanCondition)

       EndpointAutoConfiguration#propertiesEndpointAccessResolver matched:
          - @ConditionalOnMissingBean (types: org.springframework.boot.actuate.endpoint.EndpointAccessResolver; SearchStrategy: all) did not find any beans (OnBeanCondition)

       ErrorMvcAutoConfiguration matched:
          - @ConditionalOnClass found required classes 'jakarta.servlet.Servlet', 'org.springframework.web.servlet.DispatcherServlet' (OnClassCondition)
          - found 'session' scope (OnWebApplicationCondition)

       ErrorMvcAutoConfiguration#basicErrorController matched:
          - @ConditionalOnMissingBean (types: org.springframework.boot.web.servlet.error.ErrorController; SearchStrategy: current) did not find any beans (OnBeanCondition)

       ErrorMvcAutoConfiguration#errorAttributes matched:
          - @ConditionalOnMissingBean (types: org.springframework.boot.web.servlet.error.ErrorAttributes; SearchStrategy: current) did not find any beans (OnBeanCondition)

       ErrorMvcAutoConfiguration.DefaultErrorViewResolverConfiguration#conventionErrorViewResolver matched:
          - @ConditionalOnBean (types: org.springframework.web.servlet.DispatcherServlet; SearchStrategy: all) found bean 'dispatcherServlet'; @ConditionalOnMissingBean (types: org.springframework.boot.autoconfigure.web.servlet.error.ErrorViewResolver; SearchStrategy: all) did not find any beans (OnBeanCondition)

       ErrorMvcAutoConfiguration.WhitelabelErrorViewConfiguration matched:
          - @ConditionalOnProperty (server.error.whitelabel.enabled) matched (OnPropertyCondition)
          - ErrorTemplate Missing did not find error template view (ErrorMvcAutoConfiguration.ErrorTemplateMissingCondition)

       ErrorMvcAutoConfiguration.WhitelabelErrorViewConfiguration#beanNameViewResolver matched:
          - @ConditionalOnMissingBean (types: org.springframework.web.servlet.view.BeanNameViewResolver; SearchStrategy: all) did not find any beans (OnBeanCondition)

       ErrorMvcAutoConfiguration.WhitelabelErrorViewConfiguration#defaultErrorView matched:
          - @ConditionalOnMissingBean (names: error; SearchStrategy: all) did not find any beans (OnBeanCondition)

       FeignAutoConfiguration matched:
          - @ConditionalOnClass found required class 'feign.Feign' (OnClassCondition)

       FeignAutoConfiguration#cachingCapability matched:
          - @ConditionalOnProperty (spring.cloud.openfeign.cache.enabled) matched (OnPropertyCondition)
          - @ConditionalOnBean (types: org.springframework.cache.interceptor.CacheInterceptor; SearchStrategy: all) found bean 'cacheInterceptor' (OnBeanCondition)

       FeignAutoConfiguration.DefaultFeignTargeterConfiguration matched:
          - AnyNestedCondition 1 matched 1 did not; NestedCondition on FeignCircuitBreakerDisabledConditions.CircuitBreakerDisabled @ConditionalOnProperty (spring.cloud.openfeign.circuitbreaker.enabled=false) matched; NestedCondition on FeignCircuitBreakerDisabledConditions.CircuitBreakerClassMissing @ConditionalOnMissingClass found unwanted class 'org.springframework.cloud.client.circuitbreaker.CircuitBreaker' (FeignCircuitBreakerDisabledConditions)

       FeignAutoConfiguration.DefaultFeignTargeterConfiguration#feignTargeter matched:
          - @ConditionalOnMissingBean (types: org.springframework.cloud.openfeign.Targeter; SearchStrategy: all) did not find any beans (OnBeanCondition)

       FeignAutoConfiguration.FeignJacksonConfiguration matched:
          - @ConditionalOnClass found required classes 'com.fasterxml.jackson.databind.Module', 'org.springframework.data.domain.Page', 'org.springframework.data.domain.Sort' (OnClassCondition)
          - @ConditionalOnProperty (spring.cloud.openfeign.autoconfiguration.jackson.enabled=true) matched (OnPropertyCondition)

       FeignAutoConfiguration.FeignJacksonConfiguration#pageJacksonModule matched:
          - @ConditionalOnMissingBean (types: org.springframework.cloud.openfeign.support.PageJacksonModule; SearchStrategy: all) did not find any beans (OnBeanCondition)

       FeignAutoConfiguration.FeignJacksonConfiguration#sortModule matched:
          - @ConditionalOnMissingBean (types: org.springframework.cloud.openfeign.support.SortJacksonModule; SearchStrategy: all) did not find any beans (OnBeanCondition)

       FeignLoadBalancerAutoConfiguration matched:
          - @ConditionalOnClass found required class 'feign.Feign' (OnClassCondition)
          - @ConditionalOnBean (types: org.springframework.cloud.client.loadbalancer.LoadBalancerClient,org.springframework.cloud.loadbalancer.support.LoadBalancerClientFactory; SearchStrategy: all) found beans 'blockingLoadBalancerClient', 'loadBalancerClientFactory' (OnBeanCondition)

       FeignLoadBalancerAutoConfiguration#xForwarderHeadersFeignTransformer matched:
          - @ConditionalOnBean (types: org.springframework.cloud.loadbalancer.support.LoadBalancerClientFactory; SearchStrategy: all) found bean 'loadBalancerClientFactory'; @ConditionalOnMissingBean (types: org.springframework.cloud.openfeign.loadbalancer.XForwardedHeadersTransformer; SearchStrategy: all) did not find any beans (OnBeanCondition)

       GenericCacheConfiguration matched:
          - Cache org.springframework.boot.autoconfigure.cache.GenericCacheConfiguration automatic cache type (CacheCondition)

       GrpcClientAutoConfiguration#compressionChannelConfigurer matched:
          - @ConditionalOnBean (types: io.grpc.CompressorRegistry; SearchStrategy: all) found bean 'defaultCompressorRegistry' (OnBeanCondition)

       GrpcClientAutoConfiguration#decompressionChannelConfigurer matched:
          - @ConditionalOnBean (types: io.grpc.DecompressorRegistry; SearchStrategy: all) found bean 'defaultDecompressorRegistry' (OnBeanCondition)

       GrpcClientAutoConfiguration#globalClientInterceptorRegistry matched:
          - @ConditionalOnMissingBean (types: net.devh.boot.grpc.client.interceptor.GlobalClientInterceptorRegistry; SearchStrategy: all) did not find any beans (OnBeanCondition)

       GrpcClientAutoConfiguration#grpcChannelsProperties matched:
          - @ConditionalOnMissingBean (types: net.devh.boot.grpc.client.config.GrpcChannelsProperties; SearchStrategy: all) did not find any beans (OnBeanCondition)

       GrpcClientAutoConfiguration#grpcNameResolverRegistration matched:
          - @ConditionalOnMissingBean (types: net.devh.boot.grpc.client.nameresolver.NameResolverRegistration; SearchStrategy: all) did not find any beans (OnBeanCondition)

       GrpcClientAutoConfiguration#shadedNettyGrpcChannelFactory matched:
          - @ConditionalOnClass found required classes 'io.grpc.netty.shaded.io.netty.channel.Channel', 'io.grpc.netty.shaded.io.grpc.netty.NettyChannelBuilder' (OnClassCondition)
          - @ConditionalOnMissingBean (types: net.devh.boot.grpc.client.channelfactory.GrpcChannelFactory; SearchStrategy: all) did not find any beans (OnBeanCondition)

       GrpcClientHealthAutoConfiguration matched:
          - @ConditionalOnClass found required class 'org.springframework.boot.actuate.health.HealthIndicator' (OnClassCondition)
          - @ConditionalOnEnabledHealthIndicator management.health.defaults.enabled is considered true (OnEnabledHealthIndicatorCondition)

       GrpcClientMetricAutoConfiguration matched:
          - @ConditionalOnClass found required class 'io.micrometer.core.instrument.binder.grpc.MetricCollectingClientInterceptor' (OnClassCondition)
          - @ConditionalOnBean (types: io.micrometer.core.instrument.MeterRegistry; SearchStrategy: all) found bean 'simpleMeterRegistry' (OnBeanCondition)

       GrpcClientMetricAutoConfiguration#metricCollectingClientInterceptor matched:
          - @ConditionalOnMissingBean (types: io.micrometer.core.instrument.binder.grpc.MetricCollectingClientInterceptor; SearchStrategy: all) did not find any beans (OnBeanCondition)

       GrpcClientMetricAutoConfiguration#metricsClientInterceptor matched:
          - @ConditionalOnProperty (grpc.metricsA66Enabled) matched (OnPropertyCondition)
          - @ConditionalOnMissingBean (types: net.devh.boot.grpc.client.metrics.MetricsClientInterceptor; SearchStrategy: all) did not find any beans (OnBeanCondition)

       GrpcClientMicrometerTraceAutoConfiguration matched:
          - @ConditionalOnProperty (management.tracing.grpc.enabled) matched (OnPropertyCondition)
          - @ConditionalOnBean (types: io.micrometer.observation.ObservationRegistry; SearchStrategy: all) found bean 'observationRegistry' (OnBeanCondition)

       GrpcCommonCodecAutoConfiguration matched:
          - @ConditionalOnClass found required class 'io.grpc.Codec' (OnClassCondition)

       GrpcCommonCodecAutoConfiguration#defaultCompressorRegistry matched:
          - @ConditionalOnBean (types: net.devh.boot.grpc.common.codec.GrpcCodecDiscoverer; SearchStrategy: all) found bean 'defaultGrpcCodecDiscoverer'; @ConditionalOnMissingBean (types: io.grpc.CompressorRegistry; SearchStrategy: all) did not find any beans (OnBeanCondition)

       GrpcCommonCodecAutoConfiguration#defaultDecompressorRegistry matched:
          - @ConditionalOnBean (types: net.devh.boot.grpc.common.codec.GrpcCodecDiscoverer; SearchStrategy: all) found bean 'defaultGrpcCodecDiscoverer'; @ConditionalOnMissingBean (types: io.grpc.DecompressorRegistry; SearchStrategy: all) did not find any beans (OnBeanCondition)

       GrpcCommonCodecAutoConfiguration#defaultGrpcCodecDiscoverer matched:
          - @ConditionalOnMissingBean (types: net.devh.boot.grpc.common.codec.GrpcCodecDiscoverer; SearchStrategy: all) did not find any beans (OnBeanCondition)

       GrpcDiscoveryClientAutoConfiguration matched:
          - @ConditionalOnBean (types: org.springframework.cloud.client.discovery.DiscoveryClient; SearchStrategy: all) found beans 'simpleDiscoveryClient', 'compositeDiscoveryClient' (OnBeanCondition)

       GrpcDiscoveryClientAutoConfiguration#grpcDiscoveryClientResolverFactory matched:
          - @ConditionalOnMissingBean (types: net.devh.boot.grpc.client.nameresolver.DiscoveryClientResolverFactory; SearchStrategy: all) did not find any beans (OnBeanCondition)

       GrpcHealthServiceAutoConfiguration matched:
          - @ConditionalOnClass found required class 'io.grpc.protobuf.services.HealthStatusManager' (OnClassCondition)
          - @ConditionalOnProperty (grpc.server.health-service-enabled) matched (OnPropertyCondition)

       GrpcHealthServiceAutoConfiguration#healthStatusManager matched:
          - @ConditionalOnMissingBean (types: io.grpc.protobuf.services.HealthStatusManager; SearchStrategy: all) did not find any beans (OnBeanCondition)

       GrpcMetadataEurekaConfiguration matched:
          - @ConditionalOnClass found required class 'org.springframework.cloud.netflix.eureka.serviceregistry.EurekaRegistration' (OnClassCondition)

       GrpcReflectionServiceAutoConfiguration matched:
          - @ConditionalOnClass found required class 'io.grpc.protobuf.services.ProtoReflectionService' (OnClassCondition)
          - @ConditionalOnProperty (grpc.server.reflection-service-enabled) matched (OnPropertyCondition)

       GrpcServerAutoConfiguration matched:
          - @ConditionalOnClass found required class 'io.grpc.Server' (OnClassCondition)

       GrpcServerAutoConfiguration#compressionServerConfigurer matched:
          - @ConditionalOnBean (types: io.grpc.CompressorRegistry; SearchStrategy: all) found bean 'defaultCompressorRegistry' (OnBeanCondition)

       GrpcServerAutoConfiguration#decompressionServerConfigurer matched:
          - @ConditionalOnBean (types: io.grpc.DecompressorRegistry; SearchStrategy: all) found bean 'defaultDecompressorRegistry' (OnBeanCondition)

       GrpcServerAutoConfiguration#defaultGrpcServerProperties matched:
          - @ConditionalOnMissingBean (types: net.devh.boot.grpc.server.config.GrpcServerProperties; SearchStrategy: all) did not find any beans (OnBeanCondition)

       GrpcServerAutoConfiguration#defaultGrpcServiceDiscoverer matched:
          - @ConditionalOnMissingBean (types: net.devh.boot.grpc.server.service.GrpcServiceDiscoverer; SearchStrategy: all) did not find any beans (OnBeanCondition)

       GrpcServerAutoConfiguration#globalServerInterceptorRegistry matched:
          - @ConditionalOnMissingBean (types: net.devh.boot.grpc.server.interceptor.GlobalServerInterceptorRegistry; SearchStrategy: all) did not find any beans (OnBeanCondition)

       GrpcServerAutoConfiguration#selfNameResolverFactory matched:
          - @ConditionalOnMissingBean (types: net.devh.boot.grpc.server.nameresolver.SelfNameResolverFactory; SearchStrategy: all) did not find any beans (OnBeanCondition)

       GrpcServerFactoryAutoConfiguration matched:
          - @ConditionalOnMissingBean (types: net.devh.boot.grpc.server.serverfactory.GrpcServerFactory,net.devh.boot.grpc.server.serverfactory.GrpcServerLifecycle; SearchStrategy: all) did not find any beans (OnBeanCondition)

       GrpcServerFactoryAutoConfiguration#shadedNettyGrpcServerFactory matched:
          - @ConditionalOnClass found required classes 'io.grpc.netty.shaded.io.netty.channel.Channel', 'io.grpc.netty.shaded.io.grpc.netty.NettyServerBuilder' (OnClassCondition)
          - NoneNestedConditions 0 matched 1 did not; NestedCondition on ConditionalOnInterprocessServer.NoServerPortCondition @ConditionalOnProperty (grpc.server.port=-1) did not find property 'grpc.server.port' (ConditionalOnInterprocessServer)

       GrpcServerFactoryAutoConfiguration#shadedNettyGrpcServerLifecycle matched:
          - @ConditionalOnBean (types: net.devh.boot.grpc.server.serverfactory.ShadedNettyGrpcServerFactory; SearchStrategy: all) found bean 'shadedNettyGrpcServerFactory' (OnBeanCondition)

       GrpcServerMetricAutoConfiguration matched:
          - @ConditionalOnClass found required class 'io.micrometer.core.instrument.binder.grpc.MetricCollectingServerInterceptor' (OnClassCondition)
          - @ConditionalOnBean (types: io.micrometer.core.instrument.MeterRegistry; SearchStrategy: all) found bean 'simpleMeterRegistry' (OnBeanCondition)

       GrpcServerMetricAutoConfiguration#metricCollectingServerInterceptor matched:
          - @ConditionalOnMissingBean (types: io.micrometer.core.instrument.binder.grpc.MetricCollectingServerInterceptor; SearchStrategy: all) did not find any beans (OnBeanCondition)

       GrpcServerMetricAutoConfiguration#streamTracerFactoryConfigurer matched:
          - @ConditionalOnProperty (grpc.metricsA66Enabled) matched (OnPropertyCondition)

       GrpcServerMicrometerTraceAutoConfiguration matched:
          - @ConditionalOnProperty (management.tracing.grpc.enabled) matched (OnPropertyCondition)
          - @ConditionalOnBean (types: io.micrometer.observation.ObservationRegistry; SearchStrategy: all) found bean 'observationRegistry' (OnBeanCondition)

       GsonAutoConfiguration matched:
          - @ConditionalOnClass found required class 'com.google.gson.Gson' (OnClassCondition)

       GsonAutoConfiguration#gson matched:
          - @ConditionalOnMissingBean (types: com.google.gson.Gson; SearchStrategy: all) did not find any beans (OnBeanCondition)

       GsonAutoConfiguration#gsonBuilder matched:
          - @ConditionalOnMissingBean (types: com.google.gson.GsonBuilder; SearchStrategy: all) did not find any beans (OnBeanCondition)

       GsonHttpMessageConvertersConfiguration matched:
          - @ConditionalOnClass found required class 'com.google.gson.Gson' (OnClassCondition)

       HealthContributorAutoConfiguration#pingHealthContributor matched:
          - @ConditionalOnEnabledHealthIndicator management.health.defaults.enabled is considered true (OnEnabledHealthIndicatorCondition)

       HealthEndpointAutoConfiguration matched:
          - @ConditionalOnAvailableEndpoint marked as exposed by a 'management.endpoints.web.exposure' property (OnAvailableEndpointCondition)

       HealthEndpointConfiguration#healthContributorRegistry matched:
          - @ConditionalOnMissingBean (types: org.springframework.boot.actuate.health.HealthContributorRegistry; SearchStrategy: all) did not find any beans (OnBeanCondition)

       HealthEndpointConfiguration#healthEndpoint matched:
          - @ConditionalOnMissingBean (types: org.springframework.boot.actuate.health.HealthEndpoint; SearchStrategy: all) did not find any beans (OnBeanCondition)

       HealthEndpointConfiguration#healthEndpointGroupMembershipValidator matched:
          - @ConditionalOnProperty (management.endpoint.health.validate-group-membership=true) matched (OnPropertyCondition)

       HealthEndpointConfiguration#healthEndpointGroups matched:
          - @ConditionalOnMissingBean (types: org.springframework.boot.actuate.health.HealthEndpointGroups; SearchStrategy: all) did not find any beans (OnBeanCondition)

       HealthEndpointConfiguration#healthHttpCodeStatusMapper matched:
          - @ConditionalOnMissingBean (types: org.springframework.boot.actuate.health.HttpCodeStatusMapper; SearchStrategy: all) did not find any beans (OnBeanCondition)

       HealthEndpointConfiguration#healthStatusAggregator matched:
          - @ConditionalOnMissingBean (types: org.springframework.boot.actuate.health.StatusAggregator; SearchStrategy: all) did not find any beans (OnBeanCondition)

       HealthEndpointWebExtensionConfiguration matched:
          - found 'session' scope (OnWebApplicationCondition)
          - @ConditionalOnAvailableEndpoint marked as exposed by a 'management.endpoints.web.exposure' property (OnAvailableEndpointCondition)
          - @ConditionalOnBean (types: org.springframework.boot.actuate.health.HealthEndpoint; SearchStrategy: all) found bean 'healthEndpoint' (OnBeanCondition)

       HealthEndpointWebExtensionConfiguration#healthEndpointWebExtension matched:
          - @ConditionalOnMissingBean (types: org.springframework.boot.actuate.health.HealthEndpointWebExtension; SearchStrategy: all) did not find any beans (OnBeanCondition)

       HealthEndpointWebExtensionConfiguration.MvcAdditionalHealthEndpointPathsConfiguration matched:
          - @ConditionalOnBean (types: org.springframework.web.servlet.DispatcherServlet; SearchStrategy: all) found bean 'dispatcherServlet' (OnBeanCondition)

       HttpClient5FeignConfiguration matched:
          - @ConditionalOnMissingBean (types: org.apache.hc.client5.http.impl.classic.CloseableHttpClient; SearchStrategy: all) did not find any beans (OnBeanCondition)

       HttpClient5FeignConfiguration#hc5ConnectionManager matched:
          - @ConditionalOnMissingBean (types: org.apache.hc.client5.http.io.HttpClientConnectionManager; SearchStrategy: all) did not find any beans (OnBeanCondition)

       HttpClient5FeignLoadBalancerConfiguration matched:
          - @ConditionalOnClass found required class 'feign.hc5.ApacheHttp5Client' (OnClassCondition)
          - @ConditionalOnProperty (spring.cloud.openfeign.httpclient.hc5.enabled=true) matched (OnPropertyCondition)
          - @ConditionalOnBean (types: org.springframework.cloud.client.loadbalancer.LoadBalancerClient,org.springframework.cloud.loadbalancer.support.LoadBalancerClientFactory; SearchStrategy: all) found beans 'blockingLoadBalancerClient', 'loadBalancerClientFactory' (OnBeanCondition)

       HttpClient5FeignLoadBalancerConfiguration#feignRetryClient matched:
          - @ConditionalOnClass found required class 'org.springframework.retry.support.RetryTemplate' (OnClassCondition)
          - @ConditionalOnProperty (spring.cloud.loadbalancer.retry.enabled=true) matched (OnPropertyCondition)
          - @ConditionalOnBean (types: org.springframework.cloud.client.loadbalancer.LoadBalancedRetryFactory; SearchStrategy: all) found bean 'loadBalancedRetryFactory'; @ConditionalOnMissingBean (types: feign.Client; SearchStrategy: all) did not find any beans (OnBeanCondition)

       HttpClientAutoConfiguration matched:
          - @ConditionalOnClass found required class 'org.springframework.http.client.ClientHttpRequestFactory' (OnClassCondition)
          - NoneNestedConditions 0 matched 1 did not; NestedCondition on NotReactiveWebApplicationCondition.ReactiveWebApplication did not find reactive web application classes (NotReactiveWebApplicationCondition)

       HttpClientAutoConfiguration#clientHttpRequestFactoryBuilder matched:
          - @ConditionalOnMissingBean (types: org.springframework.boot.http.client.ClientHttpRequestFactoryBuilder; SearchStrategy: all) did not find any beans (OnBeanCondition)

       HttpClientAutoConfiguration#clientHttpRequestFactorySettings matched:
          - @ConditionalOnMissingBean (types: org.springframework.boot.http.client.ClientHttpRequestFactorySettings; SearchStrategy: all) did not find any beans (OnBeanCondition)

       HttpClientObservationsAutoConfiguration matched:
          - @ConditionalOnClass found required class 'io.micrometer.observation.Observation' (OnClassCondition)
          - @ConditionalOnBean (types: io.micrometer.observation.ObservationRegistry; SearchStrategy: all) found bean 'observationRegistry' (OnBeanCondition)

       HttpClientObservationsAutoConfiguration.MeterFilterConfiguration matched:
          - @ConditionalOnClass found required class 'io.micrometer.core.instrument.MeterRegistry' (OnClassCondition)
          - @ConditionalOnBean (types: io.micrometer.core.instrument.MeterRegistry; SearchStrategy: all) found bean 'simpleMeterRegistry' (OnBeanCondition)

       HttpEncodingAutoConfiguration matched:
          - @ConditionalOnClass found required class 'org.springframework.web.filter.CharacterEncodingFilter' (OnClassCondition)
          - found 'session' scope (OnWebApplicationCondition)
          - @ConditionalOnProperty (server.servlet.encoding.enabled) matched (OnPropertyCondition)

       HttpEncodingAutoConfiguration#characterEncodingFilter matched:
          - @ConditionalOnMissingBean (types: org.springframework.web.filter.CharacterEncodingFilter; SearchStrategy: all) did not find any beans (OnBeanCondition)

       HttpMessageConvertersAutoConfiguration matched:
          - @ConditionalOnClass found required class 'org.springframework.http.converter.HttpMessageConverter' (OnClassCondition)
          - NoneNestedConditions 0 matched 1 did not; NestedCondition on HttpMessageConvertersAutoConfiguration.NotReactiveWebApplicationCondition.ReactiveWebApplication did not find reactive web application classes (HttpMessageConvertersAutoConfiguration.NotReactiveWebApplicationCondition)

       HttpMessageConvertersAutoConfiguration#messageConverters matched:
          - @ConditionalOnMissingBean (types: org.springframework.boot.autoconfigure.http.HttpMessageConverters; SearchStrategy: all) did not find any beans (OnBeanCondition)

       HttpMessageConvertersAutoConfiguration.StringHttpMessageConverterConfiguration matched:
          - @ConditionalOnClass found required class 'org.springframework.http.converter.StringHttpMessageConverter' (OnClassCondition)

       HttpMessageConvertersAutoConfiguration.StringHttpMessageConverterConfiguration#stringHttpMessageConverter matched:
          - @ConditionalOnMissingBean (types: org.springframework.http.converter.StringHttpMessageConverter; SearchStrategy: all) did not find any beans (OnBeanCondition)

       InfoEndpointAutoConfiguration matched:
          - @ConditionalOnAvailableEndpoint marked as exposed by a 'management.endpoints.web.exposure' property (OnAvailableEndpointCondition)

       InfoEndpointAutoConfiguration#infoEndpoint matched:
          - @ConditionalOnMissingBean (types: org.springframework.boot.actuate.info.InfoEndpoint; SearchStrategy: all) did not find any beans (OnBeanCondition)

       JacksonAutoConfiguration matched:
          - @ConditionalOnClass found required class 'com.fasterxml.jackson.databind.ObjectMapper' (OnClassCondition)

       JacksonAutoConfiguration.Jackson2ObjectMapperBuilderCustomizerConfiguration matched:
          - @ConditionalOnClass found required class 'org.springframework.http.converter.json.Jackson2ObjectMapperBuilder' (OnClassCondition)

       JacksonAutoConfiguration.JacksonObjectMapperBuilderConfiguration matched:
          - @ConditionalOnClass found required class 'org.springframework.http.converter.json.Jackson2ObjectMapperBuilder' (OnClassCondition)

       JacksonAutoConfiguration.JacksonObjectMapperBuilderConfiguration#jacksonObjectMapperBuilder matched:
          - @ConditionalOnMissingBean (types: org.springframework.http.converter.json.Jackson2ObjectMapperBuilder; SearchStrategy: all) did not find any beans (OnBeanCondition)

       JacksonAutoConfiguration.JacksonObjectMapperConfiguration matched:
          - @ConditionalOnClass found required class 'org.springframework.http.converter.json.Jackson2ObjectMapperBuilder' (OnClassCondition)

       JacksonAutoConfiguration.JacksonObjectMapperConfiguration#jacksonObjectMapper matched:
          - @ConditionalOnMissingBean (types: com.fasterxml.jackson.databind.ObjectMapper; SearchStrategy: all) did not find any beans (OnBeanCondition)

       JacksonAutoConfiguration.ParameterNamesModuleConfiguration matched:
          - @ConditionalOnClass found required class 'com.fasterxml.jackson.module.paramnames.ParameterNamesModule' (OnClassCondition)

       JacksonAutoConfiguration.ParameterNamesModuleConfiguration#parameterNamesModule matched:
          - @ConditionalOnMissingBean (types: com.fasterxml.jackson.module.paramnames.ParameterNamesModule; SearchStrategy: all) did not find any beans (OnBeanCondition)

       JacksonEndpointAutoConfiguration#endpointObjectMapper matched:
          - @ConditionalOnClass found required classes 'com.fasterxml.jackson.databind.ObjectMapper', 'org.springframework.http.converter.json.Jackson2ObjectMapperBuilder' (OnClassCondition)
          - @ConditionalOnProperty (management.endpoints.jackson.isolated-object-mapper) matched (OnPropertyCondition)

       JacksonHttpMessageConvertersConfiguration.MappingJackson2HttpMessageConverterConfiguration matched:
          - @ConditionalOnClass found required class 'com.fasterxml.jackson.databind.ObjectMapper' (OnClassCondition)
          - @ConditionalOnProperty (spring.mvc.converters.preferred-json-mapper=jackson) matched (OnPropertyCondition)
          - @ConditionalOnBean (types: com.fasterxml.jackson.databind.ObjectMapper; SearchStrategy: all) found bean 'jacksonObjectMapper' (OnBeanCondition)

       JacksonHttpMessageConvertersConfiguration.MappingJackson2HttpMessageConverterConfiguration#mappingJackson2HttpMessageConverter matched:
          - @ConditionalOnMissingBean (types: org.springframework.http.converter.json.MappingJackson2HttpMessageConverter ignored: org.springframework.hateoas.server.mvc.TypeConstrainedMappingJackson2HttpMessageConverter,org.springframework.data.rest.webmvc.alps.AlpsJsonHttpMessageConverter; SearchStrategy: all) did not find any beans (OnBeanCondition)

       JtaAutoConfiguration matched:
          - @ConditionalOnClass found required class 'jakarta.transaction.Transaction' (OnClassCondition)
          - @ConditionalOnProperty (spring.jta.enabled) matched (OnPropertyCondition)

       JvmMetricsAutoConfiguration matched:
          - @ConditionalOnClass found required class 'io.micrometer.core.instrument.MeterRegistry' (OnClassCondition)
          - @ConditionalOnBean (types: io.micrometer.core.instrument.MeterRegistry; SearchStrategy: all) found bean 'simpleMeterRegistry' (OnBeanCondition)

       JvmMetricsAutoConfiguration#classLoaderMetrics matched:
          - @ConditionalOnMissingBean (types: io.micrometer.core.instrument.binder.jvm.ClassLoaderMetrics; SearchStrategy: all) did not find any beans (OnBeanCondition)

       JvmMetricsAutoConfiguration#jvmCompilationMetrics matched:
          - @ConditionalOnMissingBean (types: io.micrometer.core.instrument.binder.jvm.JvmCompilationMetrics; SearchStrategy: all) did not find any beans (OnBeanCondition)

       JvmMetricsAutoConfiguration#jvmGcMetrics matched:
          - @ConditionalOnMissingBean (types: io.micrometer.core.instrument.binder.jvm.JvmGcMetrics; SearchStrategy: all) did not find any beans (OnBeanCondition)

       JvmMetricsAutoConfiguration#jvmHeapPressureMetrics matched:
          - @ConditionalOnMissingBean (types: io.micrometer.core.instrument.binder.jvm.JvmHeapPressureMetrics; SearchStrategy: all) did not find any beans (OnBeanCondition)

       JvmMetricsAutoConfiguration#jvmInfoMetrics matched:
          - @ConditionalOnMissingBean (types: io.micrometer.core.instrument.binder.jvm.JvmInfoMetrics; SearchStrategy: all) did not find any beans (OnBeanCondition)

       JvmMetricsAutoConfiguration#jvmMemoryMetrics matched:
          - @ConditionalOnMissingBean (types: io.micrometer.core.instrument.binder.jvm.JvmMemoryMetrics; SearchStrategy: all) did not find any beans (OnBeanCondition)

       JvmMetricsAutoConfiguration#jvmThreadMetrics matched:
          - @ConditionalOnMissingBean (types: io.micrometer.core.instrument.binder.jvm.JvmThreadMetrics; SearchStrategy: all) did not find any beans (OnBeanCondition)

       KafkaAnnotationDrivenConfiguration matched:
          - @ConditionalOnClass found required class 'org.springframework.kafka.annotation.EnableKafka' (OnClassCondition)

       KafkaAnnotationDrivenConfiguration#kafkaListenerContainerFactory matched:
          - @ConditionalOnMissingBean (names: kafkaListenerContainerFactory; SearchStrategy: all) did not find any beans (OnBeanCondition)

       KafkaAnnotationDrivenConfiguration#kafkaListenerContainerFactoryConfigurer matched:
          - @ConditionalOnMissingBean (types: org.springframework.boot.autoconfigure.kafka.ConcurrentKafkaListenerContainerFactoryConfigurer; SearchStrategy: all) did not find any beans (OnBeanCondition)
          - @ConditionalOnThreading found PLATFORM (OnThreadingCondition)

       KafkaAutoConfiguration matched:
          - @ConditionalOnClass found required class 'org.springframework.kafka.core.KafkaTemplate' (OnClassCondition)

       KafkaAutoConfiguration#kafkaAdmin matched:
          - @ConditionalOnMissingBean (types: org.springframework.kafka.core.KafkaAdmin; SearchStrategy: all) did not find any beans (OnBeanCondition)

       KafkaAutoConfiguration#kafkaConnectionDetails matched:
          - @ConditionalOnMissingBean (types: org.springframework.boot.autoconfigure.kafka.KafkaConnectionDetails; SearchStrategy: all) did not find any beans (OnBeanCondition)

       KafkaAutoConfiguration#kafkaProducerFactory matched:
          - @ConditionalOnMissingBean (types: org.springframework.kafka.core.ProducerFactory; SearchStrategy: all) did not find any beans (OnBeanCondition)

       KafkaAutoConfiguration#kafkaProducerListener matched:
          - @ConditionalOnMissingBean (types: org.springframework.kafka.support.ProducerListener; SearchStrategy: all) did not find any beans (OnBeanCondition)

       KafkaAutoConfiguration#kafkaTemplate matched:
          - @ConditionalOnMissingBean (types: org.springframework.kafka.core.KafkaTemplate; SearchStrategy: all) did not find any beans (OnBeanCondition)

       KafkaMetricsAutoConfiguration matched:
          - @ConditionalOnClass found required classes 'io.micrometer.core.instrument.binder.kafka.KafkaClientMetrics', 'org.springframework.kafka.core.ProducerFactory' (OnClassCondition)
          - @ConditionalOnBean (types: io.micrometer.core.instrument.MeterRegistry; SearchStrategy: all) found bean 'simpleMeterRegistry' (OnBeanCondition)

       KafkaMetricsAutoConfiguration.KafkaStreamsMetricsConfiguration matched:
          - @ConditionalOnClass found required classes 'io.micrometer.core.instrument.binder.kafka.KafkaStreamsMetrics', 'org.springframework.kafka.config.StreamsBuilderFactoryBean' (OnClassCondition)

       LettuceConnectionConfiguration matched:
          - @ConditionalOnClass found required class 'io.lettuce.core.RedisClient' (OnClassCondition)
          - @ConditionalOnProperty (spring.data.redis.client-type=lettuce) matched (OnPropertyCondition)

       LettuceConnectionConfiguration#lettuceClientResources matched:
          - @ConditionalOnMissingBean (types: io.lettuce.core.resource.ClientResources; SearchStrategy: all) did not find any beans (OnBeanCondition)

       LettuceConnectionConfiguration#redisConnectionFactory matched:
          - @ConditionalOnMissingBean (types: org.springframework.data.redis.connection.RedisConnectionFactory; SearchStrategy: all) did not find any beans (OnBeanCondition)
          - @ConditionalOnThreading found PLATFORM (OnThreadingCondition)

       LettuceMetricsAutoConfiguration matched:
          - @ConditionalOnClass found required classes 'io.lettuce.core.RedisClient', 'io.lettuce.core.metrics.MicrometerCommandLatencyRecorder' (OnClassCondition)
          - @ConditionalOnBean (types: io.micrometer.core.instrument.MeterRegistry; SearchStrategy: all) found bean 'simpleMeterRegistry' (OnBeanCondition)

       LettuceMetricsAutoConfiguration#micrometerOptions matched:
          - @ConditionalOnMissingBean (types: io.lettuce.core.metrics.MicrometerOptions; SearchStrategy: all) did not find any beans (OnBeanCondition)

       LifecycleAutoConfiguration#defaultLifecycleProcessor matched:
          - @ConditionalOnMissingBean (names: lifecycleProcessor; SearchStrategy: current) did not find any beans (OnBeanCondition)

       LifecycleMvcEndpointAutoConfiguration#environmentManager matched:
          - @ConditionalOnMissingBean (types: org.springframework.cloud.context.environment.EnvironmentManager; SearchStrategy: all) did not find any beans (OnBeanCondition)

       org.springframework.cloud.client.loadbalancer.LoadBalancerAutoConfiguration matched:
          - AnyNestedCondition 2 matched 0 did not; NestedCondition on BlockingRestClassesPresentCondition.RestClientPresent @ConditionalOnClass found required class 'org.springframework.web.client.RestClient'; NestedCondition on BlockingRestClassesPresentCondition.RestTemplatePresent @ConditionalOnClass found required class 'org.springframework.web.client.RestTemplate' (BlockingRestClassesPresentCondition)
          - @ConditionalOnBean (types: org.springframework.cloud.client.loadbalancer.LoadBalancerClient; SearchStrategy: all) found bean 'blockingLoadBalancerClient' (OnBeanCondition)

       org.springframework.cloud.loadbalancer.config.LoadBalancerAutoConfiguration matched:
          - @ConditionalOnProperty (spring.cloud.loadbalancer.enabled=true) matched (OnPropertyCondition)

       LoadBalancerAutoConfiguration#loadBalancerClientFactory matched:
          - @ConditionalOnMissingBean (types: org.springframework.cloud.loadbalancer.support.LoadBalancerClientFactory; SearchStrategy: all) did not find any beans (OnBeanCondition)

       LoadBalancerAutoConfiguration#loadBalancerRequestFactory matched:
          - @ConditionalOnMissingBean (types: org.springframework.cloud.client.loadbalancer.LoadBalancerRequestFactory; SearchStrategy: all) did not find any beans (OnBeanCondition)

       LoadBalancerAutoConfiguration#zoneConfig matched:
          - @ConditionalOnMissingBean (types: org.springframework.cloud.loadbalancer.config.LoadBalancerZoneConfig; SearchStrategy: all) did not find any beans (OnBeanCondition)

       LoadBalancerAutoConfiguration.DeferringLoadBalancerInterceptorConfig#deferringLoadBalancerInterceptor matched:
          - @ConditionalOnMissingBean (types: org.springframework.cloud.client.loadbalancer.DeferringLoadBalancerInterceptor; SearchStrategy: all) did not find any beans (OnBeanCondition)

       LoadBalancerAutoConfiguration.DeferringLoadBalancerInterceptorConfig#lbRestClientPostProcessor matched:
          - @ConditionalOnBean (types: org.springframework.cloud.client.loadbalancer.DeferringLoadBalancerInterceptor; SearchStrategy: all) found bean 'deferringLoadBalancerInterceptor'; @ConditionalOnMissingBean (types: org.springframework.cloud.client.loadbalancer.LoadBalancerRestClientBuilderBeanPostProcessor; SearchStrategy: all) did not find any beans (OnBeanCondition)

       LoadBalancerAutoConfiguration.DeferringLoadBalancerInterceptorConfig#lbRestTemplateBuilderPostProcessor matched:
          - @ConditionalOnBean (types: org.springframework.cloud.client.loadbalancer.DeferringLoadBalancerInterceptor; SearchStrategy: all) found bean 'deferringLoadBalancerInterceptor'; @ConditionalOnMissingBean (types: org.springframework.cloud.client.loadbalancer.LoadBalancerRestTemplateBuilderBeanPostProcessor; SearchStrategy: all) did not find any beans (OnBeanCondition)

       LoadBalancerAutoConfiguration.RetryAutoConfiguration matched:
          - @ConditionalOnClass found required class 'org.springframework.retry.support.RetryTemplate' (OnClassCondition)

       LoadBalancerAutoConfiguration.RetryInterceptorAutoConfiguration matched:
          - @ConditionalOnClass found required class 'org.springframework.retry.support.RetryTemplate' (OnClassCondition)
          - @ConditionalOnProperty (spring.cloud.loadbalancer.retry.enabled) matched (OnPropertyCondition)
          - @ConditionalOnBean (types: org.springframework.cloud.client.loadbalancer.reactive.ReactiveLoadBalancer$Factory; SearchStrategy: all) found bean 'loadBalancerClientFactory' (OnBeanCondition)

       LoadBalancerAutoConfiguration.RetryInterceptorAutoConfiguration#loadBalancerInterceptor matched:
          - @ConditionalOnMissingBean (types: org.springframework.cloud.client.loadbalancer.RetryLoadBalancerInterceptor; SearchStrategy: all) did not find any beans (OnBeanCondition)

       LoadBalancerAutoConfiguration.RetryInterceptorAutoConfiguration#restTemplateCustomizer matched:
          - @ConditionalOnMissingBean (types: org.springframework.cloud.client.loadbalancer.RestTemplateCustomizer; SearchStrategy: all) did not find any beans (OnBeanCondition)

       LoadBalancerCacheAutoConfiguration matched:
          - @ConditionalOnClass found required classes 'org.springframework.cache.CacheManager', 'org.springframework.boot.autoconfigure.cache.CacheAutoConfiguration' (OnClassCondition)
          - AllNestedConditions 2 matched 0 did not; NestedCondition on LoadBalancerCacheAutoConfiguration.OnLoadBalancerCachingEnabledCondition.LoadBalancerCacheEnabled @ConditionalOnProperty (spring.cloud.loadbalancer.cache.enabled) matched; NestedCondition on LoadBalancerCacheAutoConfiguration.OnLoadBalancerCachingEnabledCondition.LoadBalancerEnabled @ConditionalOnProperty (spring.cloud.loadbalancer.enabled=true) matched (LoadBalancerCacheAutoConfiguration.OnLoadBalancerCachingEnabledCondition)

       LoadBalancerCacheAutoConfiguration.CaffeineLoadBalancerCacheManagerConfiguration matched:
          - @ConditionalOnClass found required classes 'com.github.benmanes.caffeine.cache.Caffeine', 'org.springframework.cache.caffeine.CaffeineCacheManager' (OnClassCondition)

       LoadBalancerCacheAutoConfiguration.CaffeineLoadBalancerCacheManagerConfiguration#caffeineLoadBalancerCacheManager matched:
          - @ConditionalOnMissingBean (types: org.springframework.cloud.loadbalancer.cache.LoadBalancerCacheManager; SearchStrategy: all) did not find any beans (OnBeanCondition)

       LogbackMetricsAutoConfiguration matched:
          - @ConditionalOnClass found required classes 'io.micrometer.core.instrument.MeterRegistry', 'ch.qos.logback.classic.LoggerContext', 'org.slf4j.LoggerFactory' (OnClassCondition)
          - LogbackLoggingCondition ILoggerFactory is a Logback LoggerContext (LogbackMetricsAutoConfiguration.LogbackLoggingCondition)
          - @ConditionalOnBean (types: io.micrometer.core.instrument.MeterRegistry; SearchStrategy: all) found bean 'simpleMeterRegistry' (OnBeanCondition)

       LogbackMetricsAutoConfiguration#logbackMetrics matched:
          - @ConditionalOnMissingBean (types: io.micrometer.core.instrument.binder.logging.LogbackMetrics; SearchStrategy: all) did not find any beans (OnBeanCondition)

       ManagementContextAutoConfiguration.SameManagementContextConfiguration matched:
          - Management Port actual port type (SAME) matched required type (OnManagementPortCondition)

       MetricsAutoConfiguration matched:
          - @ConditionalOnClass found required class 'io.micrometer.core.annotation.Timed' (OnClassCondition)

       MetricsAutoConfiguration#micrometerClock matched:
          - @ConditionalOnMissingBean (types: io.micrometer.core.instrument.Clock; SearchStrategy: all) did not find any beans (OnBeanCondition)

       MultipartAutoConfiguration matched:
          - @ConditionalOnClass found required classes 'jakarta.servlet.Servlet', 'org.springframework.web.multipart.support.StandardServletMultipartResolver', 'jakarta.servlet.MultipartConfigElement' (OnClassCondition)
          - found 'session' scope (OnWebApplicationCondition)
          - @ConditionalOnProperty (spring.servlet.multipart.enabled) matched (OnPropertyCondition)

       MultipartAutoConfiguration#multipartConfigElement matched:
          - @ConditionalOnMissingBean (types: jakarta.servlet.MultipartConfigElement; SearchStrategy: all) did not find any beans (OnBeanCondition)

       MultipartAutoConfiguration#multipartResolver matched:
          - @ConditionalOnMissingBean (types: org.springframework.web.multipart.MultipartResolver; SearchStrategy: all) did not find any beans (OnBeanCondition)

       NettyAutoConfiguration matched:
          - @ConditionalOnClass found required class 'io.netty.util.NettyRuntime' (OnClassCondition)

       NoOpCacheConfiguration matched:
          - Cache org.springframework.boot.autoconfigure.cache.NoOpCacheConfiguration automatic cache type (CacheCondition)

       ObservationAutoConfiguration matched:
          - @ConditionalOnClass found required class 'io.micrometer.observation.ObservationRegistry' (OnClassCondition)

       ObservationAutoConfiguration#observationRegistry matched:
          - @ConditionalOnMissingBean (types: io.micrometer.observation.ObservationRegistry; SearchStrategy: all) did not find any beans (OnBeanCondition)

       ObservationAutoConfiguration.MeterObservationHandlerConfiguration matched:
          - @ConditionalOnBean (types: io.micrometer.core.instrument.MeterRegistry; SearchStrategy: all) found bean 'simpleMeterRegistry'; @ConditionalOnMissingBean (types: io.micrometer.core.instrument.observation.MeterObservationHandler; SearchStrategy: all) did not find any beans (OnBeanCondition)

       ObservationAutoConfiguration.MeterObservationHandlerConfiguration.OnlyMetricsMeterObservationHandlerConfiguration matched:
          - @ConditionalOnMissingBean (types: io.micrometer.tracing.Tracer; SearchStrategy: all) did not find any beans (OnBeanCondition)

       ObservationAutoConfiguration.ObservedAspectConfiguration matched:
          - @ConditionalOnClass found required class 'org.aspectj.weaver.Advice' (OnClassCondition)

       ObservationAutoConfiguration.ObservedAspectConfiguration#observedAspect matched:
          - @ConditionalOnMissingBean (types: io.micrometer.observation.aop.ObservedAspect; SearchStrategy: all) did not find any beans (OnBeanCondition)

       ObservationAutoConfiguration.OnlyMetricsConfiguration matched:
          - @ConditionalOnClass found required class 'io.micrometer.core.instrument.MeterRegistry'; @ConditionalOnMissingClass did not find unwanted class 'io.micrometer.tracing.Tracer' (OnClassCondition)

       PersistenceExceptionTranslationAutoConfiguration matched:
          - @ConditionalOnClass found required class 'org.springframework.dao.annotation.PersistenceExceptionTranslationPostProcessor' (OnClassCondition)

       PersistenceExceptionTranslationAutoConfiguration#persistenceExceptionTranslationPostProcessor matched:
          - @ConditionalOnProperty (spring.dao.exceptiontranslation.enabled) matched (OnPropertyCondition)
          - @ConditionalOnMissingBean (types: org.springframework.dao.annotation.PersistenceExceptionTranslationPostProcessor; SearchStrategy: all) did not find any beans (OnBeanCondition)

       PropertyPlaceholderAutoConfiguration#propertySourcesPlaceholderConfigurer matched:
          - @ConditionalOnMissingBean (types: org.springframework.context.support.PropertySourcesPlaceholderConfigurer; SearchStrategy: current) did not find any beans (OnBeanCondition)

       ReactiveHealthEndpointConfiguration matched:
          - @ConditionalOnClass found required class 'reactor.core.publisher.Flux' (OnClassCondition)
          - @ConditionalOnBean (types: org.springframework.boot.actuate.health.HealthEndpoint; SearchStrategy: all) found bean 'healthEndpoint' (OnBeanCondition)

       ReactiveHealthEndpointConfiguration#reactiveHealthContributorRegistry matched:
          - @ConditionalOnMissingBean (types: org.springframework.boot.actuate.health.ReactiveHealthContributorRegistry; SearchStrategy: all) did not find any beans (OnBeanCondition)

       ReactorAutoConfiguration matched:
          - @ConditionalOnClass found required class 'reactor.core.publisher.Hooks' (OnClassCondition)

       RedisAutoConfiguration matched:
          - @ConditionalOnClass found required class 'org.springframework.data.redis.core.RedisOperations' (OnClassCondition)

       RedisAutoConfiguration#redisConnectionDetails matched:
          - @ConditionalOnMissingBean (types: org.springframework.boot.autoconfigure.data.redis.RedisConnectionDetails; SearchStrategy: all) did not find any beans (OnBeanCondition)

       RedisAutoConfiguration#stringRedisTemplate matched:
          - @ConditionalOnSingleCandidate (types: org.springframework.data.redis.connection.RedisConnectionFactory; SearchStrategy: all) found a single bean 'redisConnectionFactory'; @ConditionalOnMissingBean (types: org.springframework.data.redis.core.StringRedisTemplate; SearchStrategy: all) did not find any beans (OnBeanCondition)

       RedisCacheConfiguration matched:
          - @ConditionalOnClass found required class 'org.springframework.data.redis.connection.RedisConnectionFactory' (OnClassCondition)
          - Cache org.springframework.boot.autoconfigure.cache.RedisCacheConfiguration automatic cache type (CacheCondition)

       RedisHealthContributorAutoConfiguration matched:
          - @ConditionalOnClass found required class 'org.springframework.data.redis.connection.RedisConnectionFactory' (OnClassCondition)
          - @ConditionalOnEnabledHealthIndicator management.health.defaults.enabled is considered true (OnEnabledHealthIndicatorCondition)
          - @ConditionalOnBean (types: org.springframework.data.redis.connection.RedisConnectionFactory; SearchStrategy: all) found bean 'redisConnectionFactory' (OnBeanCondition)

       RedisReactiveAutoConfiguration matched:
          - @ConditionalOnClass found required classes 'org.springframework.data.redis.connection.ReactiveRedisConnectionFactory', 'org.springframework.data.redis.core.ReactiveRedisTemplate', 'reactor.core.publisher.Flux' (OnClassCondition)

       RedisReactiveAutoConfiguration#reactiveRedisTemplate matched:
          - @ConditionalOnBean (types: org.springframework.data.redis.connection.ReactiveRedisConnectionFactory; SearchStrategy: all) found bean 'redisConnectionFactory'; @ConditionalOnMissingBean (names: reactiveRedisTemplate; SearchStrategy: all) did not find any beans (OnBeanCondition)

       RedisReactiveAutoConfiguration#reactiveStringRedisTemplate matched:
          - @ConditionalOnBean (types: org.springframework.data.redis.connection.ReactiveRedisConnectionFactory; SearchStrategy: all) found bean 'redisConnectionFactory'; @ConditionalOnMissingBean (names: reactiveStringRedisTemplate; SearchStrategy: all) did not find any beans (OnBeanCondition)

       RedisReactiveHealthContributorAutoConfiguration matched:
          - @ConditionalOnClass found required classes 'org.springframework.data.redis.connection.ReactiveRedisConnectionFactory', 'reactor.core.publisher.Flux' (OnClassCondition)
          - @ConditionalOnEnabledHealthIndicator management.health.defaults.enabled is considered true (OnEnabledHealthIndicatorCondition)
          - @ConditionalOnBean (types: org.springframework.data.redis.connection.ReactiveRedisConnectionFactory; SearchStrategy: all) found bean 'redisConnectionFactory' (OnBeanCondition)

       RedisReactiveHealthContributorAutoConfiguration#redisHealthContributor matched:
          - @ConditionalOnMissingBean (names: redisHealthIndicator,redisHealthContributor; SearchStrategy: all) did not find any beans (OnBeanCondition)

       RedisRepositoriesAutoConfiguration matched:
          - @ConditionalOnClass found required class 'org.springframework.data.redis.repository.configuration.EnableRedisRepositories' (OnClassCondition)
          - @ConditionalOnProperty (spring.data.redis.repositories.enabled=true) matched (OnPropertyCondition)
          - @ConditionalOnBean (types: org.springframework.data.redis.connection.RedisConnectionFactory; SearchStrategy: all) found bean 'redisConnectionFactory'; @ConditionalOnMissingBean (types: org.springframework.data.redis.repository.support.RedisRepositoryFactoryBean; SearchStrategy: all) did not find any beans (OnBeanCondition)

       RefreshAutoConfiguration matched:
          - @ConditionalOnClass found required class 'org.springframework.cloud.context.scope.refresh.RefreshScope' (OnClassCondition)
          - @ConditionalOnProperty (spring.cloud.refresh.enabled) matched (OnPropertyCondition)

       RefreshAutoConfiguration#configDataContextRefresher matched:
          - @ConditionalOnMissingBean (types: org.springframework.cloud.context.refresh.ConfigDataContextRefresher; SearchStrategy: all) did not find any beans (OnBeanCondition)
          - NoneNestedConditions 0 matched 3 did not; NestedCondition on ConditionalOnBootstrapDisabled.OnBootstrapDisabledCondition.OnBootstrapEnabled @ConditionalOnProperty (spring.cloud.bootstrap.enabled) did not find property 'spring.cloud.bootstrap.enabled'; NestedCondition on ConditionalOnBootstrapDisabled.OnBootstrapDisabledCondition.OnUseLegacyProcessingEnabled @ConditionalOnProperty (spring.config.use-legacy-processing) did not find property 'spring.config.use-legacy-processing'; NestedCondition on ConditionalOnBootstrapDisabled.OnBootstrapDisabledCondition.OnBootstrapMarkerClassPresent @ConditionalOnClass did not find required class 'org.springframework.cloud.bootstrap.marker.Marker' (ConditionalOnBootstrapDisabled.OnBootstrapDisabledCondition)

       RefreshAutoConfiguration#loggingRebinder matched:
          - @ConditionalOnMissingBean (types: org.springframework.cloud.logging.LoggingRebinder; SearchStrategy: all) did not find any beans (OnBeanCondition)

       RefreshAutoConfiguration#refreshScope matched:
          - @ConditionalOnMissingBean (types: org.springframework.cloud.context.scope.refresh.RefreshScope; SearchStrategy: all) did not find any beans (OnBeanCondition)

       RefreshAutoConfiguration#refreshScopeLifecycle matched:
          - @ConditionalOnProperty (spring.cloud.refresh.on-restart.enabled) matched (OnPropertyCondition)

       RefreshEndpointAutoConfiguration matched:
          - @ConditionalOnClass found required classes 'org.springframework.boot.actuate.autoconfigure.endpoint.EndpointAutoConfiguration', 'org.springframework.boot.actuate.health.Health' (OnClassCondition)

       RefreshEndpointAutoConfiguration#refreshScopeHealthIndicator matched:
          - @ConditionalOnMissingBean (types: org.springframework.cloud.health.RefreshScopeHealthIndicator; SearchStrategy: all) did not find any beans (OnBeanCondition)
          - @ConditionalOnEnabledHealthIndicator management.health.defaults.enabled is considered true (OnEnabledHealthIndicatorCondition)

       RepositoryMetricsAutoConfiguration matched:
          - @ConditionalOnClass found required class 'org.springframework.data.repository.Repository' (OnClassCondition)
          - @ConditionalOnBean (types: io.micrometer.core.instrument.MeterRegistry; SearchStrategy: all) found bean 'simpleMeterRegistry' (OnBeanCondition)

       RepositoryMetricsAutoConfiguration#metricsRepositoryMethodInvocationListener matched:
          - @ConditionalOnMissingBean (types: org.springframework.boot.actuate.metrics.data.MetricsRepositoryMethodInvocationListener; SearchStrategy: all) did not find any beans (OnBeanCondition)

       RepositoryMetricsAutoConfiguration#repositoryTagsProvider matched:
          - @ConditionalOnMissingBean (types: org.springframework.boot.actuate.metrics.data.RepositoryTagsProvider; SearchStrategy: all) did not find any beans (OnBeanCondition)

       ResourceServerTokenRelayAutoConfiguration matched:
          - @ConditionalOnClass found required class 'org.springframework.web.servlet.config.annotation.WebMvcConfigurer' (OnClassCondition)
          - found 'session' scope (OnWebApplicationCondition)
          - @ConditionalOnProperty (spring.cloud.mvc.token-relay.enabled) matched (OnPropertyCondition)

       RestClientAutoConfiguration matched:
          - @ConditionalOnClass found required class 'org.springframework.web.client.RestClient' (OnClassCondition)
          - NoneNestedConditions 0 matched 1 did not; NestedCondition on NotReactiveWebApplicationCondition.ReactiveWebApplication did not find reactive web application classes (NotReactiveWebApplicationCondition)

       RestClientAutoConfiguration#httpMessageConvertersRestClientCustomizer matched:
          - @ConditionalOnMissingBean (types: org.springframework.boot.autoconfigure.web.client.HttpMessageConvertersRestClientCustomizer; SearchStrategy: all) did not find any beans (OnBeanCondition)

       RestClientAutoConfiguration#restClientBuilder matched:
          - @ConditionalOnMissingBean (types: org.springframework.web.client.RestClient$Builder; SearchStrategy: all) did not find any beans (OnBeanCondition)

       RestClientAutoConfiguration#restClientBuilderConfigurer matched:
          - @ConditionalOnMissingBean (types: org.springframework.boot.autoconfigure.web.client.RestClientBuilderConfigurer; SearchStrategy: all) did not find any beans (OnBeanCondition)

       RestClientAutoConfiguration#restClientSsl matched:
          - @ConditionalOnBean (types: org.springframework.boot.ssl.SslBundles; SearchStrategy: all) found bean 'sslBundleRegistry'; @ConditionalOnMissingBean (types: org.springframework.boot.autoconfigure.web.client.RestClientSsl; SearchStrategy: all) did not find any beans (OnBeanCondition)

       RestClientObservationConfiguration matched:
          - @ConditionalOnClass found required class 'org.springframework.web.client.RestClient' (OnClassCondition)
          - @ConditionalOnBean (types: org.springframework.web.client.RestClient$Builder; SearchStrategy: all) found bean 'restClientBuilder' (OnBeanCondition)

       RestTemplateAutoConfiguration matched:
          - @ConditionalOnClass found required class 'org.springframework.web.client.RestTemplate' (OnClassCondition)
          - NoneNestedConditions 0 matched 1 did not; NestedCondition on NotReactiveWebApplicationCondition.ReactiveWebApplication did not find reactive web application classes (NotReactiveWebApplicationCondition)

       RestTemplateAutoConfiguration#restTemplateBuilder matched:
          - @ConditionalOnMissingBean (types: org.springframework.boot.web.client.RestTemplateBuilder; SearchStrategy: all) did not find any beans (OnBeanCondition)

       RestTemplateObservationConfiguration matched:
          - @ConditionalOnClass found required class 'org.springframework.web.client.RestTemplate' (OnClassCondition)
          - @ConditionalOnBean (types: org.springframework.boot.web.client.RestTemplateBuilder; SearchStrategy: all) found bean 'restTemplateBuilder' (OnBeanCondition)

       RestartEndpointWithoutIntegrationConfiguration matched:
          - @ConditionalOnMissingClass did not find unwanted class 'org.springframework.integration.monitor.IntegrationMBeanExporter' (OnClassCondition)

       ScheduledTasksObservabilityAutoConfiguration matched:
          - @ConditionalOnClass found required class 'org.springframework.scheduling.concurrent.ThreadPoolTaskScheduler' (OnClassCondition)
          - @ConditionalOnBean (types: io.micrometer.observation.ObservationRegistry; SearchStrategy: all) found bean 'observationRegistry' (OnBeanCondition)

       SecurityAutoConfiguration matched:
          - @ConditionalOnClass found required class 'org.springframework.security.authentication.DefaultAuthenticationEventPublisher' (OnClassCondition)

       SecurityAutoConfiguration#authenticationEventPublisher matched:
          - @ConditionalOnMissingBean (types: org.springframework.security.authentication.AuthenticationEventPublisher; SearchStrategy: all) did not find any beans (OnBeanCondition)

       SecurityFilterAutoConfiguration matched:
          - @ConditionalOnClass found required classes 'org.springframework.security.web.context.AbstractSecurityWebApplicationInitializer', 'org.springframework.security.config.http.SessionCreationPolicy' (OnClassCondition)
          - found 'session' scope (OnWebApplicationCondition)

       SecurityFilterAutoConfiguration#securityFilterChainRegistration matched:
          - @ConditionalOnBean (names: springSecurityFilterChain; SearchStrategy: all) found bean 'springSecurityFilterChain' (OnBeanCondition)

       SecurityRequestMatchersManagementContextConfiguration matched:
          - @ConditionalOnClass found required class 'org.springframework.security.web.util.matcher.RequestMatcher' (OnClassCondition)
          - found 'session' scope (OnWebApplicationCondition)

       SecurityRequestMatchersManagementContextConfiguration.MvcRequestMatcherConfiguration matched:
          - @ConditionalOnClass found required class 'org.springframework.web.servlet.DispatcherServlet' (OnClassCondition)
          - @ConditionalOnBean (types: org.springframework.boot.autoconfigure.web.servlet.DispatcherServletPath; SearchStrategy: all) found bean 'dispatcherServletRegistration' (OnBeanCondition)

       SecurityRequestMatchersManagementContextConfiguration.MvcRequestMatcherConfiguration#requestMatcherProvider matched:
          - @ConditionalOnClass found required class 'org.springframework.web.servlet.DispatcherServlet' (OnClassCondition)
          - @ConditionalOnMissingBean (types: org.springframework.boot.autoconfigure.security.servlet.RequestMatcherProvider; SearchStrategy: all) did not find any beans (OnBeanCondition)

       ServletEndpointManagementContextConfiguration matched:
          - found 'session' scope (OnWebApplicationCondition)

       ServletEndpointManagementContextConfiguration.WebMvcServletEndpointManagementContextConfiguration matched:
          - @ConditionalOnClass found required class 'org.springframework.web.servlet.DispatcherServlet' (OnClassCondition)

       ServletManagementContextAutoConfiguration matched:
          - @ConditionalOnClass found required class 'jakarta.servlet.Servlet' (OnClassCondition)
          - found 'session' scope (OnWebApplicationCondition)

       ServletWebServerFactoryAutoConfiguration matched:
          - @ConditionalOnClass found required class 'jakarta.servlet.ServletRequest' (OnClassCondition)
          - found 'session' scope (OnWebApplicationCondition)

       ServletWebServerFactoryAutoConfiguration#tomcatServletWebServerFactoryCustomizer matched:
          - @ConditionalOnClass found required class 'org.apache.catalina.startup.Tomcat' (OnClassCondition)

       ServletWebServerFactoryConfiguration.EmbeddedTomcat matched:
          - @ConditionalOnClass found required classes 'jakarta.servlet.Servlet', 'org.apache.catalina.startup.Tomcat', 'org.apache.coyote.UpgradeProtocol' (OnClassCondition)
          - @ConditionalOnMissingBean (types: org.springframework.boot.web.servlet.server.ServletWebServerFactory; SearchStrategy: current) did not find any beans (OnBeanCondition)

       SimpleCacheConfiguration matched:
          - Cache org.springframework.boot.autoconfigure.cache.SimpleCacheConfiguration automatic cache type (CacheCondition)

       SimpleDiscoveryClientAutoConfiguration#simpleDiscoveryProperties matched:
          - @ConditionalOnMissingBean (types: org.springframework.cloud.client.discovery.simple.SimpleDiscoveryProperties; SearchStrategy: all) did not find any beans (OnBeanCondition)

       SimpleMetricsExportAutoConfiguration matched:
          - @ConditionalOnEnabledMetricsExport management.simple.metrics.export.enabled is true (OnMetricsExportEnabledCondition)
          - @ConditionalOnBean (types: io.micrometer.core.instrument.Clock; SearchStrategy: all) found bean 'micrometerClock'; @ConditionalOnMissingBean (types: io.micrometer.core.instrument.MeterRegistry; SearchStrategy: all) did not find any beans (OnBeanCondition)

       SimpleMetricsExportAutoConfiguration#simpleConfig matched:
          - @ConditionalOnMissingBean (types: io.micrometer.core.instrument.simple.SimpleConfig; SearchStrategy: all) did not find any beans (OnBeanCondition)

       SpringBootWebSecurityConfiguration matched:
          - found 'session' scope (OnWebApplicationCondition)

       SpringDataWebAutoConfiguration matched:
          - @ConditionalOnClass found required classes 'org.springframework.data.web.PageableHandlerMethodArgumentResolver', 'org.springframework.web.servlet.config.annotation.WebMvcConfigurer' (OnClassCondition)
          - found 'session' scope (OnWebApplicationCondition)
          - @ConditionalOnMissingBean (types: org.springframework.data.web.PageableHandlerMethodArgumentResolver; SearchStrategy: all) did not find any beans (OnBeanCondition)

       SpringDataWebAutoConfiguration#pageableCustomizer matched:
          - @ConditionalOnMissingBean (types: org.springframework.data.web.config.PageableHandlerMethodArgumentResolverCustomizer; SearchStrategy: all) did not find any beans (OnBeanCondition)

       SpringDataWebAutoConfiguration#sortCustomizer matched:
          - @ConditionalOnMissingBean (types: org.springframework.data.web.config.SortHandlerMethodArgumentResolverCustomizer; SearchStrategy: all) did not find any beans (OnBeanCondition)

       SpringDataWebAutoConfiguration#springDataWebSettings matched:
          - @ConditionalOnMissingBean (types: org.springframework.data.web.config.SpringDataWebSettings; SearchStrategy: all) did not find any beans (OnBeanCondition)

       SpringDocConfigProperties matched:
          - @ConditionalOnProperty (springdoc.api-docs.enabled) matched (OnPropertyCondition)
          - @ConditionalOnBean (types: org.springdoc.core.configuration.SpringDocConfiguration; SearchStrategy: all) found bean 'org.springdoc.core.configuration.SpringDocConfiguration' (OnBeanCondition)

       SpringDocConfiguration matched:
          - @ConditionalOnWebApplication (required) found 'session' scope (OnWebApplicationCondition)
          - @ConditionalOnProperty (springdoc.api-docs.enabled) matched (OnPropertyCondition)

       SpringDocConfiguration#fileSupportConverter matched:
          - @ConditionalOnMissingBean (types: org.springdoc.core.converters.FileSupportConverter; SearchStrategy: all) did not find any beans (OnBeanCondition)

       SpringDocConfiguration#globalOpenApiCustomizer matched:
          - @ConditionalOnMissingBean (types: org.springdoc.core.customizers.GlobalOpenApiCustomizer; SearchStrategy: all) did not find any beans (OnBeanCondition)

       SpringDocConfiguration#openAPIBuilder matched:
          - @ConditionalOnMissingBean (types: org.springdoc.core.service.OpenAPIService; SearchStrategy: all) did not find any beans (OnBeanCondition)

       SpringDocConfiguration#operationBuilder matched:
          - @ConditionalOnMissingBean (types: org.springdoc.core.service.OperationService; SearchStrategy: all) did not find any beans (OnBeanCondition)

       SpringDocConfiguration#parameterBuilder matched:
          - @ConditionalOnMissingBean (types: org.springdoc.core.service.GenericParameterService; SearchStrategy: all) did not find any beans (OnBeanCondition)

       SpringDocConfiguration#parameterObjectNamingStrategyCustomizer matched:
          - @ConditionalOnMissingBean (types: org.springdoc.core.customizers.ParameterObjectNamingStrategyCustomizer; SearchStrategy: all) did not find any beans (OnBeanCondition)

       SpringDocConfiguration#polymorphicModelConverter matched:
          - @ConditionalOnProperty (springdoc.model-converters.polymorphic-converter.enabled) matched (OnPropertyCondition)
          - @ConditionalOnMissingBean (types: org.springdoc.core.converters.PolymorphicModelConverter; SearchStrategy: all) did not find any beans (OnBeanCondition)

       SpringDocConfiguration#requestBodyBuilder matched:
          - @ConditionalOnMissingBean (types: org.springdoc.core.service.RequestBodyService; SearchStrategy: all) did not find any beans (OnBeanCondition)

       SpringDocConfiguration#responseSupportConverter matched:
          - @ConditionalOnMissingBean (types: org.springdoc.core.converters.ResponseSupportConverter; SearchStrategy: all) did not find any beans (OnBeanCondition)

       SpringDocConfiguration#schemaPropertyDeprecatingConverter matched:
          - @ConditionalOnProperty (springdoc.model-converters.deprecating-converter.enabled) matched (OnPropertyCondition)
          - @ConditionalOnMissingBean (types: org.springdoc.core.converters.SchemaPropertyDeprecatingConverter; SearchStrategy: all) did not find any beans (OnBeanCondition)

       SpringDocConfiguration#securityParser matched:
          - @ConditionalOnMissingBean (types: org.springdoc.core.service.SecurityService; SearchStrategy: all) did not find any beans (OnBeanCondition)

       SpringDocConfiguration#springDocCustomizers matched:
          - @ConditionalOnMissingBean (types: org.springdoc.core.customizers.SpringDocCustomizers; SearchStrategy: all) did not find any beans (OnBeanCondition)

       SpringDocConfiguration#springDocProviders matched:
          - @ConditionalOnMissingBean (types: org.springdoc.core.providers.SpringDocProviders; SearchStrategy: all) did not find any beans (OnBeanCondition)

       SpringDocConfiguration#springdocObjectMapperProvider matched:
          - @ConditionalOnMissingBean (types: org.springdoc.core.providers.ObjectMapperProvider; SearchStrategy: all) did not find any beans (OnBeanCondition)

       SpringDocConfiguration.QuerydslProvider matched:
          - @ConditionalOnClass found required class 'org.springframework.data.querydsl.binding.QuerydslBindingsFactory' (OnClassCondition)

       SpringDocConfiguration.QuerydslProvider#queryDslQuerydslPredicateOperationCustomizer matched:
          - @ConditionalOnMissingBean (types: org.springdoc.core.customizers.QuerydslPredicateOperationCustomizer; SearchStrategy: all) did not find any beans (OnBeanCondition)

       SpringDocConfiguration.SpringDocSpringDataWebPropertiesProvider matched:
          - @ConditionalOnClass found required class 'org.springframework.boot.autoconfigure.data.web.SpringDataWebProperties' (OnClassCondition)

       SpringDocConfiguration.SpringDocSpringDataWebPropertiesProvider#springDataWebPropertiesProvider matched:
          - @ConditionalOnMissingBean (types: org.springdoc.core.providers.SpringDataWebPropertiesProvider; SearchStrategy: all) did not find any beans (OnBeanCondition)

       SpringDocConfiguration.SpringDocWebFluxSupportConfiguration matched:
          - @ConditionalOnClass found required class 'reactor.core.publisher.Flux' (OnClassCondition)

       SpringDocConfiguration.SpringDocWebFluxSupportConfiguration#webFluxSupportConverter matched:
          - @ConditionalOnMissingBean (types: org.springdoc.core.converters.WebFluxSupportConverter; SearchStrategy: all) did not find any beans (OnBeanCondition)

       SpringDocConfiguration.WebConversionServiceConfiguration matched:
          - @ConditionalOnClass found required class 'org.springframework.boot.autoconfigure.web.format.WebConversionService' (OnClassCondition)

       SpringDocGroovyConfiguration matched:
          - @ConditionalOnClass found required class 'groovy.lang.MetaClass' (OnClassCondition)
          - @ConditionalOnWebApplication (required) found 'session' scope (OnWebApplicationCondition)
          - @ConditionalOnExpression (#{${springdoc.api-docs.enabled:true} and ${springdoc.enable-groovy:true}}) resulted in true (OnExpressionCondition)
          - @ConditionalOnBean (types: org.springdoc.core.configuration.SpringDocConfiguration; SearchStrategy: all) found bean 'org.springdoc.core.configuration.SpringDocConfiguration' (OnBeanCondition)

       SpringDocPageableConfiguration matched:
          - @ConditionalOnClass found required class 'org.springframework.data.domain.Pageable' (OnClassCondition)
          - @ConditionalOnWebApplication (required) found 'session' scope (OnWebApplicationCondition)
          - @ConditionalOnProperty (springdoc.api-docs.enabled) matched (OnPropertyCondition)
          - @ConditionalOnBean (types: org.springdoc.core.configuration.SpringDocConfiguration; SearchStrategy: all) found bean 'org.springdoc.core.configuration.SpringDocConfiguration' (OnBeanCondition)

       SpringDocPageableConfiguration#dataRestDelegatingMethodParameterCustomizer matched:
          - @ConditionalOnMissingBean (types: org.springdoc.core.customizers.DataRestDelegatingMethodParameterCustomizer; SearchStrategy: all) did not find any beans (OnBeanCondition)

       SpringDocPageableConfiguration#pageOpenAPIConverter matched:
          - @ConditionalOnClass found required classes 'org.springframework.data.web.PagedModel', 'org.springframework.data.web.config.SpringDataWebSettings' (OnClassCondition)
          - @ConditionalOnMissingBean (types: org.springdoc.core.converters.PageOpenAPIConverter; SearchStrategy: all) did not find any beans (OnBeanCondition)

       SpringDocPageableConfiguration#pageableOpenAPIConverter matched:
          - @ConditionalOnProperty (springdoc.model-converters.pageable-converter.enabled) matched (OnPropertyCondition)
          - @ConditionalOnMissingBean (types: org.springdoc.core.converters.PageableOpenAPIConverter; SearchStrategy: all) did not find any beans (OnBeanCondition)

       SpringDocSecurityConfiguration matched:
          - @ConditionalOnClass found required class 'org.springframework.security.web.SecurityFilterChain' (OnClassCondition)
          - @ConditionalOnWebApplication (required) found 'session' scope (OnWebApplicationCondition)
          - @ConditionalOnExpression (#{${springdoc.api-docs.enabled:true} and ${springdoc.enable-spring-security:true}}) resulted in true (OnExpressionCondition)
          - @ConditionalOnBean (types: org.springdoc.core.configuration.SpringDocConfiguration; SearchStrategy: all) found bean 'org.springdoc.core.configuration.SpringDocConfiguration' (OnBeanCondition)

       SpringDocSecurityConfiguration.SpringSecurityLoginEndpointConfiguration matched:
          - @ConditionalOnClass found required class 'jakarta.servlet.Filter' (OnClassCondition)

       SpringDocSortConfiguration matched:
          - @ConditionalOnClass found required class 'org.springframework.data.domain.Sort' (OnClassCondition)
          - @ConditionalOnWebApplication (required) found 'session' scope (OnWebApplicationCondition)
          - @ConditionalOnProperty (springdoc.api-docs.enabled) matched (OnPropertyCondition)
          - @ConditionalOnBean (types: org.springdoc.core.configuration.SpringDocConfiguration; SearchStrategy: all) found bean 'org.springdoc.core.configuration.SpringDocConfiguration' (OnBeanCondition)

       SpringDocSortConfiguration#sortOpenAPIConverter matched:
          - @ConditionalOnProperty (springdoc.sort-converter.enabled) matched (OnPropertyCondition)
          - @ConditionalOnMissingBean (types: org.springdoc.core.converters.SortOpenAPIConverter; SearchStrategy: all) did not find any beans (OnBeanCondition)

       SpringDocUIConfiguration matched:
          - @ConditionalOnWebApplication (required) found 'session' scope (OnWebApplicationCondition)
          - @ConditionalOnBean (types: org.springdoc.core.configuration.SpringDocConfiguration; SearchStrategy: all) found bean 'org.springdoc.core.configuration.SpringDocConfiguration' (OnBeanCondition)

       SpringDocWebMvcConfiguration matched:
          - found 'session' scope (OnWebApplicationCondition)
          - @ConditionalOnProperty (springdoc.api-docs.enabled) matched (OnPropertyCondition)
          - @ConditionalOnBean (types: org.springdoc.core.configuration.SpringDocConfiguration; SearchStrategy: all) found bean 'org.springdoc.core.configuration.SpringDocConfiguration' (OnBeanCondition)

       SpringDocWebMvcConfiguration#openApiResource matched:
          - @ConditionalOnExpression (#{(${springdoc.use-management-port:false} == false ) and ${springdoc.enable-default-api-docs:true}}) resulted in true (OnExpressionCondition)
          - @ConditionalOnMissingBean (types: org.springdoc.webmvc.api.OpenApiWebMvcResource; SearchStrategy: all) did not find any beans (OnBeanCondition)

       SpringDocWebMvcConfiguration#requestBuilder matched:
          - @ConditionalOnMissingBean (types: org.springdoc.webmvc.core.service.RequestService; SearchStrategy: all) did not find any beans (OnBeanCondition)

       SpringDocWebMvcConfiguration#responseBuilder matched:
          - @ConditionalOnMissingBean (types: org.springdoc.core.service.GenericResponseService; SearchStrategy: all) did not find any beans (OnBeanCondition)

       SpringDocWebMvcConfiguration#springWebProvider matched:
          - @ConditionalOnMissingBean (types: org.springdoc.core.providers.SpringWebProvider; SearchStrategy: all) did not find any beans (OnBeanCondition)

       SpringDocWebMvcConfiguration.SpringDocWebMvcActuatorConfiguration matched:
          - @ConditionalOnClass found required class 'org.springframework.boot.actuate.endpoint.web.servlet.WebMvcEndpointHandlerMapping' (OnClassCondition)

       SpringDocWebMvcConfiguration.SpringDocWebMvcRouterConfiguration matched:
          - @ConditionalOnClass found required class 'org.springframework.web.servlet.function.RouterFunction' (OnClassCondition)

       SpringDocWebMvcConfiguration.SpringDocWebMvcRouterConfiguration#routerFunctionProvider matched:
          - @ConditionalOnMissingBean (types: org.springdoc.webmvc.core.providers.RouterFunctionWebMvcProvider; SearchStrategy: all) did not find any beans (OnBeanCondition)

       SqlInitializationAutoConfiguration matched:
          - @ConditionalOnProperty (spring.sql.init.enabled) matched (OnPropertyCondition)
          - NoneNestedConditions 0 matched 1 did not; NestedCondition on SqlInitializationAutoConfiguration.SqlInitializationModeCondition.ModeIsNever @ConditionalOnProperty (spring.sql.init.mode=never) did not find property 'mode' (SqlInitializationAutoConfiguration.SqlInitializationModeCondition)

       SslAutoConfiguration#sslBundleRegistry matched:
          - @ConditionalOnMissingBean (types: org.springframework.boot.ssl.SslBundleRegistry,org.springframework.boot.ssl.SslBundles; SearchStrategy: all) did not find any beans (OnBeanCondition)

       SslHealthContributorAutoConfiguration matched:
          - @ConditionalOnEnabledHealthIndicator management.health.defaults.enabled is considered true (OnEnabledHealthIndicatorCondition)

       SslHealthContributorAutoConfiguration#sslHealthIndicator matched:
          - @ConditionalOnMissingBean (names: sslHealthIndicator; SearchStrategy: all) did not find any beans (OnBeanCondition)

       SslHealthContributorAutoConfiguration#sslInfo matched:
          - @ConditionalOnMissingBean (types: org.springframework.boot.info.SslInfo; SearchStrategy: all) did not find any beans (OnBeanCondition)

       StartupTimeMetricsListenerAutoConfiguration matched:
          - @ConditionalOnClass found required class 'io.micrometer.core.instrument.MeterRegistry' (OnClassCondition)
          - @ConditionalOnBean (types: io.micrometer.core.instrument.MeterRegistry; SearchStrategy: all) found bean 'simpleMeterRegistry' (OnBeanCondition)

       StartupTimeMetricsListenerAutoConfiguration#startupTimeMetrics matched:
          - @ConditionalOnMissingBean (types: org.springframework.boot.actuate.metrics.startup.StartupTimeMetricsListener; SearchStrategy: all) did not find any beans (OnBeanCondition)

       SwaggerConfig matched:
          - found 'session' scope (OnWebApplicationCondition)
          - @ConditionalOnProperty (springdoc.swagger-ui.enabled) matched (OnPropertyCondition)
          - @ConditionalOnBean (types: org.springdoc.core.configuration.SpringDocConfiguration; SearchStrategy: all) found bean 'org.springdoc.core.configuration.SpringDocConfiguration' (OnBeanCondition)

       SwaggerConfig#indexPageTransformer matched:
          - @ConditionalOnMissingBean (types: org.springdoc.webmvc.ui.SwaggerIndexTransformer; SearchStrategy: all) did not find any beans (OnBeanCondition)

       SwaggerConfig#swaggerConfigResource matched:
          - @ConditionalOnProperty (springdoc.use-management-port=false) matched (OnPropertyCondition)
          - @ConditionalOnMissingBean (types: org.springdoc.webmvc.ui.SwaggerConfigResource; SearchStrategy: all) did not find any beans (OnBeanCondition)

       SwaggerConfig#swaggerResourceResolver matched:
          - @ConditionalOnMissingBean (types: org.springdoc.webmvc.ui.SwaggerResourceResolver; SearchStrategy: all) did not find any beans (OnBeanCondition)

       SwaggerConfig#swaggerWebMvcConfigurer matched:
          - @ConditionalOnMissingBean (types: org.springdoc.webmvc.ui.SwaggerWebMvcConfigurer; SearchStrategy: all) did not find any beans (OnBeanCondition)

       SwaggerConfig#swaggerWelcome matched:
          - @ConditionalOnProperty (springdoc.use-management-port=false) matched (OnPropertyCondition)
          - @ConditionalOnMissingBean (types: org.springdoc.webmvc.ui.SwaggerWelcomeWebMvc; SearchStrategy: all) did not find any beans (OnBeanCondition)

       SwaggerUiConfigProperties matched:
          - @ConditionalOnProperty (springdoc.swagger-ui.enabled) matched (OnPropertyCondition)
          - @ConditionalOnBean (types: org.springdoc.core.configuration.SpringDocConfiguration; SearchStrategy: all) found bean 'org.springdoc.core.configuration.SpringDocConfiguration' (OnBeanCondition)

       SwaggerUiOAuthProperties matched:
          - @ConditionalOnProperty (springdoc.swagger-ui.enabled) matched (OnPropertyCondition)
          - @ConditionalOnBean (types: org.springdoc.core.configuration.SpringDocConfiguration; SearchStrategy: all) found bean 'org.springdoc.core.configuration.SpringDocConfiguration' (OnBeanCondition)

       SystemMetricsAutoConfiguration matched:
          - @ConditionalOnClass found required class 'io.micrometer.core.instrument.MeterRegistry' (OnClassCondition)
          - @ConditionalOnBean (types: io.micrometer.core.instrument.MeterRegistry; SearchStrategy: all) found bean 'simpleMeterRegistry' (OnBeanCondition)

       SystemMetricsAutoConfiguration#diskSpaceMetrics matched:
          - @ConditionalOnMissingBean (types: org.springframework.boot.actuate.metrics.system.DiskSpaceMetricsBinder; SearchStrategy: all) did not find any beans (OnBeanCondition)

       SystemMetricsAutoConfiguration#fileDescriptorMetrics matched:
          - @ConditionalOnMissingBean (types: io.micrometer.core.instrument.binder.system.FileDescriptorMetrics; SearchStrategy: all) did not find any beans (OnBeanCondition)

       SystemMetricsAutoConfiguration#processorMetrics matched:
          - @ConditionalOnMissingBean (types: io.micrometer.core.instrument.binder.system.ProcessorMetrics; SearchStrategy: all) did not find any beans (OnBeanCondition)

       SystemMetricsAutoConfiguration#uptimeMetrics matched:
          - @ConditionalOnMissingBean (types: io.micrometer.core.instrument.binder.system.UptimeMetrics; SearchStrategy: all) did not find any beans (OnBeanCondition)

       TaskExecutionAutoConfiguration matched:
          - @ConditionalOnClass found required class 'org.springframework.scheduling.concurrent.ThreadPoolTaskExecutor' (OnClassCondition)

       TaskExecutorConfigurations.SimpleAsyncTaskExecutorBuilderConfiguration#simpleAsyncTaskExecutorBuilder matched:
          - @ConditionalOnMissingBean (types: org.springframework.boot.task.SimpleAsyncTaskExecutorBuilder; SearchStrategy: all) did not find any beans (OnBeanCondition)
          - @ConditionalOnThreading found PLATFORM (OnThreadingCondition)

       TaskExecutorConfigurations.TaskExecutorConfiguration matched:
          - @ConditionalOnMissingBean (types: java.util.concurrent.Executor; SearchStrategy: all) did not find any beans (OnBeanCondition)

       TaskExecutorConfigurations.TaskExecutorConfiguration#applicationTaskExecutor matched:
          - @ConditionalOnThreading found PLATFORM (OnThreadingCondition)

       TaskExecutorConfigurations.ThreadPoolTaskExecutorBuilderConfiguration#threadPoolTaskExecutorBuilder matched:
          - @ConditionalOnMissingBean (types: org.springframework.boot.task.ThreadPoolTaskExecutorBuilder; SearchStrategy: all) did not find any beans (OnBeanCondition)

       TaskExecutorMetricsAutoConfiguration matched:
          - @ConditionalOnClass found required class 'io.micrometer.core.instrument.binder.jvm.ExecutorServiceMetrics' (OnClassCondition)
          - @ConditionalOnBean (types: java.util.concurrent.Executor,io.micrometer.core.instrument.MeterRegistry; SearchStrategy: all) found beans 'applicationTaskExecutor', 'simpleMeterRegistry' (OnBeanCondition)

       TaskSchedulingAutoConfiguration matched:
          - @ConditionalOnClass found required class 'org.springframework.scheduling.concurrent.ThreadPoolTaskScheduler' (OnClassCondition)

       TaskSchedulingConfigurations.SimpleAsyncTaskSchedulerBuilderConfiguration#simpleAsyncTaskSchedulerBuilder matched:
          - @ConditionalOnMissingBean (types: org.springframework.boot.task.SimpleAsyncTaskSchedulerBuilder; SearchStrategy: all) did not find any beans (OnBeanCondition)
          - @ConditionalOnThreading found PLATFORM (OnThreadingCondition)

       TaskSchedulingConfigurations.ThreadPoolTaskSchedulerBuilderConfiguration#threadPoolTaskSchedulerBuilder matched:
          - @ConditionalOnMissingBean (types: org.springframework.boot.task.ThreadPoolTaskSchedulerBuilder; SearchStrategy: all) did not find any beans (OnBeanCondition)

       TomcatMetricsAutoConfiguration matched:
          - @ConditionalOnClass found required classes 'io.micrometer.core.instrument.binder.tomcat.TomcatMetrics', 'org.apache.catalina.Manager' (OnClassCondition)
          - @ConditionalOnWebApplication (required) found 'session' scope (OnWebApplicationCondition)

       TomcatMetricsAutoConfiguration#tomcatMetricsBinder matched:
          - @ConditionalOnBean (types: io.micrometer.core.instrument.MeterRegistry; SearchStrategy: all) found bean 'simpleMeterRegistry'; @ConditionalOnMissingBean (types: io.micrometer.core.instrument.binder.tomcat.TomcatMetrics,org.springframework.boot.actuate.metrics.web.tomcat.TomcatMetricsBinder; SearchStrategy: all) did not find any beans (OnBeanCondition)

       TransactionAutoConfiguration matched:
          - @ConditionalOnClass found required class 'org.springframework.transaction.PlatformTransactionManager' (OnClassCondition)

       TransactionManagerCustomizationAutoConfiguration matched:
          - @ConditionalOnClass found required class 'org.springframework.transaction.PlatformTransactionManager' (OnClassCondition)

       TransactionManagerCustomizationAutoConfiguration#platformTransactionManagerCustomizers matched:
          - @ConditionalOnMissingBean (types: org.springframework.boot.autoconfigure.transaction.TransactionManagerCustomizers; SearchStrategy: all) did not find any beans (OnBeanCondition)

       UserDetailsServiceAutoConfiguration matched:
          - @ConditionalOnClass found required class 'org.springframework.security.authentication.AuthenticationManager' (OnClassCondition)
          - found 'session' scope (OnWebApplicationCondition)
          - AnyNestedCondition 1 matched 2 did not; NestedCondition on UserDetailsServiceAutoConfiguration.MissingAlternativeOrUserPropertiesConfigured.PasswordConfigured @ConditionalOnProperty (spring.security.user.password) did not find property 'password'; NestedCondition on UserDetailsServiceAutoConfiguration.MissingAlternativeOrUserPropertiesConfigured.NameConfigured @ConditionalOnProperty (spring.security.user.name) did not find property 'name'; NestedCondition on UserDetailsServiceAutoConfiguration.MissingAlternativeOrUserPropertiesConfigured.MissingAlternative @ConditionalOnMissingClass did not find unwanted classes 'org.springframework.security.oauth2.client.registration.ClientRegistrationRepository', 'org.springframework.security.oauth2.server.resource.introspection.OpaqueTokenIntrospector', 'org.springframework.security.saml2.provider.service.registration.RelyingPartyRegistrationRepository' (UserDetailsServiceAutoConfiguration.MissingAlternativeOrUserPropertiesConfigured)
          - @ConditionalOnBean (types: org.springframework.security.config.ObjectPostProcessor; SearchStrategy: all) found beans 'methodResultAuthorizationManagerPostProcessor', 'objectPostProcessor', 'webAuthorizationManagerPostProcessor', 'filterChainDecoratorPostProcessor', 'methodAuthorizationManagerPostProcessor', 'authenticationManagerPostProcessor'; @ConditionalOnMissingBean (types: org.springframework.security.authentication.AuthenticationManager,org.springframework.security.authentication.AuthenticationProvider,org.springframework.security.core.userdetails.UserDetailsService,org.springframework.security.authentication.AuthenticationManagerResolver,org.springframework.security.oauth2.jwt.JwtDecoder; SearchStrategy: all) did not find any beans (OnBeanCondition)

       UtilAutoConfiguration matched:
          - @ConditionalOnProperty (spring.cloud.util.enabled) matched (OnPropertyCondition)

       UtilAutoConfiguration#inetUtils matched:
          - @ConditionalOnMissingBean (types: org.springframework.cloud.commons.util.InetUtils; SearchStrategy: all) did not find any beans (OnBeanCondition)

       ValidationAutoConfiguration matched:
          - @ConditionalOnClass found required class 'jakarta.validation.executable.ExecutableValidator' (OnClassCondition)
          - @ConditionalOnResource found location classpath:META-INF/services/jakarta.validation.spi.ValidationProvider (OnResourceCondition)

       ValidationAutoConfiguration#defaultValidator matched:
          - @ConditionalOnMissingBean (types: jakarta.validation.Validator; SearchStrategy: all) did not find any beans (OnBeanCondition)

       ValidationAutoConfiguration#methodValidationPostProcessor matched:
          - @ConditionalOnMissingBean (types: org.springframework.validation.beanvalidation.MethodValidationPostProcessor; SearchStrategy: current) did not find any beans (OnBeanCondition)

       WebEndpointAutoConfiguration matched:
          - @ConditionalOnWebApplication (required) found 'session' scope (OnWebApplicationCondition)

       WebEndpointAutoConfiguration#controllerEndpointDiscoverer matched:
          - @ConditionalOnMissingBean (types: org.springframework.boot.actuate.endpoint.web.annotation.ControllerEndpointsSupplier; SearchStrategy: all) did not find any beans (OnBeanCondition)

       WebEndpointAutoConfiguration#endpointMediaTypes matched:
          - @ConditionalOnMissingBean (types: org.springframework.boot.actuate.endpoint.web.EndpointMediaTypes; SearchStrategy: all) did not find any beans (OnBeanCondition)

       WebEndpointAutoConfiguration#pathMappedEndpoints matched:
          - @ConditionalOnMissingBean (types: org.springframework.boot.actuate.endpoint.web.PathMappedEndpoints; SearchStrategy: all) did not find any beans (OnBeanCondition)

       WebEndpointAutoConfiguration#webEndpointDiscoverer matched:
          - @ConditionalOnMissingBean (types: org.springframework.boot.actuate.endpoint.web.WebEndpointsSupplier; SearchStrategy: all) did not find any beans (OnBeanCondition)

       WebEndpointAutoConfiguration.WebEndpointServletConfiguration matched:
          - found 'session' scope (OnWebApplicationCondition)

       WebEndpointAutoConfiguration.WebEndpointServletConfiguration#servletEndpointDiscoverer matched:
          - @ConditionalOnMissingBean (types: org.springframework.boot.actuate.endpoint.web.annotation.ServletEndpointsSupplier; SearchStrategy: all) did not find any beans (OnBeanCondition)

       WebMvcAutoConfiguration matched:
          - @ConditionalOnClass found required classes 'jakarta.servlet.Servlet', 'org.springframework.web.servlet.DispatcherServlet', 'org.springframework.web.servlet.config.annotation.WebMvcConfigurer' (OnClassCondition)
          - found 'session' scope (OnWebApplicationCondition)
          - @ConditionalOnMissingBean (types: org.springframework.web.servlet.config.annotation.WebMvcConfigurationSupport; SearchStrategy: all) did not find any beans (OnBeanCondition)

       WebMvcAutoConfiguration#formContentFilter matched:
          - @ConditionalOnProperty (spring.mvc.formcontent.filter.enabled) matched (OnPropertyCondition)
          - @ConditionalOnMissingBean (types: org.springframework.web.filter.FormContentFilter; SearchStrategy: all) did not find any beans (OnBeanCondition)

       WebMvcAutoConfiguration.EnableWebMvcConfiguration#flashMapManager matched:
          - @ConditionalOnMissingBean (names: flashMapManager; SearchStrategy: all) did not find any beans (OnBeanCondition)

       WebMvcAutoConfiguration.EnableWebMvcConfiguration#localeResolver matched:
          - @ConditionalOnMissingBean (names: localeResolver; SearchStrategy: all) did not find any beans (OnBeanCondition)

       WebMvcAutoConfiguration.EnableWebMvcConfiguration#themeResolver matched:
          - @ConditionalOnMissingBean (names: themeResolver; SearchStrategy: all) did not find any beans (OnBeanCondition)

       WebMvcAutoConfiguration.EnableWebMvcConfiguration#viewNameTranslator matched:
          - @ConditionalOnMissingBean (names: viewNameTranslator; SearchStrategy: all) did not find any beans (OnBeanCondition)

       WebMvcAutoConfiguration.ResourceChainCustomizerConfiguration matched:
          - @ConditionalOnEnabledResourceChain found class org.webjars.WebJarVersionLocator (OnEnabledResourceChainCondition)

       WebMvcAutoConfiguration.WebMvcAutoConfigurationAdapter#defaultViewResolver matched:
          - @ConditionalOnMissingBean (types: org.springframework.web.servlet.view.InternalResourceViewResolver; SearchStrategy: all) did not find any beans (OnBeanCondition)

       WebMvcAutoConfiguration.WebMvcAutoConfigurationAdapter#requestContextFilter matched:
          - @ConditionalOnMissingBean (types: org.springframework.web.context.request.RequestContextListener,org.springframework.web.filter.RequestContextFilter; SearchStrategy: all) did not find any beans (OnBeanCondition)

       WebMvcAutoConfiguration.WebMvcAutoConfigurationAdapter#viewResolver matched:
          - @ConditionalOnBean (types: org.springframework.web.servlet.ViewResolver; SearchStrategy: all) found beans 'defaultViewResolver', 'beanNameViewResolver', 'mvcViewResolver'; @ConditionalOnMissingBean (names: viewResolver types: org.springframework.web.servlet.view.ContentNegotiatingViewResolver; SearchStrategy: all) did not find any beans (OnBeanCondition)

       WebMvcEndpointManagementContextConfiguration matched:
          - @ConditionalOnClass found required class 'org.springframework.web.servlet.DispatcherServlet' (OnClassCondition)
          - found 'session' scope (OnWebApplicationCondition)
          - @ConditionalOnBean (types: org.springframework.web.servlet.DispatcherServlet,org.springframework.boot.actuate.endpoint.web.WebEndpointsSupplier; SearchStrategy: all) found beans 'webEndpointDiscoverer', 'dispatcherServlet' (OnBeanCondition)

       WebMvcEndpointManagementContextConfiguration#controllerEndpointHandlerMapping matched:
          - @ConditionalOnMissingBean (types: org.springframework.boot.actuate.endpoint.web.servlet.ControllerEndpointHandlerMapping; SearchStrategy: all) did not find any beans (OnBeanCondition)

       WebMvcEndpointManagementContextConfiguration#endpointObjectMapperWebMvcConfigurer matched:
          - @ConditionalOnBean (types: org.springframework.boot.actuate.endpoint.jackson.EndpointObjectMapper; SearchStrategy: all) found bean 'endpointObjectMapper' (OnBeanCondition)

       WebMvcEndpointManagementContextConfiguration#webEndpointServletHandlerMapping matched:
          - @ConditionalOnMissingBean (types: org.springframework.boot.actuate.endpoint.web.servlet.WebMvcEndpointHandlerMapping; SearchStrategy: all) did not find any beans (OnBeanCondition)

       WebMvcObservationAutoConfiguration matched:
          - @ConditionalOnClass found required classes 'org.springframework.web.servlet.DispatcherServlet', 'io.micrometer.observation.Observation' (OnClassCondition)
          - found 'session' scope (OnWebApplicationCondition)
          - @ConditionalOnBean (types: io.micrometer.observation.ObservationRegistry; SearchStrategy: all) found bean 'observationRegistry' (OnBeanCondition)

       WebMvcObservationAutoConfiguration#webMvcObservationFilter matched:
          - @ConditionalOnMissingBean (types: org.springframework.web.filter.ServerHttpObservationFilter; SearchStrategy: all) did not find any beans (OnBeanCondition)

       WebMvcObservationAutoConfiguration.MeterFilterConfiguration matched:
          - @ConditionalOnClass found required class 'io.micrometer.core.instrument.MeterRegistry' (OnClassCondition)
          - @ConditionalOnBean (types: io.micrometer.core.instrument.MeterRegistry; SearchStrategy: all) found bean 'simpleMeterRegistry' (OnBeanCondition)

       WebSocketServletAutoConfiguration matched:
          - @ConditionalOnClass found required classes 'jakarta.servlet.Servlet', 'jakarta.websocket.server.ServerContainer' (OnClassCondition)
          - found 'session' scope (OnWebApplicationCondition)

       WebSocketServletAutoConfiguration.TomcatWebSocketConfiguration matched:
          - @ConditionalOnClass found required classes 'org.apache.catalina.startup.Tomcat', 'org.apache.tomcat.websocket.server.WsSci' (OnClassCondition)

       WebSocketServletAutoConfiguration.TomcatWebSocketConfiguration#websocketServletWebServerCustomizer matched:
          - @ConditionalOnMissingBean (names: websocketServletWebServerCustomizer; SearchStrategy: all) did not find any beans (OnBeanCondition)


    Negative matches:
    -----------------

       ActiveMQAutoConfiguration:
          Did not match:
             - @ConditionalOnClass did not find required class 'jakarta.jms.ConnectionFactory' (OnClassCondition)

       AopAutoConfiguration.AspectJAutoProxyingConfiguration.JdkDynamicAutoProxyConfiguration:
          Did not match:
             - @ConditionalOnProperty (spring.aop.proxy-target-class=false) did not find property 'proxy-target-class' (OnPropertyCondition)

       AopAutoConfiguration.ClassProxyingConfiguration:
          Did not match:
             - @ConditionalOnMissingClass found unwanted class 'org.aspectj.weaver.Advice' (OnClassCondition)

       AppOpticsMetricsExportAutoConfiguration:
          Did not match:
             - @ConditionalOnClass did not find required class 'io.micrometer.appoptics.AppOpticsMeterRegistry' (OnClassCondition)

       ArtemisAutoConfiguration:
          Did not match:
             - @ConditionalOnClass did not find required class 'jakarta.jms.ConnectionFactory' (OnClassCondition)

       AtlasMetricsExportAutoConfiguration:
          Did not match:
             - @ConditionalOnClass did not find required class 'io.micrometer.atlas.AtlasMeterRegistry' (OnClassCondition)

       AuditAutoConfiguration:
          Did not match:
             - @ConditionalOnBean (types: org.springframework.boot.actuate.audit.AuditEventRepository; SearchStrategy: all) did not find any beans of type org.springframework.boot.actuate.audit.AuditEventRepository (OnBeanCondition)
          Matched:
             - @ConditionalOnProperty (management.auditevents.enabled) matched (OnPropertyCondition)

       AuditEventsEndpointAutoConfiguration:
          Did not match:
             - @ConditionalOnAvailableEndpoint not exposed (OnAvailableEndpointCondition)

       AvailabilityHealthContributorAutoConfiguration#livenessStateHealthIndicator:
          Did not match:
             - @ConditionalOnProperty (management.health.livenessstate.enabled=true) did not find property 'enabled' (OnPropertyCondition)

       AvailabilityHealthContributorAutoConfiguration#readinessStateHealthIndicator:
          Did not match:
             - @ConditionalOnProperty (management.health.readinessstate.enabled=true) did not find property 'enabled' (OnPropertyCondition)

       AvailabilityProbesAutoConfiguration:
          Did not match:
             - Probes availability not running on a supported cloud platform (AvailabilityProbesAutoConfiguration.ProbesCondition)

       BatchAutoConfiguration:
          Did not match:
             - @ConditionalOnClass did not find required class 'org.springframework.batch.core.launch.JobLauncher' (OnClassCondition)

       BatchObservationAutoConfiguration:
          Did not match:
             - @ConditionalOnClass did not find required class 'org.springframework.batch.core.configuration.annotation.BatchObservabilityBeanPostProcessor' (OnClassCondition)

       BeansEndpointAutoConfiguration:
          Did not match:
             - @ConditionalOnAvailableEndpoint not exposed (OnAvailableEndpointCondition)

       BraveAutoConfiguration:
          Did not match:
             - @ConditionalOnClass did not find required class 'brave.Tracer' (OnClassCondition)

       Cache2kCacheConfiguration:
          Did not match:
             - @ConditionalOnClass did not find required class 'org.cache2k.Cache2kBuilder' (OnClassCondition)

       CacheAutoConfiguration:
          Did not match:
             - @ConditionalOnMissingBean (names: cacheResolver types: org.springframework.cache.CacheManager; SearchStrategy: all) found beans of type 'org.springframework.cache.CacheManager' cacheManager (OnBeanCondition)
          Matched:
             - @ConditionalOnClass found required class 'org.springframework.cache.CacheManager' (OnClassCondition)

       CacheAutoConfiguration.CacheManagerEntityManagerFactoryDependsOnPostProcessor:
          Did not match:
             - Ancestor org.springframework.boot.autoconfigure.cache.CacheAutoConfiguration did not match (ConditionEvaluationReport.AncestorsMatchedCondition)
          Matched:
             - @ConditionalOnClass found required class 'org.springframework.orm.jpa.LocalContainerEntityManagerFactoryBean' (OnClassCondition)

       CacheMeterBinderProvidersConfiguration.Cache2kCacheMeterBinderProviderConfiguration:
          Did not match:
             - @ConditionalOnClass did not find required classes 'org.cache2k.Cache2kBuilder', 'org.cache2k.extra.spring.SpringCache2kCache', 'org.cache2k.extra.micrometer.Cache2kCacheMetrics' (OnClassCondition)

       CacheMeterBinderProvidersConfiguration.HazelcastCacheMeterBinderProviderConfiguration:
          Did not match:
             - @ConditionalOnClass did not find required classes 'com.hazelcast.spring.cache.HazelcastCache', 'com.hazelcast.core.Hazelcast' (OnClassCondition)

       CacheMeterBinderProvidersConfiguration.JCacheCacheMeterBinderProviderConfiguration:
          Did not match:
             - @ConditionalOnClass did not find required class 'javax.cache.CacheManager' (OnClassCondition)

       CachesEndpointAutoConfiguration:
          Did not match:
             - @ConditionalOnAvailableEndpoint not exposed (OnAvailableEndpointCondition)
          Matched:
             - @ConditionalOnClass found required class 'org.springframework.cache.CacheManager' (OnClassCondition)

       CassandraAutoConfiguration:
          Did not match:
             - @ConditionalOnClass did not find required class 'com.datastax.oss.driver.api.core.CqlSession' (OnClassCondition)

       CassandraDataAutoConfiguration:
          Did not match:
             - @ConditionalOnClass did not find required class 'com.datastax.oss.driver.api.core.CqlSession' (OnClassCondition)

       CassandraHealthContributorAutoConfiguration:
          Did not match:
             - @ConditionalOnClass did not find required class 'com.datastax.oss.driver.api.core.CqlSession' (OnClassCondition)

       CassandraReactiveDataAutoConfiguration:
          Did not match:
             - @ConditionalOnClass did not find required class 'com.datastax.oss.driver.api.core.CqlSession' (OnClassCondition)

       CassandraReactiveHealthContributorAutoConfiguration:
          Did not match:
             - @ConditionalOnClass did not find required class 'com.datastax.oss.driver.api.core.CqlSession' (OnClassCondition)

       CassandraReactiveRepositoriesAutoConfiguration:
          Did not match:
             - @ConditionalOnClass did not find required class 'org.springframework.data.cassandra.ReactiveSession' (OnClassCondition)

       CassandraRepositoriesAutoConfiguration:
          Did not match:
             - @ConditionalOnClass did not find required class 'com.datastax.oss.driver.api.core.CqlSession' (OnClassCondition)

       ClientHttpConnectorAutoConfiguration:
          Did not match:
             - @ConditionalOnClass did not find required class 'org.springframework.web.reactive.function.client.WebClient' (OnClassCondition)

       CloudFoundryActuatorAutoConfiguration:
          Did not match:
             - @ConditionalOnCloudPlatform did not find CLOUD_FOUNDRY (OnCloudPlatformCondition)
          Matched:
             - @ConditionalOnClass found required class 'org.springframework.web.servlet.DispatcherServlet' (OnClassCondition)
             - found 'session' scope (OnWebApplicationCondition)
             - @ConditionalOnProperty (management.cloudfoundry.enabled) matched (OnPropertyCondition)

       CloudHypermediaAutoConfiguration:
          Did not match:
             - @ConditionalOnClass did not find required class 'org.springframework.hateoas.Link' (OnClassCondition)

       CodecsAutoConfiguration:
          Did not match:
             - @ConditionalOnClass did not find required class 'org.springframework.web.reactive.function.client.WebClient' (OnClassCondition)

       CommonsClientAutoConfiguration.ActuatorConfiguration#featuresEndpoint:
          Did not match:
             - @ConditionalOnAvailableEndpoint not exposed (OnAvailableEndpointCondition)

       CompositeMeterRegistryConfiguration:
          Did not match:
             - NoneNestedConditions 1 matched 1 did not; NestedCondition on CompositeMeterRegistryConfiguration.MultipleNonPrimaryMeterRegistriesCondition.SingleInjectableMeterRegistry @ConditionalOnSingleCandidate (types: io.micrometer.core.instrument.MeterRegistry; SearchStrategy: all) found a single bean 'simpleMeterRegistry'; NestedCondition on CompositeMeterRegistryConfiguration.MultipleNonPrimaryMeterRegistriesCondition.NoMeterRegistryCondition @ConditionalOnMissingBean (types: io.micrometer.core.instrument.MeterRegistry; SearchStrategy: all) found beans of type 'io.micrometer.core.instrument.MeterRegistry' simpleMeterRegistry (CompositeMeterRegistryConfiguration.MultipleNonPrimaryMeterRegistriesCondition)

       ConditionsReportEndpointAutoConfiguration:
          Did not match:
             - @ConditionalOnAvailableEndpoint not exposed (OnAvailableEndpointCondition)

       ConfigurationPropertiesReportEndpointAutoConfiguration:
          Did not match:
             - @ConditionalOnAvailableEndpoint not exposed (OnAvailableEndpointCondition)

       ConnectionFactoryHealthContributorAutoConfiguration:
          Did not match:
             - @ConditionalOnClass did not find required class 'io.r2dbc.spi.ConnectionFactory' (OnClassCondition)

       ConnectionPoolMetricsAutoConfiguration:
          Did not match:
             - @ConditionalOnClass did not find required class 'io.r2dbc.pool.ConnectionPool' (OnClassCondition)

       CouchbaseAutoConfiguration:
          Did not match:
             - @ConditionalOnClass did not find required class 'com.couchbase.client.java.Cluster' (OnClassCondition)

       CouchbaseCacheConfiguration:
          Did not match:
             - @ConditionalOnClass did not find required class 'com.couchbase.client.java.Cluster' (OnClassCondition)

       CouchbaseDataAutoConfiguration:
          Did not match:
             - @ConditionalOnClass did not find required class 'com.couchbase.client.java.Bucket' (OnClassCondition)

       CouchbaseHealthContributorAutoConfiguration:
          Did not match:
             - @ConditionalOnClass did not find required class 'com.couchbase.client.java.Cluster' (OnClassCondition)

       CouchbaseReactiveDataAutoConfiguration:
          Did not match:
             - @ConditionalOnClass did not find required class 'com.couchbase.client.java.Cluster' (OnClassCondition)

       CouchbaseReactiveHealthContributorAutoConfiguration:
          Did not match:
             - @ConditionalOnClass did not find required class 'com.couchbase.client.java.Cluster' (OnClassCondition)

       CouchbaseReactiveRepositoriesAutoConfiguration:
          Did not match:
             - @ConditionalOnClass did not find required class 'com.couchbase.client.java.Cluster' (OnClassCondition)

       CouchbaseRepositoriesAutoConfiguration:
          Did not match:
             - @ConditionalOnClass did not find required class 'com.couchbase.client.java.Bucket' (OnClassCondition)

       DataSourceHealthContributorAutoConfiguration:
          Did not match:
             - @ConditionalOnBean (types: javax.sql.DataSource; SearchStrategy: all) did not find any beans of type javax.sql.DataSource (OnBeanCondition)
          Matched:
             - @ConditionalOnClass found required classes 'org.springframework.jdbc.core.JdbcTemplate', 'org.springframework.jdbc.datasource.lookup.AbstractRoutingDataSource' (OnClassCondition)
             - @ConditionalOnEnabledHealthIndicator management.health.defaults.enabled is considered true (OnEnabledHealthIndicatorCondition)

       DataSourceInitializationConfiguration:
          Did not match:
             - @ConditionalOnSingleCandidate (types: javax.sql.DataSource; SearchStrategy: all) did not find any beans (OnBeanCondition)
          Matched:
             - @ConditionalOnClass found required class 'org.springframework.jdbc.datasource.init.DatabasePopulator' (OnClassCondition)

       DataSourcePoolMetricsAutoConfiguration:
          Did not match:
             - @ConditionalOnBean (types: javax.sql.DataSource,io.micrometer.core.instrument.MeterRegistry; SearchStrategy: all) did not find any beans of type javax.sql.DataSource (OnBeanCondition)
          Matched:
             - @ConditionalOnClass found required classes 'javax.sql.DataSource', 'io.micrometer.core.instrument.MeterRegistry' (OnClassCondition)

       DataSourcePoolMetricsAutoConfiguration.HikariDataSourceMetricsConfiguration:
          Did not match:
             - Ancestor org.springframework.boot.actuate.autoconfigure.metrics.jdbc.DataSourcePoolMetricsAutoConfiguration did not match (ConditionEvaluationReport.AncestorsMatchedCondition)
          Matched:
             - @ConditionalOnClass found required class 'com.zaxxer.hikari.HikariDataSource' (OnClassCondition)

       DataSourceTransactionManagerAutoConfiguration.JdbcTransactionManagerConfiguration:
          Did not match:
             - @ConditionalOnSingleCandidate (types: javax.sql.DataSource; SearchStrategy: all) did not find any beans (OnBeanCondition)

       DatadogMetricsExportAutoConfiguration:
          Did not match:
             - @ConditionalOnClass did not find required class 'io.micrometer.datadog.DatadogMeterRegistry' (OnClassCondition)

       DefaultFeignLoadBalancerConfiguration#feignClient:
          Did not match:
             - AnyNestedCondition 0 matched 3 did not; NestedCondition on OnRetryNotEnabledCondition.OnLoadBalancerRetryEnabledCondition @ConditionalOnProperty (spring.cloud.loadbalancer.retry.enabled=false) did not find property 'spring.cloud.loadbalancer.retry.enabled'; NestedCondition on OnRetryNotEnabledCondition.OnRetryFactoryCondition @ConditionalOnMissingBean (types: org.springframework.cloud.client.loadbalancer.LoadBalancedRetryFactory; SearchStrategy: all) found beans of type 'org.springframework.cloud.client.loadbalancer.LoadBalancedRetryFactory' loadBalancedRetryFactory; NestedCondition on OnRetryNotEnabledCondition.OnNoRetryTemplateCondition @ConditionalOnMissingClass found unwanted class 'org.springframework.retry.support.RetryTemplate' (OnRetryNotEnabledCondition)

       DefaultFeignLoadBalancerConfiguration#feignRetryClient:
          Did not match:
             - @ConditionalOnMissingBean (types: feign.Client; SearchStrategy: all) found beans of type 'feign.Client' feignRetryClient (OnBeanCondition)
          Matched:
             - @ConditionalOnClass found required class 'org.springframework.retry.support.RetryTemplate' (OnClassCondition)
             - @ConditionalOnProperty (spring.cloud.loadbalancer.retry.enabled=true) matched (OnPropertyCondition)

       DiscoveryClientOptionalArgsConfiguration.DiscoveryClientOptionalArgsTlsConfiguration:
          Did not match:
             - AllNestedConditions 1 matched 1 did not; NestedCondition on DiscoveryClientOptionalArgsConfiguration.OnJerseyClientPresentAndEnabledCondition.OnJerseyClientEnabled @ConditionalOnProperty (eureka.client.jersey.enabled) matched; NestedCondition on DiscoveryClientOptionalArgsConfiguration.OnJerseyClientPresentAndEnabledCondition.OnJerseyClientPresent @ConditionalOnClass did not find required class 'org.glassfish.jersey.client.JerseyClient' (DiscoveryClientOptionalArgsConfiguration.OnJerseyClientPresentAndEnabledCondition)

       DiscoveryClientOptionalArgsConfiguration.RestClientConfiguration:
          Did not match:
             - AllNestedConditions 3 matched 1 did not; NestedCondition on DiscoveryClientOptionalArgsConfiguration.OnRestClientPresentAndEnabledCondition.OnRestClientEnabled @ConditionalOnProperty (eureka.client.restclient.enabled=true) did not find property 'restclient.enabled'; NestedCondition on DiscoveryClientOptionalArgsConfiguration.OnRestClientPresentAndEnabledCondition.OnWebClientDisabled @ConditionalOnProperty (eureka.client.webclient.enabled=false) matched; NestedCondition on DiscoveryClientOptionalArgsConfiguration.OnRestClientPresentAndEnabledCondition.OnJerseyClientNotPresentOrNotEnabled AnyNestedCondition 1 matched 1 did not; NestedCondition on DiscoveryClientOptionalArgsConfiguration.OnJerseyClientNotPresentOrNotEnabledCondition.OnJerseyClientDisabled @ConditionalOnProperty (eureka.client.jersey.enabled=false) did not find property 'eureka.client.jersey.enabled'; NestedCondition on DiscoveryClientOptionalArgsConfiguration.OnJerseyClientNotPresentOrNotEnabledCondition.OnJerseyClientMissing @ConditionalOnMissingClass did not find unwanted class 'org.glassfish.jersey.client.JerseyClient'; NestedCondition on DiscoveryClientOptionalArgsConfiguration.OnRestClientPresentAndEnabledCondition.OnRestClientPresent @ConditionalOnClass found required class 'org.springframework.web.client.RestClient' (DiscoveryClientOptionalArgsConfiguration.OnRestClientPresentAndEnabledCondition)

       DiscoveryClientOptionalArgsConfiguration.WebClientConfiguration:
          Did not match:
             - @ConditionalOnClass did not find required class 'org.springframework.web.reactive.function.client.WebClient' (OnClassCondition)

       DiscoveryClientOptionalArgsConfiguration.WebClientNotFoundConfiguration:
          Did not match:
             - @ConditionalOnProperty (eureka.client.webclient.enabled=true) did not find property 'webclient.enabled' (OnPropertyCondition)
          Matched:
             - @ConditionalOnMissingClass did not find unwanted class 'org.springframework.web.reactive.function.client.WebClient' (OnClassCondition)

       DispatcherServletAutoConfiguration.DispatcherServletConfiguration#multipartResolver:
          Did not match:
             - @ConditionalOnBean (types: org.springframework.web.multipart.MultipartResolver; SearchStrategy: all) did not find any beans of type org.springframework.web.multipart.MultipartResolver (OnBeanCondition)

       DynatraceMetricsExportAutoConfiguration:
          Did not match:
             - @ConditionalOnClass did not find required class 'io.micrometer.dynatrace.DynatraceMeterRegistry' (OnClassCondition)

       ElasticMetricsExportAutoConfiguration:
          Did not match:
             - @ConditionalOnClass did not find required class 'io.micrometer.elastic.ElasticMeterRegistry' (OnClassCondition)

       ElasticsearchClientAutoConfiguration:
          Did not match:
             - @ConditionalOnClass did not find required class 'co.elastic.clients.elasticsearch.ElasticsearchClient' (OnClassCondition)

       ElasticsearchDataAutoConfiguration:
          Did not match:
             - @ConditionalOnClass did not find required class 'org.springframework.data.elasticsearch.client.elc.ElasticsearchTemplate' (OnClassCondition)

       ElasticsearchReactiveHealthContributorAutoConfiguration:
          Did not match:
             - @ConditionalOnClass did not find required class 'org.springframework.data.elasticsearch.client.elc.ReactiveElasticsearchClient' (OnClassCondition)

       ElasticsearchRepositoriesAutoConfiguration:
          Did not match:
             - @ConditionalOnClass did not find required class 'org.springframework.data.elasticsearch.repository.ElasticsearchRepository' (OnClassCondition)

       ElasticsearchRestClientAutoConfiguration:
          Did not match:
             - @ConditionalOnClass did not find required class 'org.elasticsearch.client.RestClientBuilder' (OnClassCondition)

       ElasticsearchRestHealthContributorAutoConfiguration:
          Did not match:
             - @ConditionalOnClass did not find required class 'org.elasticsearch.client.RestClient' (OnClassCondition)

       EmbeddedLdapAutoConfiguration:
          Did not match:
             - @ConditionalOnClass did not find required class 'com.unboundid.ldap.listener.InMemoryDirectoryServer' (OnClassCondition)

       EmbeddedWebServerFactoryCustomizerAutoConfiguration:
          Did not match:
             - Application is deployed as a WAR file. (OnWarDeploymentCondition)
          Matched:
             - @ConditionalOnWebApplication (required) found 'session' scope (OnWebApplicationCondition)

       EnvironmentEndpointAutoConfiguration:
          Did not match:
             - @ConditionalOnAvailableEndpoint not exposed (OnAvailableEndpointCondition)

       ErrorWebFluxAutoConfiguration:
          Did not match:
             - @ConditionalOnClass did not find required class 'org.springframework.web.reactive.config.WebFluxConfigurer' (OnClassCondition)

       EurekaClientAutoConfiguration:
          Did not match:
             - @ConditionalOnProperty (eureka.client.enabled) found different value in property 'eureka.client.enabled' (OnPropertyCondition)
          Matched:
             - @ConditionalOnClass found required class 'com.netflix.discovery.EurekaClientConfig' (OnClassCondition)

       EurekaClientConfigServerAutoConfiguration:
          Did not match:
             - @ConditionalOnClass did not find required class 'org.springframework.cloud.config.server.config.ConfigServerProperties' (OnClassCondition)

       EurekaDiscoveryClientConfiguration:
          Did not match:
             - @ConditionalOnProperty (eureka.client.enabled) found different value in property 'eureka.client.enabled' (OnPropertyCondition)
          Matched:
             - @ConditionalOnClass found required class 'com.netflix.discovery.EurekaClientConfig' (OnClassCondition)

       EurekaReactiveDiscoveryClientConfiguration:
          Did not match:
             - @ConditionalOnClass did not find required class 'org.springframework.web.reactive.function.client.WebClient' (OnClassCondition)

       FeignAcceptGzipEncodingAutoConfiguration:
          Did not match:
             - @ConditionalOnProperty (spring.cloud.openfeign.compression.response.enabled) did not find property 'spring.cloud.openfeign.compression.response.enabled' (OnPropertyCondition)
          Matched:
             - @ConditionalOnClass found required class 'feign.Feign' (OnClassCondition)

       FeignAutoConfiguration.CircuitBreakerPresentFeignTargeterConfiguration:
          Did not match:
             - @ConditionalOnProperty (spring.cloud.openfeign.circuitbreaker.enabled=true) did not find property 'spring.cloud.openfeign.circuitbreaker.enabled' (OnPropertyCondition)
          Matched:
             - @ConditionalOnClass found required class 'org.springframework.cloud.client.circuitbreaker.CircuitBreaker' (OnClassCondition)

       FeignAutoConfiguration.Http2ClientFeignConfiguration:
          Did not match:
             - @ConditionalOnClass did not find required class 'feign.http2client.Http2Client' (OnClassCondition)

       FeignAutoConfiguration.HttpClient5FeignConfiguration:
          Did not match:
             - @ConditionalOnMissingBean (types: org.apache.hc.client5.http.impl.classic.CloseableHttpClient; SearchStrategy: all) found beans of type 'org.apache.hc.client5.http.impl.classic.CloseableHttpClient' httpClient5 (OnBeanCondition)
          Matched:
             - @ConditionalOnClass found required class 'feign.hc5.ApacheHttp5Client' (OnClassCondition)
             - @ConditionalOnProperty (spring.cloud.openfeign.httpclient.hc5.enabled=true) matched (OnPropertyCondition)

       FeignAutoConfiguration.Oauth2FeignConfiguration:
          Did not match:
             - @ConditionalOnClass did not find required class 'org.springframework.security.oauth2.client.OAuth2AuthorizedClientManager' (OnClassCondition)

       FeignAutoConfiguration.OkHttpFeignConfiguration:
          Did not match:
             - @ConditionalOnClass did not find required class 'feign.okhttp.OkHttpClient' (OnClassCondition)

       FeignContentGzipEncodingAutoConfiguration:
          Did not match:
             - @ConditionalOnProperty (spring.cloud.openfeign.compression.request.enabled) did not find property 'spring.cloud.openfeign.compression.request.enabled' (OnPropertyCondition)
          Matched:
             - @ConditionalOnClass found required class 'feign.Feign' (OnClassCondition)

       FeignHalAutoConfiguration:
          Did not match:
             - @ConditionalOnClass did not find required class 'org.springframework.hateoas.config.WebConverters' (OnClassCondition)

       FlywayAutoConfiguration:
          Did not match:
             - @ConditionalOnClass did not find required class 'org.flywaydb.core.Flyway' (OnClassCondition)

       FlywayEndpointAutoConfiguration:
          Did not match:
             - @ConditionalOnClass did not find required class 'org.flywaydb.core.Flyway' (OnClassCondition)

       FreeMarkerAutoConfiguration:
          Did not match:
             - @ConditionalOnClass did not find required class 'freemarker.template.Configuration' (OnClassCondition)

       GangliaMetricsExportAutoConfiguration:
          Did not match:
             - @ConditionalOnClass did not find required class 'io.micrometer.ganglia.GangliaMeterRegistry' (OnClassCondition)

       GraphQlAutoConfiguration:
          Did not match:
             - @ConditionalOnClass did not find required class 'graphql.GraphQL' (OnClassCondition)

       GraphQlObservationAutoConfiguration:
          Did not match:
             - @ConditionalOnClass did not find required class 'graphql.GraphQL' (OnClassCondition)

       GraphQlQueryByExampleAutoConfiguration:
          Did not match:
             - @ConditionalOnClass did not find required class 'graphql.GraphQL' (OnClassCondition)

       GraphQlQuerydslAutoConfiguration:
          Did not match:
             - @ConditionalOnClass did not find required class 'com.querydsl.core.Query' (OnClassCondition)

       GraphQlRSocketAutoConfiguration:
          Did not match:
             - @ConditionalOnClass did not find required class 'graphql.GraphQL' (OnClassCondition)

       GraphQlReactiveQueryByExampleAutoConfiguration:
          Did not match:
             - @ConditionalOnClass did not find required class 'graphql.GraphQL' (OnClassCondition)

       GraphQlReactiveQuerydslAutoConfiguration:
          Did not match:
             - @ConditionalOnClass did not find required class 'com.querydsl.core.Query' (OnClassCondition)

       GraphQlWebFluxAutoConfiguration:
          Did not match:
             - @ConditionalOnClass did not find required class 'graphql.GraphQL' (OnClassCondition)

       GraphQlWebFluxSecurityAutoConfiguration:
          Did not match:
             - @ConditionalOnClass did not find required class 'graphql.GraphQL' (OnClassCondition)

       GraphQlWebMvcAutoConfiguration:
          Did not match:
             - @ConditionalOnClass did not find required class 'graphql.GraphQL' (OnClassCondition)

       GraphQlWebMvcSecurityAutoConfiguration:
          Did not match:
             - @ConditionalOnClass did not find required class 'graphql.GraphQL' (OnClassCondition)

       GraphiteMetricsExportAutoConfiguration:
          Did not match:
             - @ConditionalOnClass did not find required class 'io.micrometer.graphite.GraphiteMeterRegistry' (OnClassCondition)

       GroovyTemplateAutoConfiguration:
          Did not match:
             - @ConditionalOnClass did not find required class 'groovy.text.markup.MarkupTemplateEngine' (OnClassCondition)

       GrpcClientAutoConfiguration#defaultChannelConfigurers:
          Did not match:
             - @ConditionalOnMissingBean (types: net.devh.boot.grpc.client.channelfactory.GrpcChannelConfigurer; SearchStrategy: all) found beans of type 'net.devh.boot.grpc.client.channelfactory.GrpcChannelConfigurer' compressionChannelConfigurer, decompressionChannelConfigurer (OnBeanCondition)

       GrpcClientAutoConfiguration#inProcessGrpcChannelFactory:
          Did not match:
             - @ConditionalOnMissingBean (types: net.devh.boot.grpc.client.channelfactory.GrpcChannelFactory; SearchStrategy: all) found beans of type 'net.devh.boot.grpc.client.channelfactory.GrpcChannelFactory' shadedNettyGrpcChannelFactory (OnBeanCondition)

       GrpcClientAutoConfiguration#nettyGrpcChannelFactory:
          Did not match:
             - @ConditionalOnClass did not find required class 'io.grpc.netty.NettyChannelBuilder' (OnClassCondition)

       GrpcClientSecurityAutoConfiguration#stubCallCredentialsTransformer:
          Did not match:
             - @ConditionalOnSingleCandidate (types: io.grpc.CallCredentials; SearchStrategy: all) did not find any beans (OnBeanCondition)

       GrpcMetadataConsulConfiguration:
          Did not match:
             - @ConditionalOnClass did not find required class 'org.springframework.cloud.consul.serviceregistry.ConsulRegistration' (OnClassCondition)

       GrpcMetadataNacosConfiguration:
          Did not match:
             - @ConditionalOnClass did not find required class 'com.alibaba.cloud.nacos.registry.NacosRegistration' (OnClassCondition)

       GrpcMetadataZookeeperConfiguration:
          Did not match:
             - @ConditionalOnClass did not find required class 'org.springframework.cloud.zookeeper.serviceregistry.ZookeeperRegistration' (OnClassCondition)

       GrpcServerAutoConfiguration#defaultServerConfigurers:
          Did not match:
             - @ConditionalOnMissingBean (types: net.devh.boot.grpc.server.serverfactory.GrpcServerConfigurer; SearchStrategy: all) found beans of type 'net.devh.boot.grpc.server.serverfactory.GrpcServerConfigurer' streamTracerFactoryConfigurer, compressionServerConfigurer, decompressionServerConfigurer (OnBeanCondition)

       GrpcServerAutoConfiguration#grpcServerLifecycle:
          Did not match:
             - @ConditionalOnBean (types: net.devh.boot.grpc.server.serverfactory.GrpcServerFactory; SearchStrategy: all) did not find any beans of type net.devh.boot.grpc.server.serverfactory.GrpcServerFactory (OnBeanCondition)

       GrpcServerFactoryAutoConfiguration#inProcessGrpcServerFactory:
          Did not match:
             - @ConditionalOnProperty (grpc.server.in-process-name) did not find property 'in-process-name' (OnPropertyCondition)

       GrpcServerFactoryAutoConfiguration#inProcessGrpcServerLifecycle:
          Did not match:
             - @ConditionalOnBean (types: net.devh.boot.grpc.server.serverfactory.InProcessGrpcServerFactory; SearchStrategy: all) did not find any beans of type net.devh.boot.grpc.server.serverfactory.InProcessGrpcServerFactory (OnBeanCondition)

       GrpcServerFactoryAutoConfiguration#nettyGrpcServerFactory:
          Did not match:
             - @ConditionalOnClass did not find required class 'io.grpc.netty.NettyServerBuilder' (OnClassCondition)

       GrpcServerFactoryAutoConfiguration#nettyGrpcServerLifecycle:
          Did not match:
             - @ConditionalOnBean (types: net.devh.boot.grpc.server.serverfactory.NettyGrpcServerFactory; SearchStrategy: all) did not find any beans of type net.devh.boot.grpc.server.serverfactory.NettyGrpcServerFactory (OnBeanCondition)

       GrpcServerSecurityAutoConfiguration:
          Did not match:
             - @ConditionalOnBean (types: org.springframework.security.authentication.AuthenticationManager; SearchStrategy: all) did not find any beans of type org.springframework.security.authentication.AuthenticationManager (OnBeanCondition)

       GsonHttpMessageConvertersConfiguration.GsonHttpMessageConverterConfiguration:
          Did not match:
             - AnyNestedCondition 0 matched 2 did not; NestedCondition on GsonHttpMessageConvertersConfiguration.PreferGsonOrJacksonAndJsonbUnavailableCondition.JacksonJsonbUnavailable NoneNestedConditions 1 matched 1 did not; NestedCondition on GsonHttpMessageConvertersConfiguration.JacksonAndJsonbUnavailableCondition.JsonbPreferred @ConditionalOnProperty (spring.mvc.converters.preferred-json-mapper=jsonb) did not find property 'spring.mvc.converters.preferred-json-mapper'; NestedCondition on GsonHttpMessageConvertersConfiguration.JacksonAndJsonbUnavailableCondition.JacksonAvailable @ConditionalOnBean (types: org.springframework.http.converter.json.MappingJackson2HttpMessageConverter; SearchStrategy: all) found bean 'mappingJackson2HttpMessageConverter'; NestedCondition on GsonHttpMessageConvertersConfiguration.PreferGsonOrJacksonAndJsonbUnavailableCondition.GsonPreferred @ConditionalOnProperty (spring.mvc.converters.preferred-json-mapper=gson) did not find property 'spring.mvc.converters.preferred-json-mapper' (GsonHttpMessageConvertersConfiguration.PreferGsonOrJacksonAndJsonbUnavailableCondition)

       H2ConsoleAutoConfiguration:
          Did not match:
             - @ConditionalOnClass did not find required class 'org.h2.server.web.JakartaWebServlet' (OnClassCondition)

       HazelcastAutoConfiguration:
          Did not match:
             - @ConditionalOnClass did not find required class 'com.hazelcast.core.HazelcastInstance' (OnClassCondition)

       HazelcastCacheConfiguration:
          Did not match:
             - @ConditionalOnClass did not find required class 'com.hazelcast.core.HazelcastInstance' (OnClassCondition)

       HazelcastHealthContributorAutoConfiguration:
          Did not match:
             - @ConditionalOnClass did not find required class 'com.hazelcast.core.HazelcastInstance' (OnClassCondition)

       HazelcastJpaDependencyAutoConfiguration:
          Did not match:
             - @ConditionalOnClass did not find required class 'com.hazelcast.core.HazelcastInstance' (OnClassCondition)

       HealthEndpointReactiveWebExtensionConfiguration:
          Did not match:
             - did not find reactive web application classes (OnWebApplicationCondition)

       HealthEndpointWebExtensionConfiguration.JerseyAdditionalHealthEndpointPathsConfiguration:
          Did not match:
             - @ConditionalOnClass did not find required class 'org.glassfish.jersey.server.ResourceConfig' (OnClassCondition)

       HeapDumpWebEndpointAutoConfiguration:
          Did not match:
             - @ConditionalOnAvailableEndpoint not exposed (OnAvailableEndpointCondition)

       HibernateMetricsAutoConfiguration:
          Did not match:
             - @ConditionalOnClass did not find required class 'org.hibernate.stat.HibernateMetrics' (OnClassCondition)

       Http2ClientFeignLoadBalancerConfiguration:
          Did not match:
             - @ConditionalOnClass did not find required class 'feign.http2client.Http2Client' (OnClassCondition)

       HttpClient5FeignLoadBalancerConfiguration#feignClient:
          Did not match:
             - AnyNestedCondition 0 matched 3 did not; NestedCondition on OnRetryNotEnabledCondition.OnLoadBalancerRetryEnabledCondition @ConditionalOnProperty (spring.cloud.loadbalancer.retry.enabled=false) did not find property 'spring.cloud.loadbalancer.retry.enabled'; NestedCondition on OnRetryNotEnabledCondition.OnRetryFactoryCondition @ConditionalOnMissingBean (types: org.springframework.cloud.client.loadbalancer.LoadBalancedRetryFactory; SearchStrategy: all) found beans of type 'org.springframework.cloud.client.loadbalancer.LoadBalancedRetryFactory' loadBalancedRetryFactory; NestedCondition on OnRetryNotEnabledCondition.OnNoRetryTemplateCondition @ConditionalOnMissingClass found unwanted class 'org.springframework.retry.support.RetryTemplate' (OnRetryNotEnabledCondition)

       HttpExchangesAutoConfiguration:
          Did not match:
             - @ConditionalOnBean (types: org.springframework.boot.actuate.web.exchanges.HttpExchangeRepository; SearchStrategy: all) did not find any beans of type org.springframework.boot.actuate.web.exchanges.HttpExchangeRepository (OnBeanCondition)
          Matched:
             - @ConditionalOnWebApplication (required) found 'session' scope (OnWebApplicationCondition)
             - @ConditionalOnProperty (management.httpexchanges.recording.enabled) matched (OnPropertyCondition)

       HttpExchangesAutoConfiguration.ReactiveHttpExchangesConfiguration:
          Did not match:
             - did not find reactive web application classes (OnWebApplicationCondition)
             - Ancestor org.springframework.boot.actuate.autoconfigure.web.exchanges.HttpExchangesAutoConfiguration did not match (ConditionEvaluationReport.AncestorsMatchedCondition)

       HttpExchangesAutoConfiguration.ServletHttpExchangesConfiguration:
          Did not match:
             - Ancestor org.springframework.boot.actuate.autoconfigure.web.exchanges.HttpExchangesAutoConfiguration did not match (ConditionEvaluationReport.AncestorsMatchedCondition)
          Matched:
             - found 'session' scope (OnWebApplicationCondition)

       HttpExchangesEndpointAutoConfiguration:
          Did not match:
             - @ConditionalOnAvailableEndpoint not exposed (OnAvailableEndpointCondition)

       HttpHandlerAutoConfiguration:
          Did not match:
             - @ConditionalOnClass did not find required class 'org.springframework.web.reactive.DispatcherHandler' (OnClassCondition)

       HumioMetricsExportAutoConfiguration:
          Did not match:
             - @ConditionalOnClass did not find required class 'io.micrometer.humio.HumioMeterRegistry' (OnClassCondition)

       HypermediaAutoConfiguration:
          Did not match:
             - @ConditionalOnClass did not find required class 'org.springframework.hateoas.EntityModel' (OnClassCondition)

       InfinispanCacheConfiguration:
          Did not match:
             - @ConditionalOnClass did not find required class 'org.infinispan.spring.embedded.provider.SpringEmbeddedCacheManager' (OnClassCondition)

       InfluxMetricsExportAutoConfiguration:
          Did not match:
             - @ConditionalOnClass did not find required class 'io.micrometer.influx.InfluxMeterRegistry' (OnClassCondition)

       InfoContributorAutoConfiguration#buildInfoContributor:
          Did not match:
             - @ConditionalOnSingleCandidate (types: org.springframework.boot.info.BuildProperties; SearchStrategy: all) did not find any beans (OnBeanCondition)
          Matched:
             - @ConditionalOnEnabledInfoContributor management.info.defaults.enabled is considered true (OnEnabledInfoContributorCondition)

       InfoContributorAutoConfiguration#envInfoContributor:
          Did not match:
             - @ConditionalOnEnabledInfoContributor management.info.env.enabled is not true (OnEnabledInfoContributorCondition)

       InfoContributorAutoConfiguration#gitInfoContributor:
          Did not match:
             - @ConditionalOnSingleCandidate (types: org.springframework.boot.info.GitProperties; SearchStrategy: all) did not find any beans (OnBeanCondition)
          Matched:
             - @ConditionalOnEnabledInfoContributor management.info.defaults.enabled is considered true (OnEnabledInfoContributorCondition)

       InfoContributorAutoConfiguration#javaInfoContributor:
          Did not match:
             - @ConditionalOnEnabledInfoContributor management.info.java.enabled is not true (OnEnabledInfoContributorCondition)

       InfoContributorAutoConfiguration#osInfoContributor:
          Did not match:
             - @ConditionalOnEnabledInfoContributor management.info.os.enabled is not true (OnEnabledInfoContributorCondition)

       InfoContributorAutoConfiguration#processInfoContributor:
          Did not match:
             - @ConditionalOnEnabledInfoContributor management.info.process.enabled is not true (OnEnabledInfoContributorCondition)

       InfoContributorAutoConfiguration#sslInfo:
          Did not match:
             - @ConditionalOnEnabledInfoContributor management.info.ssl.enabled is not true (OnEnabledInfoContributorCondition)
          Matched:
             - @ConditionalOnMissingBean (types: org.springframework.boot.info.SslInfo; SearchStrategy: all) did not find any beans (OnBeanCondition)

       InfoContributorAutoConfiguration#sslInfoContributor:
          Did not match:
             - @ConditionalOnEnabledInfoContributor management.info.ssl.enabled is not true (OnEnabledInfoContributorCondition)

       IntegrationAutoConfiguration:
          Did not match:
             - @ConditionalOnClass did not find required class 'org.springframework.integration.config.EnableIntegration' (OnClassCondition)

       IntegrationGraphEndpointAutoConfiguration:
          Did not match:
             - @ConditionalOnClass did not find required class 'org.springframework.integration.graph.IntegrationGraphServer' (OnClassCondition)

       JCacheCacheConfiguration:
          Did not match:
             - @ConditionalOnClass did not find required class 'javax.cache.Caching' (OnClassCondition)

       JacksonHttpMessageConvertersConfiguration.MappingJackson2XmlHttpMessageConverterConfiguration:
          Did not match:
             - @ConditionalOnClass did not find required class 'com.fasterxml.jackson.dataformat.xml.XmlMapper' (OnClassCondition)

       JdbcClientAutoConfiguration:
          Did not match:
             - @ConditionalOnSingleCandidate (types: org.springframework.jdbc.core.namedparam.NamedParameterJdbcTemplate; SearchStrategy: all) did not find any beans (OnBeanCondition)

       JdbcRepositoriesAutoConfiguration:
          Did not match:
             - @ConditionalOnClass did not find required class 'org.springframework.data.jdbc.repository.config.AbstractJdbcConfiguration' (OnClassCondition)

       JdbcTemplateAutoConfiguration:
          Did not match:
             - @ConditionalOnSingleCandidate (types: javax.sql.DataSource; SearchStrategy: all) did not find any beans (OnBeanCondition)
          Matched:
             - @ConditionalOnClass found required classes 'javax.sql.DataSource', 'org.springframework.jdbc.core.JdbcTemplate' (OnClassCondition)

       JedisConnectionConfiguration:
          Did not match:
             - @ConditionalOnClass did not find required classes 'org.apache.commons.pool2.impl.GenericObjectPool', 'redis.clients.jedis.Jedis' (OnClassCondition)

       JerseyAutoConfiguration:
          Did not match:
             - @ConditionalOnClass did not find required class 'org.glassfish.jersey.server.spring.SpringComponentProvider' (OnClassCondition)

       JerseySameManagementContextConfiguration:
          Did not match:
             - @ConditionalOnClass did not find required class 'org.glassfish.jersey.server.ResourceConfig' (OnClassCondition)

       JerseyServerMetricsAutoConfiguration:
          Did not match:
             - @ConditionalOnClass did not find required class 'org.glassfish.jersey.micrometer.server.ObservationApplicationEventListener' (OnClassCondition)

       JerseyWebEndpointManagementContextConfiguration:
          Did not match:
             - @ConditionalOnClass did not find required class 'org.glassfish.jersey.server.ResourceConfig' (OnClassCondition)

       JettyMetricsAutoConfiguration:
          Did not match:
             - @ConditionalOnClass did not find required class 'org.eclipse.jetty.server.Server' (OnClassCondition)

       JmsAutoConfiguration:
          Did not match:
             - @ConditionalOnClass did not find required class 'jakarta.jms.Message' (OnClassCondition)

       JmsHealthContributorAutoConfiguration:
          Did not match:
             - @ConditionalOnClass did not find required class 'jakarta.jms.ConnectionFactory' (OnClassCondition)

       JmxAutoConfiguration:
          Did not match:
             - @ConditionalOnProperty (spring.jmx.enabled=true) found different value in property 'enabled' (OnPropertyCondition)
          Matched:
             - @ConditionalOnClass found required class 'org.springframework.jmx.export.MBeanExporter' (OnClassCondition)

       JmxEndpointAutoConfiguration:
          Did not match:
             - @ConditionalOnProperty (spring.jmx.enabled=true) found different value in property 'enabled' (OnPropertyCondition)

       JmxMetricsExportAutoConfiguration:
          Did not match:
             - @ConditionalOnClass did not find required class 'io.micrometer.jmx.JmxMeterRegistry' (OnClassCondition)

       JndiConnectionFactoryAutoConfiguration:
          Did not match:
             - @ConditionalOnClass did not find required class 'org.springframework.jms.core.JmsTemplate' (OnClassCondition)

       JndiDataSourceAutoConfiguration:
          Did not match:
             - @ConditionalOnProperty (spring.datasource.jndi-name) did not find property 'jndi-name' (OnPropertyCondition)
          Matched:
             - @ConditionalOnClass found required classes 'javax.sql.DataSource', 'org.springframework.jdbc.datasource.embedded.EmbeddedDatabaseType' (OnClassCondition)

       JndiJtaConfiguration:
          Did not match:
             - @ConditionalOnJndi JNDI environment is not available (OnJndiCondition)
          Matched:
             - @ConditionalOnClass found required class 'org.springframework.transaction.jta.JtaTransactionManager' (OnClassCondition)

       JooqAutoConfiguration:
          Did not match:
             - @ConditionalOnClass did not find required class 'org.jooq.DSLContext' (OnClassCondition)

       JpaRepositoriesAutoConfiguration:
          Did not match:
             - @ConditionalOnBean (types: javax.sql.DataSource; SearchStrategy: all) did not find any beans of type javax.sql.DataSource (OnBeanCondition)
          Matched:
             - @ConditionalOnClass found required class 'org.springframework.data.jpa.repository.JpaRepository' (OnClassCondition)
             - @ConditionalOnProperty (spring.data.jpa.repositories.enabled=true) matched (OnPropertyCondition)

       JsonbAutoConfiguration:
          Did not match:
             - @ConditionalOnClass did not find required class 'jakarta.json.bind.Jsonb' (OnClassCondition)

       JsonbHttpMessageConvertersConfiguration:
          Did not match:
             - @ConditionalOnClass did not find required class 'jakarta.json.bind.Jsonb' (OnClassCondition)

       KafkaAnnotationDrivenConfiguration#kafkaListenerContainerFactoryConfigurerVirtualThreads:
          Did not match:
             - @ConditionalOnMissingBean (types: org.springframework.boot.autoconfigure.kafka.ConcurrentKafkaListenerContainerFactoryConfigurer; SearchStrategy: all) found beans of type 'org.springframework.boot.autoconfigure.kafka.ConcurrentKafkaListenerContainerFactoryConfigurer' kafkaListenerContainerFactoryConfigurer (OnBeanCondition)

       KafkaAnnotationDrivenConfiguration.EnableKafkaConfiguration:
          Did not match:
             - @ConditionalOnMissingBean (names: org.springframework.kafka.config.internalKafkaListenerAnnotationProcessor; SearchStrategy: all) found beans named org.springframework.kafka.config.internalKafkaListenerAnnotationProcessor (OnBeanCondition)

       KafkaAutoConfiguration#kafkaConsumerFactory:
          Did not match:
             - @ConditionalOnMissingBean (types: org.springframework.kafka.core.ConsumerFactory; SearchStrategy: all) found beans of type 'org.springframework.kafka.core.ConsumerFactory' userSetupCompletedConsumerFactory (OnBeanCondition)

       KafkaAutoConfiguration#kafkaJaasInitializer:
          Did not match:
             - @ConditionalOnProperty (spring.kafka.jaas.enabled) did not find property 'spring.kafka.jaas.enabled' (OnPropertyCondition)

       KafkaAutoConfiguration#kafkaRetryTopicConfiguration:
          Did not match:
             - @ConditionalOnProperty (spring.kafka.retry.topic.enabled) did not find property 'spring.kafka.retry.topic.enabled' (OnPropertyCondition)

       KafkaAutoConfiguration#kafkaTransactionManager:
          Did not match:
             - @ConditionalOnProperty (spring.kafka.producer.transaction-id-prefix) did not find property 'spring.kafka.producer.transaction-id-prefix' (OnPropertyCondition)

       KafkaStreamsAnnotationDrivenConfiguration:
          Did not match:
             - @ConditionalOnBean (names: defaultKafkaStreamsBuilder; SearchStrategy: all) did not find any beans named defaultKafkaStreamsBuilder (OnBeanCondition)
          Matched:
             - @ConditionalOnClass found required class 'org.apache.kafka.streams.StreamsBuilder' (OnClassCondition)

       KairosMetricsExportAutoConfiguration:
          Did not match:
             - @ConditionalOnClass did not find required class 'io.micrometer.kairos.KairosMeterRegistry' (OnClassCondition)

       LdapAutoConfiguration:
          Did not match:
             - @ConditionalOnClass did not find required class 'org.springframework.ldap.core.ContextSource' (OnClassCondition)

       LdapHealthContributorAutoConfiguration:
          Did not match:
             - @ConditionalOnClass did not find required class 'org.springframework.ldap.core.LdapOperations' (OnClassCondition)

       LdapRepositoriesAutoConfiguration:
          Did not match:
             - @ConditionalOnClass did not find required class 'org.springframework.data.ldap.repository.LdapRepository' (OnClassCondition)

       LettuceConnectionConfiguration#redisConnectionFactoryVirtualThreads:
          Did not match:
             - @ConditionalOnMissingBean (types: org.springframework.data.redis.connection.RedisConnectionFactory; SearchStrategy: all) found beans of type 'org.springframework.data.redis.connection.RedisConnectionFactory' redisConnectionFactory (OnBeanCondition)

       LiquibaseAutoConfiguration:
          Did not match:
             - @ConditionalOnClass did not find required class 'liquibase.change.DatabaseChange' (OnClassCondition)

       LiquibaseEndpointAutoConfiguration:
          Did not match:
             - @ConditionalOnClass did not find required class 'liquibase.integration.spring.SpringLiquibase' (OnClassCondition)

       LoadBalancerAutoConfiguration.LoadBalancerInterceptorConfig:
          Did not match:
             - AnyNestedCondition 0 matched 2 did not; NestedCondition on LoadBalancerAutoConfiguration.RetryMissingOrDisabledCondition.RetryDisabled @ConditionalOnProperty (spring.cloud.loadbalancer.retry.enabled=false) did not find property 'spring.cloud.loadbalancer.retry.enabled'; NestedCondition on LoadBalancerAutoConfiguration.RetryMissingOrDisabledCondition.RetryTemplateMissing @ConditionalOnMissingClass found unwanted class 'org.springframework.retry.support.RetryTemplate' (LoadBalancerAutoConfiguration.RetryMissingOrDisabledCondition)

       LoadBalancerAutoConfiguration.RetryAutoConfiguration#loadBalancedRetryFactory:
          Did not match:
             - @ConditionalOnMissingBean (types: org.springframework.cloud.client.loadbalancer.LoadBalancedRetryFactory; SearchStrategy: all) found beans of type 'org.springframework.cloud.client.loadbalancer.LoadBalancedRetryFactory' loadBalancedRetryFactory (OnBeanCondition)

       LoadBalancerBeanPostProcessorAutoConfiguration:
          Did not match:
             - @ConditionalOnClass did not find required class 'org.springframework.web.reactive.function.client.WebClient' (OnClassCondition)

       LoadBalancerCacheAutoConfiguration.DefaultLoadBalancerCacheManagerConfiguration:
          Did not match:
             - AnyNestedCondition 0 matched 2 did not; NestedCondition on LoadBalancerCacheAutoConfiguration.OnCaffeineCacheMissingCondition.CaffeineCacheManagerClassMissing @ConditionalOnMissingClass found unwanted class 'org.springframework.cache.caffeine.CaffeineCacheManager'; NestedCondition on LoadBalancerCacheAutoConfiguration.OnCaffeineCacheMissingCondition.CaffeineClassMissing @ConditionalOnMissingClass found unwanted class 'com.github.benmanes.caffeine.cache.Caffeine' (LoadBalancerCacheAutoConfiguration.OnCaffeineCacheMissingCondition)
          Matched:
             - @ConditionalOnClass found required class 'com.stoyanr.evictor.ConcurrentMapWithTimedEviction' (OnClassCondition)

       LoadBalancerCacheAutoConfiguration.LoadBalancerCacheManagerWarnConfiguration:
          Did not match:
             - AnyNestedCondition 0 matched 2 did not; NestedCondition on LoadBalancerCacheAutoConfiguration.OnCaffeineCacheMissingCondition.CaffeineCacheManagerClassMissing @ConditionalOnMissingClass found unwanted class 'org.springframework.cache.caffeine.CaffeineCacheManager'; NestedCondition on LoadBalancerCacheAutoConfiguration.OnCaffeineCacheMissingCondition.CaffeineClassMissing @ConditionalOnMissingClass found unwanted class 'com.github.benmanes.caffeine.cache.Caffeine' (LoadBalancerCacheAutoConfiguration.OnCaffeineCacheMissingCondition)

       LoadBalancerEurekaAutoConfiguration:
          Did not match:
             - @ConditionalOnProperty (eureka.client.enabled) found different value in property 'eureka.client.enabled' (OnPropertyCondition)
          Matched:
             - @ConditionalOnClass found required class 'org.springframework.cloud.loadbalancer.annotation.LoadBalancerClientConfigurationRegistrar' (OnClassCondition)

       LoadBalancerStatsAutoConfiguration:
          Did not match:
             - @ConditionalOnProperty (spring.cloud.loadbalancer.stats.micrometer.enabled=true) did not find property 'spring.cloud.loadbalancer.stats.micrometer.enabled' (OnPropertyCondition)
          Matched:
             - @ConditionalOnClass found required class 'io.micrometer.core.instrument.MeterRegistry' (OnClassCondition)

       Log4J2MetricsAutoConfiguration:
          Did not match:
             - @ConditionalOnClass did not find required class 'org.apache.logging.log4j.core.LoggerContext' (OnClassCondition)

       LogFileWebEndpointAutoConfiguration:
          Did not match:
             - @ConditionalOnAvailableEndpoint not exposed (OnAvailableEndpointCondition)

       LoggersEndpointAutoConfiguration:
          Did not match:
             - @ConditionalOnAvailableEndpoint not exposed (OnAvailableEndpointCondition)

       MailHealthContributorAutoConfiguration:
          Did not match:
             - @ConditionalOnBean (types: org.springframework.mail.javamail.JavaMailSenderImpl; SearchStrategy: all) did not find any beans of type org.springframework.mail.javamail.JavaMailSenderImpl (OnBeanCondition)
          Matched:
             - @ConditionalOnClass found required class 'org.springframework.mail.javamail.JavaMailSenderImpl' (OnClassCondition)
             - @ConditionalOnEnabledHealthIndicator management.health.defaults.enabled is considered true (OnEnabledHealthIndicatorCondition)

       MailSenderAutoConfiguration:
          Did not match:
             - @ConditionalOnClass did not find required class 'jakarta.mail.internet.MimeMessage' (OnClassCondition)

       MailSenderValidatorAutoConfiguration:
          Did not match:
             - @ConditionalOnProperty (spring.mail.test-connection) did not find property 'test-connection' (OnPropertyCondition)

       ManagementContextAutoConfiguration.DifferentManagementContextConfiguration:
          Did not match:
             - Management Port actual port type (SAME) did not match required type (DIFFERENT) (OnManagementPortCondition)

       ManagementWebSecurityAutoConfiguration:
          Did not match:
             - AllNestedConditions 1 matched 1 did not; NestedCondition on DefaultWebSecurityCondition.Beans @ConditionalOnMissingBean (types: org.springframework.security.web.SecurityFilterChain; SearchStrategy: all) found beans of type 'org.springframework.security.web.SecurityFilterChain' securityFilterChain; NestedCondition on DefaultWebSecurityCondition.Classes @ConditionalOnClass found required classes 'org.springframework.security.web.SecurityFilterChain', 'org.springframework.security.config.annotation.web.builders.HttpSecurity' (DefaultWebSecurityCondition)
          Matched:
             - found 'session' scope (OnWebApplicationCondition)

       MappingsEndpointAutoConfiguration:
          Did not match:
             - @ConditionalOnAvailableEndpoint not exposed (OnAvailableEndpointCondition)

       MessageSourceAutoConfiguration:
          Did not match:
             - ResourceBundle did not find bundle with basename messages (MessageSourceAutoConfiguration.ResourceBundleCondition)

       MetricsAspectsAutoConfiguration:
          Did not match:
             - AnyNestedCondition 0 matched 2 did not; NestedCondition on MetricsAspectsAutoConfiguration.ObservationAnnotationsEnabledCondition.ManagementObservationsEnabledCondition @ConditionalOnProperty (management.observations.annotations.enabled=true) did not find property 'enabled'; NestedCondition on MetricsAspectsAutoConfiguration.ObservationAnnotationsEnabledCondition.MicrometerObservationsEnabledCondition @ConditionalOnProperty (micrometer.observations.annotations.enabled=true) did not find property 'enabled' (MetricsAspectsAutoConfiguration.ObservationAnnotationsEnabledCondition)
          Matched:
             - @ConditionalOnClass found required classes 'io.micrometer.core.instrument.MeterRegistry', 'org.aspectj.weaver.Advice' (OnClassCondition)

       MetricsEndpointAutoConfiguration:
          Did not match:
             - @ConditionalOnAvailableEndpoint not exposed (OnAvailableEndpointCondition)
          Matched:
             - @ConditionalOnClass found required class 'io.micrometer.core.annotation.Timed' (OnClassCondition)

       MicrometerTracingAutoConfiguration:
          Did not match:
             - @ConditionalOnClass did not find required class 'io.micrometer.tracing.Tracer' (OnClassCondition)

       MongoAutoConfiguration:
          Did not match:
             - @ConditionalOnClass did not find required class 'com.mongodb.client.MongoClient' (OnClassCondition)

       MongoDataAutoConfiguration:
          Did not match:
             - @ConditionalOnClass did not find required class 'com.mongodb.client.MongoClient' (OnClassCondition)

       MongoHealthContributorAutoConfiguration:
          Did not match:
             - @ConditionalOnClass did not find required class 'org.springframework.data.mongodb.core.MongoTemplate' (OnClassCondition)

       MongoMetricsAutoConfiguration:
          Did not match:
             - @ConditionalOnClass did not find required class 'com.mongodb.MongoClientSettings' (OnClassCondition)

       MongoReactiveAutoConfiguration:
          Did not match:
             - @ConditionalOnClass did not find required class 'com.mongodb.reactivestreams.client.MongoClient' (OnClassCondition)

       MongoReactiveDataAutoConfiguration:
          Did not match:
             - @ConditionalOnClass did not find required class 'com.mongodb.reactivestreams.client.MongoClient' (OnClassCondition)

       MongoReactiveHealthContributorAutoConfiguration:
          Did not match:
             - @ConditionalOnClass did not find required class 'org.springframework.data.mongodb.core.ReactiveMongoTemplate' (OnClassCondition)

       MongoReactiveRepositoriesAutoConfiguration:
          Did not match:
             - @ConditionalOnClass did not find required class 'com.mongodb.reactivestreams.client.MongoClient' (OnClassCondition)

       MongoRepositoriesAutoConfiguration:
          Did not match:
             - @ConditionalOnClass did not find required class 'com.mongodb.client.MongoClient' (OnClassCondition)

       MultipleOpenApiSupportConfiguration:
          Did not match:
             - AnyNestedCondition 0 matched 2 did not; NestedCondition on MultipleOpenApiSupportCondition.OnActuatorDifferentPort found non-matching nested conditions Management Port actual port type (SAME) did not match required type (DIFFERENT), @ConditionalOnProperty (springdoc.show-actuator) found different value in property 'springdoc.show-actuator'; NestedCondition on MultipleOpenApiSupportCondition.OnMultipleOpenApiSupportCondition AnyNestedCondition 0 matched 3 did not; NestedCondition on MultipleOpenApiGroupsCondition.OnListGroupedOpenApiBean @ConditionalOnBean (types: org.springdoc.core.models.GroupedOpenApi; SearchStrategy: all) did not find any beans of type org.springdoc.core.models.GroupedOpenApi; NestedCondition on MultipleOpenApiGroupsCondition.OnGroupConfigProperty @ConditionalOnProperty (springdoc.group-configs[0].group) did not find property 'springdoc.group-configs[0].group'; NestedCondition on MultipleOpenApiGroupsCondition.OnGroupedOpenApiBean @ConditionalOnBean (types: org.springdoc.core.models.GroupedOpenApi; SearchStrategy: all) did not find any beans of type org.springdoc.core.models.GroupedOpenApi (MultipleOpenApiSupportCondition)
          Matched:
             - found 'session' scope (OnWebApplicationCondition)
             - @ConditionalOnProperty (springdoc.api-docs.enabled) matched (OnPropertyCondition)

       MultipleOpenApiSupportConfiguration.SpringDocWebMvcActuatorDifferentConfiguration:
          Did not match:
             - Management Port actual port type (SAME) did not match required type (DIFFERENT) (OnManagementPortCondition)
             - Ancestor org.springdoc.webmvc.core.configuration.MultipleOpenApiSupportConfiguration did not match (ConditionEvaluationReport.AncestorsMatchedCondition)
          Matched:
             - @ConditionalOnClass found required class 'org.springframework.boot.actuate.endpoint.web.servlet.WebMvcEndpointHandlerMapping' (OnClassCondition)

       MustacheAutoConfiguration:
          Did not match:
             - @ConditionalOnClass did not find required class 'com.samskivert.mustache.Mustache' (OnClassCondition)

       Neo4jAutoConfiguration:
          Did not match:
             - @ConditionalOnClass did not find required class 'org.neo4j.driver.Driver' (OnClassCondition)

       Neo4jDataAutoConfiguration:
          Did not match:
             - @ConditionalOnClass did not find required class 'org.neo4j.driver.Driver' (OnClassCondition)

       Neo4jHealthContributorAutoConfiguration:
          Did not match:
             - @ConditionalOnClass did not find required class 'org.neo4j.driver.Driver' (OnClassCondition)

       Neo4jReactiveDataAutoConfiguration:
          Did not match:
             - @ConditionalOnClass did not find required class 'org.neo4j.driver.Driver' (OnClassCondition)

       Neo4jReactiveRepositoriesAutoConfiguration:
          Did not match:
             - @ConditionalOnClass did not find required class 'org.neo4j.driver.Driver' (OnClassCondition)

       Neo4jRepositoriesAutoConfiguration:
          Did not match:
             - @ConditionalOnClass did not find required class 'org.neo4j.driver.Driver' (OnClassCondition)

       NewRelicMetricsExportAutoConfiguration:
          Did not match:
             - @ConditionalOnClass did not find required class 'io.micrometer.newrelic.NewRelicMeterRegistry' (OnClassCondition)

       NoOpMeterRegistryConfiguration:
          Did not match:
             - @ConditionalOnMissingBean (types: io.micrometer.core.instrument.MeterRegistry; SearchStrategy: all) found beans of type 'io.micrometer.core.instrument.MeterRegistry' simpleMeterRegistry (OnBeanCondition)

       NoopTracerAutoConfiguration:
          Did not match:
             - @ConditionalOnClass did not find required class 'io.micrometer.tracing.Tracer' (OnClassCondition)

       OAuth2AuthorizationServerAutoConfiguration:
          Did not match:
             - @ConditionalOnClass did not find required class 'org.springframework.security.oauth2.server.authorization.OAuth2Authorization' (OnClassCondition)

       OAuth2AuthorizationServerJwtAutoConfiguration:
          Did not match:
             - @ConditionalOnClass did not find required class 'org.springframework.security.oauth2.server.authorization.OAuth2Authorization' (OnClassCondition)

       OAuth2ClientAutoConfiguration:
          Did not match:
             - @ConditionalOnClass did not find required class 'org.springframework.security.oauth2.client.registration.ClientRegistration' (OnClassCondition)

       OAuth2LoadBalancerClientAutoConfiguration:
          Did not match:
             - @ConditionalOnProperty (spring.cloud.oauth2.load-balanced.enabled) did not find property 'spring.cloud.oauth2.load-balanced.enabled' (OnPropertyCondition)

       OAuth2ResourceServerAutoConfiguration:
          Did not match:
             - @ConditionalOnClass did not find required class 'org.springframework.security.oauth2.server.resource.authentication.BearerTokenAuthenticationToken' (OnClassCondition)

       ObservationAutoConfiguration.MeterObservationHandlerConfiguration.TracingAndMetricsObservationHandlerConfiguration:
          Did not match:
             - @ConditionalOnBean did not find required type 'io.micrometer.tracing.Tracer' (OnBeanCondition)
             - @ConditionalOnBean (types: io.micrometer.tracing.Tracer; SearchStrategy: all) did not find any beans of type io.micrometer.tracing.Tracer (OnBeanCondition)

       ObservationAutoConfiguration.MetricsWithTracingConfiguration:
          Did not match:
             - @ConditionalOnClass did not find required class 'io.micrometer.tracing.Tracer' (OnClassCondition)

       ObservationAutoConfiguration.OnlyTracingConfiguration:
          Did not match:
             - @ConditionalOnClass did not find required class 'io.micrometer.tracing.Tracer' (OnClassCondition)

       OkHttpFeignLoadBalancerConfiguration:
          Did not match:
             - @ConditionalOnClass did not find required class 'feign.okhttp.OkHttpClient' (OnClassCondition)

       OpenTelemetryAutoConfiguration:
          Did not match:
             - @ConditionalOnClass did not find required class 'io.opentelemetry.sdk.OpenTelemetrySdk' (OnClassCondition)

       OpenTelemetryLoggingAutoConfiguration:
          Did not match:
             - @ConditionalOnClass did not find required class 'io.opentelemetry.api.OpenTelemetry' (OnClassCondition)

       OpenTelemetryTracingAutoConfiguration:
          Did not match:
             - @ConditionalOnClass did not find required class 'io.micrometer.tracing.otel.bridge.OtelTracer' (OnClassCondition)

       OtlpLoggingAutoConfiguration:
          Did not match:
             - @ConditionalOnClass did not find required class 'io.opentelemetry.api.OpenTelemetry' (OnClassCondition)

       OtlpMetricsExportAutoConfiguration:
          Did not match:
             - @ConditionalOnClass did not find required class 'io.micrometer.registry.otlp.OtlpMeterRegistry' (OnClassCondition)

       OtlpTracingAutoConfiguration:
          Did not match:
             - @ConditionalOnClass did not find required class 'io.micrometer.tracing.otel.bridge.OtelTracer' (OnClassCondition)

       PauseResumeEndpointsConfiguration#pauseEndpoint:
          Did not match:
             - @ConditionalOnBean (types: org.springframework.cloud.context.restart.RestartEndpoint; SearchStrategy: all) did not find any beans of type org.springframework.cloud.context.restart.RestartEndpoint (OnBeanCondition)

       PauseResumeEndpointsConfiguration#resumeEndpoint:
          Did not match:
             - @ConditionalOnBean (types: org.springframework.cloud.context.restart.RestartEndpoint; SearchStrategy: all) did not find any beans of type org.springframework.cloud.context.restart.RestartEndpoint (OnBeanCondition)

       ProjectInfoAutoConfiguration#buildProperties:
          Did not match:
             - @ConditionalOnResource did not find resource '${spring.info.build.location:classpath:META-INF/build-info.properties}' (OnResourceCondition)

       ProjectInfoAutoConfiguration#gitProperties:
          Did not match:
             - GitResource did not find git info at classpath:git.properties (ProjectInfoAutoConfiguration.GitResourceAvailableCondition)

       PrometheusExemplarsAutoConfiguration:
          Did not match:
             - @ConditionalOnClass did not find required class 'io.micrometer.tracing.Tracer' (OnClassCondition)

       PrometheusMetricsExportAutoConfiguration:
          Did not match:
             - @ConditionalOnEnabledMetricsExport management.defaults.metrics.export.enabled is considered false (OnMetricsExportEnabledCondition)
          Matched:
             - @ConditionalOnClass found required class 'io.micrometer.prometheusmetrics.PrometheusMeterRegistry' (OnClassCondition)

       PrometheusSimpleclientExemplarsAutoConfiguration:
          Did not match:
             - @ConditionalOnClass did not find required class 'io.micrometer.tracing.Tracer' (OnClassCondition)

       PrometheusSimpleclientMetricsExportAutoConfiguration:
          Did not match:
             - @ConditionalOnClass did not find required class 'io.micrometer.prometheus.PrometheusMeterRegistry' (OnClassCondition)

       PulsarAutoConfiguration:
          Did not match:
             - @ConditionalOnClass did not find required class 'org.apache.pulsar.client.api.PulsarClient' (OnClassCondition)

       PulsarReactiveAutoConfiguration:
          Did not match:
             - @ConditionalOnClass did not find required class 'org.apache.pulsar.client.api.PulsarClient' (OnClassCondition)

       QuartzAutoConfiguration:
          Did not match:
             - @ConditionalOnClass did not find required class 'org.quartz.Scheduler' (OnClassCondition)

       QuartzEndpointAutoConfiguration:
          Did not match:
             - @ConditionalOnClass did not find required class 'org.quartz.Scheduler' (OnClassCondition)

       R2dbcAutoConfiguration:
          Did not match:
             - @ConditionalOnClass did not find required class 'io.r2dbc.spi.ConnectionFactory' (OnClassCondition)

       R2dbcDataAutoConfiguration:
          Did not match:
             - @ConditionalOnClass did not find required class 'org.springframework.data.r2dbc.core.R2dbcEntityTemplate' (OnClassCondition)

       R2dbcInitializationConfiguration:
          Did not match:
             - @ConditionalOnClass did not find required classes 'io.r2dbc.spi.ConnectionFactory', 'org.springframework.r2dbc.connection.init.DatabasePopulator' (OnClassCondition)

       R2dbcObservationAutoConfiguration:
          Did not match:
             - @ConditionalOnClass did not find required class 'io.r2dbc.proxy.ProxyConnectionFactory' (OnClassCondition)

       R2dbcProxyAutoConfiguration:
          Did not match:
             - @ConditionalOnClass did not find required class 'io.r2dbc.proxy.ProxyConnectionFactory' (OnClassCondition)

       R2dbcRepositoriesAutoConfiguration:
          Did not match:
             - @ConditionalOnClass did not find required class 'io.r2dbc.spi.ConnectionFactory' (OnClassCondition)

       R2dbcTransactionManagerAutoConfiguration:
          Did not match:
             - @ConditionalOnClass did not find required class 'org.springframework.r2dbc.connection.R2dbcTransactionManager' (OnClassCondition)

       RSocketGraphQlClientAutoConfiguration:
          Did not match:
             - @ConditionalOnClass did not find required class 'graphql.GraphQL' (OnClassCondition)

       RSocketMessagingAutoConfiguration:
          Did not match:
             - @ConditionalOnClass did not find required class 'io.rsocket.RSocket' (OnClassCondition)

       RSocketRequesterAutoConfiguration:
          Did not match:
             - @ConditionalOnClass did not find required class 'io.rsocket.RSocket' (OnClassCondition)

       RSocketSecurityAutoConfiguration:
          Did not match:
             - @ConditionalOnClass did not find required class 'org.springframework.security.rsocket.core.SecuritySocketAcceptorInterceptor' (OnClassCondition)

       RSocketServerAutoConfiguration:
          Did not match:
             - @ConditionalOnClass did not find required class 'io.rsocket.core.RSocketServer' (OnClassCondition)

       RSocketStrategiesAutoConfiguration:
          Did not match:
             - @ConditionalOnClass did not find required class 'io.rsocket.RSocket' (OnClassCondition)

       RabbitAutoConfiguration:
          Did not match:
             - @ConditionalOnClass did not find required class 'com.rabbitmq.client.Channel' (OnClassCondition)

       RabbitHealthContributorAutoConfiguration:
          Did not match:
             - @ConditionalOnClass did not find required class 'org.springframework.amqp.rabbit.core.RabbitTemplate' (OnClassCondition)

       RabbitMetricsAutoConfiguration:
          Did not match:
             - @ConditionalOnClass did not find required class 'com.rabbitmq.client.ConnectionFactory' (OnClassCondition)

       ReactiveCloudFoundryActuatorAutoConfiguration:
          Did not match:
             - @ConditionalOnWebApplication did not find reactive web application classes (OnWebApplicationCondition)

       ReactiveCommonsClientAutoConfiguration.ReactiveDiscoveryLoadBalancerConfiguration:
          Did not match:
             - @ConditionalOnClass did not find required class 'org.springframework.web.reactive.function.client.WebClient' (OnClassCondition)

       ReactiveCompositeDiscoveryClientAutoConfiguration:
          Did not match:
             - @ConditionalOnClass did not find required class 'org.springframework.web.reactive.function.client.WebClient' (OnClassCondition)

       ReactiveElasticsearchClientAutoConfiguration:
          Did not match:
             - @ConditionalOnClass did not find required class 'co.elastic.clients.transport.ElasticsearchTransport' (OnClassCondition)

       ReactiveElasticsearchRepositoriesAutoConfiguration:
          Did not match:
             - @ConditionalOnClass did not find required class 'org.springframework.data.elasticsearch.client.elc.ReactiveElasticsearchClient' (OnClassCondition)

       ReactiveManagementContextAutoConfiguration:
          Did not match:
             - @ConditionalOnWebApplication did not find reactive web application classes (OnWebApplicationCondition)

       ReactiveManagementWebSecurityAutoConfiguration:
          Did not match:
             - @ConditionalOnWebApplication did not find reactive web application classes (OnWebApplicationCondition)

       ReactiveMultipartAutoConfiguration:
          Did not match:
             - @ConditionalOnClass did not find required class 'org.springframework.web.reactive.config.WebFluxConfigurer' (OnClassCondition)

       ReactiveOAuth2ClientAutoConfiguration:
          Did not match:
             - @ConditionalOnClass did not find required class 'org.springframework.security.oauth2.client.registration.ClientRegistration' (OnClassCondition)

       ReactiveOAuth2ResourceServerAutoConfiguration:
          Did not match:
             - @ConditionalOnWebApplication did not find reactive web application classes (OnWebApplicationCondition)

       ReactiveSecurityAutoConfiguration:
          Did not match:
             - @ConditionalOnClass did not find required class 'org.springframework.web.reactive.config.WebFluxConfigurer' (OnClassCondition)

       ReactiveUserDetailsServiceAutoConfiguration:
          Did not match:
             - AnyNestedCondition 0 matched 2 did not; NestedCondition on ReactiveUserDetailsServiceAutoConfiguration.RSocketEnabledOrReactiveWebApplication.ReactiveWebApplicationCondition did not find reactive web application classes; NestedCondition on ReactiveUserDetailsServiceAutoConfiguration.RSocketEnabledOrReactiveWebApplication.RSocketSecurityEnabledCondition @ConditionalOnBean (types: org.springframework.messaging.rsocket.annotation.support.RSocketMessageHandler; SearchStrategy: all) did not find any beans of type org.springframework.messaging.rsocket.annotation.support.RSocketMessageHandler (ReactiveUserDetailsServiceAutoConfiguration.RSocketEnabledOrReactiveWebApplication)
          Matched:
             - @ConditionalOnClass found required class 'org.springframework.security.authentication.ReactiveAuthenticationManager' (OnClassCondition)
             - AnyNestedCondition 1 matched 2 did not; NestedCondition on ReactiveUserDetailsServiceAutoConfiguration.MissingAlternativeOrUserPropertiesConfigured.PasswordConfigured @ConditionalOnProperty (spring.security.user.password) did not find property 'password'; NestedCondition on ReactiveUserDetailsServiceAutoConfiguration.MissingAlternativeOrUserPropertiesConfigured.NameConfigured @ConditionalOnProperty (spring.security.user.name) did not find property 'name'; NestedCondition on ReactiveUserDetailsServiceAutoConfiguration.MissingAlternativeOrUserPropertiesConfigured.MissingAlternative @ConditionalOnMissingClass did not find unwanted classes 'org.springframework.security.oauth2.client.registration.ClientRegistrationRepository', 'org.springframework.security.oauth2.server.resource.introspection.ReactiveOpaqueTokenIntrospector' (ReactiveUserDetailsServiceAutoConfiguration.MissingAlternativeOrUserPropertiesConfigured)

       ReactiveWebServerFactoryAutoConfiguration:
          Did not match:
             - @ConditionalOnWebApplication did not find reactive web application classes (OnWebApplicationCondition)

       ReactorLoadBalancerClientAutoConfiguration:
          Did not match:
             - @ConditionalOnClass did not find required class 'org.springframework.web.reactive.function.client.WebClient' (OnClassCondition)

       RedisAutoConfiguration#redisTemplate:
          Did not match:
             - @ConditionalOnMissingBean (names: redisTemplate; SearchStrategy: all) found beans named redisTemplate (OnBeanCondition)

       RedisHealthContributorAutoConfiguration#redisHealthContributor:
          Did not match:
             - @ConditionalOnMissingBean (names: redisHealthIndicator,redisHealthContributor; SearchStrategy: all) found beans named redisHealthContributor (OnBeanCondition)

       RefreshAutoConfiguration#legacyContextRefresher:
          Did not match:
             - AnyNestedCondition 0 matched 3 did not; NestedCondition on ConditionalOnBootstrapEnabled.OnBootstrapEnabledCondition.OnBootstrapEnabled @ConditionalOnProperty (spring.cloud.bootstrap.enabled) did not find property 'spring.cloud.bootstrap.enabled'; NestedCondition on ConditionalOnBootstrapEnabled.OnBootstrapEnabledCondition.OnUseLegacyProcessingEnabled @ConditionalOnProperty (spring.config.use-legacy-processing) did not find property 'spring.config.use-legacy-processing'; NestedCondition on ConditionalOnBootstrapEnabled.OnBootstrapEnabledCondition.OnBootstrapMarkerClassPresent @ConditionalOnClass did not find required class 'org.springframework.cloud.bootstrap.marker.Marker' (ConditionalOnBootstrapEnabled.OnBootstrapEnabledCondition)

       RefreshAutoConfiguration.JpaInvokerConfiguration:
          Did not match:
             - @ConditionalOnClass did not find required class 'javax.persistence.EntityManagerFactory' (OnClassCondition)

       RefreshEndpointAutoConfiguration.RefreshEndpointConfiguration#refreshEndpoint:
          Did not match:
             - @ConditionalOnAvailableEndpoint not exposed (OnAvailableEndpointCondition)
          Matched:
             - @ConditionalOnBean (types: org.springframework.cloud.context.refresh.ContextRefresher; SearchStrategy: all) found bean 'configDataContextRefresher'; @ConditionalOnMissingBean (types: org.springframework.cloud.endpoint.RefreshEndpoint; SearchStrategy: all) did not find any beans (OnBeanCondition)

       RepositoryRestMvcAutoConfiguration:
          Did not match:
             - @ConditionalOnClass did not find required class 'org.springframework.data.rest.webmvc.config.RepositoryRestMvcConfiguration' (OnClassCondition)

       RestartEndpointWithIntegrationConfiguration:
          Did not match:
             - @ConditionalOnClass did not find required class 'org.springframework.integration.monitor.IntegrationMBeanExporter' (OnClassCondition)

       RestartEndpointWithoutIntegrationConfiguration#restartEndpointWithoutIntegration:
          Did not match:
             - @ConditionalOnAvailableEndpoint the configured access for endpoint 'restart' is NONE (OnAvailableEndpointCondition)

       Saml2RelyingPartyAutoConfiguration:
          Did not match:
             - @ConditionalOnClass did not find required class 'org.springframework.security.saml2.provider.service.registration.RelyingPartyRegistrationRepository' (OnClassCondition)

       SbomEndpointAutoConfiguration:
          Did not match:
             - @ConditionalOnAvailableEndpoint not exposed (OnAvailableEndpointCondition)

       ScheduledTasksEndpointAutoConfiguration:
          Did not match:
             - @ConditionalOnAvailableEndpoint not exposed (OnAvailableEndpointCondition)

       SecurityDataConfiguration:
          Did not match:
             - @ConditionalOnClass did not find required class 'org.springframework.security.data.repository.query.SecurityEvaluationContextExtension' (OnClassCondition)

       SecurityRequestMatchersManagementContextConfiguration.JerseyRequestMatcherConfiguration:
          Did not match:
             - @ConditionalOnClass did not find required class 'org.glassfish.jersey.server.ResourceConfig' (OnClassCondition)

       SendGridAutoConfiguration:
          Did not match:
             - @ConditionalOnClass did not find required class 'com.sendgrid.SendGrid' (OnClassCondition)

       ServiceRegistryAutoConfiguration.ServiceRegistryEndpointConfiguration:
          Did not match:
             - @ConditionalOnBean (types: org.springframework.cloud.client.serviceregistry.ServiceRegistry; SearchStrategy: all) did not find any beans of type org.springframework.cloud.client.serviceregistry.ServiceRegistry (OnBeanCondition)
          Matched:
             - @ConditionalOnClass found required class 'org.springframework.boot.actuate.endpoint.annotation.Endpoint' (OnClassCondition)

       ServletEndpointManagementContextConfiguration.JerseyServletEndpointManagementContextConfiguration:
          Did not match:
             - @ConditionalOnClass did not find required class 'org.glassfish.jersey.server.ResourceConfig' (OnClassCondition)

       ServletManagementContextAutoConfiguration.ApplicationContextFilterConfiguration:
          Did not match:
             - @ConditionalOnProperty (management.server.add-application-context-header=true) did not find property 'add-application-context-header' (OnPropertyCondition)

       ServletWebServerFactoryAutoConfiguration.ForwardedHeaderFilterConfiguration:
          Did not match:
             - @ConditionalOnProperty (server.forward-headers-strategy=framework) did not find property 'server.forward-headers-strategy' (OnPropertyCondition)

       ServletWebServerFactoryConfiguration.EmbeddedJetty:
          Did not match:
             - @ConditionalOnClass did not find required classes 'org.eclipse.jetty.server.Server', 'org.eclipse.jetty.util.Loader', 'org.eclipse.jetty.ee10.webapp.WebAppContext' (OnClassCondition)

       ServletWebServerFactoryConfiguration.EmbeddedUndertow:
          Did not match:
             - @ConditionalOnClass did not find required classes 'io.undertow.Undertow', 'org.xnio.SslClientAuthMode' (OnClassCondition)

       SessionAutoConfiguration:
          Did not match:
             - @ConditionalOnClass did not find required class 'org.springframework.session.Session' (OnClassCondition)

       SessionsEndpointAutoConfiguration:
          Did not match:
             - @ConditionalOnClass did not find required class 'org.springframework.session.Session' (OnClassCondition)

       ShutdownEndpointAutoConfiguration:
          Did not match:
             - @ConditionalOnAvailableEndpoint the configured access for endpoint 'shutdown' is NONE (OnAvailableEndpointCondition)

       SignalFxMetricsExportAutoConfiguration:
          Did not match:
             - @ConditionalOnClass did not find required class 'io.micrometer.signalfx.SignalFxMeterRegistry' (OnClassCondition)

       SimpleReactiveDiscoveryClientAutoConfiguration:
          Did not match:
             - @ConditionalOnClass did not find required class 'org.springframework.web.reactive.function.client.WebClient' (OnClassCondition)

       SpringApplicationAdminJmxAutoConfiguration:
          Did not match:
             - @ConditionalOnProperty (spring.application.admin.enabled=true) did not find property 'enabled' (OnPropertyCondition)

       SpringBootWebSecurityConfiguration.SecurityFilterChainConfiguration:
          Did not match:
             - AllNestedConditions 1 matched 1 did not; NestedCondition on DefaultWebSecurityCondition.Beans @ConditionalOnMissingBean (types: org.springframework.security.web.SecurityFilterChain; SearchStrategy: all) found beans of type 'org.springframework.security.web.SecurityFilterChain' securityFilterChain; NestedCondition on DefaultWebSecurityCondition.Classes @ConditionalOnClass found required classes 'org.springframework.security.web.SecurityFilterChain', 'org.springframework.security.config.annotation.web.builders.HttpSecurity' (DefaultWebSecurityCondition)

       SpringBootWebSecurityConfiguration.WebSecurityEnablerConfiguration:
          Did not match:
             - @ConditionalOnMissingBean (names: springSecurityFilterChain; SearchStrategy: all) found beans named springSecurityFilterChain (OnBeanCondition)
          Matched:
             - @ConditionalOnClass found required class 'org.springframework.security.config.annotation.web.configuration.EnableWebSecurity' (OnClassCondition)

       SpringDocConfiguration#propertiesResolverForSchema:
          Did not match:
             - @ConditionalOnProperty (springdoc.api-docs.resolve-schema-properties) did not find property 'springdoc.api-docs.resolve-schema-properties' (OnPropertyCondition)

       SpringDocConfiguration#propertyCustomizingConverter:
          Did not match:
             - @ConditionalOnBean (types: org.springdoc.core.customizers.PropertyCustomizer; SearchStrategy: all) did not find any beans of type org.springdoc.core.customizers.PropertyCustomizer (OnBeanCondition)

       SpringDocConfiguration#springdocBeanFactoryPostProcessor:
          Did not match:
             - AnyNestedCondition 0 matched 2 did not; NestedCondition on CacheOrGroupedOpenApiCondition.OnCacheDisabled found non-matching nested conditions @ConditionalOnProperty (springdoc.cache.disabled) did not find property 'springdoc.cache.disabled'; NestedCondition on CacheOrGroupedOpenApiCondition.OnMultipleOpenApiSupportCondition AnyNestedCondition 0 matched 2 did not; NestedCondition on MultipleOpenApiSupportCondition.OnActuatorDifferentPort found non-matching nested conditions Management Port actual port type (SAME) did not match required type (DIFFERENT), @ConditionalOnProperty (springdoc.show-actuator) found different value in property 'springdoc.show-actuator'; NestedCondition on MultipleOpenApiSupportCondition.OnMultipleOpenApiSupportCondition AnyNestedCondition 0 matched 3 did not; NestedCondition on MultipleOpenApiGroupsCondition.OnListGroupedOpenApiBean @ConditionalOnBean (types: org.springdoc.core.models.GroupedOpenApi; SearchStrategy: all) did not find any beans of type org.springdoc.core.models.GroupedOpenApi; NestedCondition on MultipleOpenApiGroupsCondition.OnGroupConfigProperty @ConditionalOnProperty (springdoc.group-configs[0].group) did not find property 'springdoc.group-configs[0].group'; NestedCondition on MultipleOpenApiGroupsCondition.OnGroupedOpenApiBean @ConditionalOnBean (types: org.springdoc.core.models.GroupedOpenApi; SearchStrategy: all) did not find any beans of type org.springdoc.core.models.GroupedOpenApi (CacheOrGroupedOpenApiCondition)
          Matched:
             - @ConditionalOnClass found required class 'org.springframework.boot.context.properties.bind.BindResult' (OnClassCondition)

       SpringDocConfiguration#springdocBeanFactoryPostProcessor2:
          Did not match:
             - @ConditionalOnMissingClass found unwanted class 'org.springframework.boot.context.properties.bind.BindResult' (OnClassCondition)

       SpringDocConfiguration.SpringDocActuatorConfiguration:
          Did not match:
             - @ConditionalOnProperty (springdoc.show-actuator) found different value in property 'springdoc.show-actuator' (OnPropertyCondition)
          Matched:
             - @ConditionalOnClass found required class 'org.springframework.boot.actuate.autoconfigure.endpoint.web.WebEndpointProperties' (OnClassCondition)

       SpringDocConfiguration.SpringDocRepositoryRestConfiguration:
          Did not match:
             - @ConditionalOnClass did not find required class 'org.springframework.data.rest.core.config.RepositoryRestConfiguration' (OnClassCondition)

       SpringDocDataRestConfiguration:
          Did not match:
             - @ConditionalOnClass did not find required class 'org.springframework.data.rest.core.config.RepositoryRestConfiguration' (OnClassCondition)

       SpringDocFunctionCatalogConfiguration:
          Did not match:
             - @ConditionalOnClass did not find required class 'org.springframework.cloud.function.web.function.FunctionEndpointInitializer' (OnClassCondition)

       SpringDocHateoasConfiguration:
          Did not match:
             - @ConditionalOnClass did not find required class 'org.springframework.hateoas.server.LinkRelationProvider' (OnClassCondition)

       SpringDocJacksonKotlinModuleConfiguration:
          Did not match:
             - @ConditionalOnClass did not find required class 'com.fasterxml.jackson.module.kotlin.KotlinModule' (OnClassCondition)

       SpringDocJavadocConfiguration:
          Did not match:
             - @ConditionalOnClass did not find required class 'com.github.therapi.runtimejavadoc.CommentFormatter' (OnClassCondition)

       SpringDocKotlinConfiguration:
          Did not match:
             - @ConditionalOnClass did not find required class 'kotlin.coroutines.Continuation' (OnClassCondition)

       SpringDocKotlinxConfiguration:
          Did not match:
             - @ConditionalOnClass did not find required class 'kotlinx.coroutines.flow.Flow' (OnClassCondition)

       SpringDocSecurityConfiguration.SpringDocSecurityOAuth2ClientConfiguration:
          Did not match:
             - @ConditionalOnClass did not find required class 'org.springframework.security.oauth2.client.annotation.RegisteredOAuth2AuthorizedClient' (OnClassCondition)

       SpringDocSecurityConfiguration.SpringDocSecurityOAuth2Configuration:
          Did not match:
             - @ConditionalOnClass did not find required class 'org.springframework.security.oauth2.server.authorization.OAuth2AuthorizationService' (OnClassCondition)

       SpringDocSecurityConfiguration.SpringSecurityLoginEndpointConfiguration#springSecurityLoginEndpointCustomizer:
          Did not match:
             - @ConditionalOnProperty (springdoc.show-login-endpoint) did not find property 'springdoc.show-login-endpoint' (OnPropertyCondition)

       SpringDocSortConfiguration#dataRestDelegatingMethodParameterCustomizer:
          Did not match:
             - @ConditionalOnMissingBean (types: org.springdoc.core.customizers.DataRestDelegatingMethodParameterCustomizer; SearchStrategy: all) found beans of type 'org.springdoc.core.customizers.DataRestDelegatingMethodParameterCustomizer' dataRestDelegatingMethodParameterCustomizer (OnBeanCondition)

       SpringDocWebMvcConfiguration.SpringDocWebMvcActuatorConfiguration#actuatorProvider:
          Did not match:
             - @ConditionalOnExpression (#{${springdoc.show-actuator:false} or ${springdoc.use-management-port:false}}) resulted in false (OnExpressionCondition)

       SpringDocWebMvcConfiguration.SpringDocWebMvcActuatorConfiguration#openApiActuatorResource:
          Did not match:
             - @ConditionalOnExpression (#{${springdoc.use-management-port:false} and ${springdoc.enable-default-api-docs:true}}) resulted in false (OnExpressionCondition)

       StackdriverMetricsExportAutoConfiguration:
          Did not match:
             - @ConditionalOnClass did not find required class 'io.micrometer.stackdriver.StackdriverMeterRegistry' (OnClassCondition)

       StartupEndpointAutoConfiguration:
          Did not match:
             - ApplicationStartup configured applicationStartup is of type class org.springframework.core.metrics.DefaultApplicationStartup, expected BufferingApplicationStartup. (StartupEndpointAutoConfiguration.ApplicationStartupCondition)

       StartupWarmupListener:
          Did not match:
             - @ConditionalOnProperty (app.warmup.enabled=true) found different value in property 'enabled' (OnPropertyCondition)

       StatsdMetricsExportAutoConfiguration:
          Did not match:
             - @ConditionalOnClass did not find required class 'io.micrometer.statsd.StatsdMeterRegistry' (OnClassCondition)

       SwaggerConfig#springWebProvider:
          Did not match:
             - @ConditionalOnMissingBean (types: org.springdoc.core.providers.SpringWebProvider; SearchStrategy: all) found beans of type 'org.springdoc.core.providers.SpringWebProvider' springWebProvider (OnBeanCondition)

       SwaggerConfig#swaggerUiHome:
          Did not match:
             - @ConditionalOnProperty (springdoc.swagger-ui.use-root-path=true) did not find property 'springdoc.swagger-ui.use-root-path' (OnPropertyCondition)

       SwaggerConfig.SwaggerActuatorWelcomeConfiguration:
          Did not match:
             - @ConditionalOnProperty (springdoc.use-management-port) did not find property 'springdoc.use-management-port' (OnPropertyCondition)
          Matched:
             - @ConditionalOnClass found required class 'org.springframework.boot.actuate.endpoint.web.servlet.WebMvcEndpointHandlerMapping' (OnClassCondition)

       TaskExecutorConfigurations.SimpleAsyncTaskExecutorBuilderConfiguration#simpleAsyncTaskExecutorBuilderVirtualThreads:
          Did not match:
             - @ConditionalOnMissingBean (types: org.springframework.boot.task.SimpleAsyncTaskExecutorBuilder; SearchStrategy: all) found beans of type 'org.springframework.boot.task.SimpleAsyncTaskExecutorBuilder' simpleAsyncTaskExecutorBuilder (OnBeanCondition)

       TaskExecutorConfigurations.TaskExecutorConfiguration#applicationTaskExecutorVirtualThreads:
          Did not match:
             - @ConditionalOnThreading did not find VIRTUAL (OnThreadingCondition)

       TaskSchedulingAutoConfiguration#scheduledBeanLazyInitializationExcludeFilter:
          Did not match:
             - @ConditionalOnBean (names: org.springframework.context.annotation.internalScheduledAnnotationProcessor; SearchStrategy: all) did not find any beans named org.springframework.context.annotation.internalScheduledAnnotationProcessor (OnBeanCondition)

       TaskSchedulingConfigurations.SimpleAsyncTaskSchedulerBuilderConfiguration#simpleAsyncTaskSchedulerBuilderVirtualThreads:
          Did not match:
             - @ConditionalOnMissingBean (types: org.springframework.boot.task.SimpleAsyncTaskSchedulerBuilder; SearchStrategy: all) found beans of type 'org.springframework.boot.task.SimpleAsyncTaskSchedulerBuilder' simpleAsyncTaskSchedulerBuilder (OnBeanCondition)

       TaskSchedulingConfigurations.TaskSchedulerConfiguration:
          Did not match:
             - @ConditionalOnBean (names: org.springframework.context.annotation.internalScheduledAnnotationProcessor; SearchStrategy: all) did not find any beans named org.springframework.context.annotation.internalScheduledAnnotationProcessor (OnBeanCondition)

       ThreadDumpEndpointAutoConfiguration:
          Did not match:
             - @ConditionalOnAvailableEndpoint not exposed (OnAvailableEndpointCondition)

       ThymeleafAutoConfiguration:
          Did not match:
             - @ConditionalOnClass did not find required class 'org.thymeleaf.spring6.SpringTemplateEngine' (OnClassCondition)

       TransactionAutoConfiguration#transactionalOperator:
          Did not match:
             - @ConditionalOnSingleCandidate (types: org.springframework.transaction.ReactiveTransactionManager; SearchStrategy: all) did not find any beans (OnBeanCondition)

       TransactionAutoConfiguration.AspectJTransactionManagementConfiguration:
          Did not match:
             - @ConditionalOnBean (types: org.springframework.transaction.aspectj.AbstractTransactionAspect; SearchStrategy: all) did not find any beans of type org.springframework.transaction.aspectj.AbstractTransactionAspect (OnBeanCondition)

       TransactionAutoConfiguration.EnableTransactionManagementConfiguration:
          Did not match:
             - @ConditionalOnBean (types: org.springframework.transaction.TransactionManager; SearchStrategy: all) did not find any beans of type org.springframework.transaction.TransactionManager (OnBeanCondition)

       TransactionAutoConfiguration.EnableTransactionManagementConfiguration.CglibAutoProxyConfiguration:
          Did not match:
             - Ancestor org.springframework.boot.autoconfigure.transaction.TransactionAutoConfiguration$EnableTransactionManagementConfiguration did not match (ConditionEvaluationReport.AncestorsMatchedCondition)
          Matched:
             - @ConditionalOnProperty (spring.aop.proxy-target-class=true) matched (OnPropertyCondition)

       TransactionAutoConfiguration.EnableTransactionManagementConfiguration.JdkDynamicAutoProxyConfiguration:
          Did not match:
             - @ConditionalOnProperty (spring.aop.proxy-target-class=false) did not find property 'proxy-target-class' (OnPropertyCondition)
             - Ancestor org.springframework.boot.autoconfigure.transaction.TransactionAutoConfiguration$EnableTransactionManagementConfiguration did not match (ConditionEvaluationReport.AncestorsMatchedCondition)

       TransactionAutoConfiguration.TransactionTemplateConfiguration:
          Did not match:
             - @ConditionalOnSingleCandidate (types: org.springframework.transaction.PlatformTransactionManager; SearchStrategy: all) did not find any beans (OnBeanCondition)

       WavefrontAutoConfiguration:
          Did not match:
             - @ConditionalOnClass did not find required class 'com.wavefront.sdk.common.application.ApplicationTags' (OnClassCondition)

       WavefrontMetricsExportAutoConfiguration:
          Did not match:
             - @ConditionalOnClass did not find required class 'com.wavefront.sdk.common.WavefrontSender' (OnClassCondition)

       WavefrontTracingAutoConfiguration:
          Did not match:
             - @ConditionalOnClass did not find required class 'com.wavefront.sdk.common.WavefrontSender' (OnClassCondition)

       WebClientAutoConfiguration:
          Did not match:
             - @ConditionalOnClass did not find required class 'org.springframework.web.reactive.function.client.WebClient' (OnClassCondition)

       WebClientObservationConfiguration:
          Did not match:
             - @ConditionalOnClass did not find required class 'org.springframework.web.reactive.function.client.WebClient' (OnClassCondition)

       WebFluxAutoConfiguration:
          Did not match:
             - @ConditionalOnClass did not find required class 'org.springframework.web.reactive.config.WebFluxConfigurer' (OnClassCondition)

       WebFluxEndpointManagementContextConfiguration:
          Did not match:
             - @ConditionalOnClass did not find required class 'org.springframework.web.reactive.DispatcherHandler' (OnClassCondition)

       WebFluxObservationAutoConfiguration:
          Did not match:
             - @ConditionalOnWebApplication did not find reactive web application classes (OnWebApplicationCondition)

       WebMvcAutoConfiguration#hiddenHttpMethodFilter:
          Did not match:
             - @ConditionalOnProperty (spring.mvc.hiddenmethod.filter.enabled) did not find property 'enabled' (OnPropertyCondition)

       WebMvcAutoConfiguration.ProblemDetailsErrorHandlingConfiguration:
          Did not match:
             - @ConditionalOnProperty (spring.mvc.problemdetails.enabled=true) did not find property 'enabled' (OnPropertyCondition)

       WebMvcAutoConfiguration.WebMvcAutoConfigurationAdapter#beanNameViewResolver:
          Did not match:
             - @ConditionalOnMissingBean (types: org.springframework.web.servlet.view.BeanNameViewResolver; SearchStrategy: all) found beans of type 'org.springframework.web.servlet.view.BeanNameViewResolver' beanNameViewResolver (OnBeanCondition)

       WebMvcEndpointManagementContextConfiguration#managementHealthEndpointWebMvcHandlerMapping:
          Did not match:
             - Management Port actual port type (SAME) did not match required type (DIFFERENT) (OnManagementPortCondition)

       WebServiceTemplateAutoConfiguration:
          Did not match:
             - @ConditionalOnClass did not find required class 'org.springframework.ws.client.core.WebServiceTemplate' (OnClassCondition)

       WebServicesAutoConfiguration:
          Did not match:
             - @ConditionalOnClass did not find required class 'org.springframework.ws.transport.http.MessageDispatcherServlet' (OnClassCondition)

       WebSessionIdResolverAutoConfiguration:
          Did not match:
             - @ConditionalOnWebApplication did not find reactive web application classes (OnWebApplicationCondition)

       WebSocketMessagingAutoConfiguration:
          Did not match:
             - @ConditionalOnClass did not find required class 'org.springframework.web.socket.config.annotation.WebSocketMessageBrokerConfigurer' (OnClassCondition)

       WebSocketReactiveAutoConfiguration:
          Did not match:
             - @ConditionalOnWebApplication did not find reactive web application classes (OnWebApplicationCondition)

       WebSocketServletAutoConfiguration.JettyWebSocketConfiguration:
          Did not match:
             - @ConditionalOnClass did not find required class 'org.eclipse.jetty.ee10.websocket.jakarta.server.config.JakartaWebSocketServletContainerInitializer' (OnClassCondition)

       WebSocketServletAutoConfiguration.UndertowWebSocketConfiguration:
          Did not match:
             - @ConditionalOnClass did not find required class 'io.undertow.websockets.jsr.Bootstrap' (OnClassCondition)

       WritableEnvironmentEndpointAutoConfiguration:
          Did not match:
             - @ConditionalOnProperty (management.endpoint.env.post.enabled) did not find property 'management.endpoint.env.post.enabled' (OnPropertyCondition)
          Matched:
             - @ConditionalOnClass found required classes 'org.springframework.boot.actuate.env.EnvironmentEndpoint', 'org.springframework.boot.actuate.autoconfigure.env.EnvironmentEndpointProperties' (OnClassCondition)

       XADataSourceAutoConfiguration:
          Did not match:
             - @ConditionalOnBean (types: org.springframework.boot.jdbc.XADataSourceWrapper; SearchStrategy: all) did not find any beans of type org.springframework.boot.jdbc.XADataSourceWrapper (OnBeanCondition)
          Matched:
             - @ConditionalOnClass found required classes 'javax.sql.DataSource', 'jakarta.transaction.TransactionManager', 'org.springframework.jdbc.datasource.embedded.EmbeddedDatabaseType' (OnClassCondition)

       ZipkinAutoConfiguration:
          Did not match:
             - @ConditionalOnClass did not find required class 'zipkin2.reporter.Encoding' (OnClassCondition)


    Exclusions:
    -----------

        org.springframework.boot.autoconfigure.jdbc.DataSourceAutoConfiguration

        org.springframework.boot.autoconfigure.orm.jpa.HibernateJpaAutoConfiguration

        org.springframework.data.jpa.repository.config.JpaRepositoriesAutoConfiguration


    Unconditional classes:
    ----------------------

        org.springframework.cloud.client.ReactiveCommonsClientAutoConfiguration

        org.springframework.boot.actuate.autoconfigure.info.InfoContributorAutoConfiguration

        org.springframework.cloud.client.discovery.simple.SimpleDiscoveryClientAutoConfiguration

        org.springframework.boot.autoconfigure.context.PropertyPlaceholderAutoConfiguration

        org.springframework.boot.autoconfigure.context.LifecycleAutoConfiguration

        org.springframework.boot.actuate.autoconfigure.metrics.integration.IntegrationMetricsAutoConfiguration

        net.devh.boot.grpc.server.autoconfigure.GrpcAdviceAutoConfiguration

        org.springframework.boot.actuate.autoconfigure.health.HealthContributorAutoConfiguration

        org.springframework.cloud.client.serviceregistry.ServiceRegistryAutoConfiguration

        org.springframework.cloud.autoconfigure.LifecycleMvcEndpointAutoConfiguration

        net.devh.boot.grpc.client.autoconfigure.GrpcClientSecurityAutoConfiguration

        org.springframework.boot.autoconfigure.context.ConfigurationPropertiesAutoConfiguration

        org.springframework.boot.actuate.autoconfigure.availability.AvailabilityHealthContributorAutoConfiguration

        org.springframework.boot.autoconfigure.ssl.SslAutoConfiguration

        net.devh.boot.grpc.client.autoconfigure.GrpcClientAutoConfiguration

        org.springframework.cloud.client.CommonsClientAutoConfiguration

        org.springframework.boot.actuate.autoconfigure.endpoint.EndpointAutoConfiguration

        org.springframework.cloud.commons.config.CommonsConfigAutoConfiguration

        org.springframework.cloud.netflix.eureka.config.DiscoveryClientOptionalArgsConfiguration

        org.springframework.boot.actuate.autoconfigure.web.server.ManagementContextAutoConfiguration

        org.springframework.cloud.client.loadbalancer.LoadBalancerDefaultMappingsProviderAutoConfiguration

        org.springframework.cloud.client.discovery.composite.CompositeDiscoveryClientAutoConfiguration

        org.springframework.boot.actuate.autoconfigure.endpoint.jackson.JacksonEndpointAutoConfiguration

        org.springdoc.core.configuration.SpringDocSpecPropertiesConfiguration

        org.springframework.boot.autoconfigure.availability.ApplicationAvailabilityAutoConfiguration

        org.springframework.boot.autoconfigure.info.ProjectInfoAutoConfiguration




UserSetupCompletedKafkaIT STANDARD_OUT
    2026-02-10T16:10:27.214+04:00  INFO 31749 --- [user-service] [    Test worker] .s.b.a.l.ConditionEvaluationReportLogger : 

    Error starting ApplicationContext. To display the condition evaluation report re-run your application with 'debug' enabled.
    2026-02-10T16:10:27.223+04:00 ERROR 31749 --- [user-service] [    Test worker] o.s.boot.SpringApplication               : Application run failed

    org.springframework.beans.factory.BeanCreationException: Error creating bean with name 'jpaAuditingHandler': Cannot resolve reference to bean 'jpaMappingContext' while setting constructor argument
    	at org.springframework.beans.factory.support.BeanDefinitionValueResolver.resolveReference(BeanDefinitionValueResolver.java:377) ~[spring-beans-6.2.1.jar:6.2.1]
    	at org.springframework.beans.factory.support.BeanDefinitionValueResolver.resolveValueIfNecessary(BeanDefinitionValueResolver.java:135) ~[spring-beans-6.2.1.jar:6.2.1]
    	at org.springframework.beans.factory.support.ConstructorResolver.resolveConstructorArguments(ConstructorResolver.java:691) ~[spring-beans-6.2.1.jar:6.2.1]
    	at org.springframework.beans.factory.support.ConstructorResolver.instantiateUsingFactoryMethod(ConstructorResolver.java:513) ~[spring-beans-6.2.1.jar:6.2.1]
    	at org.springframework.beans.factory.support.AbstractAutowireCapableBeanFactory.instantiateUsingFactoryMethod(AbstractAutowireCapableBeanFactory.java:1357) ~[spring-beans-6.2.1.jar:6.2.1]
    	at org.springframework.beans.factory.support.AbstractAutowireCapableBeanFactory.createBeanInstance(AbstractAutowireCapableBeanFactory.java:1187) ~[spring-beans-6.2.1.jar:6.2.1]
    	at org.springframework.beans.factory.support.AbstractAutowireCapableBeanFactory.doCreateBean(AbstractAutowireCapableBeanFactory.java:563) ~[spring-beans-6.2.1.jar:6.2.1]
    	at org.springframework.beans.factory.support.AbstractAutowireCapableBeanFactory.createBean(AbstractAutowireCapableBeanFactory.java:523) ~[spring-beans-6.2.1.jar:6.2.1]
    	at org.springframework.beans.factory.support.AbstractBeanFactory.lambda$doGetBean$0(AbstractBeanFactory.java:336) ~[spring-beans-6.2.1.jar:6.2.1]
    	at org.springframework.beans.factory.support.DefaultSingletonBeanRegistry.getSingleton(DefaultSingletonBeanRegistry.java:289) ~[spring-beans-6.2.1.jar:6.2.1]
    	at org.springframework.beans.factory.support.AbstractBeanFactory.doGetBean(AbstractBeanFactory.java:334) ~[spring-beans-6.2.1.jar:6.2.1]
    	at org.springframework.beans.factory.support.AbstractBeanFactory.getBean(AbstractBeanFactory.java:199) ~[spring-beans-6.2.1.jar:6.2.1]
    	at org.springframework.beans.factory.support.DefaultListableBeanFactory.instantiateSingleton(DefaultListableBeanFactory.java:1122) ~[spring-beans-6.2.1.jar:6.2.1]
    	at org.springframework.beans.factory.support.DefaultListableBeanFactory.preInstantiateSingleton(DefaultListableBeanFactory.java:1093) ~[spring-beans-6.2.1.jar:6.2.1]
    	at org.springframework.beans.factory.support.DefaultListableBeanFactory.preInstantiateSingletons(DefaultListableBeanFactory.java:1030) ~[spring-beans-6.2.1.jar:6.2.1]
    	at org.springframework.context.support.AbstractApplicationContext.finishBeanFactoryInitialization(AbstractApplicationContext.java:987) ~[spring-context-6.2.1.jar:6.2.1]
    	at org.springframework.context.support.AbstractApplicationContext.refresh(AbstractApplicationContext.java:627) ~[spring-context-6.2.1.jar:6.2.1]
    	at org.springframework.boot.SpringApplication.refresh(SpringApplication.java:752) ~[spring-boot-3.4.1.jar:3.4.1]
    	at org.springframework.boot.SpringApplication.refreshContext(SpringApplication.java:439) ~[spring-boot-3.4.1.jar:3.4.1]
    	at org.springframework.boot.SpringApplication.run(SpringApplication.java:318) ~[spring-boot-3.4.1.jar:3.4.1]
    	at org.springframework.boot.test.context.SpringBootContextLoader.lambda$loadContext$3(SpringBootContextLoader.java:137) ~[spring-boot-test-3.4.1.jar:3.4.1]
    	at org.springframework.util.function.ThrowingSupplier.get(ThrowingSupplier.java:58) ~[spring-core-6.2.1.jar:6.2.1]
    	at org.springframework.util.function.ThrowingSupplier.get(ThrowingSupplier.java:46) ~[spring-core-6.2.1.jar:6.2.1]
    	at org.springframework.boot.SpringApplication.withHook(SpringApplication.java:1461) ~[spring-boot-3.4.1.jar:3.4.1]
    	at org.springframework.boot.test.context.SpringBootContextLoader$ContextLoaderHook.run(SpringBootContextLoader.java:553) ~[spring-boot-test-3.4.1.jar:3.4.1]
    	at org.springframework.boot.test.context.SpringBootContextLoader.loadContext(SpringBootContextLoader.java:137) ~[spring-boot-test-3.4.1.jar:3.4.1]
    	at org.springframework.boot.test.context.SpringBootContextLoader.loadContext(SpringBootContextLoader.java:108) ~[spring-boot-test-3.4.1.jar:3.4.1]
    	at org.springframework.test.context.cache.DefaultCacheAwareContextLoaderDelegate.loadContextInternal(DefaultCacheAwareContextLoaderDelegate.java:225) ~[spring-test-6.2.1.jar:6.2.1]
    	at org.springframework.test.context.cache.DefaultCacheAwareContextLoaderDelegate.loadContext(DefaultCacheAwareContextLoaderDelegate.java:152) ~[spring-test-6.2.1.jar:6.2.1]
    	at org.springframework.test.context.support.DefaultTestContext.getApplicationContext(DefaultTestContext.java:130) ~[spring-test-6.2.1.jar:6.2.1]
    	at org.springframework.test.context.web.ServletTestExecutionListener.setUpRequestContextIfNecessary(ServletTestExecutionListener.java:191) ~[spring-test-6.2.1.jar:6.2.1]
    	at org.springframework.test.context.web.ServletTestExecutionListener.prepareTestInstance(ServletTestExecutionListener.java:130) ~[spring-test-6.2.1.jar:6.2.1]
    	at org.springframework.test.context.TestContextManager.prepareTestInstance(TestContextManager.java:260) ~[spring-test-6.2.1.jar:6.2.1]
    	at org.springframework.test.context.junit.jupiter.SpringExtension.postProcessTestInstance(SpringExtension.java:160) ~[spring-test-6.2.1.jar:6.2.1]
    	at org.junit.jupiter.engine.descriptor.ClassBasedTestDescriptor.lambda$invokeTestInstancePostProcessors$11(ClassBasedTestDescriptor.java:378) ~[junit-jupiter-engine-5.11.4.jar:5.11.4]
    	at org.junit.jupiter.engine.descriptor.ClassBasedTestDescriptor.executeAndMaskThrowable(ClassBasedTestDescriptor.java:383) ~[junit-jupiter-engine-5.11.4.jar:5.11.4]
    	at org.junit.jupiter.engine.descriptor.ClassBasedTestDescriptor.lambda$invokeTestInstancePostProcessors$12(ClassBasedTestDescriptor.java:378) ~[junit-jupiter-engine-5.11.4.jar:5.11.4]
    	at java.base/java.util.stream.ForEachOps$ForEachOp$OfRef.accept(ForEachOps.java:183) ~[na:na]
    	at java.base/java.util.stream.ReferencePipeline$3$1.accept(ReferencePipeline.java:197) ~[na:na]
    	at java.base/java.util.stream.ReferencePipeline$2$1.accept(ReferencePipeline.java:179) ~[na:na]
    	at java.base/java.util.stream.ReferencePipeline$3$1.accept(ReferencePipeline.java:197) ~[na:na]
    	at java.base/java.util.ArrayList$ArrayListSpliterator.forEachRemaining(ArrayList.java:1625) ~[na:na]
    	at java.base/java.util.stream.AbstractPipeline.copyInto(AbstractPipeline.java:509) ~[na:na]
    	at java.base/java.util.stream.AbstractPipeline.wrapAndCopyInto(AbstractPipeline.java:499) ~[na:na]
    	at java.base/java.util.stream.ForEachOps$ForEachOp.evaluateSequential(ForEachOps.java:150) ~[na:na]
    	at java.base/java.util.stream.ForEachOps$ForEachOp$OfRef.evaluateSequential(ForEachOps.java:173) ~[na:na]
    	at java.base/java.util.stream.AbstractPipeline.evaluate(AbstractPipeline.java:234) ~[na:na]
    	at java.base/java.util.stream.ReferencePipeline.forEach(ReferencePipeline.java:596) ~[na:na]
    	at org.junit.jupiter.engine.descriptor.ClassBasedTestDescriptor.invokeTestInstancePostProcessors(ClassBasedTestDescriptor.java:377) ~[junit-jupiter-engine-5.11.4.jar:5.11.4]
    	at org.junit.jupiter.engine.descriptor.ClassBasedTestDescriptor.lambda$instantiateAndPostProcessTestInstance$7(ClassBasedTestDescriptor.java:290) ~[junit-jupiter-engine-5.11.4.jar:5.11.4]
    	at org.junit.platform.engine.support.hierarchical.ThrowableCollector.execute(ThrowableCollector.java:73) ~[junit-platform-engine-1.11.4.jar:1.11.4]
    	at org.junit.jupiter.engine.descriptor.ClassBasedTestDescriptor.instantiateAndPostProcessTestInstance(ClassBasedTestDescriptor.java:289) ~[junit-jupiter-engine-5.11.4.jar:5.11.4]
    	at org.junit.jupiter.engine.descriptor.ClassBasedTestDescriptor.lambda$testInstancesProvider$5(ClassBasedTestDescriptor.java:279) ~[junit-jupiter-engine-5.11.4.jar:5.11.4]
    	at java.base/java.util.Optional.orElseGet(Optional.java:364) ~[na:na]
    	at org.junit.jupiter.engine.descriptor.ClassBasedTestDescriptor.lambda$testInstancesProvider$6(ClassBasedTestDescriptor.java:278) ~[junit-jupiter-engine-5.11.4.jar:5.11.4]
    	at org.junit.jupiter.engine.execution.TestInstancesProvider.getTestInstances(TestInstancesProvider.java:31) ~[junit-jupiter-engine-5.11.4.jar:5.11.4]
    	at org.junit.jupiter.engine.descriptor.TestMethodTestDescriptor.lambda$prepare$1(TestMethodTestDescriptor.java:105) ~[junit-jupiter-engine-5.11.4.jar:5.11.4]
    	at org.junit.platform.engine.support.hierarchical.ThrowableCollector.execute(ThrowableCollector.java:73) ~[junit-platform-engine-1.11.4.jar:1.11.4]
    	at org.junit.jupiter.engine.descriptor.TestMethodTestDescriptor.prepare(TestMethodTestDescriptor.java:104) ~[junit-jupiter-engine-5.11.4.jar:5.11.4]
    	at org.junit.jupiter.engine.descriptor.TestMethodTestDescriptor.prepare(TestMethodTestDescriptor.java:68) ~[junit-jupiter-engine-5.11.4.jar:5.11.4]
    	at org.junit.platform.engine.support.hierarchical.NodeTestTask.lambda$prepare$2(NodeTestTask.java:128) ~[junit-platform-engine-1.11.4.jar:1.11.4]
    	at org.junit.platform.engine.support.hierarchical.ThrowableCollector.execute(ThrowableCollector.java:73) ~[junit-platform-engine-1.11.4.jar:1.11.4]
    	at org.junit.platform.engine.support.hierarchical.NodeTestTask.prepare(NodeTestTask.java:128) ~[junit-platform-engine-1.11.4.jar:1.11.4]
    	at org.junit.platform.engine.support.hierarchical.NodeTestTask.execute(NodeTestTask.java:95) ~[junit-platform-engine-1.11.4.jar:1.11.4]
    	at java.base/java.util.ArrayList.forEach(ArrayList.java:1511) ~[na:na]
    	at org.junit.platform.engine.support.hierarchical.SameThreadHierarchicalTestExecutorService.invokeAll(SameThreadHierarchicalTestExecutorService.java:41) ~[junit-platform-engine-1.11.4.jar:1.11.4]
    	at org.junit.platform.engine.support.hierarchical.NodeTestTask.lambda$executeRecursively$6(NodeTestTask.java:160) ~[junit-platform-engine-1.11.4.jar:1.11.4]
    	at org.junit.platform.engine.support.hierarchical.ThrowableCollector.execute(ThrowableCollector.java:73) ~[junit-platform-engine-1.11.4.jar:1.11.4]
    	at org.junit.platform.engine.support.hierarchical.NodeTestTask.lambda$executeRecursively$8(NodeTestTask.java:146) ~[junit-platform-engine-1.11.4.jar:1.11.4]
    	at org.junit.platform.engine.support.hierarchical.Node.around(Node.java:137) ~[junit-platform-engine-1.11.4.jar:1.11.4]
    	at org.junit.platform.engine.support.hierarchical.NodeTestTask.lambda$executeRecursively$9(NodeTestTask.java:144) ~[junit-platform-engine-1.11.4.jar:1.11.4]
    	at org.junit.platform.engine.support.hierarchical.ThrowableCollector.execute(ThrowableCollector.java:73) ~[junit-platform-engine-1.11.4.jar:1.11.4]
    	at org.junit.platform.engine.support.hierarchical.NodeTestTask.executeRecursively(NodeTestTask.java:143) ~[junit-platform-engine-1.11.4.jar:1.11.4]
    	at org.junit.platform.engine.support.hierarchical.NodeTestTask.execute(NodeTestTask.java:100) ~[junit-platform-engine-1.11.4.jar:1.11.4]
    	at java.base/java.util.ArrayList.forEach(ArrayList.java:1511) ~[na:na]
    	at org.junit.platform.engine.support.hierarchical.SameThreadHierarchicalTestExecutorService.invokeAll(SameThreadHierarchicalTestExecutorService.java:41) ~[junit-platform-engine-1.11.4.jar:1.11.4]
    	at org.junit.platform.engine.support.hierarchical.NodeTestTask.lambda$executeRecursively$6(NodeTestTask.java:160) ~[junit-platform-engine-1.11.4.jar:1.11.4]
    	at org.junit.platform.engine.support.hierarchical.ThrowableCollector.execute(ThrowableCollector.java:73) ~[junit-platform-engine-1.11.4.jar:1.11.4]
    	at org.junit.platform.engine.support.hierarchical.NodeTestTask.lambda$executeRecursively$8(NodeTestTask.java:146) ~[junit-platform-engine-1.11.4.jar:1.11.4]
    	at org.junit.platform.engine.support.hierarchical.Node.around(Node.java:137) ~[junit-platform-engine-1.11.4.jar:1.11.4]
    	at org.junit.platform.engine.support.hierarchical.NodeTestTask.lambda$executeRecursively$9(NodeTestTask.java:144) ~[junit-platform-engine-1.11.4.jar:1.11.4]
    	at org.junit.platform.engine.support.hierarchical.ThrowableCollector.execute(ThrowableCollector.java:73) ~[junit-platform-engine-1.11.4.jar:1.11.4]
    	at org.junit.platform.engine.support.hierarchical.NodeTestTask.executeRecursively(NodeTestTask.java:143) ~[junit-platform-engine-1.11.4.jar:1.11.4]
    	at org.junit.platform.engine.support.hierarchical.NodeTestTask.execute(NodeTestTask.java:100) ~[junit-platform-engine-1.11.4.jar:1.11.4]
    	at org.junit.platform.engine.support.hierarchical.SameThreadHierarchicalTestExecutorService.submit(SameThreadHierarchicalTestExecutorService.java:35) ~[junit-platform-engine-1.11.4.jar:1.11.4]
    	at org.junit.platform.engine.support.hierarchical.HierarchicalTestExecutor.execute(HierarchicalTestExecutor.java:57) ~[junit-platform-engine-1.11.4.jar:1.11.4]
    	at org.junit.platform.engine.support.hierarchical.HierarchicalTestEngine.execute(HierarchicalTestEngine.java:54) ~[junit-platform-engine-1.11.4.jar:1.11.4]
    	at org.junit.platform.launcher.core.EngineExecutionOrchestrator.execute(EngineExecutionOrchestrator.java:198) ~[junit-platform-launcher-1.11.4.jar:1.11.4]
    	at org.junit.platform.launcher.core.EngineExecutionOrchestrator.execute(EngineExecutionOrchestrator.java:169) ~[junit-platform-launcher-1.11.4.jar:1.11.4]
    	at org.junit.platform.launcher.core.EngineExecutionOrchestrator.execute(EngineExecutionOrchestrator.java:93) ~[junit-platform-launcher-1.11.4.jar:1.11.4]
    	at org.junit.platform.launcher.core.EngineExecutionOrchestrator.lambda$execute$0(EngineExecutionOrchestrator.java:58) ~[junit-platform-launcher-1.11.4.jar:1.11.4]
    	at org.junit.platform.launcher.core.EngineExecutionOrchestrator.withInterceptedStreams(EngineExecutionOrchestrator.java:141) ~[junit-platform-launcher-1.11.4.jar:1.11.4]
    	at org.junit.platform.launcher.core.EngineExecutionOrchestrator.execute(EngineExecutionOrchestrator.java:57) ~[junit-platform-launcher-1.11.4.jar:1.11.4]
    	at org.junit.platform.launcher.core.DefaultLauncher.execute(DefaultLauncher.java:103) ~[junit-platform-launcher-1.11.4.jar:1.11.4]
    	at org.junit.platform.launcher.core.DefaultLauncher.execute(DefaultLauncher.java:85) ~[junit-platform-launcher-1.11.4.jar:1.11.4]
    	at org.junit.platform.launcher.core.DelegatingLauncher.execute(DelegatingLauncher.java:47) ~[junit-platform-launcher-1.11.4.jar:1.11.4]
    	at org.gradle.api.internal.tasks.testing.junitplatform.JUnitPlatformTestClassProcessor$CollectAllTestClassesExecutor.processAllTestClasses(JUnitPlatformTestClassProcessor.java:119) ~[na:na]
    	at org.gradle.api.internal.tasks.testing.junitplatform.JUnitPlatformTestClassProcessor$CollectAllTestClassesExecutor.access$000(JUnitPlatformTestClassProcessor.java:94) ~[na:na]
    	at org.gradle.api.internal.tasks.testing.junitplatform.JUnitPlatformTestClassProcessor.stop(JUnitPlatformTestClassProcessor.java:89) ~[na:na]
    	at org.gradle.api.internal.tasks.testing.SuiteTestClassProcessor.stop(SuiteTestClassProcessor.java:62) ~[na:na]
    	at java.base/jdk.internal.reflect.NativeMethodAccessorImpl.invoke0(Native Method) ~[na:na]
    	at java.base/jdk.internal.reflect.NativeMethodAccessorImpl.invoke(NativeMethodAccessorImpl.java:77) ~[na:na]
    	at java.base/jdk.internal.reflect.DelegatingMethodAccessorImpl.invoke(DelegatingMethodAccessorImpl.java:43) ~[na:na]
    	at java.base/java.lang.reflect.Method.invoke(Method.java:569) ~[na:na]
    	at org.gradle.internal.dispatch.ReflectionDispatch.dispatch(ReflectionDispatch.java:36) ~[na:na]
    	at org.gradle.internal.dispatch.ReflectionDispatch.dispatch(ReflectionDispatch.java:24) ~[na:na]
    	at org.gradle.internal.dispatch.ContextClassLoaderDispatch.dispatch(ContextClassLoaderDispatch.java:33) ~[na:na]
    	at org.gradle.internal.dispatch.ProxyDispatchAdapter$DispatchingInvocationHandler.invoke(ProxyDispatchAdapter.java:94) ~[na:na]
    	at jdk.proxy1/jdk.proxy1.$Proxy2.stop(Unknown Source) ~[na:na]
    	at org.gradle.api.internal.tasks.testing.worker.TestWorker$3.run(TestWorker.java:193) ~[na:na]
    	at org.gradle.api.internal.tasks.testing.worker.TestWorker.executeAndMaintainThreadName(TestWorker.java:129) ~[na:na]
    	at org.gradle.api.internal.tasks.testing.worker.TestWorker.execute(TestWorker.java:100) ~[na:na]
    	at org.gradle.api.internal.tasks.testing.worker.TestWorker.execute(TestWorker.java:60) ~[na:na]
    	at org.gradle.process.internal.worker.child.ActionExecutionWorker.execute(ActionExecutionWorker.java:56) ~[na:na]
    	at org.gradle.process.internal.worker.child.SystemApplicationClassLoaderWorker.call(SystemApplicationClassLoaderWorker.java:113) ~[na:na]
    	at org.gradle.process.internal.worker.child.SystemApplicationClassLoaderWorker.call(SystemApplicationClassLoaderWorker.java:65) ~[na:na]
    	at worker.org.gradle.process.internal.worker.GradleWorkerMain.run(GradleWorkerMain.java:69) ~[gradle-worker.jar:na]
    	at worker.org.gradle.process.internal.worker.GradleWorkerMain.main(GradleWorkerMain.java:74) ~[gradle-worker.jar:na]
    Caused by: org.springframework.beans.factory.BeanCreationException: Error creating bean with name 'jpaMappingContext': JPA metamodel must not be empty
    	at org.springframework.beans.factory.support.AbstractAutowireCapableBeanFactory.initializeBean(AbstractAutowireCapableBeanFactory.java:1808) ~[spring-beans-6.2.1.jar:6.2.1]
    	at org.springframework.beans.factory.support.AbstractAutowireCapableBeanFactory.doCreateBean(AbstractAutowireCapableBeanFactory.java:601) ~[spring-beans-6.2.1.jar:6.2.1]
    	at org.springframework.beans.factory.support.AbstractAutowireCapableBeanFactory.createBean(AbstractAutowireCapableBeanFactory.java:523) ~[spring-beans-6.2.1.jar:6.2.1]
    	at org.springframework.beans.factory.support.AbstractBeanFactory.lambda$doGetBean$0(AbstractBeanFactory.java:336) ~[spring-beans-6.2.1.jar:6.2.1]
    	at org.springframework.beans.factory.support.DefaultSingletonBeanRegistry.getSingleton(DefaultSingletonBeanRegistry.java:289) ~[spring-beans-6.2.1.jar:6.2.1]
    	at org.springframework.beans.factory.support.AbstractBeanFactory.doGetBean(AbstractBeanFactory.java:334) ~[spring-beans-6.2.1.jar:6.2.1]
    	at org.springframework.beans.factory.support.AbstractBeanFactory.getBean(AbstractBeanFactory.java:199) ~[spring-beans-6.2.1.jar:6.2.1]
    	at org.springframework.beans.factory.support.BeanDefinitionValueResolver.resolveReference(BeanDefinitionValueResolver.java:365) ~[spring-beans-6.2.1.jar:6.2.1]
    	... 117 common frames omitted
    Caused by: java.lang.IllegalArgumentException: JPA metamodel must not be empty
    	at org.springframework.util.Assert.notEmpty(Assert.java:398) ~[spring-core-6.2.1.jar:6.2.1]
    	at org.springframework.data.jpa.mapping.JpaMetamodelMappingContext.<init>(JpaMetamodelMappingContext.java:57) ~[spring-data-jpa-3.4.1.jar:3.4.1]
    	at org.springframework.data.jpa.repository.config.JpaMetamodelMappingContextFactoryBean.createInstance(JpaMetamodelMappingContextFactoryBean.java:68) ~[spring-data-jpa-3.4.1.jar:3.4.1]
    	at org.springframework.data.jpa.repository.config.JpaMetamodelMappingContextFactoryBean.createInstance(JpaMetamodelMappingContextFactoryBean.java:1) ~[spring-data-jpa-3.4.1.jar:3.4.1]
    	at org.springframework.beans.factory.config.AbstractFactoryBean.afterPropertiesSet(AbstractFactoryBean.java:142) ~[spring-beans-6.2.1.jar:6.2.1]
    	at org.springframework.beans.factory.support.AbstractAutowireCapableBeanFactory.invokeInitMethods(AbstractAutowireCapableBeanFactory.java:1855) ~[spring-beans-6.2.1.jar:6.2.1]
    	at org.springframework.beans.factory.support.AbstractAutowireCapableBeanFactory.initializeBean(AbstractAutowireCapableBeanFactory.java:1804) ~[spring-beans-6.2.1.jar:6.2.1]
    	... 124 common frames omitted

    2026-02-10T16:10:27.226+04:00  WARN 31749 --- [user-service] [    Test worker] o.s.test.context.TestContextManager      : Caught exception while allowing TestExecutionListener [org.springframework.test.context.web.ServletTestExecutionListener] to prepare test instance [az.fitnest.user.profile.adapter.events.UserSetupCompletedKafkaIT@1b06e304]

    java.lang.IllegalStateException: Failed to load ApplicationContext for [WebMergedContextConfiguration@5c1f31f3 testClass = az.fitnest.user.profile.adapter.events.UserSetupCompletedKafkaIT, locations = [], classes = [az.fitnest.user.UserServiceApplication], contextInitializerClasses = [], activeProfiles = [], propertySourceDescriptors = [], propertySourceProperties = ["spring.kafka.bootstrap-servers=${spring.embedded.kafka.brokers}", "spring.autoconfigure.exclude=org.springframework.boot.autoconfigure.jdbc.DataSourceAutoConfiguration,org.springframework.boot.autoconfigure.orm.jpa.HibernateJpaAutoConfiguration,org.springframework.data.jpa.repository.config.JpaRepositoriesAutoConfiguration", "app.warmup.enabled=false", "org.springframework.boot.test.context.SpringBootTestContextBootstrapper=true"], contextCustomizers = [org.springframework.kafka.test.context.EmbeddedKafkaContextCustomizer@720d43dd, org.springframework.boot.test.autoconfigure.OnFailureConditionReportContextCustomizerFactory$OnFailureConditionReportContextCustomizer@b78a709, org.springframework.boot.test.autoconfigure.actuate.observability.ObservabilityContextCustomizerFactory$DisableObservabilityContextCustomizer@1f, org.springframework.boot.test.autoconfigure.properties.PropertyMappingContextCustomizer@0, org.springframework.boot.test.autoconfigure.web.servlet.WebDriverContextCustomizer@a8e6492, org.springframework.boot.test.context.filter.ExcludeFilterContextCustomizer@60dce7ea, org.springframework.boot.test.json.DuplicateJsonObjectContextCustomizerFactory$DuplicateJsonObjectContextCustomizer@1ef3efa8, org.springframework.boot.test.mock.mockito.MockitoContextCustomizer@a3eef454, org.springframework.boot.test.web.client.TestRestTemplateContextCustomizer@3dddefd8, org.springframework.boot.test.web.reactor.netty.DisableReactorResourceFactoryGlobalResourcesContextCustomizerFactory$DisableReactorResourceFactoryGlobalResourcesContextCustomizerCustomizer@36546a22, org.springframework.test.context.support.DynamicPropertiesContextCustomizer@0, org.springframework.boot.test.context.SpringBootTestAnnotation@e794c391], resourceBasePath = "src/main/webapp", contextLoader = org.springframework.boot.test.context.SpringBootContextLoader, parent = null]
    	at org.springframework.test.context.cache.DefaultCacheAwareContextLoaderDelegate.loadContext(DefaultCacheAwareContextLoaderDelegate.java:180) ~[spring-test-6.2.1.jar:6.2.1]
    	at org.springframework.test.context.support.DefaultTestContext.getApplicationContext(DefaultTestContext.java:130) ~[spring-test-6.2.1.jar:6.2.1]
    	at org.springframework.test.context.web.ServletTestExecutionListener.setUpRequestContextIfNecessary(ServletTestExecutionListener.java:191) ~[spring-test-6.2.1.jar:6.2.1]
    	at org.springframework.test.context.web.ServletTestExecutionListener.prepareTestInstance(ServletTestExecutionListener.java:130) ~[spring-test-6.2.1.jar:6.2.1]
    	at org.springframework.test.context.TestContextManager.prepareTestInstance(TestContextManager.java:260) ~[spring-test-6.2.1.jar:6.2.1]
    	at org.springframework.test.context.junit.jupiter.SpringExtension.postProcessTestInstance(SpringExtension.java:160) ~[spring-test-6.2.1.jar:6.2.1]
    	at org.junit.jupiter.engine.descriptor.ClassBasedTestDescriptor.lambda$invokeTestInstancePostProcessors$11(ClassBasedTestDescriptor.java:378) ~[junit-jupiter-engine-5.11.4.jar:5.11.4]
    	at org.junit.jupiter.engine.descriptor.ClassBasedTestDescriptor.executeAndMaskThrowable(ClassBasedTestDescriptor.java:383) ~[junit-jupiter-engine-5.11.4.jar:5.11.4]
    	at org.junit.jupiter.engine.descriptor.ClassBasedTestDescriptor.lambda$invokeTestInstancePostProcessors$12(ClassBasedTestDescriptor.java:378) ~[junit-jupiter-engine-5.11.4.jar:5.11.4]
    	at java.base/java.util.stream.ForEachOps$ForEachOp$OfRef.accept(ForEachOps.java:183) ~[na:na]
    	at java.base/java.util.stream.ReferencePipeline$3$1.accept(ReferencePipeline.java:197) ~[na:na]
    	at java.base/java.util.stream.ReferencePipeline$2$1.accept(ReferencePipeline.java:179) ~[na:na]
    	at java.base/java.util.stream.ReferencePipeline$3$1.accept(ReferencePipeline.java:197) ~[na:na]
    	at java.base/java.util.ArrayList$ArrayListSpliterator.forEachRemaining(ArrayList.java:1625) ~[na:na]
    	at java.base/java.util.stream.AbstractPipeline.copyInto(AbstractPipeline.java:509) ~[na:na]
    	at java.base/java.util.stream.AbstractPipeline.wrapAndCopyInto(AbstractPipeline.java:499) ~[na:na]
    	at java.base/java.util.stream.ForEachOps$ForEachOp.evaluateSequential(ForEachOps.java:150) ~[na:na]
    	at java.base/java.util.stream.ForEachOps$ForEachOp$OfRef.evaluateSequential(ForEachOps.java:173) ~[na:na]
    	at java.base/java.util.stream.AbstractPipeline.evaluate(AbstractPipeline.java:234) ~[na:na]
    	at java.base/java.util.stream.ReferencePipeline.forEach(ReferencePipeline.java:596) ~[na:na]
    	at org.junit.jupiter.engine.descriptor.ClassBasedTestDescriptor.invokeTestInstancePostProcessors(ClassBasedTestDescriptor.java:377) ~[junit-jupiter-engine-5.11.4.jar:5.11.4]
    	at org.junit.jupiter.engine.descriptor.ClassBasedTestDescriptor.lambda$instantiateAndPostProcessTestInstance$7(ClassBasedTestDescriptor.java:290) ~[junit-jupiter-engine-5.11.4.jar:5.11.4]
    	at org.junit.platform.engine.support.hierarchical.ThrowableCollector.execute(ThrowableCollector.java:73) ~[junit-platform-engine-1.11.4.jar:1.11.4]
    	at org.junit.jupiter.engine.descriptor.ClassBasedTestDescriptor.instantiateAndPostProcessTestInstance(ClassBasedTestDescriptor.java:289) ~[junit-jupiter-engine-5.11.4.jar:5.11.4]
    	at org.junit.jupiter.engine.descriptor.ClassBasedTestDescriptor.lambda$testInstancesProvider$5(ClassBasedTestDescriptor.java:279) ~[junit-jupiter-engine-5.11.4.jar:5.11.4]
    	at java.base/java.util.Optional.orElseGet(Optional.java:364) ~[na:na]
    	at org.junit.jupiter.engine.descriptor.ClassBasedTestDescriptor.lambda$testInstancesProvider$6(ClassBasedTestDescriptor.java:278) ~[junit-jupiter-engine-5.11.4.jar:5.11.4]
    	at org.junit.jupiter.engine.execution.TestInstancesProvider.getTestInstances(TestInstancesProvider.java:31) ~[junit-jupiter-engine-5.11.4.jar:5.11.4]
    	at org.junit.jupiter.engine.descriptor.TestMethodTestDescriptor.lambda$prepare$1(TestMethodTestDescriptor.java:105) ~[junit-jupiter-engine-5.11.4.jar:5.11.4]
    	at org.junit.platform.engine.support.hierarchical.ThrowableCollector.execute(ThrowableCollector.java:73) ~[junit-platform-engine-1.11.4.jar:1.11.4]
    	at org.junit.jupiter.engine.descriptor.TestMethodTestDescriptor.prepare(TestMethodTestDescriptor.java:104) ~[junit-jupiter-engine-5.11.4.jar:5.11.4]
    	at org.junit.jupiter.engine.descriptor.TestMethodTestDescriptor.prepare(TestMethodTestDescriptor.java:68) ~[junit-jupiter-engine-5.11.4.jar:5.11.4]
    	at org.junit.platform.engine.support.hierarchical.NodeTestTask.lambda$prepare$2(NodeTestTask.java:128) ~[junit-platform-engine-1.11.4.jar:1.11.4]
    	at org.junit.platform.engine.support.hierarchical.ThrowableCollector.execute(ThrowableCollector.java:73) ~[junit-platform-engine-1.11.4.jar:1.11.4]
    	at org.junit.platform.engine.support.hierarchical.NodeTestTask.prepare(NodeTestTask.java:128) ~[junit-platform-engine-1.11.4.jar:1.11.4]
    	at org.junit.platform.engine.support.hierarchical.NodeTestTask.execute(NodeTestTask.java:95) ~[junit-platform-engine-1.11.4.jar:1.11.4]
    	at java.base/java.util.ArrayList.forEach(ArrayList.java:1511) ~[na:na]
    	at org.junit.platform.engine.support.hierarchical.SameThreadHierarchicalTestExecutorService.invokeAll(SameThreadHierarchicalTestExecutorService.java:41) ~[junit-platform-engine-1.11.4.jar:1.11.4]
    	at org.junit.platform.engine.support.hierarchical.NodeTestTask.lambda$executeRecursively$6(NodeTestTask.java:160) ~[junit-platform-engine-1.11.4.jar:1.11.4]
    	at org.junit.platform.engine.support.hierarchical.ThrowableCollector.execute(ThrowableCollector.java:73) ~[junit-platform-engine-1.11.4.jar:1.11.4]
    	at org.junit.platform.engine.support.hierarchical.NodeTestTask.lambda$executeRecursively$8(NodeTestTask.java:146) ~[junit-platform-engine-1.11.4.jar:1.11.4]
    	at org.junit.platform.engine.support.hierarchical.Node.around(Node.java:137) ~[junit-platform-engine-1.11.4.jar:1.11.4]
    	at org.junit.platform.engine.support.hierarchical.NodeTestTask.lambda$executeRecursively$9(NodeTestTask.java:144) ~[junit-platform-engine-1.11.4.jar:1.11.4]
    	at org.junit.platform.engine.support.hierarchical.ThrowableCollector.execute(ThrowableCollector.java:73) ~[junit-platform-engine-1.11.4.jar:1.11.4]
    	at org.junit.platform.engine.support.hierarchical.NodeTestTask.executeRecursively(NodeTestTask.java:143) ~[junit-platform-engine-1.11.4.jar:1.11.4]
    	at org.junit.platform.engine.support.hierarchical.NodeTestTask.execute(NodeTestTask.java:100) ~[junit-platform-engine-1.11.4.jar:1.11.4]
    	at java.base/java.util.ArrayList.forEach(ArrayList.java:1511) ~[na:na]
    	at org.junit.platform.engine.support.hierarchical.SameThreadHierarchicalTestExecutorService.invokeAll(SameThreadHierarchicalTestExecutorService.java:41) ~[junit-platform-engine-1.11.4.jar:1.11.4]
    	at org.junit.platform.engine.support.hierarchical.NodeTestTask.lambda$executeRecursively$6(NodeTestTask.java:160) ~[junit-platform-engine-1.11.4.jar:1.11.4]
    	at org.junit.platform.engine.support.hierarchical.ThrowableCollector.execute(ThrowableCollector.java:73) ~[junit-platform-engine-1.11.4.jar:1.11.4]
    	at org.junit.platform.engine.support.hierarchical.NodeTestTask.lambda$executeRecursively$8(NodeTestTask.java:146) ~[junit-platform-engine-1.11.4.jar:1.11.4]
    	at org.junit.platform.engine.support.hierarchical.Node.around(Node.java:137) ~[junit-platform-engine-1.11.4.jar:1.11.4]
    	at org.junit.platform.engine.support.hierarchical.NodeTestTask.lambda$executeRecursively$9(NodeTestTask.java:144) ~[junit-platform-engine-1.11.4.jar:1.11.4]
    	at org.junit.platform.engine.support.hierarchical.ThrowableCollector.execute(ThrowableCollector.java:73) ~[junit-platform-engine-1.11.4.jar:1.11.4]
    	at org.junit.platform.engine.support.hierarchical.NodeTestTask.executeRecursively(NodeTestTask.java:143) ~[junit-platform-engine-1.11.4.jar:1.11.4]
    	at org.junit.platform.engine.support.hierarchical.NodeTestTask.execute(NodeTestTask.java:100) ~[junit-platform-engine-1.11.4.jar:1.11.4]
    	at org.junit.platform.engine.support.hierarchical.SameThreadHierarchicalTestExecutorService.submit(SameThreadHierarchicalTestExecutorService.java:35) ~[junit-platform-engine-1.11.4.jar:1.11.4]
    	at org.junit.platform.engine.support.hierarchical.HierarchicalTestExecutor.execute(HierarchicalTestExecutor.java:57) ~[junit-platform-engine-1.11.4.jar:1.11.4]
    	at org.junit.platform.engine.support.hierarchical.HierarchicalTestEngine.execute(HierarchicalTestEngine.java:54) ~[junit-platform-engine-1.11.4.jar:1.11.4]
    	at org.junit.platform.launcher.core.EngineExecutionOrchestrator.execute(EngineExecutionOrchestrator.java:198) ~[junit-platform-launcher-1.11.4.jar:1.11.4]
    	at org.junit.platform.launcher.core.EngineExecutionOrchestrator.execute(EngineExecutionOrchestrator.java:169) ~[junit-platform-launcher-1.11.4.jar:1.11.4]
    	at org.junit.platform.launcher.core.EngineExecutionOrchestrator.execute(EngineExecutionOrchestrator.java:93) ~[junit-platform-launcher-1.11.4.jar:1.11.4]
    	at org.junit.platform.launcher.core.EngineExecutionOrchestrator.lambda$execute$0(EngineExecutionOrchestrator.java:58) ~[junit-platform-launcher-1.11.4.jar:1.11.4]
    	at org.junit.platform.launcher.core.EngineExecutionOrchestrator.withInterceptedStreams(EngineExecutionOrchestrator.java:141) ~[junit-platform-launcher-1.11.4.jar:1.11.4]
    	at org.junit.platform.launcher.core.EngineExecutionOrchestrator.execute(EngineExecutionOrchestrator.java:57) ~[junit-platform-launcher-1.11.4.jar:1.11.4]
    	at org.junit.platform.launcher.core.DefaultLauncher.execute(DefaultLauncher.java:103) ~[junit-platform-launcher-1.11.4.jar:1.11.4]
    	at org.junit.platform.launcher.core.DefaultLauncher.execute(DefaultLauncher.java:85) ~[junit-platform-launcher-1.11.4.jar:1.11.4]
    	at org.junit.platform.launcher.core.DelegatingLauncher.execute(DelegatingLauncher.java:47) ~[junit-platform-launcher-1.11.4.jar:1.11.4]
    	at org.gradle.api.internal.tasks.testing.junitplatform.JUnitPlatformTestClassProcessor$CollectAllTestClassesExecutor.processAllTestClasses(JUnitPlatformTestClassProcessor.java:119) ~[na:na]
    	at org.gradle.api.internal.tasks.testing.junitplatform.JUnitPlatformTestClassProcessor$CollectAllTestClassesExecutor.access$000(JUnitPlatformTestClassProcessor.java:94) ~[na:na]
    	at org.gradle.api.internal.tasks.testing.junitplatform.JUnitPlatformTestClassProcessor.stop(JUnitPlatformTestClassProcessor.java:89) ~[na:na]
    	at org.gradle.api.internal.tasks.testing.SuiteTestClassProcessor.stop(SuiteTestClassProcessor.java:62) ~[na:na]
    	at java.base/jdk.internal.reflect.NativeMethodAccessorImpl.invoke0(Native Method) ~[na:na]
    	at java.base/jdk.internal.reflect.NativeMethodAccessorImpl.invoke(NativeMethodAccessorImpl.java:77) ~[na:na]
    	at java.base/jdk.internal.reflect.DelegatingMethodAccessorImpl.invoke(DelegatingMethodAccessorImpl.java:43) ~[na:na]
    	at java.base/java.lang.reflect.Method.invoke(Method.java:569) ~[na:na]
    	at org.gradle.internal.dispatch.ReflectionDispatch.dispatch(ReflectionDispatch.java:36) ~[na:na]
    	at org.gradle.internal.dispatch.ReflectionDispatch.dispatch(ReflectionDispatch.java:24) ~[na:na]
    	at org.gradle.internal.dispatch.ContextClassLoaderDispatch.dispatch(ContextClassLoaderDispatch.java:33) ~[na:na]
    	at org.gradle.internal.dispatch.ProxyDispatchAdapter$DispatchingInvocationHandler.invoke(ProxyDispatchAdapter.java:94) ~[na:na]
    	at jdk.proxy1/jdk.proxy1.$Proxy2.stop(Unknown Source) ~[na:na]
    	at org.gradle.api.internal.tasks.testing.worker.TestWorker$3.run(TestWorker.java:193) ~[na:na]
    	at org.gradle.api.internal.tasks.testing.worker.TestWorker.executeAndMaintainThreadName(TestWorker.java:129) ~[na:na]
    	at org.gradle.api.internal.tasks.testing.worker.TestWorker.execute(TestWorker.java:100) ~[na:na]
    	at org.gradle.api.internal.tasks.testing.worker.TestWorker.execute(TestWorker.java:60) ~[na:na]
    	at org.gradle.process.internal.worker.child.ActionExecutionWorker.execute(ActionExecutionWorker.java:56) ~[na:na]
    	at org.gradle.process.internal.worker.child.SystemApplicationClassLoaderWorker.call(SystemApplicationClassLoaderWorker.java:113) ~[na:na]
    	at org.gradle.process.internal.worker.child.SystemApplicationClassLoaderWorker.call(SystemApplicationClassLoaderWorker.java:65) ~[na:na]
    	at worker.org.gradle.process.internal.worker.GradleWorkerMain.run(GradleWorkerMain.java:69) ~[gradle-worker.jar:na]
    	at worker.org.gradle.process.internal.worker.GradleWorkerMain.main(GradleWorkerMain.java:74) ~[gradle-worker.jar:na]
    Caused by: org.springframework.beans.factory.BeanCreationException: Error creating bean with name 'jpaAuditingHandler': Cannot resolve reference to bean 'jpaMappingContext' while setting constructor argument
    	at org.springframework.beans.factory.support.BeanDefinitionValueResolver.resolveReference(BeanDefinitionValueResolver.java:377) ~[spring-beans-6.2.1.jar:6.2.1]
    	at org.springframework.beans.factory.support.BeanDefinitionValueResolver.resolveValueIfNecessary(BeanDefinitionValueResolver.java:135) ~[spring-beans-6.2.1.jar:6.2.1]
    	at org.springframework.beans.factory.support.ConstructorResolver.resolveConstructorArguments(ConstructorResolver.java:691) ~[spring-beans-6.2.1.jar:6.2.1]
    	at org.springframework.beans.factory.support.ConstructorResolver.instantiateUsingFactoryMethod(ConstructorResolver.java:513) ~[spring-beans-6.2.1.jar:6.2.1]
    	at org.springframework.beans.factory.support.AbstractAutowireCapableBeanFactory.instantiateUsingFactoryMethod(AbstractAutowireCapableBeanFactory.java:1357) ~[spring-beans-6.2.1.jar:6.2.1]
    	at org.springframework.beans.factory.support.AbstractAutowireCapableBeanFactory.createBeanInstance(AbstractAutowireCapableBeanFactory.java:1187) ~[spring-beans-6.2.1.jar:6.2.1]
    	at org.springframework.beans.factory.support.AbstractAutowireCapableBeanFactory.doCreateBean(AbstractAutowireCapableBeanFactory.java:563) ~[spring-beans-6.2.1.jar:6.2.1]
    	at org.springframework.beans.factory.support.AbstractAutowireCapableBeanFactory.createBean(AbstractAutowireCapableBeanFactory.java:523) ~[spring-beans-6.2.1.jar:6.2.1]
    	at org.springframework.beans.factory.support.AbstractBeanFactory.lambda$doGetBean$0(AbstractBeanFactory.java:336) ~[spring-beans-6.2.1.jar:6.2.1]
    	at org.springframework.beans.factory.support.DefaultSingletonBeanRegistry.getSingleton(DefaultSingletonBeanRegistry.java:289) ~[spring-beans-6.2.1.jar:6.2.1]
    	at org.springframework.beans.factory.support.AbstractBeanFactory.doGetBean(AbstractBeanFactory.java:334) ~[spring-beans-6.2.1.jar:6.2.1]
    	at org.springframework.beans.factory.support.AbstractBeanFactory.getBean(AbstractBeanFactory.java:199) ~[spring-beans-6.2.1.jar:6.2.1]
    	at org.springframework.beans.factory.support.DefaultListableBeanFactory.instantiateSingleton(DefaultListableBeanFactory.java:1122) ~[spring-beans-6.2.1.jar:6.2.1]
    	at org.springframework.beans.factory.support.DefaultListableBeanFactory.preInstantiateSingleton(DefaultListableBeanFactory.java:1093) ~[spring-beans-6.2.1.jar:6.2.1]
    	at org.springframework.beans.factory.support.DefaultListableBeanFactory.preInstantiateSingletons(DefaultListableBeanFactory.java:1030) ~[spring-beans-6.2.1.jar:6.2.1]
    	at org.springframework.context.support.AbstractApplicationContext.finishBeanFactoryInitialization(AbstractApplicationContext.java:987) ~[spring-context-6.2.1.jar:6.2.1]
    	at org.springframework.context.support.AbstractApplicationContext.refresh(AbstractApplicationContext.java:627) ~[spring-context-6.2.1.jar:6.2.1]
    	at org.springframework.boot.SpringApplication.refresh(SpringApplication.java:752) ~[spring-boot-3.4.1.jar:3.4.1]
    	at org.springframework.boot.SpringApplication.refreshContext(SpringApplication.java:439) ~[spring-boot-3.4.1.jar:3.4.1]
    	at org.springframework.boot.SpringApplication.run(SpringApplication.java:318) ~[spring-boot-3.4.1.jar:3.4.1]
    	at org.springframework.boot.test.context.SpringBootContextLoader.lambda$loadContext$3(SpringBootContextLoader.java:137) ~[spring-boot-test-3.4.1.jar:3.4.1]
    	at org.springframework.util.function.ThrowingSupplier.get(ThrowingSupplier.java:58) ~[spring-core-6.2.1.jar:6.2.1]
    	at org.springframework.util.function.ThrowingSupplier.get(ThrowingSupplier.java:46) ~[spring-core-6.2.1.jar:6.2.1]
    	at org.springframework.boot.SpringApplication.withHook(SpringApplication.java:1461) ~[spring-boot-3.4.1.jar:3.4.1]
    	at org.springframework.boot.test.context.SpringBootContextLoader$ContextLoaderHook.run(SpringBootContextLoader.java:553) ~[spring-boot-test-3.4.1.jar:3.4.1]
    	at org.springframework.boot.test.context.SpringBootContextLoader.loadContext(SpringBootContextLoader.java:137) ~[spring-boot-test-3.4.1.jar:3.4.1]
    	at org.springframework.boot.test.context.SpringBootContextLoader.loadContext(SpringBootContextLoader.java:108) ~[spring-boot-test-3.4.1.jar:3.4.1]
    	at org.springframework.test.context.cache.DefaultCacheAwareContextLoaderDelegate.loadContextInternal(DefaultCacheAwareContextLoaderDelegate.java:225) ~[spring-test-6.2.1.jar:6.2.1]
    	at org.springframework.test.context.cache.DefaultCacheAwareContextLoaderDelegate.loadContext(DefaultCacheAwareContextLoaderDelegate.java:152) ~[spring-test-6.2.1.jar:6.2.1]
    	... 89 common frames omitted
    Caused by: org.springframework.beans.factory.BeanCreationException: Error creating bean with name 'jpaMappingContext': JPA metamodel must not be empty
    	at org.springframework.beans.factory.support.AbstractAutowireCapableBeanFactory.initializeBean(AbstractAutowireCapableBeanFactory.java:1808) ~[spring-beans-6.2.1.jar:6.2.1]
    	at org.springframework.beans.factory.support.AbstractAutowireCapableBeanFactory.doCreateBean(AbstractAutowireCapableBeanFactory.java:601) ~[spring-beans-6.2.1.jar:6.2.1]
    	at org.springframework.beans.factory.support.AbstractAutowireCapableBeanFactory.createBean(AbstractAutowireCapableBeanFactory.java:523) ~[spring-beans-6.2.1.jar:6.2.1]
    	at org.springframework.beans.factory.support.AbstractBeanFactory.lambda$doGetBean$0(AbstractBeanFactory.java:336) ~[spring-beans-6.2.1.jar:6.2.1]
    	at org.springframework.beans.factory.support.DefaultSingletonBeanRegistry.getSingleton(DefaultSingletonBeanRegistry.java:289) ~[spring-beans-6.2.1.jar:6.2.1]
    	at org.springframework.beans.factory.support.AbstractBeanFactory.doGetBean(AbstractBeanFactory.java:334) ~[spring-beans-6.2.1.jar:6.2.1]
    	at org.springframework.beans.factory.support.AbstractBeanFactory.getBean(AbstractBeanFactory.java:199) ~[spring-beans-6.2.1.jar:6.2.1]
    	at org.springframework.beans.factory.support.BeanDefinitionValueResolver.resolveReference(BeanDefinitionValueResolver.java:365) ~[spring-beans-6.2.1.jar:6.2.1]
    	... 117 common frames omitted
    Caused by: java.lang.IllegalArgumentException: JPA metamodel must not be empty
    	at org.springframework.util.Assert.notEmpty(Assert.java:398) ~[spring-core-6.2.1.jar:6.2.1]
    	at org.springframework.data.jpa.mapping.JpaMetamodelMappingContext.<init>(JpaMetamodelMappingContext.java:57) ~[spring-data-jpa-3.4.1.jar:3.4.1]
    	at org.springframework.data.jpa.repository.config.JpaMetamodelMappingContextFactoryBean.createInstance(JpaMetamodelMappingContextFactoryBean.java:68) ~[spring-data-jpa-3.4.1.jar:3.4.1]
    	at org.springframework.data.jpa.repository.config.JpaMetamodelMappingContextFactoryBean.createInstance(JpaMetamodelMappingContextFactoryBean.java:1) ~[spring-data-jpa-3.4.1.jar:3.4.1]
    	at org.springframework.beans.factory.config.AbstractFactoryBean.afterPropertiesSet(AbstractFactoryBean.java:142) ~[spring-beans-6.2.1.jar:6.2.1]
    	at org.springframework.beans.factory.support.AbstractAutowireCapableBeanFactory.invokeInitMethods(AbstractAutowireCapableBeanFactory.java:1855) ~[spring-beans-6.2.1.jar:6.2.1]
    	at org.springframework.beans.factory.support.AbstractAutowireCapableBeanFactory.initializeBean(AbstractAutowireCapableBeanFactory.java:1804) ~[spring-beans-6.2.1.jar:6.2.1]
    	... 124 common frames omitted


Gradle Test Executor 3 finished executing tests.

> Task :test FAILED

UserSetupCompletedKafkaIT > consumesEventAndSavesProfile() FAILED
    java.lang.IllegalStateException: Failed to load ApplicationContext for [WebMergedContextConfiguration@5c1f31f3 testClass = az.fitnest.user.profile.adapter.events.UserSetupCompletedKafkaIT, locations = [], classes = [az.fitnest.user.UserServiceApplication], contextInitializerClasses = [], activeProfiles = [], propertySourceDescriptors = [], propertySourceProperties = ["spring.kafka.bootstrap-servers=${spring.embedded.kafka.brokers}", "spring.autoconfigure.exclude=org.springframework.boot.autoconfigure.jdbc.DataSourceAutoConfiguration,org.springframework.boot.autoconfigure.orm.jpa.HibernateJpaAutoConfiguration,org.springframework.data.jpa.repository.config.JpaRepositoriesAutoConfiguration", "app.warmup.enabled=false", "org.springframework.boot.test.context.SpringBootTestContextBootstrapper=true"], contextCustomizers = [org.springframework.kafka.test.context.EmbeddedKafkaContextCustomizer@720d43dd, org.springframework.boot.test.autoconfigure.OnFailureConditionReportContextCustomizerFactory$OnFailureConditionReportContextCustomizer@b78a709, org.springframework.boot.test.autoconfigure.actuate.observability.ObservabilityContextCustomizerFactory$DisableObservabilityContextCustomizer@1f, org.springframework.boot.test.autoconfigure.properties.PropertyMappingContextCustomizer@0, org.springframework.boot.test.autoconfigure.web.servlet.WebDriverContextCustomizer@a8e6492, org.springframework.boot.test.context.filter.ExcludeFilterContextCustomizer@60dce7ea, org.springframework.boot.test.json.DuplicateJsonObjectContextCustomizerFactory$DuplicateJsonObjectContextCustomizer@1ef3efa8, org.springframework.boot.test.mock.mockito.MockitoContextCustomizer@a3eef454, org.springframework.boot.test.web.client.TestRestTemplateContextCustomizer@3dddefd8, org.springframework.boot.test.web.reactor.netty.DisableReactorResourceFactoryGlobalResourcesContextCustomizerFactory$DisableReactorResourceFactoryGlobalResourcesContextCustomizerCustomizer@36546a22, org.springframework.test.context.support.DynamicPropertiesContextCustomizer@0, org.springframework.boot.test.context.SpringBootTestAnnotation@e794c391], resourceBasePath = "src/main/webapp", contextLoader = org.springframework.boot.test.context.SpringBootContextLoader, parent = null]
        at org.springframework.test.context.cache.DefaultCacheAwareContextLoaderDelegate.loadContext(DefaultCacheAwareContextLoaderDelegate.java:180)
        at org.springframework.test.context.support.DefaultTestContext.getApplicationContext(DefaultTestContext.java:130)
        at org.springframework.test.context.web.ServletTestExecutionListener.setUpRequestContextIfNecessary(ServletTestExecutionListener.java:191)
        at org.springframework.test.context.web.ServletTestExecutionListener.prepareTestInstance(ServletTestExecutionListener.java:130)
        at org.springframework.test.context.TestContextManager.prepareTestInstance(TestContextManager.java:260)
        at org.springframework.test.context.junit.jupiter.SpringExtension.postProcessTestInstance(SpringExtension.java:160)
        at java.base/java.util.stream.ForEachOps$ForEachOp$OfRef.accept(ForEachOps.java:183)
        at java.base/java.util.stream.ReferencePipeline$3$1.accept(ReferencePipeline.java:197)
        at java.base/java.util.stream.ReferencePipeline$2$1.accept(ReferencePipeline.java:179)
        at java.base/java.util.stream.ReferencePipeline$3$1.accept(ReferencePipeline.java:197)
        at java.base/java.util.ArrayList$ArrayListSpliterator.forEachRemaining(ArrayList.java:1625)
        at java.base/java.util.stream.AbstractPipeline.copyInto(AbstractPipeline.java:509)
        at java.base/java.util.stream.AbstractPipeline.wrapAndCopyInto(AbstractPipeline.java:499)
        at java.base/java.util.stream.ForEachOps$ForEachOp.evaluateSequential(ForEachOps.java:150)
        at java.base/java.util.stream.ForEachOps$ForEachOp$OfRef.evaluateSequential(ForEachOps.java:173)
        at java.base/java.util.stream.AbstractPipeline.evaluate(AbstractPipeline.java:234)
        at java.base/java.util.stream.ReferencePipeline.forEach(ReferencePipeline.java:596)
        at java.base/java.util.Optional.orElseGet(Optional.java:364)
        at java.base/java.util.ArrayList.forEach(ArrayList.java:1511)
        at java.base/java.util.ArrayList.forEach(ArrayList.java:1511)

        Caused by:
        org.springframework.beans.factory.BeanCreationException: Error creating bean with name 'jpaAuditingHandler': Cannot resolve reference to bean 'jpaMappingContext' while setting constructor argument
            at app//org.springframework.beans.factory.support.BeanDefinitionValueResolver.resolveReference(BeanDefinitionValueResolver.java:377)
            at app//org.springframework.beans.factory.support.BeanDefinitionValueResolver.resolveValueIfNecessary(BeanDefinitionValueResolver.java:135)
            at app//org.springframework.beans.factory.support.ConstructorResolver.resolveConstructorArguments(ConstructorResolver.java:691)
            at app//org.springframework.beans.factory.support.ConstructorResolver.instantiateUsingFactoryMethod(ConstructorResolver.java:513)
            at app//org.springframework.beans.factory.support.AbstractAutowireCapableBeanFactory.instantiateUsingFactoryMethod(AbstractAutowireCapableBeanFactory.java:1357)
            at app//org.springframework.beans.factory.support.AbstractAutowireCapableBeanFactory.createBeanInstance(AbstractAutowireCapableBeanFactory.java:1187)
            at app//org.springframework.beans.factory.support.AbstractAutowireCapableBeanFactory.doCreateBean(AbstractAutowireCapableBeanFactory.java:563)
            at app//org.springframework.beans.factory.support.AbstractAutowireCapableBeanFactory.createBean(AbstractAutowireCapableBeanFactory.java:523)
            at app//org.springframework.beans.factory.support.AbstractBeanFactory.lambda$doGetBean$0(AbstractBeanFactory.java:336)
            at app//org.springframework.beans.factory.support.DefaultSingletonBeanRegistry.getSingleton(DefaultSingletonBeanRegistry.java:289)
            at app//org.springframework.beans.factory.support.AbstractBeanFactory.doGetBean(AbstractBeanFactory.java:334)
            at app//org.springframework.beans.factory.support.AbstractBeanFactory.getBean(AbstractBeanFactory.java:199)
            at app//org.springframework.beans.factory.support.DefaultListableBeanFactory.instantiateSingleton(DefaultListableBeanFactory.java:1122)
            at app//org.springframework.beans.factory.support.DefaultListableBeanFactory.preInstantiateSingleton(DefaultListableBeanFactory.java:1093)
            at app//org.springframework.beans.factory.support.DefaultListableBeanFactory.preInstantiateSingletons(DefaultListableBeanFactory.java:1030)
            at app//org.springframework.context.support.AbstractApplicationContext.finishBeanFactoryInitialization(AbstractApplicationContext.java:987)
            at app//org.springframework.context.support.AbstractApplicationContext.refresh(AbstractApplicationContext.java:627)
            at app//org.springframework.boot.SpringApplication.refresh(SpringApplication.java:752)
            at app//org.springframework.boot.SpringApplication.refreshContext(SpringApplication.java:439)
            at app//org.springframework.boot.SpringApplication.run(SpringApplication.java:318)
            at app//org.springframework.boot.test.context.SpringBootContextLoader.lambda$loadContext$3(SpringBootContextLoader.java:137)
            at app//org.springframework.util.function.ThrowingSupplier.get(ThrowingSupplier.java:58)
            at app//org.springframework.util.function.ThrowingSupplier.get(ThrowingSupplier.java:46)
            at app//org.springframework.boot.SpringApplication.withHook(SpringApplication.java:1461)
            at app//org.springframework.boot.test.context.SpringBootContextLoader$ContextLoaderHook.run(SpringBootContextLoader.java:553)
            at app//org.springframework.boot.test.context.SpringBootContextLoader.loadContext(SpringBootContextLoader.java:137)
            at app//org.springframework.boot.test.context.SpringBootContextLoader.loadContext(SpringBootContextLoader.java:108)
            at app//org.springframework.test.context.cache.DefaultCacheAwareContextLoaderDelegate.loadContextInternal(DefaultCacheAwareContextLoaderDelegate.java:225)
            at app//org.springframework.test.context.cache.DefaultCacheAwareContextLoaderDelegate.loadContext(DefaultCacheAwareContextLoaderDelegate.java:152)
            ... 19 more

            Caused by:
            org.springframework.beans.factory.BeanCreationException: Error creating bean with name 'jpaMappingContext': JPA metamodel must not be empty
                at app//org.springframework.beans.factory.support.AbstractAutowireCapableBeanFactory.initializeBean(AbstractAutowireCapableBeanFactory.java:1808)
                at app//org.springframework.beans.factory.support.AbstractAutowireCapableBeanFactory.doCreateBean(AbstractAutowireCapableBeanFactory.java:601)
                at app//org.springframework.beans.factory.support.AbstractAutowireCapableBeanFactory.createBean(AbstractAutowireCapableBeanFactory.java:523)
                at app//org.springframework.beans.factory.support.AbstractBeanFactory.lambda$doGetBean$0(AbstractBeanFactory.java:336)
                at app//org.springframework.beans.factory.support.DefaultSingletonBeanRegistry.getSingleton(DefaultSingletonBeanRegistry.java:289)
                at app//org.springframework.beans.factory.support.AbstractBeanFactory.doGetBean(AbstractBeanFactory.java:334)
                at app//org.springframework.beans.factory.support.AbstractBeanFactory.getBean(AbstractBeanFactory.java:199)
                at app//org.springframework.beans.factory.support.BeanDefinitionValueResolver.resolveReference(BeanDefinitionValueResolver.java:365)
                ... 47 more

                Caused by:
                java.lang.IllegalArgumentException: JPA metamodel must not be empty
                    at org.springframework.util.Assert.notEmpty(Assert.java:398)
                    at org.springframework.data.jpa.mapping.JpaMetamodelMappingContext.<init>(JpaMetamodelMappingContext.java:57)
                    at org.springframework.data.jpa.repository.config.JpaMetamodelMappingContextFactoryBean.createInstance(JpaMetamodelMappingContextFactoryBean.java:68)
                    at org.springframework.data.jpa.repository.config.JpaMetamodelMappingContextFactoryBean.createInstance(JpaMetamodelMappingContextFactoryBean.java:1)
                    at org.springframework.beans.factory.config.AbstractFactoryBean.afterPropertiesSet(AbstractFactoryBean.java:142)
                    at org.springframework.beans.factory.support.AbstractAutowireCapableBeanFactory.invokeInitMethods(AbstractAutowireCapableBeanFactory.java:1855)
                    at org.springframework.beans.factory.support.AbstractAutowireCapableBeanFactory.initializeBean(AbstractAutowireCapableBeanFactory.java:1804)
                    ... 54 more

1 test completed, 1 failed
Finished generating test XML results (0.004 secs) into: /Users/aousganeh/Desktop/fix/code/user-service/build/test-results/test
Generating HTML test report...
Finished generating test html results (0.005 secs) into: /Users/aousganeh/Desktop/fix/code/user-service/build/reports/tests/test

FAILURE: Build failed with an exception.

* What went wrong:
Execution failed for task ':test'.
> There were failing tests. See the report at: file:///Users/aousganeh/Desktop/fix/code/user-service/build/reports/tests/test/index.html

* Try:
> Run with --scan to get full insights.

* Exception is:
org.gradle.api.tasks.TaskExecutionException: Execution failed for task ':test'.
	at org.gradle.api.internal.tasks.execution.ExecuteActionsTaskExecuter.lambda$executeIfValid$1(ExecuteActionsTaskExecuter.java:148)
	at org.gradle.internal.Try$Failure.ifSuccessfulOrElse(Try.java:282)
	at org.gradle.api.internal.tasks.execution.ExecuteActionsTaskExecuter.executeIfValid(ExecuteActionsTaskExecuter.java:146)
	at org.gradle.api.internal.tasks.execution.ExecuteActionsTaskExecuter.execute(ExecuteActionsTaskExecuter.java:134)
	at org.gradle.api.internal.tasks.execution.FinalizePropertiesTaskExecuter.execute(FinalizePropertiesTaskExecuter.java:46)
	at org.gradle.api.internal.tasks.execution.ResolveTaskExecutionModeExecuter.execute(ResolveTaskExecutionModeExecuter.java:51)
	at org.gradle.api.internal.tasks.execution.SkipTaskWithNoActionsExecuter.execute(SkipTaskWithNoActionsExecuter.java:57)
	at org.gradle.api.internal.tasks.execution.SkipOnlyIfTaskExecuter.execute(SkipOnlyIfTaskExecuter.java:74)
	at org.gradle.api.internal.tasks.execution.CatchExceptionTaskExecuter.execute(CatchExceptionTaskExecuter.java:36)
	at org.gradle.api.internal.tasks.execution.EventFiringTaskExecuter$1.executeTask(EventFiringTaskExecuter.java:77)
	at org.gradle.api.internal.tasks.execution.EventFiringTaskExecuter$1.call(EventFiringTaskExecuter.java:55)
	at org.gradle.api.internal.tasks.execution.EventFiringTaskExecuter$1.call(EventFiringTaskExecuter.java:52)
	at org.gradle.internal.operations.DefaultBuildOperationRunner$CallableBuildOperationWorker.execute(DefaultBuildOperationRunner.java:204)
	at org.gradle.internal.operations.DefaultBuildOperationRunner$CallableBuildOperationWorker.execute(DefaultBuildOperationRunner.java:199)
	at org.gradle.internal.operations.DefaultBuildOperationRunner$2.execute(DefaultBuildOperationRunner.java:66)
	at org.gradle.internal.operations.DefaultBuildOperationRunner$2.execute(DefaultBuildOperationRunner.java:59)
	at org.gradle.internal.operations.DefaultBuildOperationRunner.execute(DefaultBuildOperationRunner.java:157)
	at org.gradle.internal.operations.DefaultBuildOperationRunner.execute(DefaultBuildOperationRunner.java:59)
	at org.gradle.internal.operations.DefaultBuildOperationRunner.call(DefaultBuildOperationRunner.java:53)
	at org.gradle.internal.operations.DefaultBuildOperationExecutor.call(DefaultBuildOperationExecutor.java:73)
	at org.gradle.api.internal.tasks.execution.EventFiringTaskExecuter.execute(EventFiringTaskExecuter.java:52)
	at org.gradle.execution.plan.LocalTaskNodeExecutor.execute(LocalTaskNodeExecutor.java:42)
	at org.gradle.execution.taskgraph.DefaultTaskExecutionGraph$InvokeNodeExecutorsAction.execute(DefaultTaskExecutionGraph.java:331)
	at org.gradle.execution.taskgraph.DefaultTaskExecutionGraph$InvokeNodeExecutorsAction.execute(DefaultTaskExecutionGraph.java:318)
	at org.gradle.execution.taskgraph.DefaultTaskExecutionGraph$BuildOperationAwareExecutionAction.lambda$execute$0(DefaultTaskExecutionGraph.java:314)
	at org.gradle.internal.operations.CurrentBuildOperationRef.with(CurrentBuildOperationRef.java:80)
	at org.gradle.execution.taskgraph.DefaultTaskExecutionGraph$BuildOperationAwareExecutionAction.execute(DefaultTaskExecutionGraph.java:314)
	at org.gradle.execution.taskgraph.DefaultTaskExecutionGraph$BuildOperationAwareExecutionAction.execute(DefaultTaskExecutionGraph.java:303)
	at org.gradle.execution.plan.DefaultPlanExecutor$ExecutorWorker.execute(DefaultPlanExecutor.java:463)
	at org.gradle.execution.plan.DefaultPlanExecutor$ExecutorWorker.run(DefaultPlanExecutor.java:380)
	at org.gradle.internal.concurrent.ExecutorPolicy$CatchAndRecordFailures.onExecute(ExecutorPolicy.java:64)
	at org.gradle.internal.concurrent.AbstractManagedExecutor$1.run(AbstractManagedExecutor.java:47)
Caused by: org.gradle.api.internal.exceptions.MarkedVerificationException: There were failing tests. See the report at: file:///Users/aousganeh/Desktop/fix/code/user-service/build/reports/tests/test/index.html
	at org.gradle.api.tasks.testing.AbstractTestTask.handleTestFailures(AbstractTestTask.java:687)
	at org.gradle.api.tasks.testing.AbstractTestTask.handleCollectedResults(AbstractTestTask.java:533)
	at org.gradle.api.tasks.testing.AbstractTestTask.executeTests(AbstractTestTask.java:528)
	at org.gradle.api.tasks.testing.Test.executeTests(Test.java:715)
	at java.base/jdk.internal.reflect.NativeMethodAccessorImpl.invoke0(Native Method)
	at java.base/jdk.internal.reflect.NativeMethodAccessorImpl.invoke(NativeMethodAccessorImpl.java:77)
	at java.base/jdk.internal.reflect.DelegatingMethodAccessorImpl.invoke(DelegatingMethodAccessorImpl.java:43)
	at org.gradle.internal.reflect.JavaMethod.invoke(JavaMethod.java:125)
	at org.gradle.api.internal.project.taskfactory.StandardTaskAction.doExecute(StandardTaskAction.java:58)
	at org.gradle.api.internal.project.taskfactory.StandardTaskAction.execute(StandardTaskAction.java:51)
	at org.gradle.api.internal.project.taskfactory.StandardTaskAction.execute(StandardTaskAction.java:29)
	at org.gradle.api.internal.tasks.execution.TaskExecution$3.run(TaskExecution.java:248)
	at org.gradle.internal.operations.DefaultBuildOperationRunner$1.execute(DefaultBuildOperationRunner.java:29)
	at org.gradle.internal.operations.DefaultBuildOperationRunner$1.execute(DefaultBuildOperationRunner.java:26)
	at org.gradle.internal.operations.DefaultBuildOperationRunner$2.execute(DefaultBuildOperationRunner.java:66)
	at org.gradle.internal.operations.DefaultBuildOperationRunner$2.execute(DefaultBuildOperationRunner.java:59)
	at org.gradle.internal.operations.DefaultBuildOperationRunner.execute(DefaultBuildOperationRunner.java:157)
	at org.gradle.internal.operations.DefaultBuildOperationRunner.execute(DefaultBuildOperationRunner.java:59)
	at org.gradle.internal.operations.DefaultBuildOperationRunner.run(DefaultBuildOperationRunner.java:47)
	at org.gradle.internal.operations.DefaultBuildOperationExecutor.run(DefaultBuildOperationExecutor.java:68)
	at org.gradle.api.internal.tasks.execution.TaskExecution.executeAction(TaskExecution.java:233)
	at org.gradle.api.internal.tasks.execution.TaskExecution.executeActions(TaskExecution.java:216)
	at org.gradle.api.internal.tasks.execution.TaskExecution.executeWithPreviousOutputFiles(TaskExecution.java:199)
	at org.gradle.api.internal.tasks.execution.TaskExecution.execute(TaskExecution.java:166)
	at org.gradle.internal.execution.steps.ExecuteStep.executeInternal(ExecuteStep.java:105)
	at org.gradle.internal.execution.steps.ExecuteStep.access$000(ExecuteStep.java:44)
	at org.gradle.internal.execution.steps.ExecuteStep$1.call(ExecuteStep.java:59)
	at org.gradle.internal.execution.steps.ExecuteStep$1.call(ExecuteStep.java:56)
	at org.gradle.internal.operations.DefaultBuildOperationRunner$CallableBuildOperationWorker.execute(DefaultBuildOperationRunner.java:204)
	at org.gradle.internal.operations.DefaultBuildOperationRunner$CallableBuildOperationWorker.execute(DefaultBuildOperationRunner.java:199)
	at org.gradle.internal.operations.DefaultBuildOperationRunner$2.execute(DefaultBuildOperationRunner.java:66)
	at org.gradle.internal.operations.DefaultBuildOperationRunner$2.execute(DefaultBuildOperationRunner.java:59)
	at org.gradle.internal.operations.DefaultBuildOperationRunner.execute(DefaultBuildOperationRunner.java:157)
	at org.gradle.internal.operations.DefaultBuildOperationRunner.execute(DefaultBuildOperationRunner.java:59)
	at org.gradle.internal.operations.DefaultBuildOperationRunner.call(DefaultBuildOperationRunner.java:53)
	at org.gradle.internal.operations.DefaultBuildOperationExecutor.call(DefaultBuildOperationExecutor.java:73)
	at org.gradle.internal.execution.steps.ExecuteStep.execute(ExecuteStep.java:56)
	at org.gradle.internal.execution.steps.ExecuteStep.execute(ExecuteStep.java:44)
	at org.gradle.internal.execution.steps.RemovePreviousOutputsStep.execute(RemovePreviousOutputsStep.java:67)
	at org.gradle.internal.execution.steps.RemovePreviousOutputsStep.execute(RemovePreviousOutputsStep.java:37)
	at org.gradle.internal.execution.steps.CancelExecutionStep.execute(CancelExecutionStep.java:41)
	at org.gradle.internal.execution.steps.TimeoutStep.executeWithoutTimeout(TimeoutStep.java:74)
	at org.gradle.internal.execution.steps.TimeoutStep.execute(TimeoutStep.java:55)
	at org.gradle.internal.execution.steps.CreateOutputsStep.execute(CreateOutputsStep.java:50)
	at org.gradle.internal.execution.steps.CreateOutputsStep.execute(CreateOutputsStep.java:28)
	at org.gradle.internal.execution.steps.CaptureStateAfterExecutionStep.executeDelegateBroadcastingChanges(CaptureStateAfterExecutionStep.java:100)
	at org.gradle.internal.execution.steps.CaptureStateAfterExecutionStep.execute(CaptureStateAfterExecutionStep.java:72)
	at org.gradle.internal.execution.steps.CaptureStateAfterExecutionStep.execute(CaptureStateAfterExecutionStep.java:50)
	at org.gradle.internal.execution.steps.ResolveInputChangesStep.execute(ResolveInputChangesStep.java:40)
	at org.gradle.internal.execution.steps.ResolveInputChangesStep.execute(ResolveInputChangesStep.java:29)
	at org.gradle.internal.execution.steps.BuildCacheStep.executeWithoutCache(BuildCacheStep.java:179)
	at org.gradle.internal.execution.steps.BuildCacheStep.executeAndStoreInCache(BuildCacheStep.java:139)
	at org.gradle.internal.execution.steps.BuildCacheStep.lambda$executeWithCache$4(BuildCacheStep.java:106)
	at org.gradle.internal.execution.steps.BuildCacheStep.lambda$executeWithCache$5(BuildCacheStep.java:106)
	at org.gradle.internal.Try$Success.map(Try.java:164)
	at org.gradle.internal.execution.steps.BuildCacheStep.executeWithCache(BuildCacheStep.java:80)
	at org.gradle.internal.execution.steps.BuildCacheStep.lambda$execute$0(BuildCacheStep.java:69)
	at org.gradle.internal.Either$Left.fold(Either.java:115)
	at org.gradle.internal.execution.caching.CachingState.fold(CachingState.java:59)
	at org.gradle.internal.execution.steps.BuildCacheStep.execute(BuildCacheStep.java:68)
	at org.gradle.internal.execution.steps.BuildCacheStep.execute(BuildCacheStep.java:46)
	at org.gradle.internal.execution.steps.StoreExecutionStateStep.execute(StoreExecutionStateStep.java:36)
	at org.gradle.internal.execution.steps.StoreExecutionStateStep.execute(StoreExecutionStateStep.java:25)
	at org.gradle.internal.execution.steps.RecordOutputsStep.execute(RecordOutputsStep.java:36)
	at org.gradle.internal.execution.steps.RecordOutputsStep.execute(RecordOutputsStep.java:22)
	at org.gradle.internal.execution.steps.SkipUpToDateStep.executeBecause(SkipUpToDateStep.java:91)
	at org.gradle.internal.execution.steps.SkipUpToDateStep.lambda$execute$2(SkipUpToDateStep.java:55)
	at org.gradle.internal.execution.steps.SkipUpToDateStep.execute(SkipUpToDateStep.java:55)
	at org.gradle.internal.execution.steps.SkipUpToDateStep.execute(SkipUpToDateStep.java:37)
	at org.gradle.internal.execution.steps.ResolveChangesStep.execute(ResolveChangesStep.java:65)
	at org.gradle.internal.execution.steps.ResolveChangesStep.execute(ResolveChangesStep.java:36)
	at org.gradle.internal.execution.steps.legacy.MarkSnapshottingInputsFinishedStep.execute(MarkSnapshottingInputsFinishedStep.java:37)
	at org.gradle.internal.execution.steps.legacy.MarkSnapshottingInputsFinishedStep.execute(MarkSnapshottingInputsFinishedStep.java:27)
	at org.gradle.internal.execution.steps.ResolveCachingStateStep.execute(ResolveCachingStateStep.java:76)
	at org.gradle.internal.execution.steps.ResolveCachingStateStep.execute(ResolveCachingStateStep.java:37)
	at org.gradle.internal.execution.steps.ValidateStep.execute(ValidateStep.java:108)
	at org.gradle.internal.execution.steps.ValidateStep.execute(ValidateStep.java:55)
	at org.gradle.internal.execution.steps.CaptureStateBeforeExecutionStep.execute(CaptureStateBeforeExecutionStep.java:71)
	at org.gradle.internal.execution.steps.CaptureStateBeforeExecutionStep.execute(CaptureStateBeforeExecutionStep.java:45)
	at org.gradle.internal.execution.steps.SkipEmptyWorkStep.executeWithNonEmptySources(SkipEmptyWorkStep.java:177)
	at org.gradle.internal.execution.steps.SkipEmptyWorkStep.execute(SkipEmptyWorkStep.java:86)
	at org.gradle.internal.execution.steps.SkipEmptyWorkStep.execute(SkipEmptyWorkStep.java:53)
	at org.gradle.internal.execution.steps.RemoveUntrackedExecutionStateStep.execute(RemoveUntrackedExecutionStateStep.java:32)
	at org.gradle.internal.execution.steps.RemoveUntrackedExecutionStateStep.execute(RemoveUntrackedExecutionStateStep.java:21)
	at org.gradle.internal.execution.steps.legacy.MarkSnapshottingInputsStartedStep.execute(MarkSnapshottingInputsStartedStep.java:38)
	at org.gradle.internal.execution.steps.LoadPreviousExecutionStateStep.execute(LoadPreviousExecutionStateStep.java:36)
	at org.gradle.internal.execution.steps.LoadPreviousExecutionStateStep.execute(LoadPreviousExecutionStateStep.java:23)
	at org.gradle.internal.execution.steps.CleanupStaleOutputsStep.execute(CleanupStaleOutputsStep.java:75)
	at org.gradle.internal.execution.steps.CleanupStaleOutputsStep.execute(CleanupStaleOutputsStep.java:41)
	at org.gradle.internal.execution.steps.ExecuteWorkBuildOperationFiringStep.lambda$execute$2(ExecuteWorkBuildOperationFiringStep.java:66)
	at org.gradle.internal.execution.steps.ExecuteWorkBuildOperationFiringStep.execute(ExecuteWorkBuildOperationFiringStep.java:66)
	at org.gradle.internal.execution.steps.ExecuteWorkBuildOperationFiringStep.execute(ExecuteWorkBuildOperationFiringStep.java:38)
	at org.gradle.internal.execution.steps.AssignWorkspaceStep.lambda$execute$0(AssignWorkspaceStep.java:32)
	at org.gradle.api.internal.tasks.execution.TaskExecution$4.withWorkspace(TaskExecution.java:293)
	at org.gradle.internal.execution.steps.AssignWorkspaceStep.execute(AssignWorkspaceStep.java:30)
	at org.gradle.internal.execution.steps.AssignWorkspaceStep.execute(AssignWorkspaceStep.java:21)
	at org.gradle.internal.execution.steps.IdentityCacheStep.execute(IdentityCacheStep.java:37)
	at org.gradle.internal.execution.steps.IdentityCacheStep.execute(IdentityCacheStep.java:27)
	at org.gradle.internal.execution.steps.IdentifyStep.execute(IdentifyStep.java:47)
	at org.gradle.internal.execution.steps.IdentifyStep.execute(IdentifyStep.java:34)
	at org.gradle.internal.execution.impl.DefaultExecutionEngine$1.execute(DefaultExecutionEngine.java:64)
	at org.gradle.api.internal.tasks.execution.ExecuteActionsTaskExecuter.executeIfValid(ExecuteActionsTaskExecuter.java:145)
	at org.gradle.api.internal.tasks.execution.ExecuteActionsTaskExecuter.execute(ExecuteActionsTaskExecuter.java:134)
	at org.gradle.api.internal.tasks.execution.FinalizePropertiesTaskExecuter.execute(FinalizePropertiesTaskExecuter.java:46)
	at org.gradle.api.internal.tasks.execution.ResolveTaskExecutionModeExecuter.execute(ResolveTaskExecutionModeExecuter.java:51)
	at org.gradle.api.internal.tasks.execution.SkipTaskWithNoActionsExecuter.execute(SkipTaskWithNoActionsExecuter.java:57)
	at org.gradle.api.internal.tasks.execution.SkipOnlyIfTaskExecuter.execute(SkipOnlyIfTaskExecuter.java:74)
	at org.gradle.api.internal.tasks.execution.CatchExceptionTaskExecuter.execute(CatchExceptionTaskExecuter.java:36)
	at org.gradle.api.internal.tasks.execution.EventFiringTaskExecuter$1.executeTask(EventFiringTaskExecuter.java:77)
	at org.gradle.api.internal.tasks.execution.EventFiringTaskExecuter$1.call(EventFiringTaskExecuter.java:55)
	at org.gradle.api.internal.tasks.execution.EventFiringTaskExecuter$1.call(EventFiringTaskExecuter.java:52)
	at org.gradle.internal.operations.DefaultBuildOperationRunner$CallableBuildOperationWorker.execute(DefaultBuildOperationRunner.java:204)
	at org.gradle.internal.operations.DefaultBuildOperationRunner$CallableBuildOperationWorker.execute(DefaultBuildOperationRunner.java:199)
	at org.gradle.internal.operations.DefaultBuildOperationRunner$2.execute(DefaultBuildOperationRunner.java:66)
	at org.gradle.internal.operations.DefaultBuildOperationRunner$2.execute(DefaultBuildOperationRunner.java:59)
	at org.gradle.internal.operations.DefaultBuildOperationRunner.execute(DefaultBuildOperationRunner.java:157)
	at org.gradle.internal.operations.DefaultBuildOperationRunner.execute(DefaultBuildOperationRunner.java:59)
	at org.gradle.internal.operations.DefaultBuildOperationRunner.call(DefaultBuildOperationRunner.java:53)
	at org.gradle.internal.operations.DefaultBuildOperationExecutor.call(DefaultBuildOperationExecutor.java:73)
	at org.gradle.api.internal.tasks.execution.EventFiringTaskExecuter.execute(EventFiringTaskExecuter.java:52)
	at org.gradle.execution.plan.LocalTaskNodeExecutor.execute(LocalTaskNodeExecutor.java:42)
	at org.gradle.execution.taskgraph.DefaultTaskExecutionGraph$InvokeNodeExecutorsAction.execute(DefaultTaskExecutionGraph.java:331)
	at org.gradle.execution.taskgraph.DefaultTaskExecutionGraph$InvokeNodeExecutorsAction.execute(DefaultTaskExecutionGraph.java:318)
	at org.gradle.execution.taskgraph.DefaultTaskExecutionGraph$BuildOperationAwareExecutionAction.lambda$execute$0(DefaultTaskExecutionGraph.java:314)
	at org.gradle.internal.operations.CurrentBuildOperationRef.with(CurrentBuildOperationRef.java:80)
	at org.gradle.execution.taskgraph.DefaultTaskExecutionGraph$BuildOperationAwareExecutionAction.execute(DefaultTaskExecutionGraph.java:314)
	at org.gradle.execution.taskgraph.DefaultTaskExecutionGraph$BuildOperationAwareExecutionAction.execute(DefaultTaskExecutionGraph.java:303)
	at org.gradle.execution.plan.DefaultPlanExecutor$ExecutorWorker.execute(DefaultPlanExecutor.java:463)
	at org.gradle.execution.plan.DefaultPlanExecutor$ExecutorWorker.run(DefaultPlanExecutor.java:380)
	at org.gradle.internal.concurrent.ExecutorPolicy$CatchAndRecordFailures.onExecute(ExecutorPolicy.java:64)
	at org.gradle.internal.concurrent.AbstractManagedExecutor$1.run(AbstractManagedExecutor.java:47)


BUILD FAILED in 4s
9 actionable tasks: 1 executed, 8 up-to-date
Watched directory hierarchies: [/Users/aousganeh/Desktop/fix/code/user-service, /Users/aousganeh/Desktop/fix/code/identity-service]
Configuration cache entry reused.
